[3.494s] Invoking command in '/home/fatima/W.I.P.E.R/ROS/wiper_ws/src/build/weedbot_simulation': DEBUGINFOD_URLS=https://debuginfod.ubuntu.com PYTHONPATH=/home/fatima/W.I.P.E.R/ROS/wiper_ws/src/build/weedbot_simulation/prefix_override:/usr/lib/python3/dist-packages/colcon_core/task/python/colcon_distutils_commands:/home/fatima/W.I.P.E.R/ROS/wiper_ws/src/install/weedbot_simulation/lib/python3.12/site-packages:${PYTHONPATH} /usr/bin/python3 -W ignore:setup.py install is deprecated -W ignore:easy_install command is deprecated setup.py develop --editable --build-directory /home/fatima/W.I.P.E.R/ROS/wiper_ws/src/build/weedbot_simulation/build --no-deps symlink_data
[4.489s] running develop
[4.994s] running egg_info
[4.994s] creating weedbot_simulation.egg-info
[5.043s] writing weedbot_simulation.egg-info/PKG-INFO
[5.044s] writing dependency_links to weedbot_simulation.egg-info/dependency_links.txt
[5.044s] writing entry points to weedbot_simulation.egg-info/entry_points.txt
[5.045s] writing requirements to weedbot_simulation.egg-info/requires.txt
[5.046s] writing top-level names to weedbot_simulation.egg-info/top_level.txt
[5.046s] writing manifest file 'weedbot_simulation.egg-info/SOURCES.txt'
[5.145s] reading manifest file 'weedbot_simulation.egg-info/SOURCES.txt'
[5.146s] writing manifest file 'weedbot_simulation.egg-info/SOURCES.txt'
[5.195s] running build_ext
[5.196s] Creating /home/fatima/W.I.P.E.R/ROS/wiper_ws/src/install/weedbot_simulation/lib/python3.12/site-packages/weedbot-simulation.egg-link (link to .)
[5.197s] Installing laser_controller script to /home/fatima/W.I.P.E.R/ROS/wiper_ws/src/install/weedbot_simulation/lib/weedbot_simulation
[5.198s] Installing tractor_controller script to /home/fatima/W.I.P.E.R/ROS/wiper_ws/src/install/weedbot_simulation/lib/weedbot_simulation
[5.199s] Installing weed_spawner script to /home/fatima/W.I.P.E.R/ROS/wiper_ws/src/install/weedbot_simulation/lib/weedbot_simulation
[5.200s] 
[5.200s] Installed /home/fatima/W.I.P.E.R/ROS/wiper_ws/src/build/weedbot_simulation
[5.200s] running symlink_data
[5.201s] creating /home/fatima/W.I.P.E.R/ROS/wiper_ws/src/install/weedbot_simulation/share/ament_index
[5.201s] creating /home/fatima/W.I.P.E.R/ROS/wiper_ws/src/install/weedbot_simulation/share/ament_index/resource_index
[5.202s] creating /home/fatima/W.I.P.E.R/ROS/wiper_ws/src/install/weedbot_simulation/share/ament_index/resource_index/packages
[5.202s] symbolically linking /home/fatima/W.I.P.E.R/ROS/wiper_ws/src/build/weedbot_simulation/resource/weedbot_simulation -> /home/fatima/W.I.P.E.R/ROS/wiper_ws/src/install/weedbot_simulation/share/ament_index/resource_index/packages
[5.203s] symbolically linking /home/fatima/W.I.P.E.R/ROS/wiper_ws/src/build/weedbot_simulation/package.xml -> /home/fatima/W.I.P.E.R/ROS/wiper_ws/src/install/weedbot_simulation/share/weedbot_simulation
[5.203s] creating /home/fatima/W.I.P.E.R/ROS/wiper_ws/src/install/weedbot_simulation/share/weedbot_simulation/launch
[5.204s] symbolically linking /home/fatima/W.I.P.E.R/ROS/wiper_ws/src/build/weedbot_simulation/launch/full_system_launch.py -> /home/fatima/W.I.P.E.R/ROS/wiper_ws/src/install/weedbot_simulation/share/weedbot_simulation/launch
[5.205s] symbolically linking /home/fatima/W.I.P.E.R/ROS/wiper_ws/src/build/weedbot_simulation/launch/simulation_launch.py -> /home/fatima/W.I.P.E.R/ROS/wiper_ws/src/install/weedbot_simulation/share/weedbot_simulation/launch
[5.206s] creating /home/fatima/W.I.P.E.R/ROS/wiper_ws/src/install/weedbot_simulation/share/weedbot_simulation/worlds
[5.206s] symbolically linking /home/fatima/W.I.P.E.R/ROS/wiper_ws/src/build/weedbot_simulation/worlds/farm_field.world -> /home/fatima/W.I.P.E.R/ROS/wiper_ws/src/install/weedbot_simulation/share/weedbot_simulation/worlds
[5.207s] creating /home/fatima/W.I.P.E.R/ROS/wiper_ws/src/install/weedbot_simulation/share/weedbot_simulation/urdf
[5.208s] symbolically linking /home/fatima/W.I.P.E.R/ROS/wiper_ws/src/build/weedbot_simulation/urdf/tractor.urdf.xacro -> /home/fatima/W.I.P.E.R/ROS/wiper_ws/src/install/weedbot_simulation/share/weedbot_simulation/urdf
[5.240s] creating /home/fatima/W.I.P.E.R/ROS/wiper_ws/src/install/weedbot_simulation/share/weedbot_simulation/models
[5.240s] creating /home/fatima/W.I.P.E.R/ROS/wiper_ws/src/install/weedbot_simulation/share/weedbot_simulation/models/weed
[5.241s] symbolically linking /home/fatima/W.I.P.E.R/ROS/wiper_ws/src/build/weedbot_simulation/models/weed/model.config -> /home/fatima/W.I.P.E.R/ROS/wiper_ws/src/install/weedbot_simulation/share/weedbot_simulation/models/weed
[5.242s] symbolically linking /home/fatima/W.I.P.E.R/ROS/wiper_ws/src/build/weedbot_simulation/models/weed/model.sdf -> /home/fatima/W.I.P.E.R/ROS/wiper_ws/src/install/weedbot_simulation/share/weedbot_simulation/models/weed
[5.303s] Invoked command in '/home/fatima/W.I.P.E.R/ROS/wiper_ws/src/build/weedbot_simulation' returned '0': DEBUGINFOD_URLS=https://debuginfod.ubuntu.com PYTHONPATH=/home/fatima/W.I.P.E.R/ROS/wiper_ws/src/build/weedbot_simulation/prefix_override:/usr/lib/python3/dist-packages/colcon_core/task/python/colcon_distutils_commands:/home/fatima/W.I.P.E.R/ROS/wiper_ws/src/install/weedbot_simulation/lib/python3.12/site-packages:${PYTHONPATH} /usr/bin/python3 -W ignore:setup.py install is deprecated -W ignore:easy_install command is deprecated setup.py develop --editable --build-directory /home/fatima/W.I.P.E.R/ROS/wiper_ws/src/build/weedbot_simulation/build --no-deps symlink_data
