[1.544s] DEBUG:colcon:Command line arguments: ['/usr/bin/colcon', 'build', '--symlink-install']
[1.545s] DEBUG:colcon:Parsed command line arguments: Namespace(log_base=None, log_level=None, verb_name='build', build_base='build', install_base='install', merge_install=False, symlink_install=True, test_result_base=None, continue_on_error=False, executor='parallel', parallel_workers=8, event_handlers=None, ignore_user_meta=False, metas=['./colcon.meta'], base_paths=['.'], packages_ignore=None, packages_ignore_regex=None, paths=None, packages_up_to=None, packages_up_to_regex=None, packages_above=None, packages_above_and_dependencies=None, packages_above_depth=None, packages_select_by_dep=None, packages_skip_by_dep=None, packages_skip_up_to=None, packages_select_build_failed=False, packages_skip_build_finished=False, packages_select_test_failures=False, packages_skip_test_passed=False, packages_select=None, packages_skip=None, packages_select_regex=None, packages_skip_regex=None, packages_start=None, packages_end=None, allow_overriding=[], cmake_args=None, cmake_target=None, cmake_target_skip_unavailable=False, cmake_clean_cache=False, cmake_clean_first=False, cmake_force_configure=False, ament_cmake_args=None, catkin_cmake_args=None, catkin_skip_building_tests=False, mixin_files=None, mixin=None, verb_parser=<colcon_mixin.mixin.mixin_argument.MixinArgumentDecorator object at 0x795c5cf95d00>, verb_extension=<colcon_core.verb.build.BuildVerb object at 0x795c5cf94f20>, main=<bound method BuildVerb.main of <colcon_core.verb.build.BuildVerb object at 0x795c5cf94f20>>, mixin_verb=('build',))
[1.732s] Level 1:colcon.colcon_core.package_discovery:discover_packages(colcon_meta) check parameters
[1.733s] Level 1:colcon.colcon_core.package_discovery:discover_packages(recursive) check parameters
[1.733s] Level 1:colcon.colcon_core.package_discovery:discover_packages(ignore) check parameters
[1.733s] Level 1:colcon.colcon_core.package_discovery:discover_packages(path) check parameters
[1.733s] Level 1:colcon.colcon_core.package_discovery:discover_packages(colcon_meta) discover
[1.733s] Level 1:colcon.colcon_core.package_discovery:discover_packages(recursive) discover
[1.734s] INFO:colcon.colcon_core.package_discovery:Crawling recursively for packages in '/home/fatima/W.I.P.E.R/ROS/wiper_ws/src'
[1.734s] Level 1:colcon.colcon_core.package_identification:_identify(.) by extensions ['ignore', 'ignore_ament_install']
[1.735s] Level 1:colcon.colcon_core.package_identification:_identify(.) by extension 'ignore'
[1.735s] Level 1:colcon.colcon_core.package_identification:_identify(.) by extension 'ignore_ament_install'
[1.735s] Level 1:colcon.colcon_core.package_identification:_identify(.) by extensions ['colcon_pkg']
[1.735s] Level 1:colcon.colcon_core.package_identification:_identify(.) by extension 'colcon_pkg'
[1.735s] Level 1:colcon.colcon_core.package_identification:_identify(.) by extensions ['colcon_meta']
[1.735s] Level 1:colcon.colcon_core.package_identification:_identify(.) by extension 'colcon_meta'
[1.735s] Level 1:colcon.colcon_core.package_identification:_identify(.) by extensions ['ros']
[1.736s] Level 1:colcon.colcon_core.package_identification:_identify(.) by extension 'ros'
[1.829s] Level 1:colcon.colcon_core.package_identification:_identify(.) by extensions ['cmake', 'python']
[1.829s] Level 1:colcon.colcon_core.package_identification:_identify(.) by extension 'cmake'
[1.829s] Level 1:colcon.colcon_core.package_identification:_identify(.) by extension 'python'
[1.829s] Level 1:colcon.colcon_core.package_identification:_identify(.) by extensions ['python_setup_py']
[1.830s] Level 1:colcon.colcon_core.package_identification:_identify(.) by extension 'python_setup_py'
[1.830s] Level 1:colcon.colcon_core.package_identification:_identify(build) by extensions ['ignore', 'ignore_ament_install']
[1.830s] Level 1:colcon.colcon_core.package_identification:_identify(build) by extension 'ignore'
[1.830s] Level 1:colcon.colcon_core.package_identification:_identify(build) ignored
[1.831s] Level 1:colcon.colcon_core.package_identification:_identify(install) by extensions ['ignore', 'ignore_ament_install']
[1.831s] Level 1:colcon.colcon_core.package_identification:_identify(install) by extension 'ignore'
[1.831s] Level 1:colcon.colcon_core.package_identification:_identify(install) ignored
[1.832s] Level 1:colcon.colcon_core.package_identification:_identify(log) by extensions ['ignore', 'ignore_ament_install']
[1.832s] Level 1:colcon.colcon_core.package_identification:_identify(log) by extension 'ignore'
[1.832s] Level 1:colcon.colcon_core.package_identification:_identify(log) ignored
[1.832s] Level 1:colcon.colcon_core.package_identification:_identify(weedbot_api) by extensions ['ignore', 'ignore_ament_install']
[1.833s] Level 1:colcon.colcon_core.package_identification:_identify(weedbot_api) by extension 'ignore'
[1.833s] Level 1:colcon.colcon_core.package_identification:_identify(weedbot_api) by extension 'ignore_ament_install'
[1.833s] Level 1:colcon.colcon_core.package_identification:_identify(weedbot_api) by extensions ['colcon_pkg']
[1.833s] Level 1:colcon.colcon_core.package_identification:_identify(weedbot_api) by extension 'colcon_pkg'
[1.833s] Level 1:colcon.colcon_core.package_identification:_identify(weedbot_api) by extensions ['colcon_meta']
[1.833s] Level 1:colcon.colcon_core.package_identification:_identify(weedbot_api) by extension 'colcon_meta'
[1.833s] Level 1:colcon.colcon_core.package_identification:_identify(weedbot_api) by extensions ['ros']
[1.833s] Level 1:colcon.colcon_core.package_identification:_identify(weedbot_api) by extension 'ros'
[1.834s] Level 1:colcon.colcon_core.package_identification:_identify(weedbot_api) by extensions ['cmake', 'python']
[1.834s] Level 1:colcon.colcon_core.package_identification:_identify(weedbot_api) by extension 'cmake'
[1.834s] Level 1:colcon.colcon_core.package_identification:_identify(weedbot_api) by extension 'python'
[1.834s] Level 1:colcon.colcon_core.package_identification:_identify(weedbot_api) by extensions ['python_setup_py']
[1.834s] Level 1:colcon.colcon_core.package_identification:_identify(weedbot_api) by extension 'python_setup_py'
[1.835s] Level 1:colcon.colcon_core.package_identification:_identify(weedbot_api/__pycache__) by extensions ['ignore', 'ignore_ament_install']
[1.835s] Level 1:colcon.colcon_core.package_identification:_identify(weedbot_api/__pycache__) by extension 'ignore'
[1.835s] Level 1:colcon.colcon_core.package_identification:_identify(weedbot_api/__pycache__) by extension 'ignore_ament_install'
[1.835s] Level 1:colcon.colcon_core.package_identification:_identify(weedbot_api/__pycache__) by extensions ['colcon_pkg']
[1.835s] Level 1:colcon.colcon_core.package_identification:_identify(weedbot_api/__pycache__) by extension 'colcon_pkg'
[1.836s] Level 1:colcon.colcon_core.package_identification:_identify(weedbot_api/__pycache__) by extensions ['colcon_meta']
[1.836s] Level 1:colcon.colcon_core.package_identification:_identify(weedbot_api/__pycache__) by extension 'colcon_meta'
[1.836s] Level 1:colcon.colcon_core.package_identification:_identify(weedbot_api/__pycache__) by extensions ['ros']
[1.836s] Level 1:colcon.colcon_core.package_identification:_identify(weedbot_api/__pycache__) by extension 'ros'
[1.836s] Level 1:colcon.colcon_core.package_identification:_identify(weedbot_api/__pycache__) by extensions ['cmake', 'python']
[1.837s] Level 1:colcon.colcon_core.package_identification:_identify(weedbot_api/__pycache__) by extension 'cmake'
[1.837s] Level 1:colcon.colcon_core.package_identification:_identify(weedbot_api/__pycache__) by extension 'python'
[1.837s] Level 1:colcon.colcon_core.package_identification:_identify(weedbot_api/__pycache__) by extensions ['python_setup_py']
[1.837s] Level 1:colcon.colcon_core.package_identification:_identify(weedbot_api/__pycache__) by extension 'python_setup_py'
[1.837s] Level 1:colcon.colcon_core.package_identification:_identify(weedbot_api/build) by extensions ['ignore', 'ignore_ament_install']
[1.837s] Level 1:colcon.colcon_core.package_identification:_identify(weedbot_api/build) by extension 'ignore'
[1.838s] Level 1:colcon.colcon_core.package_identification:_identify(weedbot_api/build) ignored
[1.838s] Level 1:colcon.colcon_core.package_identification:_identify(weedbot_api/install) by extensions ['ignore', 'ignore_ament_install']
[1.838s] Level 1:colcon.colcon_core.package_identification:_identify(weedbot_api/install) by extension 'ignore'
[1.838s] Level 1:colcon.colcon_core.package_identification:_identify(weedbot_api/install) ignored
[1.839s] Level 1:colcon.colcon_core.package_identification:_identify(weedbot_api/log) by extensions ['ignore', 'ignore_ament_install']
[1.839s] Level 1:colcon.colcon_core.package_identification:_identify(weedbot_api/log) by extension 'ignore'
[1.839s] Level 1:colcon.colcon_core.package_identification:_identify(weedbot_api/log) ignored
[1.839s] Level 1:colcon.colcon_core.package_identification:_identify(weedbot_control) by extensions ['ignore', 'ignore_ament_install']
[1.840s] Level 1:colcon.colcon_core.package_identification:_identify(weedbot_control) by extension 'ignore'
[1.840s] Level 1:colcon.colcon_core.package_identification:_identify(weedbot_control) by extension 'ignore_ament_install'
[1.840s] Level 1:colcon.colcon_core.package_identification:_identify(weedbot_control) by extensions ['colcon_pkg']
[1.840s] Level 1:colcon.colcon_core.package_identification:_identify(weedbot_control) by extension 'colcon_pkg'
[1.840s] Level 1:colcon.colcon_core.package_identification:_identify(weedbot_control) by extensions ['colcon_meta']
[1.841s] Level 1:colcon.colcon_core.package_identification:_identify(weedbot_control) by extension 'colcon_meta'
[1.841s] Level 1:colcon.colcon_core.package_identification:_identify(weedbot_control) by extensions ['ros']
[1.841s] Level 1:colcon.colcon_core.package_identification:_identify(weedbot_control) by extension 'ros'
[1.850s] DEBUG:colcon.colcon_core.package_identification:Package 'weedbot_control' with type 'ros.ament_python' and name 'weedbot_control'
[1.851s] Level 1:colcon.colcon_core.package_identification:_identify(weedbot_interfaces) by extensions ['ignore', 'ignore_ament_install']
[1.851s] Level 1:colcon.colcon_core.package_identification:_identify(weedbot_interfaces) by extension 'ignore'
[1.851s] Level 1:colcon.colcon_core.package_identification:_identify(weedbot_interfaces) by extension 'ignore_ament_install'
[1.852s] Level 1:colcon.colcon_core.package_identification:_identify(weedbot_interfaces) by extensions ['colcon_pkg']
[1.852s] Level 1:colcon.colcon_core.package_identification:_identify(weedbot_interfaces) by extension 'colcon_pkg'
[1.852s] Level 1:colcon.colcon_core.package_identification:_identify(weedbot_interfaces) by extensions ['colcon_meta']
[1.852s] Level 1:colcon.colcon_core.package_identification:_identify(weedbot_interfaces) by extension 'colcon_meta'
[1.852s] Level 1:colcon.colcon_core.package_identification:_identify(weedbot_interfaces) by extensions ['ros']
[1.852s] Level 1:colcon.colcon_core.package_identification:_identify(weedbot_interfaces) by extension 'ros'
[1.855s] DEBUG:colcon.colcon_core.package_identification:Package 'weedbot_interfaces' with type 'ros.ament_cmake' and name 'weedbot_interfaces'
[1.855s] Level 1:colcon.colcon_core.package_identification:_identify(weedbot_simulation) by extensions ['ignore', 'ignore_ament_install']
[1.855s] Level 1:colcon.colcon_core.package_identification:_identify(weedbot_simulation) by extension 'ignore'
[1.856s] Level 1:colcon.colcon_core.package_identification:_identify(weedbot_simulation) by extension 'ignore_ament_install'
[1.856s] Level 1:colcon.colcon_core.package_identification:_identify(weedbot_simulation) by extensions ['colcon_pkg']
[1.856s] Level 1:colcon.colcon_core.package_identification:_identify(weedbot_simulation) by extension 'colcon_pkg'
[1.856s] Level 1:colcon.colcon_core.package_identification:_identify(weedbot_simulation) by extensions ['colcon_meta']
[1.856s] Level 1:colcon.colcon_core.package_identification:_identify(weedbot_simulation) by extension 'colcon_meta'
[1.856s] Level 1:colcon.colcon_core.package_identification:_identify(weedbot_simulation) by extensions ['ros']
[1.857s] Level 1:colcon.colcon_core.package_identification:_identify(weedbot_simulation) by extension 'ros'
[1.860s] DEBUG:colcon.colcon_core.package_identification:Package 'weedbot_simulation' with type 'ros.ament_python' and name 'weedbot_simulation'
[1.860s] Level 1:colcon.colcon_core.package_identification:_identify(weedbot_vision) by extensions ['ignore', 'ignore_ament_install']
[1.860s] Level 1:colcon.colcon_core.package_identification:_identify(weedbot_vision) by extension 'ignore'
[1.861s] Level 1:colcon.colcon_core.package_identification:_identify(weedbot_vision) by extension 'ignore_ament_install'
[1.861s] Level 1:colcon.colcon_core.package_identification:_identify(weedbot_vision) by extensions ['colcon_pkg']
[1.862s] Level 1:colcon.colcon_core.package_identification:_identify(weedbot_vision) by extension 'colcon_pkg'
[1.863s] Level 1:colcon.colcon_core.package_identification:_identify(weedbot_vision) by extensions ['colcon_meta']
[1.863s] Level 1:colcon.colcon_core.package_identification:_identify(weedbot_vision) by extension 'colcon_meta'
[1.863s] Level 1:colcon.colcon_core.package_identification:_identify(weedbot_vision) by extensions ['ros']
[1.863s] Level 1:colcon.colcon_core.package_identification:_identify(weedbot_vision) by extension 'ros'
[1.869s] DEBUG:colcon.colcon_core.package_identification:Package 'weedbot_vision' with type 'ros.ament_python' and name 'weedbot_vision'
[1.869s] Level 1:colcon.colcon_core.package_discovery:discover_packages(recursive) using defaults
[1.869s] Level 1:colcon.colcon_core.package_discovery:discover_packages(ignore) discover
[1.870s] Level 1:colcon.colcon_core.package_discovery:discover_packages(ignore) using defaults
[1.870s] Level 1:colcon.colcon_core.package_discovery:discover_packages(path) discover
[1.870s] Level 1:colcon.colcon_core.package_discovery:discover_packages(path) using defaults
[1.961s] Level 1:colcon.colcon_core.package_discovery:discover_packages(prefix_path) check parameters
[1.961s] Level 1:colcon.colcon_core.package_discovery:discover_packages(prefix_path) discover
[1.972s] DEBUG:colcon.colcon_installed_package_information.package_discovery:Found 3 installed packages in /home/fatima/FYP_WIPER/wiper_ws/install
[1.976s] DEBUG:colcon.colcon_installed_package_information.package_discovery:Found 289 installed packages in /opt/ros/jazzy
[1.979s] Level 1:colcon.colcon_core.package_discovery:discover_packages(prefix_path) using defaults
[2.088s] Level 5:colcon.colcon_core.verb:set package 'weedbot_interfaces' build argument 'cmake_args' from command line to 'None'
[2.088s] Level 5:colcon.colcon_core.verb:set package 'weedbot_interfaces' build argument 'cmake_target' from command line to 'None'
[2.089s] Level 5:colcon.colcon_core.verb:set package 'weedbot_interfaces' build argument 'cmake_target_skip_unavailable' from command line to 'False'
[2.089s] Level 5:colcon.colcon_core.verb:set package 'weedbot_interfaces' build argument 'cmake_clean_cache' from command line to 'False'
[2.089s] Level 5:colcon.colcon_core.verb:set package 'weedbot_interfaces' build argument 'cmake_clean_first' from command line to 'False'
[2.089s] Level 5:colcon.colcon_core.verb:set package 'weedbot_interfaces' build argument 'cmake_force_configure' from command line to 'False'
[2.089s] Level 5:colcon.colcon_core.verb:set package 'weedbot_interfaces' build argument 'ament_cmake_args' from command line to 'None'
[2.089s] Level 5:colcon.colcon_core.verb:set package 'weedbot_interfaces' build argument 'catkin_cmake_args' from command line to 'None'
[2.089s] Level 5:colcon.colcon_core.verb:set package 'weedbot_interfaces' build argument 'catkin_skip_building_tests' from command line to 'False'
[2.089s] DEBUG:colcon.colcon_core.verb:Building package 'weedbot_interfaces' with the following arguments: {'ament_cmake_args': None, 'build_base': '/home/fatima/W.I.P.E.R/ROS/wiper_ws/src/build/weedbot_interfaces', 'catkin_cmake_args': None, 'catkin_skip_building_tests': False, 'cmake_args': None, 'cmake_clean_cache': False, 'cmake_clean_first': False, 'cmake_force_configure': False, 'cmake_target': None, 'cmake_target_skip_unavailable': False, 'install_base': '/home/fatima/W.I.P.E.R/ROS/wiper_ws/src/install/weedbot_interfaces', 'merge_install': False, 'path': '/home/fatima/W.I.P.E.R/ROS/wiper_ws/src/weedbot_interfaces', 'symlink_install': True, 'test_result_base': None}
[2.089s] Level 5:colcon.colcon_core.verb:set package 'weedbot_simulation' build argument 'cmake_args' from command line to 'None'
[2.090s] Level 5:colcon.colcon_core.verb:set package 'weedbot_simulation' build argument 'cmake_target' from command line to 'None'
[2.090s] Level 5:colcon.colcon_core.verb:set package 'weedbot_simulation' build argument 'cmake_target_skip_unavailable' from command line to 'False'
[2.090s] Level 5:colcon.colcon_core.verb:set package 'weedbot_simulation' build argument 'cmake_clean_cache' from command line to 'False'
[2.090s] Level 5:colcon.colcon_core.verb:set package 'weedbot_simulation' build argument 'cmake_clean_first' from command line to 'False'
[2.090s] Level 5:colcon.colcon_core.verb:set package 'weedbot_simulation' build argument 'cmake_force_configure' from command line to 'False'
[2.090s] Level 5:colcon.colcon_core.verb:set package 'weedbot_simulation' build argument 'ament_cmake_args' from command line to 'None'
[2.090s] Level 5:colcon.colcon_core.verb:set package 'weedbot_simulation' build argument 'catkin_cmake_args' from command line to 'None'
[2.090s] Level 5:colcon.colcon_core.verb:set package 'weedbot_simulation' build argument 'catkin_skip_building_tests' from command line to 'False'
[2.090s] DEBUG:colcon.colcon_core.verb:Building package 'weedbot_simulation' with the following arguments: {'ament_cmake_args': None, 'build_base': '/home/fatima/W.I.P.E.R/ROS/wiper_ws/src/build/weedbot_simulation', 'catkin_cmake_args': None, 'catkin_skip_building_tests': False, 'cmake_args': None, 'cmake_clean_cache': False, 'cmake_clean_first': False, 'cmake_force_configure': False, 'cmake_target': None, 'cmake_target_skip_unavailable': False, 'install_base': '/home/fatima/W.I.P.E.R/ROS/wiper_ws/src/install/weedbot_simulation', 'merge_install': False, 'path': '/home/fatima/W.I.P.E.R/ROS/wiper_ws/src/weedbot_simulation', 'symlink_install': True, 'test_result_base': None}
[2.091s] Level 5:colcon.colcon_core.verb:set package 'weedbot_control' build argument 'cmake_args' from command line to 'None'
[2.091s] Level 5:colcon.colcon_core.verb:set package 'weedbot_control' build argument 'cmake_target' from command line to 'None'
[2.091s] Level 5:colcon.colcon_core.verb:set package 'weedbot_control' build argument 'cmake_target_skip_unavailable' from command line to 'False'
[2.091s] Level 5:colcon.colcon_core.verb:set package 'weedbot_control' build argument 'cmake_clean_cache' from command line to 'False'
[2.091s] Level 5:colcon.colcon_core.verb:set package 'weedbot_control' build argument 'cmake_clean_first' from command line to 'False'
[2.091s] Level 5:colcon.colcon_core.verb:set package 'weedbot_control' build argument 'cmake_force_configure' from command line to 'False'
[2.091s] Level 5:colcon.colcon_core.verb:set package 'weedbot_control' build argument 'ament_cmake_args' from command line to 'None'
[2.091s] Level 5:colcon.colcon_core.verb:set package 'weedbot_control' build argument 'catkin_cmake_args' from command line to 'None'
[2.091s] Level 5:colcon.colcon_core.verb:set package 'weedbot_control' build argument 'catkin_skip_building_tests' from command line to 'False'
[2.091s] DEBUG:colcon.colcon_core.verb:Building package 'weedbot_control' with the following arguments: {'ament_cmake_args': None, 'build_base': '/home/fatima/W.I.P.E.R/ROS/wiper_ws/src/build/weedbot_control', 'catkin_cmake_args': None, 'catkin_skip_building_tests': False, 'cmake_args': None, 'cmake_clean_cache': False, 'cmake_clean_first': False, 'cmake_force_configure': False, 'cmake_target': None, 'cmake_target_skip_unavailable': False, 'install_base': '/home/fatima/W.I.P.E.R/ROS/wiper_ws/src/install/weedbot_control', 'merge_install': False, 'path': '/home/fatima/W.I.P.E.R/ROS/wiper_ws/src/weedbot_control', 'symlink_install': True, 'test_result_base': None}
[2.092s] Level 5:colcon.colcon_core.verb:set package 'weedbot_vision' build argument 'cmake_args' from command line to 'None'
[2.092s] Level 5:colcon.colcon_core.verb:set package 'weedbot_vision' build argument 'cmake_target' from command line to 'None'
[2.092s] Level 5:colcon.colcon_core.verb:set package 'weedbot_vision' build argument 'cmake_target_skip_unavailable' from command line to 'False'
[2.092s] Level 5:colcon.colcon_core.verb:set package 'weedbot_vision' build argument 'cmake_clean_cache' from command line to 'False'
[2.092s] Level 5:colcon.colcon_core.verb:set package 'weedbot_vision' build argument 'cmake_clean_first' from command line to 'False'
[2.092s] Level 5:colcon.colcon_core.verb:set package 'weedbot_vision' build argument 'cmake_force_configure' from command line to 'False'
[2.092s] Level 5:colcon.colcon_core.verb:set package 'weedbot_vision' build argument 'ament_cmake_args' from command line to 'None'
[2.092s] Level 5:colcon.colcon_core.verb:set package 'weedbot_vision' build argument 'catkin_cmake_args' from command line to 'None'
[2.092s] Level 5:colcon.colcon_core.verb:set package 'weedbot_vision' build argument 'catkin_skip_building_tests' from command line to 'False'
[2.092s] DEBUG:colcon.colcon_core.verb:Building package 'weedbot_vision' with the following arguments: {'ament_cmake_args': None, 'build_base': '/home/fatima/W.I.P.E.R/ROS/wiper_ws/src/build/weedbot_vision', 'catkin_cmake_args': None, 'catkin_skip_building_tests': False, 'cmake_args': None, 'cmake_clean_cache': False, 'cmake_clean_first': False, 'cmake_force_configure': False, 'cmake_target': None, 'cmake_target_skip_unavailable': False, 'install_base': '/home/fatima/W.I.P.E.R/ROS/wiper_ws/src/install/weedbot_vision', 'merge_install': False, 'path': '/home/fatima/W.I.P.E.R/ROS/wiper_ws/src/weedbot_vision', 'symlink_install': True, 'test_result_base': None}
[2.092s] INFO:colcon.colcon_core.executor:Executing jobs using 'parallel' executor
[2.094s] DEBUG:colcon.colcon_parallel_executor.executor.parallel:run_until_complete
[2.095s] INFO:colcon.colcon_ros.task.ament_cmake.build:Building ROS package in '/home/fatima/W.I.P.E.R/ROS/wiper_ws/src/weedbot_interfaces' with build type 'ament_cmake'
[2.095s] INFO:colcon.colcon_cmake.task.cmake.build:Building CMake package in '/home/fatima/W.I.P.E.R/ROS/wiper_ws/src/weedbot_interfaces'
[2.111s] INFO:colcon.colcon_core.plugin_system:Skipping extension 'colcon_core.shell.bat': Not used on non-Windows systems
[2.111s] INFO:colcon.colcon_core.shell:Skip shell extension 'powershell' for command environment: Not usable outside of PowerShell
[2.112s] DEBUG:colcon.colcon_core.shell:Skip shell extension 'dsv' for command environment
[2.128s] INFO:colcon.colcon_ros.task.ament_python.build:Building ROS package in '/home/fatima/W.I.P.E.R/ROS/wiper_ws/src/weedbot_simulation' with build type 'ament_python'
[2.129s] Level 1:colcon.colcon_core.shell:create_environment_hook('weedbot_simulation', 'ament_prefix_path')
[2.129s] INFO:colcon.colcon_core.shell:Creating environment hook '/home/fatima/W.I.P.E.R/ROS/wiper_ws/src/install/weedbot_simulation/share/weedbot_simulation/hook/ament_prefix_path.ps1'
[2.135s] INFO:colcon.colcon_core.shell:Creating environment descriptor '/home/fatima/W.I.P.E.R/ROS/wiper_ws/src/install/weedbot_simulation/share/weedbot_simulation/hook/ament_prefix_path.dsv'
[2.137s] INFO:colcon.colcon_core.shell:Creating environment hook '/home/fatima/W.I.P.E.R/ROS/wiper_ws/src/install/weedbot_simulation/share/weedbot_simulation/hook/ament_prefix_path.sh'
[2.141s] INFO:colcon.colcon_core.shell:Skip shell extension 'powershell' for command environment: Not usable outside of PowerShell
[2.142s] DEBUG:colcon.colcon_core.shell:Skip shell extension 'dsv' for command environment
[2.189s] DEBUG:colcon.colcon_core.event_handler.log_command:Invoking command in '/home/fatima/W.I.P.E.R/ROS/wiper_ws/src/build/weedbot_interfaces': CMAKE_PREFIX_PATH=${CMAKE_PREFIX_PATH}:/home/fatima/FYP_WIPER/wiper_ws/install/weedbot_vision:/home/fatima/FYP_WIPER/wiper_ws/install/weedbot_control:/opt/ros/jazzy DEBUGINFOD_URLS=https://debuginfod.ubuntu.com /usr/bin/cmake /home/fatima/W.I.P.E.R/ROS/wiper_ws/src/weedbot_interfaces -DAMENT_CMAKE_SYMLINK_INSTALL=1 -DCMAKE_INSTALL_PREFIX=/home/fatima/W.I.P.E.R/ROS/wiper_ws/src/install/weedbot_interfaces
[2.859s] INFO:colcon.colcon_core.task.python.build:Building Python package in '/home/fatima/W.I.P.E.R/ROS/wiper_ws/src/weedbot_simulation'
[2.860s] INFO:colcon.colcon_core.shell:Skip shell extension 'powershell' for command environment: Not usable outside of PowerShell
[2.860s] DEBUG:colcon.colcon_core.shell:Skip shell extension 'dsv' for command environment
[5.622s] DEBUG:colcon.colcon_core.event_handler.log_command:Invoking command in '/home/fatima/W.I.P.E.R/ROS/wiper_ws/src/build/weedbot_simulation': DEBUGINFOD_URLS=https://debuginfod.ubuntu.com PYTHONPATH=/home/fatima/W.I.P.E.R/ROS/wiper_ws/src/build/weedbot_simulation/prefix_override:/usr/lib/python3/dist-packages/colcon_core/task/python/colcon_distutils_commands:/home/fatima/W.I.P.E.R/ROS/wiper_ws/src/install/weedbot_simulation/lib/python3.12/site-packages:${PYTHONPATH} /usr/bin/python3 -W ignore:setup.py install is deprecated -W ignore:easy_install command is deprecated setup.py develop --editable --build-directory /home/fatima/W.I.P.E.R/ROS/wiper_ws/src/build/weedbot_simulation/build --no-deps symlink_data
[7.429s] Level 1:colcon.colcon_core.shell:create_environment_hook('weedbot_simulation', 'pythonpath_develop')
[7.430s] INFO:colcon.colcon_core.shell:Creating environment hook '/home/fatima/W.I.P.E.R/ROS/wiper_ws/src/build/weedbot_simulation/share/weedbot_simulation/hook/pythonpath_develop.ps1'
[7.431s] DEBUG:colcon.colcon_core.event_handler.log_command:Invoked command in '/home/fatima/W.I.P.E.R/ROS/wiper_ws/src/build/weedbot_simulation' returned '0': DEBUGINFOD_URLS=https://debuginfod.ubuntu.com PYTHONPATH=/home/fatima/W.I.P.E.R/ROS/wiper_ws/src/build/weedbot_simulation/prefix_override:/usr/lib/python3/dist-packages/colcon_core/task/python/colcon_distutils_commands:/home/fatima/W.I.P.E.R/ROS/wiper_ws/src/install/weedbot_simulation/lib/python3.12/site-packages:${PYTHONPATH} /usr/bin/python3 -W ignore:setup.py install is deprecated -W ignore:easy_install command is deprecated setup.py develop --editable --build-directory /home/fatima/W.I.P.E.R/ROS/wiper_ws/src/build/weedbot_simulation/build --no-deps symlink_data
[7.433s] INFO:colcon.colcon_core.shell:Creating environment descriptor '/home/fatima/W.I.P.E.R/ROS/wiper_ws/src/build/weedbot_simulation/share/weedbot_simulation/hook/pythonpath_develop.dsv'
[7.434s] INFO:colcon.colcon_core.shell:Creating environment hook '/home/fatima/W.I.P.E.R/ROS/wiper_ws/src/build/weedbot_simulation/share/weedbot_simulation/hook/pythonpath_develop.sh'
[7.454s] Level 1:colcon.colcon_core.environment:checking '/home/fatima/W.I.P.E.R/ROS/wiper_ws/src/install/weedbot_simulation' for CMake module files
[7.456s] Level 1:colcon.colcon_core.environment:checking '/home/fatima/W.I.P.E.R/ROS/wiper_ws/src/install/weedbot_simulation' for CMake config files
[7.457s] Level 1:colcon.colcon_core.environment:checking '/home/fatima/W.I.P.E.R/ROS/wiper_ws/src/install/weedbot_simulation/lib'
[7.457s] Level 1:colcon.colcon_core.environment:checking '/home/fatima/W.I.P.E.R/ROS/wiper_ws/src/install/weedbot_simulation/bin'
[7.458s] Level 1:colcon.colcon_core.environment:checking '/home/fatima/W.I.P.E.R/ROS/wiper_ws/src/install/weedbot_simulation/lib/pkgconfig/weedbot_simulation.pc'
[7.458s] Level 1:colcon.colcon_core.environment:checking '/home/fatima/W.I.P.E.R/ROS/wiper_ws/src/install/weedbot_simulation/lib/python3.12/site-packages'
[7.458s] Level 1:colcon.colcon_core.shell:create_environment_hook('weedbot_simulation', 'pythonpath')
[7.459s] INFO:colcon.colcon_core.shell:Creating environment hook '/home/fatima/W.I.P.E.R/ROS/wiper_ws/src/install/weedbot_simulation/share/weedbot_simulation/hook/pythonpath.ps1'
[7.460s] INFO:colcon.colcon_core.shell:Creating environment descriptor '/home/fatima/W.I.P.E.R/ROS/wiper_ws/src/install/weedbot_simulation/share/weedbot_simulation/hook/pythonpath.dsv'
[7.461s] INFO:colcon.colcon_core.shell:Creating environment hook '/home/fatima/W.I.P.E.R/ROS/wiper_ws/src/install/weedbot_simulation/share/weedbot_simulation/hook/pythonpath.sh'
[7.463s] Level 1:colcon.colcon_core.environment:checking '/home/fatima/W.I.P.E.R/ROS/wiper_ws/src/install/weedbot_simulation/bin'
[7.463s] Level 1:colcon.colcon_core.environment:create_environment_scripts_only(weedbot_simulation)
[7.464s] INFO:colcon.colcon_core.shell:Creating package script '/home/fatima/W.I.P.E.R/ROS/wiper_ws/src/install/weedbot_simulation/share/weedbot_simulation/package.ps1'
[7.466s] INFO:colcon.colcon_core.shell:Creating package descriptor '/home/fatima/W.I.P.E.R/ROS/wiper_ws/src/install/weedbot_simulation/share/weedbot_simulation/package.dsv'
[7.468s] INFO:colcon.colcon_core.shell:Creating package script '/home/fatima/W.I.P.E.R/ROS/wiper_ws/src/install/weedbot_simulation/share/weedbot_simulation/package.sh'
[7.471s] INFO:colcon.colcon_core.shell:Creating package script '/home/fatima/W.I.P.E.R/ROS/wiper_ws/src/install/weedbot_simulation/share/weedbot_simulation/package.bash'
[7.473s] INFO:colcon.colcon_core.shell:Creating package script '/home/fatima/W.I.P.E.R/ROS/wiper_ws/src/install/weedbot_simulation/share/weedbot_simulation/package.zsh'
[7.475s] Level 1:colcon.colcon_core.environment:create_file_with_runtime_dependencies(/home/fatima/W.I.P.E.R/ROS/wiper_ws/src/install/weedbot_simulation/share/colcon-core/packages/weedbot_simulation)
[20.287s] DEBUG:colcon.colcon_core.event_handler.log_command:Invoked command in '/home/fatima/W.I.P.E.R/ROS/wiper_ws/src/build/weedbot_interfaces' returned '0': CMAKE_PREFIX_PATH=${CMAKE_PREFIX_PATH}:/home/fatima/FYP_WIPER/wiper_ws/install/weedbot_vision:/home/fatima/FYP_WIPER/wiper_ws/install/weedbot_control:/opt/ros/jazzy DEBUGINFOD_URLS=https://debuginfod.ubuntu.com /usr/bin/cmake /home/fatima/W.I.P.E.R/ROS/wiper_ws/src/weedbot_interfaces -DAMENT_CMAKE_SYMLINK_INSTALL=1 -DCMAKE_INSTALL_PREFIX=/home/fatima/W.I.P.E.R/ROS/wiper_ws/src/install/weedbot_interfaces
[20.291s] DEBUG:colcon.colcon_core.event_handler.log_command:Invoking command in '/home/fatima/W.I.P.E.R/ROS/wiper_ws/src/build/weedbot_interfaces': CMAKE_PREFIX_PATH=${CMAKE_PREFIX_PATH}:/home/fatima/FYP_WIPER/wiper_ws/install/weedbot_vision:/home/fatima/FYP_WIPER/wiper_ws/install/weedbot_control:/opt/ros/jazzy DEBUGINFOD_URLS=https://debuginfod.ubuntu.com /usr/bin/cmake --build /home/fatima/W.I.P.E.R/ROS/wiper_ws/src/build/weedbot_interfaces -- -j8 -l8
[32.608s] DEBUG:colcon.colcon_core.event_handler.log_command:Invoked command in '/home/fatima/W.I.P.E.R/ROS/wiper_ws/src/build/weedbot_interfaces' returned '0': CMAKE_PREFIX_PATH=${CMAKE_PREFIX_PATH}:/home/fatima/FYP_WIPER/wiper_ws/install/weedbot_vision:/home/fatima/FYP_WIPER/wiper_ws/install/weedbot_control:/opt/ros/jazzy DEBUGINFOD_URLS=https://debuginfod.ubuntu.com /usr/bin/cmake --build /home/fatima/W.I.P.E.R/ROS/wiper_ws/src/build/weedbot_interfaces -- -j8 -l8
[32.629s] DEBUG:colcon.colcon_core.event_handler.log_command:Invoking command in '/home/fatima/W.I.P.E.R/ROS/wiper_ws/src/build/weedbot_interfaces': CMAKE_PREFIX_PATH=${CMAKE_PREFIX_PATH}:/home/fatima/FYP_WIPER/wiper_ws/install/weedbot_vision:/home/fatima/FYP_WIPER/wiper_ws/install/weedbot_control:/opt/ros/jazzy DEBUGINFOD_URLS=https://debuginfod.ubuntu.com /usr/bin/cmake --install /home/fatima/W.I.P.E.R/ROS/wiper_ws/src/build/weedbot_interfaces
[34.493s] Level 1:colcon.colcon_core.environment:create_environment_scripts_only(weedbot_interfaces)
[34.495s] Level 1:colcon.colcon_core.environment:checking '/home/fatima/W.I.P.E.R/ROS/wiper_ws/src/install/weedbot_interfaces' for CMake module files
[34.496s] DEBUG:colcon.colcon_core.event_handler.log_command:Invoked command in '/home/fatima/W.I.P.E.R/ROS/wiper_ws/src/build/weedbot_interfaces' returned '0': CMAKE_PREFIX_PATH=${CMAKE_PREFIX_PATH}:/home/fatima/FYP_WIPER/wiper_ws/install/weedbot_vision:/home/fatima/FYP_WIPER/wiper_ws/install/weedbot_control:/opt/ros/jazzy DEBUGINFOD_URLS=https://debuginfod.ubuntu.com /usr/bin/cmake --install /home/fatima/W.I.P.E.R/ROS/wiper_ws/src/build/weedbot_interfaces
[34.499s] Level 1:colcon.colcon_core.environment:checking '/home/fatima/W.I.P.E.R/ROS/wiper_ws/src/install/weedbot_interfaces' for CMake config files
[34.501s] Level 1:colcon.colcon_core.shell:create_environment_hook('weedbot_interfaces', 'cmake_prefix_path')
[34.502s] INFO:colcon.colcon_core.shell:Creating environment hook '/home/fatima/W.I.P.E.R/ROS/wiper_ws/src/install/weedbot_interfaces/share/weedbot_interfaces/hook/cmake_prefix_path.ps1'
[34.504s] INFO:colcon.colcon_core.shell:Creating environment descriptor '/home/fatima/W.I.P.E.R/ROS/wiper_ws/src/install/weedbot_interfaces/share/weedbot_interfaces/hook/cmake_prefix_path.dsv'
[34.505s] INFO:colcon.colcon_core.shell:Creating environment hook '/home/fatima/W.I.P.E.R/ROS/wiper_ws/src/install/weedbot_interfaces/share/weedbot_interfaces/hook/cmake_prefix_path.sh'
[34.507s] Level 1:colcon.colcon_core.environment:checking '/home/fatima/W.I.P.E.R/ROS/wiper_ws/src/install/weedbot_interfaces/lib'
[34.507s] Level 1:colcon.colcon_core.shell:create_environment_hook('weedbot_interfaces', 'ld_library_path_lib')
[34.508s] INFO:colcon.colcon_core.shell:Creating environment hook '/home/fatima/W.I.P.E.R/ROS/wiper_ws/src/install/weedbot_interfaces/share/weedbot_interfaces/hook/ld_library_path_lib.ps1'
[34.508s] INFO:colcon.colcon_core.shell:Creating environment descriptor '/home/fatima/W.I.P.E.R/ROS/wiper_ws/src/install/weedbot_interfaces/share/weedbot_interfaces/hook/ld_library_path_lib.dsv'
[34.509s] INFO:colcon.colcon_core.shell:Creating environment hook '/home/fatima/W.I.P.E.R/ROS/wiper_ws/src/install/weedbot_interfaces/share/weedbot_interfaces/hook/ld_library_path_lib.sh'
[34.511s] Level 1:colcon.colcon_core.environment:checking '/home/fatima/W.I.P.E.R/ROS/wiper_ws/src/install/weedbot_interfaces/bin'
[34.511s] Level 1:colcon.colcon_core.environment:checking '/home/fatima/W.I.P.E.R/ROS/wiper_ws/src/install/weedbot_interfaces/lib/pkgconfig/weedbot_interfaces.pc'
[34.512s] Level 1:colcon.colcon_core.environment:checking '/home/fatima/W.I.P.E.R/ROS/wiper_ws/src/install/weedbot_interfaces/lib/python3.12/site-packages'
[34.512s] Level 1:colcon.colcon_core.shell:create_environment_hook('weedbot_interfaces', 'pythonpath')
[34.512s] INFO:colcon.colcon_core.shell:Creating environment hook '/home/fatima/W.I.P.E.R/ROS/wiper_ws/src/install/weedbot_interfaces/share/weedbot_interfaces/hook/pythonpath.ps1'
[34.513s] INFO:colcon.colcon_core.shell:Creating environment descriptor '/home/fatima/W.I.P.E.R/ROS/wiper_ws/src/install/weedbot_interfaces/share/weedbot_interfaces/hook/pythonpath.dsv'
[34.514s] INFO:colcon.colcon_core.shell:Creating environment hook '/home/fatima/W.I.P.E.R/ROS/wiper_ws/src/install/weedbot_interfaces/share/weedbot_interfaces/hook/pythonpath.sh'
[34.516s] Level 1:colcon.colcon_core.environment:checking '/home/fatima/W.I.P.E.R/ROS/wiper_ws/src/install/weedbot_interfaces/bin'
[34.516s] INFO:colcon.colcon_core.shell:Creating package script '/home/fatima/W.I.P.E.R/ROS/wiper_ws/src/install/weedbot_interfaces/share/weedbot_interfaces/package.ps1'
[34.518s] INFO:colcon.colcon_core.shell:Creating package descriptor '/home/fatima/W.I.P.E.R/ROS/wiper_ws/src/install/weedbot_interfaces/share/weedbot_interfaces/package.dsv'
[34.519s] INFO:colcon.colcon_core.shell:Creating package script '/home/fatima/W.I.P.E.R/ROS/wiper_ws/src/install/weedbot_interfaces/share/weedbot_interfaces/package.sh'
[34.520s] INFO:colcon.colcon_core.shell:Creating package script '/home/fatima/W.I.P.E.R/ROS/wiper_ws/src/install/weedbot_interfaces/share/weedbot_interfaces/package.bash'
[34.521s] INFO:colcon.colcon_core.shell:Creating package script '/home/fatima/W.I.P.E.R/ROS/wiper_ws/src/install/weedbot_interfaces/share/weedbot_interfaces/package.zsh'
[34.521s] Level 1:colcon.colcon_core.environment:create_file_with_runtime_dependencies(/home/fatima/W.I.P.E.R/ROS/wiper_ws/src/install/weedbot_interfaces/share/colcon-core/packages/weedbot_interfaces)
[34.523s] Level 1:colcon.colcon_core.environment:create_environment_scripts_only(weedbot_interfaces)
[34.524s] Level 1:colcon.colcon_core.environment:checking '/home/fatima/W.I.P.E.R/ROS/wiper_ws/src/install/weedbot_interfaces' for CMake module files
[34.525s] Level 1:colcon.colcon_core.environment:checking '/home/fatima/W.I.P.E.R/ROS/wiper_ws/src/install/weedbot_interfaces' for CMake config files
[34.527s] Level 1:colcon.colcon_core.shell:create_environment_hook('weedbot_interfaces', 'cmake_prefix_path')
[34.527s] INFO:colcon.colcon_core.shell:Creating environment hook '/home/fatima/W.I.P.E.R/ROS/wiper_ws/src/install/weedbot_interfaces/share/weedbot_interfaces/hook/cmake_prefix_path.ps1'
[34.528s] INFO:colcon.colcon_core.shell:Creating environment descriptor '/home/fatima/W.I.P.E.R/ROS/wiper_ws/src/install/weedbot_interfaces/share/weedbot_interfaces/hook/cmake_prefix_path.dsv'
[34.529s] INFO:colcon.colcon_core.shell:Creating environment hook '/home/fatima/W.I.P.E.R/ROS/wiper_ws/src/install/weedbot_interfaces/share/weedbot_interfaces/hook/cmake_prefix_path.sh'
[34.530s] Level 1:colcon.colcon_core.environment:checking '/home/fatima/W.I.P.E.R/ROS/wiper_ws/src/install/weedbot_interfaces/lib'
[34.530s] Level 1:colcon.colcon_core.shell:create_environment_hook('weedbot_interfaces', 'ld_library_path_lib')
[34.531s] INFO:colcon.colcon_core.shell:Creating environment hook '/home/fatima/W.I.P.E.R/ROS/wiper_ws/src/install/weedbot_interfaces/share/weedbot_interfaces/hook/ld_library_path_lib.ps1'
[34.532s] INFO:colcon.colcon_core.shell:Creating environment descriptor '/home/fatima/W.I.P.E.R/ROS/wiper_ws/src/install/weedbot_interfaces/share/weedbot_interfaces/hook/ld_library_path_lib.dsv'
[34.533s] INFO:colcon.colcon_core.shell:Creating environment hook '/home/fatima/W.I.P.E.R/ROS/wiper_ws/src/install/weedbot_interfaces/share/weedbot_interfaces/hook/ld_library_path_lib.sh'
[34.533s] Level 1:colcon.colcon_core.environment:checking '/home/fatima/W.I.P.E.R/ROS/wiper_ws/src/install/weedbot_interfaces/bin'
[34.534s] Level 1:colcon.colcon_core.environment:checking '/home/fatima/W.I.P.E.R/ROS/wiper_ws/src/install/weedbot_interfaces/lib/pkgconfig/weedbot_interfaces.pc'
[34.534s] Level 1:colcon.colcon_core.environment:checking '/home/fatima/W.I.P.E.R/ROS/wiper_ws/src/install/weedbot_interfaces/lib/python3.12/site-packages'
[34.534s] Level 1:colcon.colcon_core.shell:create_environment_hook('weedbot_interfaces', 'pythonpath')
[34.535s] INFO:colcon.colcon_core.shell:Creating environment hook '/home/fatima/W.I.P.E.R/ROS/wiper_ws/src/install/weedbot_interfaces/share/weedbot_interfaces/hook/pythonpath.ps1'
[34.536s] INFO:colcon.colcon_core.shell:Creating environment descriptor '/home/fatima/W.I.P.E.R/ROS/wiper_ws/src/install/weedbot_interfaces/share/weedbot_interfaces/hook/pythonpath.dsv'
[34.536s] INFO:colcon.colcon_core.shell:Creating environment hook '/home/fatima/W.I.P.E.R/ROS/wiper_ws/src/install/weedbot_interfaces/share/weedbot_interfaces/hook/pythonpath.sh'
[34.538s] Level 1:colcon.colcon_core.environment:checking '/home/fatima/W.I.P.E.R/ROS/wiper_ws/src/install/weedbot_interfaces/bin'
[34.539s] INFO:colcon.colcon_core.shell:Creating package script '/home/fatima/W.I.P.E.R/ROS/wiper_ws/src/install/weedbot_interfaces/share/weedbot_interfaces/package.ps1'
[34.540s] INFO:colcon.colcon_core.shell:Creating package descriptor '/home/fatima/W.I.P.E.R/ROS/wiper_ws/src/install/weedbot_interfaces/share/weedbot_interfaces/package.dsv'
[34.541s] INFO:colcon.colcon_core.shell:Creating package script '/home/fatima/W.I.P.E.R/ROS/wiper_ws/src/install/weedbot_interfaces/share/weedbot_interfaces/package.sh'
[34.542s] INFO:colcon.colcon_core.shell:Creating package script '/home/fatima/W.I.P.E.R/ROS/wiper_ws/src/install/weedbot_interfaces/share/weedbot_interfaces/package.bash'
[34.543s] INFO:colcon.colcon_core.shell:Creating package script '/home/fatima/W.I.P.E.R/ROS/wiper_ws/src/install/weedbot_interfaces/share/weedbot_interfaces/package.zsh'
[34.544s] Level 1:colcon.colcon_core.environment:create_file_with_runtime_dependencies(/home/fatima/W.I.P.E.R/ROS/wiper_ws/src/install/weedbot_interfaces/share/colcon-core/packages/weedbot_interfaces)
[34.545s] INFO:colcon.colcon_ros.task.ament_python.build:Building ROS package in '/home/fatima/W.I.P.E.R/ROS/wiper_ws/src/weedbot_control' with build type 'ament_python'
[34.547s] Level 1:colcon.colcon_core.shell:create_environment_hook('weedbot_control', 'ament_prefix_path')
[34.547s] INFO:colcon.colcon_core.shell:Creating environment hook '/home/fatima/W.I.P.E.R/ROS/wiper_ws/src/install/weedbot_control/share/weedbot_control/hook/ament_prefix_path.ps1'
[34.550s] INFO:colcon.colcon_core.shell:Creating environment descriptor '/home/fatima/W.I.P.E.R/ROS/wiper_ws/src/install/weedbot_control/share/weedbot_control/hook/ament_prefix_path.dsv'
[34.551s] INFO:colcon.colcon_core.shell:Creating environment hook '/home/fatima/W.I.P.E.R/ROS/wiper_ws/src/install/weedbot_control/share/weedbot_control/hook/ament_prefix_path.sh'
[34.552s] INFO:colcon.colcon_core.shell:Skip shell extension 'powershell' for command environment: Not usable outside of PowerShell
[34.552s] DEBUG:colcon.colcon_core.shell:Skip shell extension 'dsv' for command environment
[34.560s] INFO:colcon.colcon_ros.task.ament_python.build:Building ROS package in '/home/fatima/W.I.P.E.R/ROS/wiper_ws/src/weedbot_vision' with build type 'ament_python'
[34.561s] Level 1:colcon.colcon_core.shell:create_environment_hook('weedbot_vision', 'ament_prefix_path')
[34.562s] INFO:colcon.colcon_core.shell:Creating environment hook '/home/fatima/W.I.P.E.R/ROS/wiper_ws/src/install/weedbot_vision/share/weedbot_vision/hook/ament_prefix_path.ps1'
[34.566s] INFO:colcon.colcon_core.shell:Creating environment descriptor '/home/fatima/W.I.P.E.R/ROS/wiper_ws/src/install/weedbot_vision/share/weedbot_vision/hook/ament_prefix_path.dsv'
[34.567s] INFO:colcon.colcon_core.shell:Creating environment hook '/home/fatima/W.I.P.E.R/ROS/wiper_ws/src/install/weedbot_vision/share/weedbot_vision/hook/ament_prefix_path.sh'
[34.569s] INFO:colcon.colcon_core.shell:Skip shell extension 'powershell' for command environment: Not usable outside of PowerShell
[34.569s] DEBUG:colcon.colcon_core.shell:Skip shell extension 'dsv' for command environment
[35.553s] INFO:colcon.colcon_core.task.python.build:Building Python package in '/home/fatima/W.I.P.E.R/ROS/wiper_ws/src/weedbot_control'
[35.553s] INFO:colcon.colcon_core.shell:Skip shell extension 'powershell' for command environment: Not usable outside of PowerShell
[35.553s] DEBUG:colcon.colcon_core.shell:Skip shell extension 'dsv' for command environment
[36.126s] INFO:colcon.colcon_core.task.python.build:Building Python package in '/home/fatima/W.I.P.E.R/ROS/wiper_ws/src/weedbot_vision'
[36.127s] INFO:colcon.colcon_core.shell:Skip shell extension 'powershell' for command environment: Not usable outside of PowerShell
[36.127s] DEBUG:colcon.colcon_core.shell:Skip shell extension 'dsv' for command environment
[37.620s] DEBUG:colcon.colcon_core.event_handler.log_command:Invoking command in '/home/fatima/W.I.P.E.R/ROS/wiper_ws/src/build/weedbot_control': AMENT_PREFIX_PATH=/home/fatima/W.I.P.E.R/ROS/wiper_ws/src/install/weedbot_interfaces:${AMENT_PREFIX_PATH} CMAKE_PREFIX_PATH=/home/fatima/W.I.P.E.R/ROS/wiper_ws/src/install/weedbot_interfaces:${CMAKE_PREFIX_PATH} DEBUGINFOD_URLS=https://debuginfod.ubuntu.com LD_LIBRARY_PATH=/home/fatima/W.I.P.E.R/ROS/wiper_ws/src/install/weedbot_interfaces/lib:${LD_LIBRARY_PATH} PYTHONPATH=/home/fatima/W.I.P.E.R/ROS/wiper_ws/src/build/weedbot_control/prefix_override:/usr/lib/python3/dist-packages/colcon_core/task/python/colcon_distutils_commands:/home/fatima/W.I.P.E.R/ROS/wiper_ws/src/install/weedbot_control/lib/python3.12/site-packages:/home/fatima/W.I.P.E.R/ROS/wiper_ws/src/install/weedbot_interfaces/lib/python3.12/site-packages:${PYTHONPATH} /usr/bin/python3 -W ignore:setup.py install is deprecated -W ignore:easy_install command is deprecated setup.py develop --editable --build-directory /home/fatima/W.I.P.E.R/ROS/wiper_ws/src/build/weedbot_control/build --no-deps symlink_data
[38.134s] DEBUG:colcon.colcon_core.event_handler.log_command:Invoking command in '/home/fatima/W.I.P.E.R/ROS/wiper_ws/src/build/weedbot_vision': AMENT_PREFIX_PATH=/home/fatima/W.I.P.E.R/ROS/wiper_ws/src/install/weedbot_interfaces:${AMENT_PREFIX_PATH} CMAKE_PREFIX_PATH=/home/fatima/W.I.P.E.R/ROS/wiper_ws/src/install/weedbot_interfaces:${CMAKE_PREFIX_PATH} DEBUGINFOD_URLS=https://debuginfod.ubuntu.com LD_LIBRARY_PATH=/home/fatima/W.I.P.E.R/ROS/wiper_ws/src/install/weedbot_interfaces/lib:${LD_LIBRARY_PATH} PYTHONPATH=/home/fatima/W.I.P.E.R/ROS/wiper_ws/src/build/weedbot_vision/prefix_override:/usr/lib/python3/dist-packages/colcon_core/task/python/colcon_distutils_commands:/home/fatima/W.I.P.E.R/ROS/wiper_ws/src/install/weedbot_vision/lib/python3.12/site-packages:/home/fatima/W.I.P.E.R/ROS/wiper_ws/src/install/weedbot_interfaces/lib/python3.12/site-packages:${PYTHONPATH} /usr/bin/python3 -W ignore:setup.py install is deprecated -W ignore:easy_install command is deprecated setup.py develop --editable --build-directory /home/fatima/W.I.P.E.R/ROS/wiper_ws/src/build/weedbot_vision/build --no-deps symlink_data
[39.122s] Level 1:colcon.colcon_core.shell:create_environment_hook('weedbot_control', 'pythonpath_develop')
[39.123s] DEBUG:colcon.colcon_core.event_handler.log_command:Invoked command in '/home/fatima/W.I.P.E.R/ROS/wiper_ws/src/build/weedbot_control' returned '0': AMENT_PREFIX_PATH=/home/fatima/W.I.P.E.R/ROS/wiper_ws/src/install/weedbot_interfaces:${AMENT_PREFIX_PATH} CMAKE_PREFIX_PATH=/home/fatima/W.I.P.E.R/ROS/wiper_ws/src/install/weedbot_interfaces:${CMAKE_PREFIX_PATH} DEBUGINFOD_URLS=https://debuginfod.ubuntu.com LD_LIBRARY_PATH=/home/fatima/W.I.P.E.R/ROS/wiper_ws/src/install/weedbot_interfaces/lib:${LD_LIBRARY_PATH} PYTHONPATH=/home/fatima/W.I.P.E.R/ROS/wiper_ws/src/build/weedbot_control/prefix_override:/usr/lib/python3/dist-packages/colcon_core/task/python/colcon_distutils_commands:/home/fatima/W.I.P.E.R/ROS/wiper_ws/src/install/weedbot_control/lib/python3.12/site-packages:/home/fatima/W.I.P.E.R/ROS/wiper_ws/src/install/weedbot_interfaces/lib/python3.12/site-packages:${PYTHONPATH} /usr/bin/python3 -W ignore:setup.py install is deprecated -W ignore:easy_install command is deprecated setup.py develop --editable --build-directory /home/fatima/W.I.P.E.R/ROS/wiper_ws/src/build/weedbot_control/build --no-deps symlink_data
[39.124s] INFO:colcon.colcon_core.shell:Creating environment hook '/home/fatima/W.I.P.E.R/ROS/wiper_ws/src/build/weedbot_control/share/weedbot_control/hook/pythonpath_develop.ps1'
[39.126s] INFO:colcon.colcon_core.shell:Creating environment descriptor '/home/fatima/W.I.P.E.R/ROS/wiper_ws/src/build/weedbot_control/share/weedbot_control/hook/pythonpath_develop.dsv'
[39.127s] INFO:colcon.colcon_core.shell:Creating environment hook '/home/fatima/W.I.P.E.R/ROS/wiper_ws/src/build/weedbot_control/share/weedbot_control/hook/pythonpath_develop.sh'
[39.128s] Level 1:colcon.colcon_core.environment:checking '/home/fatima/W.I.P.E.R/ROS/wiper_ws/src/install/weedbot_control' for CMake module files
[39.129s] Level 1:colcon.colcon_core.environment:checking '/home/fatima/W.I.P.E.R/ROS/wiper_ws/src/install/weedbot_control' for CMake config files
[39.130s] Level 1:colcon.colcon_core.environment:checking '/home/fatima/W.I.P.E.R/ROS/wiper_ws/src/install/weedbot_control/lib'
[39.130s] Level 1:colcon.colcon_core.environment:checking '/home/fatima/W.I.P.E.R/ROS/wiper_ws/src/install/weedbot_control/bin'
[39.130s] Level 1:colcon.colcon_core.environment:checking '/home/fatima/W.I.P.E.R/ROS/wiper_ws/src/install/weedbot_control/lib/pkgconfig/weedbot_control.pc'
[39.131s] Level 1:colcon.colcon_core.environment:checking '/home/fatima/W.I.P.E.R/ROS/wiper_ws/src/install/weedbot_control/lib/python3.12/site-packages'
[39.131s] Level 1:colcon.colcon_core.shell:create_environment_hook('weedbot_control', 'pythonpath')
[39.132s] INFO:colcon.colcon_core.shell:Creating environment hook '/home/fatima/W.I.P.E.R/ROS/wiper_ws/src/install/weedbot_control/share/weedbot_control/hook/pythonpath.ps1'
[39.132s] INFO:colcon.colcon_core.shell:Creating environment descriptor '/home/fatima/W.I.P.E.R/ROS/wiper_ws/src/install/weedbot_control/share/weedbot_control/hook/pythonpath.dsv'
[39.133s] INFO:colcon.colcon_core.shell:Creating environment hook '/home/fatima/W.I.P.E.R/ROS/wiper_ws/src/install/weedbot_control/share/weedbot_control/hook/pythonpath.sh'
[39.135s] Level 1:colcon.colcon_core.environment:checking '/home/fatima/W.I.P.E.R/ROS/wiper_ws/src/install/weedbot_control/bin'
[39.135s] Level 1:colcon.colcon_core.environment:create_environment_scripts_only(weedbot_control)
[39.135s] INFO:colcon.colcon_core.shell:Creating package script '/home/fatima/W.I.P.E.R/ROS/wiper_ws/src/install/weedbot_control/share/weedbot_control/package.ps1'
[39.136s] INFO:colcon.colcon_core.shell:Creating package descriptor '/home/fatima/W.I.P.E.R/ROS/wiper_ws/src/install/weedbot_control/share/weedbot_control/package.dsv'
[39.137s] INFO:colcon.colcon_core.shell:Creating package script '/home/fatima/W.I.P.E.R/ROS/wiper_ws/src/install/weedbot_control/share/weedbot_control/package.sh'
[39.138s] INFO:colcon.colcon_core.shell:Creating package script '/home/fatima/W.I.P.E.R/ROS/wiper_ws/src/install/weedbot_control/share/weedbot_control/package.bash'
[39.139s] INFO:colcon.colcon_core.shell:Creating package script '/home/fatima/W.I.P.E.R/ROS/wiper_ws/src/install/weedbot_control/share/weedbot_control/package.zsh'
[39.139s] Level 1:colcon.colcon_core.environment:create_file_with_runtime_dependencies(/home/fatima/W.I.P.E.R/ROS/wiper_ws/src/install/weedbot_control/share/colcon-core/packages/weedbot_control)
[39.616s] Level 1:colcon.colcon_core.shell:create_environment_hook('weedbot_vision', 'pythonpath_develop')
[39.617s] INFO:colcon.colcon_core.shell:Creating environment hook '/home/fatima/W.I.P.E.R/ROS/wiper_ws/src/build/weedbot_vision/share/weedbot_vision/hook/pythonpath_develop.ps1'
[39.617s] DEBUG:colcon.colcon_core.event_handler.log_command:Invoked command in '/home/fatima/W.I.P.E.R/ROS/wiper_ws/src/build/weedbot_vision' returned '0': AMENT_PREFIX_PATH=/home/fatima/W.I.P.E.R/ROS/wiper_ws/src/install/weedbot_interfaces:${AMENT_PREFIX_PATH} CMAKE_PREFIX_PATH=/home/fatima/W.I.P.E.R/ROS/wiper_ws/src/install/weedbot_interfaces:${CMAKE_PREFIX_PATH} DEBUGINFOD_URLS=https://debuginfod.ubuntu.com LD_LIBRARY_PATH=/home/fatima/W.I.P.E.R/ROS/wiper_ws/src/install/weedbot_interfaces/lib:${LD_LIBRARY_PATH} PYTHONPATH=/home/fatima/W.I.P.E.R/ROS/wiper_ws/src/build/weedbot_vision/prefix_override:/usr/lib/python3/dist-packages/colcon_core/task/python/colcon_distutils_commands:/home/fatima/W.I.P.E.R/ROS/wiper_ws/src/install/weedbot_vision/lib/python3.12/site-packages:/home/fatima/W.I.P.E.R/ROS/wiper_ws/src/install/weedbot_interfaces/lib/python3.12/site-packages:${PYTHONPATH} /usr/bin/python3 -W ignore:setup.py install is deprecated -W ignore:easy_install command is deprecated setup.py develop --editable --build-directory /home/fatima/W.I.P.E.R/ROS/wiper_ws/src/build/weedbot_vision/build --no-deps symlink_data
[39.620s] INFO:colcon.colcon_core.shell:Creating environment descriptor '/home/fatima/W.I.P.E.R/ROS/wiper_ws/src/build/weedbot_vision/share/weedbot_vision/hook/pythonpath_develop.dsv'
[39.621s] INFO:colcon.colcon_core.shell:Creating environment hook '/home/fatima/W.I.P.E.R/ROS/wiper_ws/src/build/weedbot_vision/share/weedbot_vision/hook/pythonpath_develop.sh'
[39.622s] Level 1:colcon.colcon_core.environment:checking '/home/fatima/W.I.P.E.R/ROS/wiper_ws/src/install/weedbot_vision' for CMake module files
[39.623s] Level 1:colcon.colcon_core.environment:checking '/home/fatima/W.I.P.E.R/ROS/wiper_ws/src/install/weedbot_vision' for CMake config files
[39.624s] Level 1:colcon.colcon_core.environment:checking '/home/fatima/W.I.P.E.R/ROS/wiper_ws/src/install/weedbot_vision/lib'
[39.624s] Level 1:colcon.colcon_core.environment:checking '/home/fatima/W.I.P.E.R/ROS/wiper_ws/src/install/weedbot_vision/bin'
[39.624s] Level 1:colcon.colcon_core.environment:checking '/home/fatima/W.I.P.E.R/ROS/wiper_ws/src/install/weedbot_vision/lib/pkgconfig/weedbot_vision.pc'
[39.625s] Level 1:colcon.colcon_core.environment:checking '/home/fatima/W.I.P.E.R/ROS/wiper_ws/src/install/weedbot_vision/lib/python3.12/site-packages'
[39.625s] Level 1:colcon.colcon_core.shell:create_environment_hook('weedbot_vision', 'pythonpath')
[39.625s] INFO:colcon.colcon_core.shell:Creating environment hook '/home/fatima/W.I.P.E.R/ROS/wiper_ws/src/install/weedbot_vision/share/weedbot_vision/hook/pythonpath.ps1'
[39.626s] INFO:colcon.colcon_core.shell:Creating environment descriptor '/home/fatima/W.I.P.E.R/ROS/wiper_ws/src/install/weedbot_vision/share/weedbot_vision/hook/pythonpath.dsv'
[39.627s] INFO:colcon.colcon_core.shell:Creating environment hook '/home/fatima/W.I.P.E.R/ROS/wiper_ws/src/install/weedbot_vision/share/weedbot_vision/hook/pythonpath.sh'
[39.628s] Level 1:colcon.colcon_core.environment:checking '/home/fatima/W.I.P.E.R/ROS/wiper_ws/src/install/weedbot_vision/bin'
[39.629s] Level 1:colcon.colcon_core.environment:create_environment_scripts_only(weedbot_vision)
[39.629s] INFO:colcon.colcon_core.shell:Creating package script '/home/fatima/W.I.P.E.R/ROS/wiper_ws/src/install/weedbot_vision/share/weedbot_vision/package.ps1'
[39.630s] INFO:colcon.colcon_core.shell:Creating package descriptor '/home/fatima/W.I.P.E.R/ROS/wiper_ws/src/install/weedbot_vision/share/weedbot_vision/package.dsv'
[39.631s] INFO:colcon.colcon_core.shell:Creating package script '/home/fatima/W.I.P.E.R/ROS/wiper_ws/src/install/weedbot_vision/share/weedbot_vision/package.sh'
[39.632s] INFO:colcon.colcon_core.shell:Creating package script '/home/fatima/W.I.P.E.R/ROS/wiper_ws/src/install/weedbot_vision/share/weedbot_vision/package.bash'
[39.633s] INFO:colcon.colcon_core.shell:Creating package script '/home/fatima/W.I.P.E.R/ROS/wiper_ws/src/install/weedbot_vision/share/weedbot_vision/package.zsh'
[39.633s] Level 1:colcon.colcon_core.environment:create_file_with_runtime_dependencies(/home/fatima/W.I.P.E.R/ROS/wiper_ws/src/install/weedbot_vision/share/colcon-core/packages/weedbot_vision)
[39.635s] DEBUG:colcon.colcon_parallel_executor.executor.parallel:closing loop
[39.637s] DEBUG:colcon.colcon_parallel_executor.executor.parallel:loop closed
[39.637s] DEBUG:colcon.colcon_parallel_executor.executor.parallel:run_until_complete finished with '0'
[39.637s] DEBUG:colcon.colcon_core.event_reactor:joining thread
[39.826s] INFO:colcon.colcon_core.plugin_system:Skipping extension 'colcon_notification.desktop_notification.notify_send': Could not find 'notify-send'
[39.827s] INFO:colcon.colcon_core.plugin_system:Skipping extension 'colcon_notification.desktop_notification.terminal_notifier': Not used on non-Darwin systems
[39.827s] INFO:colcon.colcon_core.plugin_system:Skipping extension 'colcon_notification.desktop_notification.win32': Not used on non-Windows systems
[39.827s] INFO:colcon.colcon_notification.desktop_notification:Sending desktop notification using 'notify2'
[39.969s] DEBUG:colcon.colcon_notification.desktop_notification.notify2:Failed to initialize notify2: org.freedesktop.DBus.Error.ServiceUnknown: The name org.freedesktop.Notifications was not provided by any .service files
[39.969s] DEBUG:colcon.colcon_core.event_reactor:joined thread
[39.970s] INFO:colcon.colcon_core.shell:Creating prefix script '/home/fatima/W.I.P.E.R/ROS/wiper_ws/src/install/local_setup.ps1'
[39.972s] INFO:colcon.colcon_core.shell:Creating prefix util module '/home/fatima/W.I.P.E.R/ROS/wiper_ws/src/install/_local_setup_util_ps1.py'
[39.975s] INFO:colcon.colcon_core.shell:Creating prefix chain script '/home/fatima/W.I.P.E.R/ROS/wiper_ws/src/install/setup.ps1'
[39.977s] INFO:colcon.colcon_core.shell:Creating prefix script '/home/fatima/W.I.P.E.R/ROS/wiper_ws/src/install/local_setup.sh'
[39.979s] INFO:colcon.colcon_core.shell:Creating prefix util module '/home/fatima/W.I.P.E.R/ROS/wiper_ws/src/install/_local_setup_util_sh.py'
[39.980s] INFO:colcon.colcon_core.shell:Creating prefix chain script '/home/fatima/W.I.P.E.R/ROS/wiper_ws/src/install/setup.sh'
[39.982s] INFO:colcon.colcon_core.shell:Creating prefix script '/home/fatima/W.I.P.E.R/ROS/wiper_ws/src/install/local_setup.bash'
[39.983s] INFO:colcon.colcon_core.shell:Creating prefix chain script '/home/fatima/W.I.P.E.R/ROS/wiper_ws/src/install/setup.bash'
[39.986s] INFO:colcon.colcon_core.shell:Creating prefix script '/home/fatima/W.I.P.E.R/ROS/wiper_ws/src/install/local_setup.zsh'
[39.988s] INFO:colcon.colcon_core.shell:Creating prefix chain script '/home/fatima/W.I.P.E.R/ROS/wiper_ws/src/install/setup.zsh'
