[0.902s] DEBUG:colcon:Command line arguments: ['/usr/bin/colcon', 'build']
[0.902s] DEBUG:colcon:Parsed command line arguments: Namespace(log_base=None, log_level=None, verb_name='build', build_base='build', install_base='install', merge_install=False, symlink_install=False, test_result_base=None, continue_on_error=False, executor='parallel', parallel_workers=8, event_handlers=None, ignore_user_meta=False, metas=['./colcon.meta'], base_paths=['.'], packages_ignore=None, packages_ignore_regex=None, paths=None, packages_up_to=None, packages_up_to_regex=None, packages_above=None, packages_above_and_dependencies=None, packages_above_depth=None, packages_select_by_dep=None, packages_skip_by_dep=None, packages_skip_up_to=None, packages_select_build_failed=False, packages_skip_build_finished=False, packages_select_test_failures=False, packages_skip_test_passed=False, packages_select=None, packages_skip=None, packages_select_regex=None, packages_skip_regex=None, packages_start=None, packages_end=None, allow_overriding=[], cmake_args=None, cmake_target=None, cmake_target_skip_unavailable=False, cmake_clean_cache=False, cmake_clean_first=False, cmake_force_configure=False, ament_cmake_args=None, catkin_cmake_args=None, catkin_skip_building_tests=False, mixin_files=None, mixin=None, verb_parser=<colcon_mixin.mixin.mixin_argument.MixinArgumentDecorator object at 0x758c6a78db20>, verb_extension=<colcon_core.verb.build.BuildVerb object at 0x758c6bf0b770>, main=<bound method BuildVerb.main of <colcon_core.verb.build.BuildVerb object at 0x758c6bf0b770>>, mixin_verb=('build',))
[1.065s] Level 1:colcon.colcon_core.package_discovery:discover_packages(colcon_meta) check parameters
[1.065s] Level 1:colcon.colcon_core.package_discovery:discover_packages(recursive) check parameters
[1.065s] Level 1:colcon.colcon_core.package_discovery:discover_packages(ignore) check parameters
[1.065s] Level 1:colcon.colcon_core.package_discovery:discover_packages(path) check parameters
[1.065s] Level 1:colcon.colcon_core.package_discovery:discover_packages(colcon_meta) discover
[1.066s] Level 1:colcon.colcon_core.package_discovery:discover_packages(recursive) discover
[1.066s] INFO:colcon.colcon_core.package_discovery:Crawling recursively for packages in '/home/fatima/W.I.P.E.R/gps_ws'
[1.066s] Level 1:colcon.colcon_core.package_identification:_identify(.) by extensions ['ignore', 'ignore_ament_install']
[1.067s] Level 1:colcon.colcon_core.package_identification:_identify(.) by extension 'ignore'
[1.067s] Level 1:colcon.colcon_core.package_identification:_identify(.) by extension 'ignore_ament_install'
[1.067s] Level 1:colcon.colcon_core.package_identification:_identify(.) by extensions ['colcon_pkg']
[1.067s] Level 1:colcon.colcon_core.package_identification:_identify(.) by extension 'colcon_pkg'
[1.067s] Level 1:colcon.colcon_core.package_identification:_identify(.) by extensions ['colcon_meta']
[1.067s] Level 1:colcon.colcon_core.package_identification:_identify(.) by extension 'colcon_meta'
[1.067s] Level 1:colcon.colcon_core.package_identification:_identify(.) by extensions ['ros']
[1.067s] Level 1:colcon.colcon_core.package_identification:_identify(.) by extension 'ros'
[1.158s] Level 1:colcon.colcon_core.package_identification:_identify(.) by extensions ['cmake', 'python']
[1.158s] Level 1:colcon.colcon_core.package_identification:_identify(.) by extension 'cmake'
[1.158s] Level 1:colcon.colcon_core.package_identification:_identify(.) by extension 'python'
[1.158s] Level 1:colcon.colcon_core.package_identification:_identify(.) by extensions ['python_setup_py']
[1.158s] Level 1:colcon.colcon_core.package_identification:_identify(.) by extension 'python_setup_py'
[1.159s] Level 1:colcon.colcon_core.package_identification:_identify(build) by extensions ['ignore', 'ignore_ament_install']
[1.159s] Level 1:colcon.colcon_core.package_identification:_identify(build) by extension 'ignore'
[1.159s] Level 1:colcon.colcon_core.package_identification:_identify(build) ignored
[1.160s] Level 1:colcon.colcon_core.package_identification:_identify(install) by extensions ['ignore', 'ignore_ament_install']
[1.161s] Level 1:colcon.colcon_core.package_identification:_identify(install) by extension 'ignore'
[1.161s] Level 1:colcon.colcon_core.package_identification:_identify(install) ignored
[1.161s] Level 1:colcon.colcon_core.package_identification:_identify(log) by extensions ['ignore', 'ignore_ament_install']
[1.161s] Level 1:colcon.colcon_core.package_identification:_identify(log) by extension 'ignore'
[1.161s] Level 1:colcon.colcon_core.package_identification:_identify(log) ignored
[1.162s] Level 1:colcon.colcon_core.package_identification:_identify(src) by extensions ['ignore', 'ignore_ament_install']
[1.162s] Level 1:colcon.colcon_core.package_identification:_identify(src) by extension 'ignore'
[1.162s] Level 1:colcon.colcon_core.package_identification:_identify(src) by extension 'ignore_ament_install'
[1.163s] Level 1:colcon.colcon_core.package_identification:_identify(src) by extensions ['colcon_pkg']
[1.163s] Level 1:colcon.colcon_core.package_identification:_identify(src) by extension 'colcon_pkg'
[1.163s] Level 1:colcon.colcon_core.package_identification:_identify(src) by extensions ['colcon_meta']
[1.163s] Level 1:colcon.colcon_core.package_identification:_identify(src) by extension 'colcon_meta'
[1.163s] Level 1:colcon.colcon_core.package_identification:_identify(src) by extensions ['ros']
[1.163s] Level 1:colcon.colcon_core.package_identification:_identify(src) by extension 'ros'
[1.163s] Level 1:colcon.colcon_core.package_identification:_identify(src) by extensions ['cmake', 'python']
[1.163s] Level 1:colcon.colcon_core.package_identification:_identify(src) by extension 'cmake'
[1.163s] Level 1:colcon.colcon_core.package_identification:_identify(src) by extension 'python'
[1.164s] Level 1:colcon.colcon_core.package_identification:_identify(src) by extensions ['python_setup_py']
[1.164s] Level 1:colcon.colcon_core.package_identification:_identify(src) by extension 'python_setup_py'
[1.164s] Level 1:colcon.colcon_core.package_identification:_identify(src/nmea_navsat_driver-ros2) by extensions ['ignore', 'ignore_ament_install']
[1.165s] Level 1:colcon.colcon_core.package_identification:_identify(src/nmea_navsat_driver-ros2) by extension 'ignore'
[1.165s] Level 1:colcon.colcon_core.package_identification:_identify(src/nmea_navsat_driver-ros2) by extension 'ignore_ament_install'
[1.165s] Level 1:colcon.colcon_core.package_identification:_identify(src/nmea_navsat_driver-ros2) by extensions ['colcon_pkg']
[1.165s] Level 1:colcon.colcon_core.package_identification:_identify(src/nmea_navsat_driver-ros2) by extension 'colcon_pkg'
[1.165s] Level 1:colcon.colcon_core.package_identification:_identify(src/nmea_navsat_driver-ros2) by extensions ['colcon_meta']
[1.165s] Level 1:colcon.colcon_core.package_identification:_identify(src/nmea_navsat_driver-ros2) by extension 'colcon_meta'
[1.165s] Level 1:colcon.colcon_core.package_identification:_identify(src/nmea_navsat_driver-ros2) by extensions ['ros']
[1.165s] Level 1:colcon.colcon_core.package_identification:_identify(src/nmea_navsat_driver-ros2) by extension 'ros'
[1.173s] DEBUG:colcon.colcon_core.package_identification:Package 'src/nmea_navsat_driver-ros2' with type 'ros.ament_python' and name 'nmea_navsat_driver'
[1.173s] Level 1:colcon.colcon_core.package_discovery:discover_packages(recursive) using defaults
[1.173s] Level 1:colcon.colcon_core.package_discovery:discover_packages(ignore) discover
[1.173s] Level 1:colcon.colcon_core.package_discovery:discover_packages(ignore) using defaults
[1.173s] Level 1:colcon.colcon_core.package_discovery:discover_packages(path) discover
[1.173s] Level 1:colcon.colcon_core.package_discovery:discover_packages(path) using defaults
[1.236s] Level 1:colcon.colcon_core.package_discovery:discover_packages(prefix_path) check parameters
[1.236s] Level 1:colcon.colcon_core.package_discovery:discover_packages(prefix_path) discover
[1.250s] DEBUG:colcon.colcon_installed_package_information.package_discovery:Found 3 installed packages in /home/fatima/FYP_WIPER/wiper_ws/install
[1.256s] DEBUG:colcon.colcon_installed_package_information.package_discovery:Found 289 installed packages in /opt/ros/jazzy
[1.259s] Level 1:colcon.colcon_core.package_discovery:discover_packages(prefix_path) using defaults
[1.528s] Level 5:colcon.colcon_core.verb:set package 'nmea_navsat_driver' build argument 'cmake_args' from command line to 'None'
[1.528s] Level 5:colcon.colcon_core.verb:set package 'nmea_navsat_driver' build argument 'cmake_target' from command line to 'None'
[1.528s] Level 5:colcon.colcon_core.verb:set package 'nmea_navsat_driver' build argument 'cmake_target_skip_unavailable' from command line to 'False'
[1.528s] Level 5:colcon.colcon_core.verb:set package 'nmea_navsat_driver' build argument 'cmake_clean_cache' from command line to 'False'
[1.528s] Level 5:colcon.colcon_core.verb:set package 'nmea_navsat_driver' build argument 'cmake_clean_first' from command line to 'False'
[1.528s] Level 5:colcon.colcon_core.verb:set package 'nmea_navsat_driver' build argument 'cmake_force_configure' from command line to 'False'
[1.529s] Level 5:colcon.colcon_core.verb:set package 'nmea_navsat_driver' build argument 'ament_cmake_args' from command line to 'None'
[1.529s] Level 5:colcon.colcon_core.verb:set package 'nmea_navsat_driver' build argument 'catkin_cmake_args' from command line to 'None'
[1.529s] Level 5:colcon.colcon_core.verb:set package 'nmea_navsat_driver' build argument 'catkin_skip_building_tests' from command line to 'False'
[1.529s] DEBUG:colcon.colcon_core.verb:Building package 'nmea_navsat_driver' with the following arguments: {'ament_cmake_args': None, 'build_base': '/home/fatima/W.I.P.E.R/gps_ws/build/nmea_navsat_driver', 'catkin_cmake_args': None, 'catkin_skip_building_tests': False, 'cmake_args': None, 'cmake_clean_cache': False, 'cmake_clean_first': False, 'cmake_force_configure': False, 'cmake_target': None, 'cmake_target_skip_unavailable': False, 'install_base': '/home/fatima/W.I.P.E.R/gps_ws/install/nmea_navsat_driver', 'merge_install': False, 'path': '/home/fatima/W.I.P.E.R/gps_ws/src/nmea_navsat_driver-ros2', 'symlink_install': False, 'test_result_base': None}
[1.529s] INFO:colcon.colcon_core.executor:Executing jobs using 'parallel' executor
[1.531s] DEBUG:colcon.colcon_parallel_executor.executor.parallel:run_until_complete
[1.532s] INFO:colcon.colcon_ros.task.ament_python.build:Building ROS package in '/home/fatima/W.I.P.E.R/gps_ws/src/nmea_navsat_driver-ros2' with build type 'ament_python'
[1.532s] Level 1:colcon.colcon_core.shell:create_environment_hook('nmea_navsat_driver', 'ament_prefix_path')
[1.543s] INFO:colcon.colcon_core.plugin_system:Skipping extension 'colcon_core.shell.bat': Not used on non-Windows systems
[1.544s] INFO:colcon.colcon_core.shell:Creating environment hook '/home/fatima/W.I.P.E.R/gps_ws/install/nmea_navsat_driver/share/nmea_navsat_driver/hook/ament_prefix_path.ps1'
[1.546s] INFO:colcon.colcon_core.shell:Creating environment descriptor '/home/fatima/W.I.P.E.R/gps_ws/install/nmea_navsat_driver/share/nmea_navsat_driver/hook/ament_prefix_path.dsv'
[1.547s] INFO:colcon.colcon_core.shell:Creating environment hook '/home/fatima/W.I.P.E.R/gps_ws/install/nmea_navsat_driver/share/nmea_navsat_driver/hook/ament_prefix_path.sh'
[1.549s] INFO:colcon.colcon_core.shell:Skip shell extension 'powershell' for command environment: Not usable outside of PowerShell
[1.549s] DEBUG:colcon.colcon_core.shell:Skip shell extension 'dsv' for command environment
[1.984s] INFO:colcon.colcon_core.task.python.build:Building Python package in '/home/fatima/W.I.P.E.R/gps_ws/src/nmea_navsat_driver-ros2'
[1.984s] INFO:colcon.colcon_core.shell:Skip shell extension 'powershell' for command environment: Not usable outside of PowerShell
[1.984s] DEBUG:colcon.colcon_core.shell:Skip shell extension 'dsv' for command environment
[4.179s] DEBUG:colcon.colcon_core.event_handler.log_command:Invoking command in '/home/fatima/W.I.P.E.R/gps_ws/src/nmea_navsat_driver-ros2': DEBUGINFOD_URLS=https://debuginfod.ubuntu.com PYTHONPATH=/home/fatima/W.I.P.E.R/gps_ws/build/nmea_navsat_driver/prefix_override:/usr/lib/python3/dist-packages/colcon_core/task/python/colcon_distutils_commands:/home/fatima/W.I.P.E.R/gps_ws/install/nmea_navsat_driver/lib/python3.12/site-packages:${PYTHONPATH} /usr/bin/python3 -W ignore:setup.py install is deprecated -W ignore:easy_install command is deprecated setup.py egg_info --egg-base ../../build/nmea_navsat_driver build --build-base /home/fatima/W.I.P.E.R/gps_ws/build/nmea_navsat_driver/build install --record /home/fatima/W.I.P.E.R/gps_ws/build/nmea_navsat_driver/install.log --single-version-externally-managed install_data
[5.259s] DEBUG:colcon.colcon_core.event_handler.log_command:Invoked command in '/home/fatima/W.I.P.E.R/gps_ws/src/nmea_navsat_driver-ros2' returned '0': DEBUGINFOD_URLS=https://debuginfod.ubuntu.com PYTHONPATH=/home/fatima/W.I.P.E.R/gps_ws/build/nmea_navsat_driver/prefix_override:/usr/lib/python3/dist-packages/colcon_core/task/python/colcon_distutils_commands:/home/fatima/W.I.P.E.R/gps_ws/install/nmea_navsat_driver/lib/python3.12/site-packages:${PYTHONPATH} /usr/bin/python3 -W ignore:setup.py install is deprecated -W ignore:easy_install command is deprecated setup.py egg_info --egg-base ../../build/nmea_navsat_driver build --build-base /home/fatima/W.I.P.E.R/gps_ws/build/nmea_navsat_driver/build install --record /home/fatima/W.I.P.E.R/gps_ws/build/nmea_navsat_driver/install.log --single-version-externally-managed install_data
[5.290s] Level 1:colcon.colcon_core.environment:checking '/home/fatima/W.I.P.E.R/gps_ws/install/nmea_navsat_driver' for CMake module files
[5.293s] Level 1:colcon.colcon_core.environment:checking '/home/fatima/W.I.P.E.R/gps_ws/install/nmea_navsat_driver' for CMake config files
[5.306s] Level 1:colcon.colcon_core.environment:checking '/home/fatima/W.I.P.E.R/gps_ws/install/nmea_navsat_driver/lib'
[5.306s] Level 1:colcon.colcon_core.environment:checking '/home/fatima/W.I.P.E.R/gps_ws/install/nmea_navsat_driver/bin'
[5.307s] Level 1:colcon.colcon_core.environment:checking '/home/fatima/W.I.P.E.R/gps_ws/install/nmea_navsat_driver/lib/pkgconfig/nmea_navsat_driver.pc'
[5.307s] Level 1:colcon.colcon_core.environment:checking '/home/fatima/W.I.P.E.R/gps_ws/install/nmea_navsat_driver/lib/python3.12/site-packages'
[5.307s] Level 1:colcon.colcon_core.shell:create_environment_hook('nmea_navsat_driver', 'pythonpath')
[5.308s] INFO:colcon.colcon_core.shell:Creating environment hook '/home/fatima/W.I.P.E.R/gps_ws/install/nmea_navsat_driver/share/nmea_navsat_driver/hook/pythonpath.ps1'
[5.310s] INFO:colcon.colcon_core.shell:Creating environment descriptor '/home/fatima/W.I.P.E.R/gps_ws/install/nmea_navsat_driver/share/nmea_navsat_driver/hook/pythonpath.dsv'
[5.311s] INFO:colcon.colcon_core.shell:Creating environment hook '/home/fatima/W.I.P.E.R/gps_ws/install/nmea_navsat_driver/share/nmea_navsat_driver/hook/pythonpath.sh'
[5.313s] Level 1:colcon.colcon_core.environment:checking '/home/fatima/W.I.P.E.R/gps_ws/install/nmea_navsat_driver/bin'
[5.314s] Level 1:colcon.colcon_core.environment:create_environment_scripts_only(nmea_navsat_driver)
[5.314s] INFO:colcon.colcon_core.shell:Creating package script '/home/fatima/W.I.P.E.R/gps_ws/install/nmea_navsat_driver/share/nmea_navsat_driver/package.ps1'
[5.317s] INFO:colcon.colcon_core.shell:Creating package descriptor '/home/fatima/W.I.P.E.R/gps_ws/install/nmea_navsat_driver/share/nmea_navsat_driver/package.dsv'
[5.319s] INFO:colcon.colcon_core.shell:Creating package script '/home/fatima/W.I.P.E.R/gps_ws/install/nmea_navsat_driver/share/nmea_navsat_driver/package.sh'
[5.321s] INFO:colcon.colcon_core.shell:Creating package script '/home/fatima/W.I.P.E.R/gps_ws/install/nmea_navsat_driver/share/nmea_navsat_driver/package.bash'
[5.326s] INFO:colcon.colcon_core.shell:Creating package script '/home/fatima/W.I.P.E.R/gps_ws/install/nmea_navsat_driver/share/nmea_navsat_driver/package.zsh'
[5.328s] Level 1:colcon.colcon_core.environment:create_file_with_runtime_dependencies(/home/fatima/W.I.P.E.R/gps_ws/install/nmea_navsat_driver/share/colcon-core/packages/nmea_navsat_driver)
[5.329s] DEBUG:colcon.colcon_parallel_executor.executor.parallel:closing loop
[5.330s] DEBUG:colcon.colcon_parallel_executor.executor.parallel:loop closed
[5.330s] DEBUG:colcon.colcon_parallel_executor.executor.parallel:run_until_complete finished with '0'
[5.330s] DEBUG:colcon.colcon_core.event_reactor:joining thread
[5.582s] INFO:colcon.colcon_core.plugin_system:Skipping extension 'colcon_notification.desktop_notification.notify_send': Could not find 'notify-send'
[5.583s] INFO:colcon.colcon_core.plugin_system:Skipping extension 'colcon_notification.desktop_notification.terminal_notifier': Not used on non-Darwin systems
[5.583s] INFO:colcon.colcon_core.plugin_system:Skipping extension 'colcon_notification.desktop_notification.win32': Not used on non-Windows systems
[5.583s] INFO:colcon.colcon_notification.desktop_notification:Sending desktop notification using 'notify2'
[5.619s] DEBUG:colcon.colcon_notification.desktop_notification.notify2:Failed to initialize notify2: org.freedesktop.DBus.Error.ServiceUnknown: The name org.freedesktop.Notifications was not provided by any .service files
[5.620s] DEBUG:colcon.colcon_core.event_reactor:joined thread
[5.620s] INFO:colcon.colcon_core.shell:Creating prefix script '/home/fatima/W.I.P.E.R/gps_ws/install/local_setup.ps1'
[5.623s] INFO:colcon.colcon_core.shell:Creating prefix util module '/home/fatima/W.I.P.E.R/gps_ws/install/_local_setup_util_ps1.py'
[5.631s] INFO:colcon.colcon_core.shell:Creating prefix chain script '/home/fatima/W.I.P.E.R/gps_ws/install/setup.ps1'
[5.635s] INFO:colcon.colcon_core.shell:Creating prefix script '/home/fatima/W.I.P.E.R/gps_ws/install/local_setup.sh'
[5.639s] INFO:colcon.colcon_core.shell:Creating prefix util module '/home/fatima/W.I.P.E.R/gps_ws/install/_local_setup_util_sh.py'
[5.642s] INFO:colcon.colcon_core.shell:Creating prefix chain script '/home/fatima/W.I.P.E.R/gps_ws/install/setup.sh'
[5.645s] INFO:colcon.colcon_core.shell:Creating prefix script '/home/fatima/W.I.P.E.R/gps_ws/install/local_setup.bash'
[5.647s] INFO:colcon.colcon_core.shell:Creating prefix chain script '/home/fatima/W.I.P.E.R/gps_ws/install/setup.bash'
[5.650s] INFO:colcon.colcon_core.shell:Creating prefix script '/home/fatima/W.I.P.E.R/gps_ws/install/local_setup.zsh'
[5.653s] INFO:colcon.colcon_core.shell:Creating prefix chain script '/home/fatima/W.I.P.E.R/gps_ws/install/setup.zsh'
