[2.216s] Invoking command in '/home/hamza/wiper_ws/build/weedbot_vision': PYTHONPATH=/home/hamza/wiper_ws/build/weedbot_vision/prefix_override:/usr/lib/python3/dist-packages/colcon_core/task/python/colcon_distutils_commands:/home/hamza/wiper_ws/install/weedbot_vision/lib/python3.12/site-packages:/home/hamza/wiper_ws/install/weedbot_interfaces/lib/python3.12/site-packages:/home/hamza/wiper_ws/build/weedbot_vision:/home/hamza/wiper_ws/install/weedbot_vision/lib/python3.12/site-packages:/home/hamza/wiper_ws/build/weedbot_control:/home/hamza/wiper_ws/install/weedbot_control/lib/python3.12/site-packages:/opt/ros/jazzy/lib/python3.12/site-packages /usr/bin/python3 -W ignore:setup.py install is deprecated -W ignore:easy_install command is deprecated setup.py develop --editable --build-directory /home/hamza/wiper_ws/build/weedbot_vision/build --no-deps symlink_data
[2.691s] running develop
[3.015s] running egg_info
[3.045s] writing weedbot_vision.egg-info/PKG-INFO
[3.046s] writing dependency_links to weedbot_vision.egg-info/dependency_links.txt
[3.046s] writing entry points to weedbot_vision.egg-info/entry_points.txt
[3.047s] writing requirements to weedbot_vision.egg-info/requires.txt
[3.047s] writing top-level names to weedbot_vision.egg-info/top_level.txt
[3.099s] reading manifest file 'weedbot_vision.egg-info/SOURCES.txt'
[3.101s] writing manifest file 'weedbot_vision.egg-info/SOURCES.txt'
[3.133s] running build_ext
[3.134s] Creating /home/hamza/wiper_ws/install/weedbot_vision/lib/python3.12/site-packages/weedbot-vision.egg-link (link to .)
[3.136s] Installing camera_calibration script to /home/hamza/wiper_ws/install/weedbot_vision/lib/weedbot_vision
[3.136s] Installing camera_publisher script to /home/hamza/wiper_ws/install/weedbot_vision/lib/weedbot_vision
[3.137s] Installing detection_monitor script to /home/hamza/wiper_ws/install/weedbot_vision/lib/weedbot_vision
[3.137s] Installing vision_node script to /home/hamza/wiper_ws/install/weedbot_vision/lib/weedbot_vision
[3.138s] 
[3.138s] Installed /home/hamza/wiper_ws/build/weedbot_vision
[3.138s] running symlink_data
[3.183s] Invoked command in '/home/hamza/wiper_ws/build/weedbot_vision' returned '0': PYTHONPATH=/home/hamza/wiper_ws/build/weedbot_vision/prefix_override:/usr/lib/python3/dist-packages/colcon_core/task/python/colcon_distutils_commands:/home/hamza/wiper_ws/install/weedbot_vision/lib/python3.12/site-packages:/home/hamza/wiper_ws/install/weedbot_interfaces/lib/python3.12/site-packages:/home/hamza/wiper_ws/build/weedbot_vision:/home/hamza/wiper_ws/install/weedbot_vision/lib/python3.12/site-packages:/home/hamza/wiper_ws/build/weedbot_control:/home/hamza/wiper_ws/install/weedbot_control/lib/python3.12/site-packages:/opt/ros/jazzy/lib/python3.12/site-packages /usr/bin/python3 -W ignore:setup.py install is deprecated -W ignore:easy_install command is deprecated setup.py develop --editable --build-directory /home/hamza/wiper_ws/build/weedbot_vision/build --no-deps symlink_data
