/home/sanya/fyp/W.I.P.E.R/ROS/wiper_ws/install/weedbot_control/lib/python3.12/site-packages/weedbot_control/control_node.py
/home/sanya/fyp/W.I.P.E.R/ROS/wiper_ws/install/weedbot_control/lib/python3.12/site-packages/weedbot_control/laser_test_node.py
/home/sanya/fyp/W.I.P.E.R/ROS/wiper_ws/install/weedbot_control/lib/python3.12/site-packages/weedbot_control/serial_manager.py
/home/sanya/fyp/W.I.P.E.R/ROS/wiper_ws/install/weedbot_control/lib/python3.12/site-packages/weedbot_control/__init__.py
/home/sanya/fyp/W.I.P.E.R/ROS/wiper_ws/install/weedbot_control/lib/python3.12/site-packages/weedbot_control/__pycache__/control_node.cpython-312.pyc
/home/sanya/fyp/W.I.P.E.R/ROS/wiper_ws/install/weedbot_control/lib/python3.12/site-packages/weedbot_control/__pycache__/laser_test_node.cpython-312.pyc
/home/sanya/fyp/W.I.P.E.R/ROS/wiper_ws/install/weedbot_control/lib/python3.12/site-packages/weedbot_control/__pycache__/serial_manager.cpython-312.pyc
/home/sanya/fyp/W.I.P.E.R/ROS/wiper_ws/install/weedbot_control/lib/python3.12/site-packages/weedbot_control/__pycache__/__init__.cpython-312.pyc
/home/sanya/fyp/W.I.P.E.R/ROS/wiper_ws/install/weedbot_control/share/ament_index/resource_index/packages/weedbot_control
/home/sanya/fyp/W.I.P.E.R/ROS/wiper_ws/install/weedbot_control/share/weedbot_control/package.xml
/home/sanya/fyp/W.I.P.E.R/ROS/wiper_ws/install/weedbot_control/share/weedbot_control/launch/laser_dry_run.launch.py
/home/sanya/fyp/W.I.P.E.R/ROS/wiper_ws/install/weedbot_control/share/weedbot_control/launch/control_launch.py
/home/sanya/fyp/W.I.P.E.R/ROS/wiper_ws/install/weedbot_control/share/weedbot_control/config/control_params.yaml
/home/sanya/fyp/W.I.P.E.R/ROS/wiper_ws/install/weedbot_control/share/weedbot_control/config/test_shots.csv
/home/sanya/fyp/W.I.P.E.R/ROS/wiper_ws/install/weedbot_control/share/weedbot_control/README.md
/home/sanya/fyp/W.I.P.E.R/ROS/wiper_ws/install/weedbot_control/lib/python3.12/site-packages/weedbot_control-1.0.0-py3.12.egg-info/PKG-INFO
/home/sanya/fyp/W.I.P.E.R/ROS/wiper_ws/install/weedbot_control/lib/python3.12/site-packages/weedbot_control-1.0.0-py3.12.egg-info/SOURCES.txt
/home/sanya/fyp/W.I.P.E.R/ROS/wiper_ws/install/weedbot_control/lib/python3.12/site-packages/weedbot_control-1.0.0-py3.12.egg-info/entry_points.txt
/home/sanya/fyp/W.I.P.E.R/ROS/wiper_ws/install/weedbot_control/lib/python3.12/site-packages/weedbot_control-1.0.0-py3.12.egg-info/zip-safe
/home/sanya/fyp/W.I.P.E.R/ROS/wiper_ws/install/weedbot_control/lib/python3.12/site-packages/weedbot_control-1.0.0-py3.12.egg-info/requires.txt
/home/sanya/fyp/W.I.P.E.R/ROS/wiper_ws/install/weedbot_control/lib/python3.12/site-packages/weedbot_control-1.0.0-py3.12.egg-info/dependency_links.txt
/home/sanya/fyp/W.I.P.E.R/ROS/wiper_ws/install/weedbot_control/lib/python3.12/site-packages/weedbot_control-1.0.0-py3.12.egg-info/top_level.txt
/home/sanya/fyp/W.I.P.E.R/ROS/wiper_ws/install/weedbot_control/lib/weedbot_control/control_node
/home/sanya/fyp/W.I.P.E.R/ROS/wiper_ws/install/weedbot_control/lib/weedbot_control/laser_test_node
