[3.573s] Invoking command in '/home/fatima/W.I.P.E.R/ROS/wiper_ws/src/build/weedbot_vision': AMENT_PREFIX_PATH=/home/fatima/W.I.P.E.R/ROS/wiper_ws/src/install/weedbot_interfaces:${AMENT_PREFIX_PATH} CMAKE_PREFIX_PATH=/home/fatima/W.I.P.E.R/ROS/wiper_ws/src/install/weedbot_interfaces:${CMAKE_PREFIX_PATH} DEBUGINFOD_URLS=https://debuginfod.ubuntu.com LD_LIBRARY_PATH=/home/fatima/W.I.P.E.R/ROS/wiper_ws/src/install/weedbot_interfaces/lib:${LD_LIBRARY_PATH} PYTHONPATH=/home/fatima/W.I.P.E.R/ROS/wiper_ws/src/build/weedbot_vision/prefix_override:/usr/lib/python3/dist-packages/colcon_core/task/python/colcon_distutils_commands:/home/fatima/W.I.P.E.R/ROS/wiper_ws/src/install/weedbot_vision/lib/python3.12/site-packages:/home/fatima/W.I.P.E.R/ROS/wiper_ws/src/install/weedbot_interfaces/lib/python3.12/site-packages:${PYTHONPATH} /usr/bin/python3 -W ignore:setup.py install is deprecated -W ignore:easy_install command is deprecated setup.py develop --editable --build-directory /home/fatima/W.I.P.E.R/ROS/wiper_ws/src/build/weedbot_vision/build --no-deps symlink_data
[4.330s] running develop
[4.817s] running egg_info
[4.817s] creating weedbot_vision.egg-info
[4.861s] writing weedbot_vision.egg-info/PKG-INFO
[4.862s] writing dependency_links to weedbot_vision.egg-info/dependency_links.txt
[4.863s] writing entry points to weedbot_vision.egg-info/entry_points.txt
[4.863s] writing requirements to weedbot_vision.egg-info/requires.txt
[4.863s] writing top-level names to weedbot_vision.egg-info/top_level.txt
[4.864s] writing manifest file 'weedbot_vision.egg-info/SOURCES.txt'
[4.947s] reading manifest file 'weedbot_vision.egg-info/SOURCES.txt'
[4.948s] writing manifest file 'weedbot_vision.egg-info/SOURCES.txt'
[4.983s] running build_ext
[4.983s] Creating /home/fatima/W.I.P.E.R/ROS/wiper_ws/src/install/weedbot_vision/lib/python3.12/site-packages/weedbot-vision.egg-link (link to .)
[4.985s] Installing camera_calibration script to /home/fatima/W.I.P.E.R/ROS/wiper_ws/src/install/weedbot_vision/lib/weedbot_vision
[4.986s] Installing camera_publisher script to /home/fatima/W.I.P.E.R/ROS/wiper_ws/src/install/weedbot_vision/lib/weedbot_vision
[4.987s] Installing detection_monitor script to /home/fatima/W.I.P.E.R/ROS/wiper_ws/src/install/weedbot_vision/lib/weedbot_vision
[4.987s] Installing vision_node script to /home/fatima/W.I.P.E.R/ROS/wiper_ws/src/install/weedbot_vision/lib/weedbot_vision
[4.988s] 
[4.988s] Installed /home/fatima/W.I.P.E.R/ROS/wiper_ws/src/build/weedbot_vision
[4.989s] running symlink_data
[4.989s] creating /home/fatima/W.I.P.E.R/ROS/wiper_ws/src/install/weedbot_vision/share/ament_index
[4.990s] creating /home/fatima/W.I.P.E.R/ROS/wiper_ws/src/install/weedbot_vision/share/ament_index/resource_index
[4.990s] creating /home/fatima/W.I.P.E.R/ROS/wiper_ws/src/install/weedbot_vision/share/ament_index/resource_index/packages
[4.991s] symbolically linking /home/fatima/W.I.P.E.R/ROS/wiper_ws/src/build/weedbot_vision/resource/weedbot_vision -> /home/fatima/W.I.P.E.R/ROS/wiper_ws/src/install/weedbot_vision/share/ament_index/resource_index/packages
[4.992s] symbolically linking /home/fatima/W.I.P.E.R/ROS/wiper_ws/src/build/weedbot_vision/package.xml -> /home/fatima/W.I.P.E.R/ROS/wiper_ws/src/install/weedbot_vision/share/weedbot_vision
[4.992s] creating /home/fatima/W.I.P.E.R/ROS/wiper_ws/src/install/weedbot_vision/share/weedbot_vision/launch
[4.993s] symbolically linking /home/fatima/W.I.P.E.R/ROS/wiper_ws/src/build/weedbot_vision/launch/vision_launch.py -> /home/fatima/W.I.P.E.R/ROS/wiper_ws/src/install/weedbot_vision/share/weedbot_vision/launch
[4.994s] symbolically linking /home/fatima/W.I.P.E.R/ROS/wiper_ws/src/build/weedbot_vision/launch/calibration.launch.py -> /home/fatima/W.I.P.E.R/ROS/wiper_ws/src/install/weedbot_vision/share/weedbot_vision/launch
[4.995s] creating /home/fatima/W.I.P.E.R/ROS/wiper_ws/src/install/weedbot_vision/share/weedbot_vision/config
[4.996s] symbolically linking /home/fatima/W.I.P.E.R/ROS/wiper_ws/src/build/weedbot_vision/config/vision_params.yaml -> /home/fatima/W.I.P.E.R/ROS/wiper_ws/src/install/weedbot_vision/share/weedbot_vision/config
[5.057s] Invoked command in '/home/fatima/W.I.P.E.R/ROS/wiper_ws/src/build/weedbot_vision' returned '0': AMENT_PREFIX_PATH=/home/fatima/W.I.P.E.R/ROS/wiper_ws/src/install/weedbot_interfaces:${AMENT_PREFIX_PATH} CMAKE_PREFIX_PATH=/home/fatima/W.I.P.E.R/ROS/wiper_ws/src/install/weedbot_interfaces:${CMAKE_PREFIX_PATH} DEBUGINFOD_URLS=https://debuginfod.ubuntu.com LD_LIBRARY_PATH=/home/fatima/W.I.P.E.R/ROS/wiper_ws/src/install/weedbot_interfaces/lib:${LD_LIBRARY_PATH} PYTHONPATH=/home/fatima/W.I.P.E.R/ROS/wiper_ws/src/build/weedbot_vision/prefix_override:/usr/lib/python3/dist-packages/colcon_core/task/python/colcon_distutils_commands:/home/fatima/W.I.P.E.R/ROS/wiper_ws/src/install/weedbot_vision/lib/python3.12/site-packages:/home/fatima/W.I.P.E.R/ROS/wiper_ws/src/install/weedbot_interfaces/lib/python3.12/site-packages:${PYTHONPATH} /usr/bin/python3 -W ignore:setup.py install is deprecated -W ignore:easy_install command is deprecated setup.py develop --editable --build-directory /home/fatima/W.I.P.E.R/ROS/wiper_ws/src/build/weedbot_vision/build --no-deps symlink_data
