[0.022s] Invoking command in '/home/sanya/fyp/W.I.P.E.R/ROS/wiper_ws/build/weedbot_interfaces': CMAKE_PREFIX_PATH=${CMAKE_PREFIX_PATH}:/home/sanya/fyp/W.I.P.E.R/ROS/wiper_ws/install/weedbot_vision:/home/sanya/fyp/W.I.P.E.R/ROS/wiper_ws/install/weedbot_control:/home/sanya/fyp/W.I.P.E.R/ROS/wiper_ws/install/weedbot_simulation:/opt/ros/jazzy DEBUGINFOD_URLS=https://debuginfod.ubuntu.com /usr/bin/cmake /home/sanya/fyp/W.I.P.E.R/ROS/wiper_ws/src/weedbot_interfaces -DAMENT_CMAKE_SYMLINK_INSTALL=1 -DCMAKE_INSTALL_PREFIX=/home/sanya/fyp/W.I.P.E.R/ROS/wiper_ws/install/weedbot_interfaces
[0.073s] -- The C compiler identification is GNU 13.3.0
[0.125s] -- The CXX compiler identification is GNU 13.3.0
[0.139s] -- Detecting C compiler ABI info
[0.222s] -- Detecting C compiler ABI info - done
[0.229s] -- Check for working C compiler: /usr/bin/cc - skipped
[0.230s] -- Detecting C compile features
[0.230s] -- Detecting C compile features - done
[0.239s] -- Detecting CXX compiler ABI info
[0.330s] -- Detecting CXX compiler ABI info - done
[0.337s] -- Check for working CXX compiler: /usr/bin/c++ - skipped
[0.337s] -- Detecting CXX compile features
[0.338s] -- Detecting CXX compile features - done
[0.340s] -- Found ament_cmake: 2.5.6 (/opt/ros/jazzy/share/ament_cmake/cmake)
[0.475s] -- Found Python3: /usr/bin/python3 (found version "3.12.3") found components: Interpreter 
[0.542s] -- Override CMake install command with custom implementation using symlinks instead of copying resources
[0.566s] -- Found std_msgs: 5.3.7 (/opt/ros/jazzy/share/std_msgs/cmake)
[0.597s] -- Found rosidl_generator_c: 4.6.7 (/opt/ros/jazzy/share/rosidl_generator_c/cmake)
[0.610s] -- Found rosidl_generator_cpp: 4.6.7 (/opt/ros/jazzy/share/rosidl_generator_cpp/cmake)
[0.624s] -- Using all available rosidl_typesupport_c: rosidl_typesupport_fastrtps_c;rosidl_typesupport_introspection_c
[0.639s] -- Using all available rosidl_typesupport_cpp: rosidl_typesupport_fastrtps_cpp;rosidl_typesupport_introspection_cpp
[0.665s] -- Found sensor_msgs: 5.3.7 (/opt/ros/jazzy/share/sensor_msgs/cmake)
[0.712s] -- Found rosidl_default_generators: 1.6.0 (/opt/ros/jazzy/share/rosidl_default_generators/cmake)
[0.728s] -- Found rosidl_adapter: 4.6.7 (/opt/ros/jazzy/share/rosidl_adapter/cmake)
[1.349s] -- Found ament_cmake_ros: 0.12.0 (/opt/ros/jazzy/share/ament_cmake_ros/cmake)
[2.210s] -- Using all available rosidl_typesupport_c: rosidl_typesupport_fastrtps_c;rosidl_typesupport_introspection_c
[2.562s] -- Using all available rosidl_typesupport_cpp: rosidl_typesupport_fastrtps_cpp;rosidl_typesupport_introspection_cpp
[2.565s] -- Found python_cmake_module: 0.11.1 (/opt/ros/jazzy/share/python_cmake_module/cmake)
[2.698s] -- Found PythonExtra: /usr/bin/python3  
[3.248s] -- Found Python3: /usr/bin/python3 (found version "3.12.3") found components: Interpreter Development NumPy Development.Module Development.Embed 
[3.383s] -- Found Python3: /usr/bin/python3 (found version "3.12.3") found components: Interpreter 
[3.395s] -- Configuring done (3.4s)
[3.442s] -- Generating done (0.0s)
[3.451s] -- Build files have been written to: /home/sanya/fyp/W.I.P.E.R/ROS/wiper_ws/build/weedbot_interfaces
[3.470s] Invoked command in '/home/sanya/fyp/W.I.P.E.R/ROS/wiper_ws/build/weedbot_interfaces' returned '0': CMAKE_PREFIX_PATH=${CMAKE_PREFIX_PATH}:/home/sanya/fyp/W.I.P.E.R/ROS/wiper_ws/install/weedbot_vision:/home/sanya/fyp/W.I.P.E.R/ROS/wiper_ws/install/weedbot_control:/home/sanya/fyp/W.I.P.E.R/ROS/wiper_ws/install/weedbot_simulation:/opt/ros/jazzy DEBUGINFOD_URLS=https://debuginfod.ubuntu.com /usr/bin/cmake /home/sanya/fyp/W.I.P.E.R/ROS/wiper_ws/src/weedbot_interfaces -DAMENT_CMAKE_SYMLINK_INSTALL=1 -DCMAKE_INSTALL_PREFIX=/home/sanya/fyp/W.I.P.E.R/ROS/wiper_ws/install/weedbot_interfaces
[3.472s] Invoking command in '/home/sanya/fyp/W.I.P.E.R/ROS/wiper_ws/build/weedbot_interfaces': CMAKE_PREFIX_PATH=${CMAKE_PREFIX_PATH}:/home/sanya/fyp/W.I.P.E.R/ROS/wiper_ws/install/weedbot_vision:/home/sanya/fyp/W.I.P.E.R/ROS/wiper_ws/install/weedbot_control:/home/sanya/fyp/W.I.P.E.R/ROS/wiper_ws/install/weedbot_simulation:/opt/ros/jazzy DEBUGINFOD_URLS=https://debuginfod.ubuntu.com /usr/bin/cmake --build /home/sanya/fyp/W.I.P.E.R/ROS/wiper_ws/build/weedbot_interfaces -- -j12 -l12
[3.526s] [  4%] [34m[1mGenerating type hashes for ROS interfaces[0m
[3.527s] [  4%] [34m[1mGenerating Rust code for ROS interfaces[0m
[3.539s] [  4%] Built target ament_cmake_python_symlink_weedbot_interfaces
[3.787s] running egg_info
[3.788s] creating weedbot_interfaces.egg-info
[3.805s] [  4%] Built target weedbot_interfaces__rosidl_generator_type_description
[3.811s] writing weedbot_interfaces.egg-info/PKG-INFO
[3.811s] writing dependency_links to weedbot_interfaces.egg-info/dependency_links.txt
[3.811s] writing top-level names to weedbot_interfaces.egg-info/top_level.txt
[3.812s] writing manifest file 'weedbot_interfaces.egg-info/SOURCES.txt'
[3.816s] [  6%] [34m[1mGenerating C code for ROS interfaces[0m
[3.833s] [  8%] [34m[1mGenerating C++ code for ROS interfaces[0m
[3.878s] [  8%] Built target weedbot_interfaces__rs
[3.892s] reading manifest file 'weedbot_interfaces.egg-info/SOURCES.txt'
[3.893s] writing manifest file 'weedbot_interfaces.egg-info/SOURCES.txt'
[3.950s] [  8%] Built target ament_cmake_python_build_weedbot_interfaces_egg
[4.195s] [  8%] Built target weedbot_interfaces__cpp
[4.230s] [ 20%] [32mBuilding C object CMakeFiles/weedbot_interfaces__rosidl_generator_c.dir/rosidl_generator_c/weedbot_interfaces/msg/detail/weed_detection__functions.c.o[0m
[4.231s] [ 20%] [32mBuilding C object CMakeFiles/weedbot_interfaces__rosidl_generator_c.dir/rosidl_generator_c/weedbot_interfaces/msg/detail/weed_array__description.c.o[0m
[4.231s] [ 20%] [32mBuilding C object CMakeFiles/weedbot_interfaces__rosidl_generator_c.dir/rosidl_generator_c/weedbot_interfaces/msg/detail/weed_array__type_support.c.o[0m
[4.231s] [ 20%] [32mBuilding C object CMakeFiles/weedbot_interfaces__rosidl_generator_c.dir/rosidl_generator_c/weedbot_interfaces/msg/detail/weed_detection__type_support.c.o[0m
[4.231s] [ 20%] [32mBuilding C object CMakeFiles/weedbot_interfaces__rosidl_generator_c.dir/rosidl_generator_c/weedbot_interfaces/msg/detail/weed_detection__description.c.o[0m
[4.231s] [ 22%] [32mBuilding C object CMakeFiles/weedbot_interfaces__rosidl_generator_c.dir/rosidl_generator_c/weedbot_interfaces/msg/detail/weed_array__functions.c.o[0m
[4.292s] [ 24%] [32m[1mLinking C shared library libweedbot_interfaces__rosidl_generator_c.so[0m
[4.341s] [ 24%] Built target weedbot_interfaces__rosidl_generator_c
[4.352s] [ 37%] [34m[1mGenerating C introspection for ROS interfaces[0m
[4.352s] [ 37%] [34m[1mGenerating C++ type support dispatch for ROS interfaces[0m
[4.352s] [ 37%] [34m[1mGenerating C type support for eProsima Fast-RTPS[0m
[4.352s] [ 37%] [34m[1mGenerating C type support dispatch for ROS interfaces[0m
[4.352s] [ 37%] [34m[1mGenerating C++ type support for eProsima Fast-RTPS[0m
[4.352s] [ 37%] [34m[1mGenerating C++ introspection for ROS interfaces[0m
[4.814s] [ 40%] [32mBuilding CXX object CMakeFiles/weedbot_interfaces__rosidl_typesupport_c.dir/rosidl_typesupport_c/weedbot_interfaces/msg/weed_detection__type_support.cpp.o[0m
[4.814s] [ 42%] [32mBuilding CXX object CMakeFiles/weedbot_interfaces__rosidl_typesupport_c.dir/rosidl_typesupport_c/weedbot_interfaces/msg/weed_array__type_support.cpp.o[0m
[4.858s] [ 44%] [32mBuilding CXX object CMakeFiles/weedbot_interfaces__rosidl_typesupport_cpp.dir/rosidl_typesupport_cpp/weedbot_interfaces/msg/weed_detection__type_support.cpp.o[0m
[4.869s] [ 46%] [32mBuilding CXX object CMakeFiles/weedbot_interfaces__rosidl_typesupport_cpp.dir/rosidl_typesupport_cpp/weedbot_interfaces/msg/weed_array__type_support.cpp.o[0m
[4.889s] [ 48%] [32mBuilding CXX object CMakeFiles/weedbot_interfaces__rosidl_typesupport_introspection_cpp.dir/rosidl_typesupport_introspection_cpp/weedbot_interfaces/msg/detail/weed_detection__type_support.cpp.o[0m
[4.889s] [ 51%] [32mBuilding CXX object CMakeFiles/weedbot_interfaces__rosidl_typesupport_introspection_cpp.dir/rosidl_typesupport_introspection_cpp/weedbot_interfaces/msg/detail/weed_array__type_support.cpp.o[0m
[4.915s] [ 57%] [32mBuilding C object CMakeFiles/weedbot_interfaces__rosidl_typesupport_introspection_c.dir/rosidl_typesupport_introspection_c/weedbot_interfaces/msg/detail/weed_detection__type_support.c.o[0m
[4.916s] [ 57%] [32mBuilding CXX object CMakeFiles/weedbot_interfaces__rosidl_typesupport_fastrtps_cpp.dir/rosidl_typesupport_fastrtps_cpp/weedbot_interfaces/msg/detail/dds_fastrtps/weed_detection__type_support.cpp.o[0m
[4.916s] [ 57%] [32mBuilding CXX object CMakeFiles/weedbot_interfaces__rosidl_typesupport_fastrtps_cpp.dir/rosidl_typesupport_fastrtps_cpp/weedbot_interfaces/msg/detail/dds_fastrtps/weed_array__type_support.cpp.o[0m
[4.932s] [ 60%] [32mBuilding C object CMakeFiles/weedbot_interfaces__rosidl_typesupport_introspection_c.dir/rosidl_typesupport_introspection_c/weedbot_interfaces/msg/detail/weed_array__type_support.c.o[0m
[4.943s] [ 62%] [32m[1mLinking CXX shared library libweedbot_interfaces__rosidl_typesupport_c.so[0m
[4.969s] [ 64%] [32mBuilding CXX object CMakeFiles/weedbot_interfaces__rosidl_typesupport_fastrtps_c.dir/rosidl_typesupport_fastrtps_c/weedbot_interfaces/msg/detail/weed_array__type_support_c.cpp.o[0m
[4.971s] [ 66%] [32mBuilding CXX object CMakeFiles/weedbot_interfaces__rosidl_typesupport_fastrtps_c.dir/rosidl_typesupport_fastrtps_c/weedbot_interfaces/msg/detail/weed_detection__type_support_c.cpp.o[0m
[5.058s] [ 66%] Built target weedbot_interfaces__rosidl_typesupport_c
[5.083s] [ 68%] [32m[1mLinking C shared library libweedbot_interfaces__rosidl_typesupport_introspection_c.so[0m
[5.207s] [ 68%] Built target weedbot_interfaces__rosidl_typesupport_introspection_c
[5.475s] [ 71%] [32m[1mLinking CXX shared library libweedbot_interfaces__rosidl_typesupport_cpp.so[0m
[5.597s] [ 71%] Built target weedbot_interfaces__rosidl_typesupport_cpp
[5.749s] [ 73%] [32m[1mLinking CXX shared library libweedbot_interfaces__rosidl_typesupport_introspection_cpp.so[0m
[5.780s] [ 75%] [32m[1mLinking CXX shared library libweedbot_interfaces__rosidl_typesupport_fastrtps_cpp.so[0m
[5.801s] [ 77%] [32m[1mLinking CXX shared library libweedbot_interfaces__rosidl_typesupport_fastrtps_c.so[0m
[5.883s] [ 77%] Built target weedbot_interfaces__rosidl_typesupport_fastrtps_c
[5.891s] [ 77%] Built target weedbot_interfaces__rosidl_typesupport_introspection_cpp
[5.907s] [ 77%] Built target weedbot_interfaces__rosidl_typesupport_fastrtps_cpp
[5.925s] [ 77%] Built target weedbot_interfaces
[5.954s] [ 80%] [34m[1mGenerating Python code for ROS interfaces[0m
[6.419s] [ 80%] Built target weedbot_interfaces__py
[6.444s] [ 84%] [32mBuilding C object CMakeFiles/weedbot_interfaces__rosidl_generator_py.dir/rosidl_generator_py/weedbot_interfaces/msg/_weed_detection_s.c.o[0m
[6.444s] [ 84%] [32mBuilding C object CMakeFiles/weedbot_interfaces__rosidl_generator_py.dir/rosidl_generator_py/weedbot_interfaces/msg/_weed_array_s.c.o[0m
[6.634s] [ 86%] [32m[1mLinking C shared library libweedbot_interfaces__rosidl_generator_py.so[0m
[6.692s] [ 86%] Built target weedbot_interfaces__rosidl_generator_py
[6.716s] [ 93%] [32mBuilding C object CMakeFiles/weedbot_interfaces_s__rosidl_typesupport_c.dir/rosidl_generator_py/weedbot_interfaces/_weedbot_interfaces_s.ep.rosidl_typesupport_c.c.o[0m
[6.717s] [ 93%] [32mBuilding C object CMakeFiles/weedbot_interfaces_s__rosidl_typesupport_fastrtps_c.dir/rosidl_generator_py/weedbot_interfaces/_weedbot_interfaces_s.ep.rosidl_typesupport_fastrtps_c.c.o[0m
[6.717s] [ 93%] [32mBuilding C object CMakeFiles/weedbot_interfaces_s__rosidl_typesupport_introspection_c.dir/rosidl_generator_py/weedbot_interfaces/_weedbot_interfaces_s.ep.rosidl_typesupport_introspection_c.c.o[0m
[6.825s] [ 95%] [32m[1mLinking C shared module rosidl_generator_py/weedbot_interfaces/weedbot_interfaces_s__rosidl_typesupport_introspection_c.so[0m
[6.825s] [ 97%] [32m[1mLinking C shared module rosidl_generator_py/weedbot_interfaces/weedbot_interfaces_s__rosidl_typesupport_c.so[0m
[6.828s] [100%] [32m[1mLinking C shared module rosidl_generator_py/weedbot_interfaces/weedbot_interfaces_s__rosidl_typesupport_fastrtps_c.so[0m
[6.865s] [100%] Built target weedbot_interfaces_s__rosidl_typesupport_c
[6.866s] [100%] Built target weedbot_interfaces_s__rosidl_typesupport_introspection_c
[6.878s] [100%] Built target weedbot_interfaces_s__rosidl_typesupport_fastrtps_c
[6.890s] Invoked command in '/home/sanya/fyp/W.I.P.E.R/ROS/wiper_ws/build/weedbot_interfaces' returned '0': CMAKE_PREFIX_PATH=${CMAKE_PREFIX_PATH}:/home/sanya/fyp/W.I.P.E.R/ROS/wiper_ws/install/weedbot_vision:/home/sanya/fyp/W.I.P.E.R/ROS/wiper_ws/install/weedbot_control:/home/sanya/fyp/W.I.P.E.R/ROS/wiper_ws/install/weedbot_simulation:/opt/ros/jazzy DEBUGINFOD_URLS=https://debuginfod.ubuntu.com /usr/bin/cmake --build /home/sanya/fyp/W.I.P.E.R/ROS/wiper_ws/build/weedbot_interfaces -- -j12 -l12
[6.900s] Invoking command in '/home/sanya/fyp/W.I.P.E.R/ROS/wiper_ws/build/weedbot_interfaces': CMAKE_PREFIX_PATH=${CMAKE_PREFIX_PATH}:/home/sanya/fyp/W.I.P.E.R/ROS/wiper_ws/install/weedbot_vision:/home/sanya/fyp/W.I.P.E.R/ROS/wiper_ws/install/weedbot_control:/home/sanya/fyp/W.I.P.E.R/ROS/wiper_ws/install/weedbot_simulation:/opt/ros/jazzy DEBUGINFOD_URLS=https://debuginfod.ubuntu.com /usr/bin/cmake --install /home/sanya/fyp/W.I.P.E.R/ROS/wiper_ws/build/weedbot_interfaces
[6.912s] -- Install configuration: ""
[6.912s] -- Execute custom install script
[6.912s] -- Symlinking: /home/sanya/fyp/W.I.P.E.R/ROS/wiper_ws/install/weedbot_interfaces/share/ament_index/resource_index/rosidl_interfaces/weedbot_interfaces
[6.921s] -- Symlinking: /home/sanya/fyp/W.I.P.E.R/ROS/wiper_ws/install/weedbot_interfaces/share/weedbot_interfaces/msg/WeedDetection.json
[6.928s] -- Symlinking: /home/sanya/fyp/W.I.P.E.R/ROS/wiper_ws/install/weedbot_interfaces/share/weedbot_interfaces/msg/WeedArray.json
[6.945s] -- Symlinking: /home/sanya/fyp/W.I.P.E.R/ROS/wiper_ws/install/weedbot_interfaces/include/weedbot_interfaces/weedbot_interfaces/msg/detail/weed_array__functions.h
[6.956s] -- Symlinking: /home/sanya/fyp/W.I.P.E.R/ROS/wiper_ws/install/weedbot_interfaces/include/weedbot_interfaces/weedbot_interfaces/msg/detail/weed_array__struct.h
[6.965s] -- Symlinking: /home/sanya/fyp/W.I.P.E.R/ROS/wiper_ws/install/weedbot_interfaces/include/weedbot_interfaces/weedbot_interfaces/msg/detail/weed_array__type_support.h
[6.977s] -- Symlinking: /home/sanya/fyp/W.I.P.E.R/ROS/wiper_ws/install/weedbot_interfaces/include/weedbot_interfaces/weedbot_interfaces/msg/detail/weed_detection__functions.h
[6.985s] -- Symlinking: /home/sanya/fyp/W.I.P.E.R/ROS/wiper_ws/install/weedbot_interfaces/include/weedbot_interfaces/weedbot_interfaces/msg/detail/weed_detection__struct.h
[6.993s] -- Symlinking: /home/sanya/fyp/W.I.P.E.R/ROS/wiper_ws/install/weedbot_interfaces/include/weedbot_interfaces/weedbot_interfaces/msg/detail/weed_detection__type_support.h
[7.006s] -- Symlinking: /home/sanya/fyp/W.I.P.E.R/ROS/wiper_ws/install/weedbot_interfaces/include/weedbot_interfaces/weedbot_interfaces/msg/rosidl_generator_c__visibility_control.h
[7.014s] -- Symlinking: /home/sanya/fyp/W.I.P.E.R/ROS/wiper_ws/install/weedbot_interfaces/include/weedbot_interfaces/weedbot_interfaces/msg/weed_array.h
[7.022s] -- Symlinking: /home/sanya/fyp/W.I.P.E.R/ROS/wiper_ws/install/weedbot_interfaces/include/weedbot_interfaces/weedbot_interfaces/msg/weed_detection.h
[7.030s] -- Symlinking: /home/sanya/fyp/W.I.P.E.R/ROS/wiper_ws/install/weedbot_interfaces/share/weedbot_interfaces/environment/library_path.sh
[7.047s] -- Symlinking: /home/sanya/fyp/W.I.P.E.R/ROS/wiper_ws/install/weedbot_interfaces/share/weedbot_interfaces/environment/library_path.dsv
[7.058s] -- Symlinking: /home/sanya/fyp/W.I.P.E.R/ROS/wiper_ws/install/weedbot_interfaces/include/weedbot_interfaces/weedbot_interfaces/msg/detail/weed_array__rosidl_typesupport_fastrtps_c.h
[7.068s] -- Symlinking: /home/sanya/fyp/W.I.P.E.R/ROS/wiper_ws/install/weedbot_interfaces/include/weedbot_interfaces/weedbot_interfaces/msg/detail/weed_detection__rosidl_typesupport_fastrtps_c.h
[7.079s] -- Symlinking: /home/sanya/fyp/W.I.P.E.R/ROS/wiper_ws/install/weedbot_interfaces/include/weedbot_interfaces/weedbot_interfaces/msg/rosidl_typesupport_fastrtps_c__visibility_control.h
[7.088s] -- Symlinking: /home/sanya/fyp/W.I.P.E.R/ROS/wiper_ws/install/weedbot_interfaces/include/weedbot_interfaces/weedbot_interfaces/msg/detail/weed_array__builder.hpp
[7.095s] -- Symlinking: /home/sanya/fyp/W.I.P.E.R/ROS/wiper_ws/install/weedbot_interfaces/include/weedbot_interfaces/weedbot_interfaces/msg/detail/weed_array__struct.hpp
[7.108s] -- Symlinking: /home/sanya/fyp/W.I.P.E.R/ROS/wiper_ws/install/weedbot_interfaces/include/weedbot_interfaces/weedbot_interfaces/msg/detail/weed_array__traits.hpp
[7.116s] -- Symlinking: /home/sanya/fyp/W.I.P.E.R/ROS/wiper_ws/install/weedbot_interfaces/include/weedbot_interfaces/weedbot_interfaces/msg/detail/weed_array__type_support.hpp
[7.124s] -- Symlinking: /home/sanya/fyp/W.I.P.E.R/ROS/wiper_ws/install/weedbot_interfaces/include/weedbot_interfaces/weedbot_interfaces/msg/detail/weed_detection__builder.hpp
[7.132s] -- Symlinking: /home/sanya/fyp/W.I.P.E.R/ROS/wiper_ws/install/weedbot_interfaces/include/weedbot_interfaces/weedbot_interfaces/msg/detail/weed_detection__struct.hpp
[7.150s] -- Symlinking: /home/sanya/fyp/W.I.P.E.R/ROS/wiper_ws/install/weedbot_interfaces/include/weedbot_interfaces/weedbot_interfaces/msg/detail/weed_detection__traits.hpp
[7.159s] -- Symlinking: /home/sanya/fyp/W.I.P.E.R/ROS/wiper_ws/install/weedbot_interfaces/include/weedbot_interfaces/weedbot_interfaces/msg/detail/weed_detection__type_support.hpp
[7.170s] -- Symlinking: /home/sanya/fyp/W.I.P.E.R/ROS/wiper_ws/install/weedbot_interfaces/include/weedbot_interfaces/weedbot_interfaces/msg/rosidl_generator_cpp__visibility_control.hpp
[7.179s] -- Symlinking: /home/sanya/fyp/W.I.P.E.R/ROS/wiper_ws/install/weedbot_interfaces/include/weedbot_interfaces/weedbot_interfaces/msg/weed_array.hpp
[7.186s] -- Symlinking: /home/sanya/fyp/W.I.P.E.R/ROS/wiper_ws/install/weedbot_interfaces/include/weedbot_interfaces/weedbot_interfaces/msg/weed_detection.hpp
[7.194s] -- Symlinking: /home/sanya/fyp/W.I.P.E.R/ROS/wiper_ws/install/weedbot_interfaces/include/weedbot_interfaces/weedbot_interfaces/msg/detail/weed_array__rosidl_typesupport_fastrtps_cpp.hpp
[7.207s] -- Symlinking: /home/sanya/fyp/W.I.P.E.R/ROS/wiper_ws/install/weedbot_interfaces/include/weedbot_interfaces/weedbot_interfaces/msg/detail/weed_detection__rosidl_typesupport_fastrtps_cpp.hpp
[7.215s] -- Symlinking: /home/sanya/fyp/W.I.P.E.R/ROS/wiper_ws/install/weedbot_interfaces/include/weedbot_interfaces/weedbot_interfaces/msg/rosidl_typesupport_fastrtps_cpp__visibility_control.h
[7.222s] -- Symlinking: /home/sanya/fyp/W.I.P.E.R/ROS/wiper_ws/install/weedbot_interfaces/include/weedbot_interfaces/weedbot_interfaces/msg/detail/weed_array__rosidl_typesupport_introspection_c.h
[7.229s] -- Symlinking: /home/sanya/fyp/W.I.P.E.R/ROS/wiper_ws/install/weedbot_interfaces/include/weedbot_interfaces/weedbot_interfaces/msg/detail/weed_detection__rosidl_typesupport_introspection_c.h
[7.246s] -- Symlinking: /home/sanya/fyp/W.I.P.E.R/ROS/wiper_ws/install/weedbot_interfaces/include/weedbot_interfaces/weedbot_interfaces/msg/rosidl_typesupport_introspection_c__visibility_control.h
[7.256s] -- Symlinking: /home/sanya/fyp/W.I.P.E.R/ROS/wiper_ws/install/weedbot_interfaces/include/weedbot_interfaces/weedbot_interfaces/msg/detail/weed_array__rosidl_typesupport_introspection_cpp.hpp
[7.263s] -- Symlinking: /home/sanya/fyp/W.I.P.E.R/ROS/wiper_ws/install/weedbot_interfaces/include/weedbot_interfaces/weedbot_interfaces/msg/detail/weed_detection__rosidl_typesupport_introspection_cpp.hpp
[7.277s] -- Symlinking: /home/sanya/fyp/W.I.P.E.R/ROS/wiper_ws/install/weedbot_interfaces/share/weedbot_interfaces/environment/pythonpath.sh
[7.285s] -- Symlinking: /home/sanya/fyp/W.I.P.E.R/ROS/wiper_ws/install/weedbot_interfaces/share/weedbot_interfaces/environment/pythonpath.dsv
[7.293s] -- Symlinking: /home/sanya/fyp/W.I.P.E.R/ROS/wiper_ws/install/weedbot_interfaces/lib/python3.12/site-packages/weedbot_interfaces-0.0.1-py3.12.egg-info/PKG-INFO
[7.305s] -- Symlinking: /home/sanya/fyp/W.I.P.E.R/ROS/wiper_ws/install/weedbot_interfaces/lib/python3.12/site-packages/weedbot_interfaces-0.0.1-py3.12.egg-info/SOURCES.txt
[7.315s] -- Symlinking: /home/sanya/fyp/W.I.P.E.R/ROS/wiper_ws/install/weedbot_interfaces/lib/python3.12/site-packages/weedbot_interfaces-0.0.1-py3.12.egg-info/dependency_links.txt
[7.323s] -- Symlinking: /home/sanya/fyp/W.I.P.E.R/ROS/wiper_ws/install/weedbot_interfaces/lib/python3.12/site-packages/weedbot_interfaces-0.0.1-py3.12.egg-info/top_level.txt
[7.331s] -- Symlinking: /home/sanya/fyp/W.I.P.E.R/ROS/wiper_ws/install/weedbot_interfaces/lib/python3.12/site-packages/weedbot_interfaces/__init__.py
[7.347s] -- Symlinking: /home/sanya/fyp/W.I.P.E.R/ROS/wiper_ws/install/weedbot_interfaces/lib/python3.12/site-packages/weedbot_interfaces/_weedbot_interfaces_s.ep.rosidl_typesupport_c.c
[7.357s] -- Symlinking: /home/sanya/fyp/W.I.P.E.R/ROS/wiper_ws/install/weedbot_interfaces/lib/python3.12/site-packages/weedbot_interfaces/_weedbot_interfaces_s.ep.rosidl_typesupport_fastrtps_c.c
[7.366s] -- Symlinking: /home/sanya/fyp/W.I.P.E.R/ROS/wiper_ws/install/weedbot_interfaces/lib/python3.12/site-packages/weedbot_interfaces/_weedbot_interfaces_s.ep.rosidl_typesupport_introspection_c.c
[7.378s] -- Symlinking: /home/sanya/fyp/W.I.P.E.R/ROS/wiper_ws/install/weedbot_interfaces/lib/python3.12/site-packages/weedbot_interfaces/msg/__init__.py
[7.385s] -- Symlinking: /home/sanya/fyp/W.I.P.E.R/ROS/wiper_ws/install/weedbot_interfaces/lib/python3.12/site-packages/weedbot_interfaces/msg/_weed_array.py
[7.393s] -- Symlinking: /home/sanya/fyp/W.I.P.E.R/ROS/wiper_ws/install/weedbot_interfaces/lib/python3.12/site-packages/weedbot_interfaces/msg/_weed_array_s.c
[7.402s] -- Symlinking: /home/sanya/fyp/W.I.P.E.R/ROS/wiper_ws/install/weedbot_interfaces/lib/python3.12/site-packages/weedbot_interfaces/msg/_weed_detection.py
[7.413s] -- Symlinking: /home/sanya/fyp/W.I.P.E.R/ROS/wiper_ws/install/weedbot_interfaces/lib/python3.12/site-packages/weedbot_interfaces/msg/_weed_detection_s.c
[7.421s] -- Symlinking: /home/sanya/fyp/W.I.P.E.R/ROS/wiper_ws/install/weedbot_interfaces/lib/python3.12/site-packages/weedbot_interfaces/weedbot_interfaces_s__rosidl_typesupport_c.so
[7.428s] -- Symlinking: /home/sanya/fyp/W.I.P.E.R/ROS/wiper_ws/install/weedbot_interfaces/lib/python3.12/site-packages/weedbot_interfaces/weedbot_interfaces_s__rosidl_typesupport_fastrtps_c.so
[7.443s] -- Symlinking: /home/sanya/fyp/W.I.P.E.R/ROS/wiper_ws/install/weedbot_interfaces/lib/python3.12/site-packages/weedbot_interfaces/weedbot_interfaces_s__rosidl_typesupport_introspection_c.so
[7.456s] -- Up-to-date symlink: /home/sanya/fyp/W.I.P.E.R/ROS/wiper_ws/install/weedbot_interfaces/lib/python3.12/site-packages/weedbot_interfaces/weedbot_interfaces_s__rosidl_typesupport_fastrtps_c.so
[7.456s] -- Up-to-date symlink: /home/sanya/fyp/W.I.P.E.R/ROS/wiper_ws/install/weedbot_interfaces/lib/python3.12/site-packages/weedbot_interfaces/weedbot_interfaces_s__rosidl_typesupport_introspection_c.so
[7.456s] -- Up-to-date symlink: /home/sanya/fyp/W.I.P.E.R/ROS/wiper_ws/install/weedbot_interfaces/lib/python3.12/site-packages/weedbot_interfaces/weedbot_interfaces_s__rosidl_typesupport_c.so
[7.456s] -- Symlinking: /home/sanya/fyp/W.I.P.E.R/ROS/wiper_ws/install/weedbot_interfaces/share/ament_index/resource_index/rust_packages/weedbot_interfaces
[7.465s] -- Symlinking: /home/sanya/fyp/W.I.P.E.R/ROS/wiper_ws/install/weedbot_interfaces/share/weedbot_interfaces/rust/Cargo.toml
[7.479s] -- Symlinking: /home/sanya/fyp/W.I.P.E.R/ROS/wiper_ws/install/weedbot_interfaces/share/weedbot_interfaces/rust/build.rs
[7.487s] -- Symlinking: /home/sanya/fyp/W.I.P.E.R/ROS/wiper_ws/install/weedbot_interfaces/share/weedbot_interfaces/rust/src/lib.rs
[7.495s] -- Symlinking: /home/sanya/fyp/W.I.P.E.R/ROS/wiper_ws/install/weedbot_interfaces/share/weedbot_interfaces/rust/src/msg.rs
[7.508s] -- Symlinking: /home/sanya/fyp/W.I.P.E.R/ROS/wiper_ws/install/weedbot_interfaces/share/weedbot_interfaces/rust/src/msg/rmw.rs
[7.519s] -- Symlinking: /home/sanya/fyp/W.I.P.E.R/ROS/wiper_ws/install/weedbot_interfaces/share/weedbot_interfaces/msg/WeedDetection.idl
[7.527s] -- Symlinking: /home/sanya/fyp/W.I.P.E.R/ROS/wiper_ws/install/weedbot_interfaces/share/weedbot_interfaces/msg/WeedArray.idl
[7.539s] -- Symlinking: /home/sanya/fyp/W.I.P.E.R/ROS/wiper_ws/install/weedbot_interfaces/share/weedbot_interfaces/msg/WeedDetection.msg
[7.551s] -- Symlinking: /home/sanya/fyp/W.I.P.E.R/ROS/wiper_ws/install/weedbot_interfaces/share/weedbot_interfaces/msg/WeedArray.msg
[7.562s] -- Symlinking: /home/sanya/fyp/W.I.P.E.R/ROS/wiper_ws/install/weedbot_interfaces/share/ament_index/resource_index/package_run_dependencies/weedbot_interfaces
[7.574s] -- Symlinking: /home/sanya/fyp/W.I.P.E.R/ROS/wiper_ws/install/weedbot_interfaces/share/ament_index/resource_index/parent_prefix_path/weedbot_interfaces
[7.583s] -- Symlinking: /home/sanya/fyp/W.I.P.E.R/ROS/wiper_ws/install/weedbot_interfaces/share/weedbot_interfaces/environment/ament_prefix_path.sh
[7.591s] -- Symlinking: /home/sanya/fyp/W.I.P.E.R/ROS/wiper_ws/install/weedbot_interfaces/share/weedbot_interfaces/environment/ament_prefix_path.dsv
[7.599s] -- Symlinking: /home/sanya/fyp/W.I.P.E.R/ROS/wiper_ws/install/weedbot_interfaces/share/weedbot_interfaces/environment/path.sh
[7.612s] -- Symlinking: /home/sanya/fyp/W.I.P.E.R/ROS/wiper_ws/install/weedbot_interfaces/share/weedbot_interfaces/environment/path.dsv
[7.620s] -- Symlinking: /home/sanya/fyp/W.I.P.E.R/ROS/wiper_ws/install/weedbot_interfaces/share/weedbot_interfaces/local_setup.bash
[7.628s] -- Symlinking: /home/sanya/fyp/W.I.P.E.R/ROS/wiper_ws/install/weedbot_interfaces/share/weedbot_interfaces/local_setup.sh
[7.642s] -- Symlinking: /home/sanya/fyp/W.I.P.E.R/ROS/wiper_ws/install/weedbot_interfaces/share/weedbot_interfaces/local_setup.zsh
[7.656s] -- Symlinking: /home/sanya/fyp/W.I.P.E.R/ROS/wiper_ws/install/weedbot_interfaces/share/weedbot_interfaces/local_setup.dsv
[7.664s] -- Symlinking: /home/sanya/fyp/W.I.P.E.R/ROS/wiper_ws/install/weedbot_interfaces/share/weedbot_interfaces/package.dsv
[7.678s] -- Symlinking: /home/sanya/fyp/W.I.P.E.R/ROS/wiper_ws/install/weedbot_interfaces/share/ament_index/resource_index/packages/weedbot_interfaces
[7.686s] -- Symlinking: /home/sanya/fyp/W.I.P.E.R/ROS/wiper_ws/install/weedbot_interfaces/share/weedbot_interfaces/cmake/rosidl_cmake-extras.cmake
[7.694s] -- Symlinking: /home/sanya/fyp/W.I.P.E.R/ROS/wiper_ws/install/weedbot_interfaces/share/weedbot_interfaces/cmake/ament_cmake_export_dependencies-extras.cmake
[7.706s] -- Symlinking: /home/sanya/fyp/W.I.P.E.R/ROS/wiper_ws/install/weedbot_interfaces/share/weedbot_interfaces/cmake/ament_cmake_export_include_directories-extras.cmake
[7.716s] -- Symlinking: /home/sanya/fyp/W.I.P.E.R/ROS/wiper_ws/install/weedbot_interfaces/share/weedbot_interfaces/cmake/ament_cmake_export_libraries-extras.cmake
[7.724s] -- Symlinking: /home/sanya/fyp/W.I.P.E.R/ROS/wiper_ws/install/weedbot_interfaces/share/weedbot_interfaces/cmake/ament_cmake_export_targets-extras.cmake
[7.731s] -- Symlinking: /home/sanya/fyp/W.I.P.E.R/ROS/wiper_ws/install/weedbot_interfaces/share/weedbot_interfaces/cmake/rosidl_cmake_export_typesupport_targets-extras.cmake
[7.748s] -- Symlinking: /home/sanya/fyp/W.I.P.E.R/ROS/wiper_ws/install/weedbot_interfaces/share/weedbot_interfaces/cmake/rosidl_cmake_export_typesupport_libraries-extras.cmake
[7.758s] -- Symlinking: /home/sanya/fyp/W.I.P.E.R/ROS/wiper_ws/install/weedbot_interfaces/share/weedbot_interfaces/cmake/weedbot_interfacesConfig.cmake
[7.768s] -- Symlinking: /home/sanya/fyp/W.I.P.E.R/ROS/wiper_ws/install/weedbot_interfaces/share/weedbot_interfaces/cmake/weedbot_interfacesConfig-version.cmake
[7.780s] -- Symlinking: /home/sanya/fyp/W.I.P.E.R/ROS/wiper_ws/install/weedbot_interfaces/share/weedbot_interfaces/package.xml
[7.788s] -- Installing: /home/sanya/fyp/W.I.P.E.R/ROS/wiper_ws/install/weedbot_interfaces/lib/libweedbot_interfaces__rosidl_generator_c.so
[7.788s] -- Set non-toolchain portion of runtime path of "/home/sanya/fyp/W.I.P.E.R/ROS/wiper_ws/install/weedbot_interfaces/lib/libweedbot_interfaces__rosidl_generator_c.so" to ""
[7.788s] -- Installing: /home/sanya/fyp/W.I.P.E.R/ROS/wiper_ws/install/weedbot_interfaces/lib/libweedbot_interfaces__rosidl_typesupport_fastrtps_c.so
[7.789s] -- Set non-toolchain portion of runtime path of "/home/sanya/fyp/W.I.P.E.R/ROS/wiper_ws/install/weedbot_interfaces/lib/libweedbot_interfaces__rosidl_typesupport_fastrtps_c.so" to ""
[7.789s] -- Installing: /home/sanya/fyp/W.I.P.E.R/ROS/wiper_ws/install/weedbot_interfaces/lib/libweedbot_interfaces__rosidl_typesupport_fastrtps_cpp.so
[7.789s] -- Set non-toolchain portion of runtime path of "/home/sanya/fyp/W.I.P.E.R/ROS/wiper_ws/install/weedbot_interfaces/lib/libweedbot_interfaces__rosidl_typesupport_fastrtps_cpp.so" to ""
[7.789s] -- Installing: /home/sanya/fyp/W.I.P.E.R/ROS/wiper_ws/install/weedbot_interfaces/lib/libweedbot_interfaces__rosidl_typesupport_introspection_c.so
[7.790s] -- Set non-toolchain portion of runtime path of "/home/sanya/fyp/W.I.P.E.R/ROS/wiper_ws/install/weedbot_interfaces/lib/libweedbot_interfaces__rosidl_typesupport_introspection_c.so" to ""
[7.790s] -- Installing: /home/sanya/fyp/W.I.P.E.R/ROS/wiper_ws/install/weedbot_interfaces/lib/libweedbot_interfaces__rosidl_typesupport_c.so
[7.790s] -- Set non-toolchain portion of runtime path of "/home/sanya/fyp/W.I.P.E.R/ROS/wiper_ws/install/weedbot_interfaces/lib/libweedbot_interfaces__rosidl_typesupport_c.so" to ""
[7.790s] -- Installing: /home/sanya/fyp/W.I.P.E.R/ROS/wiper_ws/install/weedbot_interfaces/lib/libweedbot_interfaces__rosidl_typesupport_introspection_cpp.so
[7.790s] -- Set non-toolchain portion of runtime path of "/home/sanya/fyp/W.I.P.E.R/ROS/wiper_ws/install/weedbot_interfaces/lib/libweedbot_interfaces__rosidl_typesupport_introspection_cpp.so" to ""
[7.791s] -- Installing: /home/sanya/fyp/W.I.P.E.R/ROS/wiper_ws/install/weedbot_interfaces/lib/libweedbot_interfaces__rosidl_typesupport_cpp.so
[7.791s] -- Set non-toolchain portion of runtime path of "/home/sanya/fyp/W.I.P.E.R/ROS/wiper_ws/install/weedbot_interfaces/lib/libweedbot_interfaces__rosidl_typesupport_cpp.so" to ""
[7.828s] Listing '/home/sanya/fyp/W.I.P.E.R/ROS/wiper_ws/install/weedbot_interfaces/lib/python3.12/site-packages/weedbot_interfaces'...
[7.828s] Compiling '/home/sanya/fyp/W.I.P.E.R/ROS/wiper_ws/install/weedbot_interfaces/lib/python3.12/site-packages/weedbot_interfaces/__init__.py'...
[7.828s] Listing '/home/sanya/fyp/W.I.P.E.R/ROS/wiper_ws/install/weedbot_interfaces/lib/python3.12/site-packages/weedbot_interfaces/msg'...
[7.828s] Compiling '/home/sanya/fyp/W.I.P.E.R/ROS/wiper_ws/install/weedbot_interfaces/lib/python3.12/site-packages/weedbot_interfaces/msg/__init__.py'...
[7.828s] Compiling '/home/sanya/fyp/W.I.P.E.R/ROS/wiper_ws/install/weedbot_interfaces/lib/python3.12/site-packages/weedbot_interfaces/msg/_weed_array.py'...
[7.828s] Compiling '/home/sanya/fyp/W.I.P.E.R/ROS/wiper_ws/install/weedbot_interfaces/lib/python3.12/site-packages/weedbot_interfaces/msg/_weed_detection.py'...
[7.833s] -- Installing: /home/sanya/fyp/W.I.P.E.R/ROS/wiper_ws/install/weedbot_interfaces/lib/libweedbot_interfaces__rosidl_generator_py.so
[7.834s] -- Set non-toolchain portion of runtime path of "/home/sanya/fyp/W.I.P.E.R/ROS/wiper_ws/install/weedbot_interfaces/lib/libweedbot_interfaces__rosidl_generator_py.so" to ""
[7.834s] -- Installing: /home/sanya/fyp/W.I.P.E.R/ROS/wiper_ws/install/weedbot_interfaces/share/weedbot_interfaces/cmake/export_weedbot_interfaces__rosidl_generator_cExport.cmake
[7.834s] -- Installing: /home/sanya/fyp/W.I.P.E.R/ROS/wiper_ws/install/weedbot_interfaces/share/weedbot_interfaces/cmake/export_weedbot_interfaces__rosidl_generator_cExport-noconfig.cmake
[7.834s] -- Installing: /home/sanya/fyp/W.I.P.E.R/ROS/wiper_ws/install/weedbot_interfaces/share/weedbot_interfaces/cmake/export_weedbot_interfaces__rosidl_typesupport_fastrtps_cExport.cmake
[7.834s] -- Installing: /home/sanya/fyp/W.I.P.E.R/ROS/wiper_ws/install/weedbot_interfaces/share/weedbot_interfaces/cmake/export_weedbot_interfaces__rosidl_typesupport_fastrtps_cExport-noconfig.cmake
[7.834s] -- Installing: /home/sanya/fyp/W.I.P.E.R/ROS/wiper_ws/install/weedbot_interfaces/share/weedbot_interfaces/cmake/export_weedbot_interfaces__rosidl_generator_cppExport.cmake
[7.835s] -- Installing: /home/sanya/fyp/W.I.P.E.R/ROS/wiper_ws/install/weedbot_interfaces/share/weedbot_interfaces/cmake/export_weedbot_interfaces__rosidl_typesupport_fastrtps_cppExport.cmake
[7.835s] -- Installing: /home/sanya/fyp/W.I.P.E.R/ROS/wiper_ws/install/weedbot_interfaces/share/weedbot_interfaces/cmake/export_weedbot_interfaces__rosidl_typesupport_fastrtps_cppExport-noconfig.cmake
[7.835s] -- Installing: /home/sanya/fyp/W.I.P.E.R/ROS/wiper_ws/install/weedbot_interfaces/share/weedbot_interfaces/cmake/weedbot_interfaces__rosidl_typesupport_introspection_cExport.cmake
[7.835s] -- Installing: /home/sanya/fyp/W.I.P.E.R/ROS/wiper_ws/install/weedbot_interfaces/share/weedbot_interfaces/cmake/weedbot_interfaces__rosidl_typesupport_introspection_cExport-noconfig.cmake
[7.835s] -- Installing: /home/sanya/fyp/W.I.P.E.R/ROS/wiper_ws/install/weedbot_interfaces/share/weedbot_interfaces/cmake/weedbot_interfaces__rosidl_typesupport_cExport.cmake
[7.835s] -- Installing: /home/sanya/fyp/W.I.P.E.R/ROS/wiper_ws/install/weedbot_interfaces/share/weedbot_interfaces/cmake/weedbot_interfaces__rosidl_typesupport_cExport-noconfig.cmake
[7.836s] -- Installing: /home/sanya/fyp/W.I.P.E.R/ROS/wiper_ws/install/weedbot_interfaces/share/weedbot_interfaces/cmake/weedbot_interfaces__rosidl_typesupport_introspection_cppExport.cmake
[7.836s] -- Installing: /home/sanya/fyp/W.I.P.E.R/ROS/wiper_ws/install/weedbot_interfaces/share/weedbot_interfaces/cmake/weedbot_interfaces__rosidl_typesupport_introspection_cppExport-noconfig.cmake
[7.836s] -- Installing: /home/sanya/fyp/W.I.P.E.R/ROS/wiper_ws/install/weedbot_interfaces/share/weedbot_interfaces/cmake/weedbot_interfaces__rosidl_typesupport_cppExport.cmake
[7.836s] -- Installing: /home/sanya/fyp/W.I.P.E.R/ROS/wiper_ws/install/weedbot_interfaces/share/weedbot_interfaces/cmake/weedbot_interfaces__rosidl_typesupport_cppExport-noconfig.cmake
[7.836s] -- Installing: /home/sanya/fyp/W.I.P.E.R/ROS/wiper_ws/install/weedbot_interfaces/share/weedbot_interfaces/cmake/export_weedbot_interfaces__rosidl_generator_pyExport.cmake
[7.836s] -- Installing: /home/sanya/fyp/W.I.P.E.R/ROS/wiper_ws/install/weedbot_interfaces/share/weedbot_interfaces/cmake/export_weedbot_interfaces__rosidl_generator_pyExport-noconfig.cmake
[7.841s] Invoked command in '/home/sanya/fyp/W.I.P.E.R/ROS/wiper_ws/build/weedbot_interfaces' returned '0': CMAKE_PREFIX_PATH=${CMAKE_PREFIX_PATH}:/home/sanya/fyp/W.I.P.E.R/ROS/wiper_ws/install/weedbot_vision:/home/sanya/fyp/W.I.P.E.R/ROS/wiper_ws/install/weedbot_control:/home/sanya/fyp/W.I.P.E.R/ROS/wiper_ws/install/weedbot_simulation:/opt/ros/jazzy DEBUGINFOD_URLS=https://debuginfod.ubuntu.com /usr/bin/cmake --install /home/sanya/fyp/W.I.P.E.R/ROS/wiper_ws/build/weedbot_interfaces
