[0.029s] Invoking command in '/home/sanya/fyp/W.I.P.E.R/build/weedbot_interfaces': CMAKE_PREFIX_PATH=${CMAKE_PREFIX_PATH}:/opt/ros/jazzy DEBUGINFOD_URLS=https://debuginfod.ubuntu.com /usr/bin/cmake /home/sanya/fyp/W.I.P.E.R/ROS/wiper_ws/src/weedbot_interfaces -DAMENT_CMAKE_SYMLINK_INSTALL=1 -DCMAKE_INSTALL_PREFIX=/home/sanya/fyp/W.I.P.E.R/install/weedbot_interfaces
[0.264s] -- The C compiler identification is GNU 13.3.0
[0.425s] -- The CXX compiler identification is GNU 13.3.0
[0.458s] -- Detecting C compiler ABI info
[0.618s] -- Detecting C compiler ABI info - done
[0.632s] -- Check for working C compiler: /usr/bin/cc - skipped
[0.633s] -- Detecting C compile features
[0.634s] -- Detecting C compile features - done
[0.651s] -- Detecting CXX compiler ABI info
[0.810s] -- Detecting CXX compiler ABI info - done
[0.826s] -- Check for working CXX compiler: /usr/bin/c++ - skipped
[0.826s] -- Detecting CXX compile features
[0.827s] -- Detecting CXX compile features - done
[0.834s] -- Found ament_cmake: 2.5.6 (/opt/ros/jazzy/share/ament_cmake/cmake)
[1.065s] -- Found Python3: /usr/bin/python3 (found version "3.12.3") found components: Interpreter 
[1.194s] -- Override CMake install command with custom implementation using symlinks instead of copying resources
[1.262s] -- Found std_msgs: 5.3.7 (/opt/ros/jazzy/share/std_msgs/cmake)
[1.346s] -- Found rosidl_generator_c: 4.6.7 (/opt/ros/jazzy/share/rosidl_generator_c/cmake)
[1.372s] -- Found rosidl_generator_cpp: 4.6.7 (/opt/ros/jazzy/share/rosidl_generator_cpp/cmake)
[1.407s] -- Using all available rosidl_typesupport_c: rosidl_typesupport_fastrtps_c;rosidl_typesupport_introspection_c
[1.445s] -- Using all available rosidl_typesupport_cpp: rosidl_typesupport_fastrtps_cpp;rosidl_typesupport_introspection_cpp
[1.513s] -- Found sensor_msgs: 5.3.7 (/opt/ros/jazzy/share/sensor_msgs/cmake)
[1.628s] -- Found rosidl_default_generators: 1.6.0 (/opt/ros/jazzy/share/rosidl_default_generators/cmake)
[1.663s] -- Found rosidl_adapter: 4.6.7 (/opt/ros/jazzy/share/rosidl_adapter/cmake)
[2.673s] -- Found ament_cmake_ros: 0.12.0 (/opt/ros/jazzy/share/ament_cmake_ros/cmake)
[4.116s] -- Using all available rosidl_typesupport_c: rosidl_typesupport_fastrtps_c;rosidl_typesupport_introspection_c
[4.683s] -- Using all available rosidl_typesupport_cpp: rosidl_typesupport_fastrtps_cpp;rosidl_typesupport_introspection_cpp
[4.690s] -- Found python_cmake_module: 0.11.1 (/opt/ros/jazzy/share/python_cmake_module/cmake)
[4.902s] -- Found PythonExtra: /usr/bin/python3  
[5.711s] -- Found Python3: /usr/bin/python3 (found version "3.12.3") found components: Interpreter Development NumPy Development.Module Development.Embed 
[5.945s] -- Found Python3: /usr/bin/python3 (found version "3.12.3") found components: Interpreter 
[5.971s] -- Configuring done (5.9s)
[6.048s] -- Generating done (0.1s)
[6.069s] -- Build files have been written to: /home/sanya/fyp/W.I.P.E.R/build/weedbot_interfaces
[6.084s] Invoked command in '/home/sanya/fyp/W.I.P.E.R/build/weedbot_interfaces' returned '0': CMAKE_PREFIX_PATH=${CMAKE_PREFIX_PATH}:/opt/ros/jazzy DEBUGINFOD_URLS=https://debuginfod.ubuntu.com /usr/bin/cmake /home/sanya/fyp/W.I.P.E.R/ROS/wiper_ws/src/weedbot_interfaces -DAMENT_CMAKE_SYMLINK_INSTALL=1 -DCMAKE_INSTALL_PREFIX=/home/sanya/fyp/W.I.P.E.R/install/weedbot_interfaces
[6.086s] Invoking command in '/home/sanya/fyp/W.I.P.E.R/build/weedbot_interfaces': CMAKE_PREFIX_PATH=${CMAKE_PREFIX_PATH}:/opt/ros/jazzy DEBUGINFOD_URLS=https://debuginfod.ubuntu.com /usr/bin/cmake --build /home/sanya/fyp/W.I.P.E.R/build/weedbot_interfaces -- -j12 -l12
[6.167s] [  2%] [34m[1mGenerating type hashes for ROS interfaces[0m
[6.167s] [  4%] [34m[1mGenerating Rust code for ROS interfaces[0m
[6.180s] [  4%] Built target ament_cmake_python_symlink_weedbot_interfaces
[6.539s] running egg_info
[6.540s] creating weedbot_interfaces.egg-info
[6.576s] writing weedbot_interfaces.egg-info/PKG-INFO
[6.577s] writing dependency_links to weedbot_interfaces.egg-info/dependency_links.txt
[6.577s] writing top-level names to weedbot_interfaces.egg-info/top_level.txt
[6.577s] writing manifest file 'weedbot_interfaces.egg-info/SOURCES.txt'
[6.618s] [  4%] Built target weedbot_interfaces__rosidl_generator_type_description
[6.637s] [  6%] [34m[1mGenerating C code for ROS interfaces[0m
[6.654s] [  8%] [34m[1mGenerating C++ code for ROS interfaces[0m
[6.654s] [  8%] Built target weedbot_interfaces__rs
[6.688s] reading manifest file 'weedbot_interfaces.egg-info/SOURCES.txt'
[6.688s] writing manifest file 'weedbot_interfaces.egg-info/SOURCES.txt'
[6.730s] [  8%] Built target ament_cmake_python_build_weedbot_interfaces_egg
[7.194s] [  8%] Built target weedbot_interfaces__cpp
[7.264s] [ 15%] [32mBuilding C object CMakeFiles/weedbot_interfaces__rosidl_generator_c.dir/rosidl_generator_c/weedbot_interfaces/msg/detail/weed_detection__functions.c.o[0m
[7.264s] [ 15%] [32mBuilding C object CMakeFiles/weedbot_interfaces__rosidl_generator_c.dir/rosidl_generator_c/weedbot_interfaces/msg/detail/weed_detection__type_support.c.o[0m
[7.264s] [ 17%] [32mBuilding C object CMakeFiles/weedbot_interfaces__rosidl_generator_c.dir/rosidl_generator_c/weedbot_interfaces/msg/detail/weed_detection__description.c.o[0m
[7.265s] [ 17%] [32mBuilding C object CMakeFiles/weedbot_interfaces__rosidl_generator_c.dir/rosidl_generator_c/weedbot_interfaces/msg/detail/weed_array__description.c.o[0m
[7.265s] [ 20%] [32mBuilding C object CMakeFiles/weedbot_interfaces__rosidl_generator_c.dir/rosidl_generator_c/weedbot_interfaces/msg/detail/weed_array__functions.c.o[0m
[7.265s] [ 22%] [32mBuilding C object CMakeFiles/weedbot_interfaces__rosidl_generator_c.dir/rosidl_generator_c/weedbot_interfaces/msg/detail/weed_array__type_support.c.o[0m
[7.372s] [ 24%] [32m[1mLinking C shared library libweedbot_interfaces__rosidl_generator_c.so[0m
[7.445s] [ 24%] Built target weedbot_interfaces__rosidl_generator_c
[7.462s] [ 33%] [34m[1mGenerating C introspection for ROS interfaces[0m
[7.462s] [ 33%] [34m[1mGenerating C type support dispatch for ROS interfaces[0m
[7.462s] [ 33%] [34m[1mGenerating C++ type support for eProsima Fast-RTPS[0m
[7.463s] [ 37%] [34m[1mGenerating C++ type support dispatch for ROS interfaces[0m
[7.463s] [ 37%] [34m[1mGenerating C type support for eProsima Fast-RTPS[0m
[7.463s] [ 37%] [34m[1mGenerating C++ introspection for ROS interfaces[0m
[7.958s] [ 40%] [32mBuilding CXX object CMakeFiles/weedbot_interfaces__rosidl_typesupport_c.dir/rosidl_typesupport_c/weedbot_interfaces/msg/weed_detection__type_support.cpp.o[0m
[7.964s] [ 42%] [32mBuilding CXX object CMakeFiles/weedbot_interfaces__rosidl_typesupport_c.dir/rosidl_typesupport_c/weedbot_interfaces/msg/weed_array__type_support.cpp.o[0m
[7.973s] [ 46%] [32mBuilding CXX object CMakeFiles/weedbot_interfaces__rosidl_typesupport_cpp.dir/rosidl_typesupport_cpp/weedbot_interfaces/msg/weed_detection__type_support.cpp.o[0m
[7.973s] [ 46%] [32mBuilding CXX object CMakeFiles/weedbot_interfaces__rosidl_typesupport_cpp.dir/rosidl_typesupport_cpp/weedbot_interfaces/msg/weed_array__type_support.cpp.o[0m
[8.013s] [ 51%] [32mBuilding CXX object CMakeFiles/weedbot_interfaces__rosidl_typesupport_introspection_cpp.dir/rosidl_typesupport_introspection_cpp/weedbot_interfaces/msg/detail/weed_detection__type_support.cpp.o[0m
[8.014s] [ 51%] [32mBuilding CXX object CMakeFiles/weedbot_interfaces__rosidl_typesupport_introspection_cpp.dir/rosidl_typesupport_introspection_cpp/weedbot_interfaces/msg/detail/weed_array__type_support.cpp.o[0m
[8.015s] [ 55%] [32mBuilding C object CMakeFiles/weedbot_interfaces__rosidl_typesupport_introspection_c.dir/rosidl_typesupport_introspection_c/weedbot_interfaces/msg/detail/weed_detection__type_support.c.o[0m
[8.015s] [ 55%] [32mBuilding C object CMakeFiles/weedbot_interfaces__rosidl_typesupport_introspection_c.dir/rosidl_typesupport_introspection_c/weedbot_interfaces/msg/detail/weed_array__type_support.c.o[0m
[8.061s] [ 57%] [32m[1mLinking CXX shared library libweedbot_interfaces__rosidl_typesupport_c.so[0m
[8.082s] [ 62%] [32mBuilding CXX object CMakeFiles/weedbot_interfaces__rosidl_typesupport_fastrtps_cpp.dir/rosidl_typesupport_fastrtps_cpp/weedbot_interfaces/msg/detail/dds_fastrtps/weed_detection__type_support.cpp.o[0m
[8.082s] [ 62%] [32mBuilding CXX object CMakeFiles/weedbot_interfaces__rosidl_typesupport_fastrtps_cpp.dir/rosidl_typesupport_fastrtps_cpp/weedbot_interfaces/msg/detail/dds_fastrtps/weed_array__type_support.cpp.o[0m
[8.099s] [ 64%] [32mBuilding CXX object CMakeFiles/weedbot_interfaces__rosidl_typesupport_fastrtps_c.dir/rosidl_typesupport_fastrtps_c/weedbot_interfaces/msg/detail/weed_detection__type_support_c.cpp.o[0m
[8.099s] [ 66%] [32mBuilding CXX object CMakeFiles/weedbot_interfaces__rosidl_typesupport_fastrtps_c.dir/rosidl_typesupport_fastrtps_c/weedbot_interfaces/msg/detail/weed_array__type_support_c.cpp.o[0m
[8.139s] [ 68%] [32m[1mLinking C shared library libweedbot_interfaces__rosidl_typesupport_introspection_c.so[0m
[8.155s] [ 68%] Built target weedbot_interfaces__rosidl_typesupport_c
[8.217s] [ 68%] Built target weedbot_interfaces__rosidl_typesupport_introspection_c
[8.707s] [ 71%] [32m[1mLinking CXX shared library libweedbot_interfaces__rosidl_typesupport_cpp.so[0m
[8.781s] [ 71%] Built target weedbot_interfaces__rosidl_typesupport_cpp
[8.978s] [ 73%] [32m[1mLinking CXX shared library libweedbot_interfaces__rosidl_typesupport_fastrtps_cpp.so[0m
[8.986s] [ 75%] [32m[1mLinking CXX shared library libweedbot_interfaces__rosidl_typesupport_introspection_cpp.so[0m
[8.991s] [ 77%] [32m[1mLinking CXX shared library libweedbot_interfaces__rosidl_typesupport_fastrtps_c.so[0m
[9.085s] [ 77%] Built target weedbot_interfaces__rosidl_typesupport_fastrtps_c
[9.117s] [ 77%] Built target weedbot_interfaces__rosidl_typesupport_fastrtps_cpp
[9.122s] [ 77%] Built target weedbot_interfaces__rosidl_typesupport_introspection_cpp
[9.157s] [ 77%] Built target weedbot_interfaces
[9.189s] [ 80%] [34m[1mGenerating Python code for ROS interfaces[0m
[9.842s] [ 80%] Built target weedbot_interfaces__py
[9.866s] [ 82%] [32mBuilding C object CMakeFiles/weedbot_interfaces__rosidl_generator_py.dir/rosidl_generator_py/weedbot_interfaces/msg/_weed_detection_s.c.o[0m
[9.866s] [ 84%] [32mBuilding C object CMakeFiles/weedbot_interfaces__rosidl_generator_py.dir/rosidl_generator_py/weedbot_interfaces/msg/_weed_array_s.c.o[0m
[10.105s] [ 86%] [32m[1mLinking C shared library libweedbot_interfaces__rosidl_generator_py.so[0m
[10.162s] [ 86%] Built target weedbot_interfaces__rosidl_generator_py
[10.183s] [ 91%] [32mBuilding C object CMakeFiles/weedbot_interfaces_s__rosidl_typesupport_fastrtps_c.dir/rosidl_generator_py/weedbot_interfaces/_weedbot_interfaces_s.ep.rosidl_typesupport_fastrtps_c.c.o[0m
[10.184s] [ 91%] [32mBuilding C object CMakeFiles/weedbot_interfaces_s__rosidl_typesupport_c.dir/rosidl_generator_py/weedbot_interfaces/_weedbot_interfaces_s.ep.rosidl_typesupport_c.c.o[0m
[10.184s] [ 93%] [32mBuilding C object CMakeFiles/weedbot_interfaces_s__rosidl_typesupport_introspection_c.dir/rosidl_generator_py/weedbot_interfaces/_weedbot_interfaces_s.ep.rosidl_typesupport_introspection_c.c.o[0m
[10.287s] [ 97%] [32m[1mLinking C shared module rosidl_generator_py/weedbot_interfaces/weedbot_interfaces_s__rosidl_typesupport_c.so[0m
[10.287s] [ 97%] [32m[1mLinking C shared module rosidl_generator_py/weedbot_interfaces/weedbot_interfaces_s__rosidl_typesupport_introspection_c.so[0m
[10.292s] [100%] [32m[1mLinking C shared module rosidl_generator_py/weedbot_interfaces/weedbot_interfaces_s__rosidl_typesupport_fastrtps_c.so[0m
[10.320s] [100%] Built target weedbot_interfaces_s__rosidl_typesupport_c
[10.320s] [100%] Built target weedbot_interfaces_s__rosidl_typesupport_introspection_c
[10.326s] [100%] Built target weedbot_interfaces_s__rosidl_typesupport_fastrtps_c
[10.341s] Invoked command in '/home/sanya/fyp/W.I.P.E.R/build/weedbot_interfaces' returned '0': CMAKE_PREFIX_PATH=${CMAKE_PREFIX_PATH}:/opt/ros/jazzy DEBUGINFOD_URLS=https://debuginfod.ubuntu.com /usr/bin/cmake --build /home/sanya/fyp/W.I.P.E.R/build/weedbot_interfaces -- -j12 -l12
[10.351s] Invoking command in '/home/sanya/fyp/W.I.P.E.R/build/weedbot_interfaces': CMAKE_PREFIX_PATH=${CMAKE_PREFIX_PATH}:/opt/ros/jazzy DEBUGINFOD_URLS=https://debuginfod.ubuntu.com /usr/bin/cmake --install /home/sanya/fyp/W.I.P.E.R/build/weedbot_interfaces
[10.358s] -- Install configuration: ""
[10.359s] -- Execute custom install script
[10.359s] -- Symlinking: /home/sanya/fyp/W.I.P.E.R/install/weedbot_interfaces/share/ament_index/resource_index/rosidl_interfaces/weedbot_interfaces
[10.368s] -- Symlinking: /home/sanya/fyp/W.I.P.E.R/install/weedbot_interfaces/share/weedbot_interfaces/msg/WeedDetection.json
[10.376s] -- Symlinking: /home/sanya/fyp/W.I.P.E.R/install/weedbot_interfaces/share/weedbot_interfaces/msg/WeedArray.json
[10.386s] -- Symlinking: /home/sanya/fyp/W.I.P.E.R/install/weedbot_interfaces/include/weedbot_interfaces/weedbot_interfaces/msg/detail/weed_array__functions.h
[10.395s] -- Symlinking: /home/sanya/fyp/W.I.P.E.R/install/weedbot_interfaces/include/weedbot_interfaces/weedbot_interfaces/msg/detail/weed_array__struct.h
[10.403s] -- Symlinking: /home/sanya/fyp/W.I.P.E.R/install/weedbot_interfaces/include/weedbot_interfaces/weedbot_interfaces/msg/detail/weed_array__type_support.h
[10.411s] -- Symlinking: /home/sanya/fyp/W.I.P.E.R/install/weedbot_interfaces/include/weedbot_interfaces/weedbot_interfaces/msg/detail/weed_detection__functions.h
[10.420s] -- Symlinking: /home/sanya/fyp/W.I.P.E.R/install/weedbot_interfaces/include/weedbot_interfaces/weedbot_interfaces/msg/detail/weed_detection__struct.h
[10.428s] -- Symlinking: /home/sanya/fyp/W.I.P.E.R/install/weedbot_interfaces/include/weedbot_interfaces/weedbot_interfaces/msg/detail/weed_detection__type_support.h
[10.438s] -- Symlinking: /home/sanya/fyp/W.I.P.E.R/install/weedbot_interfaces/include/weedbot_interfaces/weedbot_interfaces/msg/rosidl_generator_c__visibility_control.h
[10.447s] -- Symlinking: /home/sanya/fyp/W.I.P.E.R/install/weedbot_interfaces/include/weedbot_interfaces/weedbot_interfaces/msg/weed_array.h
[10.457s] -- Symlinking: /home/sanya/fyp/W.I.P.E.R/install/weedbot_interfaces/include/weedbot_interfaces/weedbot_interfaces/msg/weed_detection.h
[10.466s] -- Symlinking: /home/sanya/fyp/W.I.P.E.R/install/weedbot_interfaces/share/weedbot_interfaces/environment/library_path.sh
[10.474s] -- Symlinking: /home/sanya/fyp/W.I.P.E.R/install/weedbot_interfaces/share/weedbot_interfaces/environment/library_path.dsv
[10.484s] -- Symlinking: /home/sanya/fyp/W.I.P.E.R/install/weedbot_interfaces/include/weedbot_interfaces/weedbot_interfaces/msg/detail/weed_array__rosidl_typesupport_fastrtps_c.h
[10.494s] -- Symlinking: /home/sanya/fyp/W.I.P.E.R/install/weedbot_interfaces/include/weedbot_interfaces/weedbot_interfaces/msg/detail/weed_detection__rosidl_typesupport_fastrtps_c.h
[10.502s] -- Symlinking: /home/sanya/fyp/W.I.P.E.R/install/weedbot_interfaces/include/weedbot_interfaces/weedbot_interfaces/msg/rosidl_typesupport_fastrtps_c__visibility_control.h
[10.511s] -- Symlinking: /home/sanya/fyp/W.I.P.E.R/install/weedbot_interfaces/include/weedbot_interfaces/weedbot_interfaces/msg/detail/weed_array__builder.hpp
[10.519s] -- Symlinking: /home/sanya/fyp/W.I.P.E.R/install/weedbot_interfaces/include/weedbot_interfaces/weedbot_interfaces/msg/detail/weed_array__struct.hpp
[10.527s] -- Symlinking: /home/sanya/fyp/W.I.P.E.R/install/weedbot_interfaces/include/weedbot_interfaces/weedbot_interfaces/msg/detail/weed_array__traits.hpp
[10.537s] -- Symlinking: /home/sanya/fyp/W.I.P.E.R/install/weedbot_interfaces/include/weedbot_interfaces/weedbot_interfaces/msg/detail/weed_array__type_support.hpp
[10.547s] -- Symlinking: /home/sanya/fyp/W.I.P.E.R/install/weedbot_interfaces/include/weedbot_interfaces/weedbot_interfaces/msg/detail/weed_detection__builder.hpp
[10.556s] -- Symlinking: /home/sanya/fyp/W.I.P.E.R/install/weedbot_interfaces/include/weedbot_interfaces/weedbot_interfaces/msg/detail/weed_detection__struct.hpp
[10.565s] -- Symlinking: /home/sanya/fyp/W.I.P.E.R/install/weedbot_interfaces/include/weedbot_interfaces/weedbot_interfaces/msg/detail/weed_detection__traits.hpp
[10.574s] -- Symlinking: /home/sanya/fyp/W.I.P.E.R/install/weedbot_interfaces/include/weedbot_interfaces/weedbot_interfaces/msg/detail/weed_detection__type_support.hpp
[10.582s] -- Symlinking: /home/sanya/fyp/W.I.P.E.R/install/weedbot_interfaces/include/weedbot_interfaces/weedbot_interfaces/msg/rosidl_generator_cpp__visibility_control.hpp
[10.591s] -- Symlinking: /home/sanya/fyp/W.I.P.E.R/install/weedbot_interfaces/include/weedbot_interfaces/weedbot_interfaces/msg/weed_array.hpp
[10.599s] -- Symlinking: /home/sanya/fyp/W.I.P.E.R/install/weedbot_interfaces/include/weedbot_interfaces/weedbot_interfaces/msg/weed_detection.hpp
[10.609s] -- Symlinking: /home/sanya/fyp/W.I.P.E.R/install/weedbot_interfaces/include/weedbot_interfaces/weedbot_interfaces/msg/detail/weed_array__rosidl_typesupport_fastrtps_cpp.hpp
[10.617s] -- Symlinking: /home/sanya/fyp/W.I.P.E.R/install/weedbot_interfaces/include/weedbot_interfaces/weedbot_interfaces/msg/detail/weed_detection__rosidl_typesupport_fastrtps_cpp.hpp
[10.625s] -- Symlinking: /home/sanya/fyp/W.I.P.E.R/install/weedbot_interfaces/include/weedbot_interfaces/weedbot_interfaces/msg/rosidl_typesupport_fastrtps_cpp__visibility_control.h
[10.636s] -- Symlinking: /home/sanya/fyp/W.I.P.E.R/install/weedbot_interfaces/include/weedbot_interfaces/weedbot_interfaces/msg/detail/weed_array__rosidl_typesupport_introspection_c.h
[10.644s] -- Symlinking: /home/sanya/fyp/W.I.P.E.R/install/weedbot_interfaces/include/weedbot_interfaces/weedbot_interfaces/msg/detail/weed_detection__rosidl_typesupport_introspection_c.h
[10.652s] -- Symlinking: /home/sanya/fyp/W.I.P.E.R/install/weedbot_interfaces/include/weedbot_interfaces/weedbot_interfaces/msg/rosidl_typesupport_introspection_c__visibility_control.h
[10.661s] -- Symlinking: /home/sanya/fyp/W.I.P.E.R/install/weedbot_interfaces/include/weedbot_interfaces/weedbot_interfaces/msg/detail/weed_array__rosidl_typesupport_introspection_cpp.hpp
[10.669s] -- Symlinking: /home/sanya/fyp/W.I.P.E.R/install/weedbot_interfaces/include/weedbot_interfaces/weedbot_interfaces/msg/detail/weed_detection__rosidl_typesupport_introspection_cpp.hpp
[10.677s] -- Symlinking: /home/sanya/fyp/W.I.P.E.R/install/weedbot_interfaces/share/weedbot_interfaces/environment/pythonpath.sh
[10.685s] -- Symlinking: /home/sanya/fyp/W.I.P.E.R/install/weedbot_interfaces/share/weedbot_interfaces/environment/pythonpath.dsv
[10.693s] -- Symlinking: /home/sanya/fyp/W.I.P.E.R/install/weedbot_interfaces/lib/python3.12/site-packages/weedbot_interfaces-0.0.1-py3.12.egg-info/PKG-INFO
[10.701s] -- Symlinking: /home/sanya/fyp/W.I.P.E.R/install/weedbot_interfaces/lib/python3.12/site-packages/weedbot_interfaces-0.0.1-py3.12.egg-info/SOURCES.txt
[10.708s] -- Symlinking: /home/sanya/fyp/W.I.P.E.R/install/weedbot_interfaces/lib/python3.12/site-packages/weedbot_interfaces-0.0.1-py3.12.egg-info/dependency_links.txt
[10.716s] -- Symlinking: /home/sanya/fyp/W.I.P.E.R/install/weedbot_interfaces/lib/python3.12/site-packages/weedbot_interfaces-0.0.1-py3.12.egg-info/top_level.txt
[10.724s] -- Symlinking: /home/sanya/fyp/W.I.P.E.R/install/weedbot_interfaces/lib/python3.12/site-packages/weedbot_interfaces/__init__.py
[10.735s] -- Symlinking: /home/sanya/fyp/W.I.P.E.R/install/weedbot_interfaces/lib/python3.12/site-packages/weedbot_interfaces/_weedbot_interfaces_s.ep.rosidl_typesupport_c.c
[10.743s] -- Symlinking: /home/sanya/fyp/W.I.P.E.R/install/weedbot_interfaces/lib/python3.12/site-packages/weedbot_interfaces/_weedbot_interfaces_s.ep.rosidl_typesupport_fastrtps_c.c
[10.750s] -- Symlinking: /home/sanya/fyp/W.I.P.E.R/install/weedbot_interfaces/lib/python3.12/site-packages/weedbot_interfaces/_weedbot_interfaces_s.ep.rosidl_typesupport_introspection_c.c
[10.759s] -- Symlinking: /home/sanya/fyp/W.I.P.E.R/install/weedbot_interfaces/lib/python3.12/site-packages/weedbot_interfaces/msg/__init__.py
[10.766s] -- Symlinking: /home/sanya/fyp/W.I.P.E.R/install/weedbot_interfaces/lib/python3.12/site-packages/weedbot_interfaces/msg/_weed_array.py
[10.774s] -- Symlinking: /home/sanya/fyp/W.I.P.E.R/install/weedbot_interfaces/lib/python3.12/site-packages/weedbot_interfaces/msg/_weed_array_s.c
[10.783s] -- Symlinking: /home/sanya/fyp/W.I.P.E.R/install/weedbot_interfaces/lib/python3.12/site-packages/weedbot_interfaces/msg/_weed_detection.py
[10.790s] -- Symlinking: /home/sanya/fyp/W.I.P.E.R/install/weedbot_interfaces/lib/python3.12/site-packages/weedbot_interfaces/msg/_weed_detection_s.c
[10.798s] -- Symlinking: /home/sanya/fyp/W.I.P.E.R/install/weedbot_interfaces/lib/python3.12/site-packages/weedbot_interfaces/weedbot_interfaces_s__rosidl_typesupport_c.so
[10.805s] -- Symlinking: /home/sanya/fyp/W.I.P.E.R/install/weedbot_interfaces/lib/python3.12/site-packages/weedbot_interfaces/weedbot_interfaces_s__rosidl_typesupport_fastrtps_c.so
[10.813s] -- Symlinking: /home/sanya/fyp/W.I.P.E.R/install/weedbot_interfaces/lib/python3.12/site-packages/weedbot_interfaces/weedbot_interfaces_s__rosidl_typesupport_introspection_c.so
[10.821s] -- Up-to-date symlink: /home/sanya/fyp/W.I.P.E.R/install/weedbot_interfaces/lib/python3.12/site-packages/weedbot_interfaces/weedbot_interfaces_s__rosidl_typesupport_fastrtps_c.so
[10.821s] -- Up-to-date symlink: /home/sanya/fyp/W.I.P.E.R/install/weedbot_interfaces/lib/python3.12/site-packages/weedbot_interfaces/weedbot_interfaces_s__rosidl_typesupport_introspection_c.so
[10.822s] -- Up-to-date symlink: /home/sanya/fyp/W.I.P.E.R/install/weedbot_interfaces/lib/python3.12/site-packages/weedbot_interfaces/weedbot_interfaces_s__rosidl_typesupport_c.so
[10.822s] -- Symlinking: /home/sanya/fyp/W.I.P.E.R/install/weedbot_interfaces/share/ament_index/resource_index/rust_packages/weedbot_interfaces
[10.831s] -- Symlinking: /home/sanya/fyp/W.I.P.E.R/install/weedbot_interfaces/share/weedbot_interfaces/rust/Cargo.toml
[10.840s] -- Symlinking: /home/sanya/fyp/W.I.P.E.R/install/weedbot_interfaces/share/weedbot_interfaces/rust/build.rs
[10.848s] -- Symlinking: /home/sanya/fyp/W.I.P.E.R/install/weedbot_interfaces/share/weedbot_interfaces/rust/src/lib.rs
[10.855s] -- Symlinking: /home/sanya/fyp/W.I.P.E.R/install/weedbot_interfaces/share/weedbot_interfaces/rust/src/msg.rs
[10.863s] -- Symlinking: /home/sanya/fyp/W.I.P.E.R/install/weedbot_interfaces/share/weedbot_interfaces/rust/src/msg/rmw.rs
[10.870s] -- Symlinking: /home/sanya/fyp/W.I.P.E.R/install/weedbot_interfaces/share/weedbot_interfaces/msg/WeedDetection.idl
[10.879s] -- Symlinking: /home/sanya/fyp/W.I.P.E.R/install/weedbot_interfaces/share/weedbot_interfaces/msg/WeedArray.idl
[10.886s] -- Symlinking: /home/sanya/fyp/W.I.P.E.R/install/weedbot_interfaces/share/weedbot_interfaces/msg/WeedDetection.msg
[10.894s] -- Symlinking: /home/sanya/fyp/W.I.P.E.R/install/weedbot_interfaces/share/weedbot_interfaces/msg/WeedArray.msg
[10.901s] -- Symlinking: /home/sanya/fyp/W.I.P.E.R/install/weedbot_interfaces/share/ament_index/resource_index/package_run_dependencies/weedbot_interfaces
[10.909s] -- Symlinking: /home/sanya/fyp/W.I.P.E.R/install/weedbot_interfaces/share/ament_index/resource_index/parent_prefix_path/weedbot_interfaces
[10.916s] -- Symlinking: /home/sanya/fyp/W.I.P.E.R/install/weedbot_interfaces/share/weedbot_interfaces/environment/ament_prefix_path.sh
[10.923s] -- Symlinking: /home/sanya/fyp/W.I.P.E.R/install/weedbot_interfaces/share/weedbot_interfaces/environment/ament_prefix_path.dsv
[10.933s] -- Symlinking: /home/sanya/fyp/W.I.P.E.R/install/weedbot_interfaces/share/weedbot_interfaces/environment/path.sh
[10.941s] -- Symlinking: /home/sanya/fyp/W.I.P.E.R/install/weedbot_interfaces/share/weedbot_interfaces/environment/path.dsv
[10.949s] -- Symlinking: /home/sanya/fyp/W.I.P.E.R/install/weedbot_interfaces/share/weedbot_interfaces/local_setup.bash
[10.957s] -- Symlinking: /home/sanya/fyp/W.I.P.E.R/install/weedbot_interfaces/share/weedbot_interfaces/local_setup.sh
[10.964s] -- Symlinking: /home/sanya/fyp/W.I.P.E.R/install/weedbot_interfaces/share/weedbot_interfaces/local_setup.zsh
[10.971s] -- Symlinking: /home/sanya/fyp/W.I.P.E.R/install/weedbot_interfaces/share/weedbot_interfaces/local_setup.dsv
[10.980s] -- Symlinking: /home/sanya/fyp/W.I.P.E.R/install/weedbot_interfaces/share/weedbot_interfaces/package.dsv
[10.988s] -- Symlinking: /home/sanya/fyp/W.I.P.E.R/install/weedbot_interfaces/share/ament_index/resource_index/packages/weedbot_interfaces
[10.996s] -- Symlinking: /home/sanya/fyp/W.I.P.E.R/install/weedbot_interfaces/share/weedbot_interfaces/cmake/rosidl_cmake-extras.cmake
[11.003s] -- Symlinking: /home/sanya/fyp/W.I.P.E.R/install/weedbot_interfaces/share/weedbot_interfaces/cmake/ament_cmake_export_dependencies-extras.cmake
[11.011s] -- Symlinking: /home/sanya/fyp/W.I.P.E.R/install/weedbot_interfaces/share/weedbot_interfaces/cmake/ament_cmake_export_include_directories-extras.cmake
[11.018s] -- Symlinking: /home/sanya/fyp/W.I.P.E.R/install/weedbot_interfaces/share/weedbot_interfaces/cmake/ament_cmake_export_libraries-extras.cmake
[11.025s] -- Symlinking: /home/sanya/fyp/W.I.P.E.R/install/weedbot_interfaces/share/weedbot_interfaces/cmake/ament_cmake_export_targets-extras.cmake
[11.035s] -- Symlinking: /home/sanya/fyp/W.I.P.E.R/install/weedbot_interfaces/share/weedbot_interfaces/cmake/rosidl_cmake_export_typesupport_targets-extras.cmake
[11.042s] -- Symlinking: /home/sanya/fyp/W.I.P.E.R/install/weedbot_interfaces/share/weedbot_interfaces/cmake/rosidl_cmake_export_typesupport_libraries-extras.cmake
[11.051s] -- Symlinking: /home/sanya/fyp/W.I.P.E.R/install/weedbot_interfaces/share/weedbot_interfaces/cmake/weedbot_interfacesConfig.cmake
[11.060s] -- Symlinking: /home/sanya/fyp/W.I.P.E.R/install/weedbot_interfaces/share/weedbot_interfaces/cmake/weedbot_interfacesConfig-version.cmake
[11.068s] -- Symlinking: /home/sanya/fyp/W.I.P.E.R/install/weedbot_interfaces/share/weedbot_interfaces/package.xml
[11.075s] -- Installing: /home/sanya/fyp/W.I.P.E.R/install/weedbot_interfaces/lib/libweedbot_interfaces__rosidl_generator_c.so
[11.075s] -- Set non-toolchain portion of runtime path of "/home/sanya/fyp/W.I.P.E.R/install/weedbot_interfaces/lib/libweedbot_interfaces__rosidl_generator_c.so" to ""
[11.075s] -- Installing: /home/sanya/fyp/W.I.P.E.R/install/weedbot_interfaces/lib/libweedbot_interfaces__rosidl_typesupport_fastrtps_c.so
[11.076s] -- Set non-toolchain portion of runtime path of "/home/sanya/fyp/W.I.P.E.R/install/weedbot_interfaces/lib/libweedbot_interfaces__rosidl_typesupport_fastrtps_c.so" to ""
[11.076s] -- Installing: /home/sanya/fyp/W.I.P.E.R/install/weedbot_interfaces/lib/libweedbot_interfaces__rosidl_typesupport_fastrtps_cpp.so
[11.076s] -- Set non-toolchain portion of runtime path of "/home/sanya/fyp/W.I.P.E.R/install/weedbot_interfaces/lib/libweedbot_interfaces__rosidl_typesupport_fastrtps_cpp.so" to ""
[11.076s] -- Installing: /home/sanya/fyp/W.I.P.E.R/install/weedbot_interfaces/lib/libweedbot_interfaces__rosidl_typesupport_introspection_c.so
[11.077s] -- Set non-toolchain portion of runtime path of "/home/sanya/fyp/W.I.P.E.R/install/weedbot_interfaces/lib/libweedbot_interfaces__rosidl_typesupport_introspection_c.so" to ""
[11.077s] -- Installing: /home/sanya/fyp/W.I.P.E.R/install/weedbot_interfaces/lib/libweedbot_interfaces__rosidl_typesupport_c.so
[11.077s] -- Set non-toolchain portion of runtime path of "/home/sanya/fyp/W.I.P.E.R/install/weedbot_interfaces/lib/libweedbot_interfaces__rosidl_typesupport_c.so" to ""
[11.077s] -- Installing: /home/sanya/fyp/W.I.P.E.R/install/weedbot_interfaces/lib/libweedbot_interfaces__rosidl_typesupport_introspection_cpp.so
[11.077s] -- Set non-toolchain portion of runtime path of "/home/sanya/fyp/W.I.P.E.R/install/weedbot_interfaces/lib/libweedbot_interfaces__rosidl_typesupport_introspection_cpp.so" to ""
[11.078s] -- Installing: /home/sanya/fyp/W.I.P.E.R/install/weedbot_interfaces/lib/libweedbot_interfaces__rosidl_typesupport_cpp.so
[11.078s] -- Set non-toolchain portion of runtime path of "/home/sanya/fyp/W.I.P.E.R/install/weedbot_interfaces/lib/libweedbot_interfaces__rosidl_typesupport_cpp.so" to ""
[11.112s] Listing '/home/sanya/fyp/W.I.P.E.R/install/weedbot_interfaces/lib/python3.12/site-packages/weedbot_interfaces'...
[11.112s] Compiling '/home/sanya/fyp/W.I.P.E.R/install/weedbot_interfaces/lib/python3.12/site-packages/weedbot_interfaces/__init__.py'...
[11.113s] Listing '/home/sanya/fyp/W.I.P.E.R/install/weedbot_interfaces/lib/python3.12/site-packages/weedbot_interfaces/msg'...
[11.113s] Compiling '/home/sanya/fyp/W.I.P.E.R/install/weedbot_interfaces/lib/python3.12/site-packages/weedbot_interfaces/msg/__init__.py'...
[11.113s] Compiling '/home/sanya/fyp/W.I.P.E.R/install/weedbot_interfaces/lib/python3.12/site-packages/weedbot_interfaces/msg/_weed_array.py'...
[11.113s] Compiling '/home/sanya/fyp/W.I.P.E.R/install/weedbot_interfaces/lib/python3.12/site-packages/weedbot_interfaces/msg/_weed_detection.py'...
[11.116s] -- Installing: /home/sanya/fyp/W.I.P.E.R/install/weedbot_interfaces/lib/libweedbot_interfaces__rosidl_generator_py.so
[11.117s] -- Set non-toolchain portion of runtime path of "/home/sanya/fyp/W.I.P.E.R/install/weedbot_interfaces/lib/libweedbot_interfaces__rosidl_generator_py.so" to ""
[11.117s] -- Installing: /home/sanya/fyp/W.I.P.E.R/install/weedbot_interfaces/share/weedbot_interfaces/cmake/export_weedbot_interfaces__rosidl_generator_cExport.cmake
[11.117s] -- Installing: /home/sanya/fyp/W.I.P.E.R/install/weedbot_interfaces/share/weedbot_interfaces/cmake/export_weedbot_interfaces__rosidl_generator_cExport-noconfig.cmake
[11.117s] -- Installing: /home/sanya/fyp/W.I.P.E.R/install/weedbot_interfaces/share/weedbot_interfaces/cmake/export_weedbot_interfaces__rosidl_typesupport_fastrtps_cExport.cmake
[11.117s] -- Installing: /home/sanya/fyp/W.I.P.E.R/install/weedbot_interfaces/share/weedbot_interfaces/cmake/export_weedbot_interfaces__rosidl_typesupport_fastrtps_cExport-noconfig.cmake
[11.118s] -- Installing: /home/sanya/fyp/W.I.P.E.R/install/weedbot_interfaces/share/weedbot_interfaces/cmake/export_weedbot_interfaces__rosidl_generator_cppExport.cmake
[11.118s] -- Installing: /home/sanya/fyp/W.I.P.E.R/install/weedbot_interfaces/share/weedbot_interfaces/cmake/export_weedbot_interfaces__rosidl_typesupport_fastrtps_cppExport.cmake
[11.118s] -- Installing: /home/sanya/fyp/W.I.P.E.R/install/weedbot_interfaces/share/weedbot_interfaces/cmake/export_weedbot_interfaces__rosidl_typesupport_fastrtps_cppExport-noconfig.cmake
[11.118s] -- Installing: /home/sanya/fyp/W.I.P.E.R/install/weedbot_interfaces/share/weedbot_interfaces/cmake/weedbot_interfaces__rosidl_typesupport_introspection_cExport.cmake
[11.118s] -- Installing: /home/sanya/fyp/W.I.P.E.R/install/weedbot_interfaces/share/weedbot_interfaces/cmake/weedbot_interfaces__rosidl_typesupport_introspection_cExport-noconfig.cmake
[11.118s] -- Installing: /home/sanya/fyp/W.I.P.E.R/install/weedbot_interfaces/share/weedbot_interfaces/cmake/weedbot_interfaces__rosidl_typesupport_cExport.cmake
[11.119s] -- Installing: /home/sanya/fyp/W.I.P.E.R/install/weedbot_interfaces/share/weedbot_interfaces/cmake/weedbot_interfaces__rosidl_typesupport_cExport-noconfig.cmake
[11.119s] -- Installing: /home/sanya/fyp/W.I.P.E.R/install/weedbot_interfaces/share/weedbot_interfaces/cmake/weedbot_interfaces__rosidl_typesupport_introspection_cppExport.cmake
[11.119s] -- Installing: /home/sanya/fyp/W.I.P.E.R/install/weedbot_interfaces/share/weedbot_interfaces/cmake/weedbot_interfaces__rosidl_typesupport_introspection_cppExport-noconfig.cmake
[11.119s] -- Installing: /home/sanya/fyp/W.I.P.E.R/install/weedbot_interfaces/share/weedbot_interfaces/cmake/weedbot_interfaces__rosidl_typesupport_cppExport.cmake
[11.119s] -- Installing: /home/sanya/fyp/W.I.P.E.R/install/weedbot_interfaces/share/weedbot_interfaces/cmake/weedbot_interfaces__rosidl_typesupport_cppExport-noconfig.cmake
[11.119s] -- Installing: /home/sanya/fyp/W.I.P.E.R/install/weedbot_interfaces/share/weedbot_interfaces/cmake/export_weedbot_interfaces__rosidl_generator_pyExport.cmake
[11.120s] -- Installing: /home/sanya/fyp/W.I.P.E.R/install/weedbot_interfaces/share/weedbot_interfaces/cmake/export_weedbot_interfaces__rosidl_generator_pyExport-noconfig.cmake
[11.122s] Invoked command in '/home/sanya/fyp/W.I.P.E.R/build/weedbot_interfaces' returned '0': CMAKE_PREFIX_PATH=${CMAKE_PREFIX_PATH}:/opt/ros/jazzy DEBUGINFOD_URLS=https://debuginfod.ubuntu.com /usr/bin/cmake --install /home/sanya/fyp/W.I.P.E.R/build/weedbot_interfaces
