[3.109s] Invoking command in '/home/hamza/wiper_ws/src/weedbot_vision': PYTHONPATH=/home/hamza/wiper_ws/build/weedbot_vision/prefix_override:/usr/lib/python3/dist-packages/colcon_core/task/python/colcon_distutils_commands:/home/hamza/wiper_ws/install/weedbot_vision/lib/python3.12/site-packages:/home/hamza/wiper_ws/install/weedbot_interfaces/lib/python3.12/site-packages:/home/hamza/wiper_ws/install/weedbot_vision/lib/python3.12/site-packages:/home/hamza/wiper_ws/build/weedbot_simulation:/home/hamza/wiper_ws/install/weedbot_simulation/lib/python3.12/site-packages:/home/hamza/wiper_ws/build/weedbot_control:/home/hamza/wiper_ws/install/weedbot_control/lib/python3.12/site-packages:/opt/ros/jazzy/lib/python3.12/site-packages /usr/bin/python3 -W ignore:setup.py install is deprecated -W ignore:easy_install command is deprecated setup.py egg_info --egg-base ../../build/weedbot_vision build --build-base /home/hamza/wiper_ws/build/weedbot_vision/build install --record /home/hamza/wiper_ws/build/weedbot_vision/install.log --single-version-externally-managed install_data
[3.944s] running egg_info
[4.022s] writing ../../build/weedbot_vision/weedbot_vision.egg-info/PKG-INFO
[4.022s] writing dependency_links to ../../build/weedbot_vision/weedbot_vision.egg-info/dependency_links.txt
[4.023s] writing entry points to ../../build/weedbot_vision/weedbot_vision.egg-info/entry_points.txt
[4.023s] writing requirements to ../../build/weedbot_vision/weedbot_vision.egg-info/requires.txt
[4.023s] writing top-level names to ../../build/weedbot_vision/weedbot_vision.egg-info/top_level.txt
[4.148s] reading manifest file '../../build/weedbot_vision/weedbot_vision.egg-info/SOURCES.txt'
[4.151s] writing manifest file '../../build/weedbot_vision/weedbot_vision.egg-info/SOURCES.txt'
[4.152s] running build
[4.152s] running build_py
[4.153s] running install
[4.174s] running install_lib
[4.237s] running install_data
[4.237s] copying config/vision_params.yaml -> /home/hamza/wiper_ws/install/weedbot_vision/share/weedbot_vision/config
[4.238s] running install_egg_info
[4.301s] removing '/home/hamza/wiper_ws/install/weedbot_vision/lib/python3.12/site-packages/weedbot_vision-0.0.1-py3.12.egg-info' (and everything under it)
[4.303s] Copying ../../build/weedbot_vision/weedbot_vision.egg-info to /home/hamza/wiper_ws/install/weedbot_vision/lib/python3.12/site-packages/weedbot_vision-0.0.1-py3.12.egg-info
[4.312s] running install_scripts
[4.728s] Installing camera_calibration script to /home/hamza/wiper_ws/install/weedbot_vision/lib/weedbot_vision
[4.730s] Installing camera_publisher script to /home/hamza/wiper_ws/install/weedbot_vision/lib/weedbot_vision
[4.730s] Installing detection_monitor script to /home/hamza/wiper_ws/install/weedbot_vision/lib/weedbot_vision
[4.730s] Installing vision_node script to /home/hamza/wiper_ws/install/weedbot_vision/lib/weedbot_vision
[4.733s] writing list of installed files to '/home/hamza/wiper_ws/build/weedbot_vision/install.log'
[4.847s] Invoked command in '/home/hamza/wiper_ws/src/weedbot_vision' returned '0': PYTHONPATH=/home/hamza/wiper_ws/build/weedbot_vision/prefix_override:/usr/lib/python3/dist-packages/colcon_core/task/python/colcon_distutils_commands:/home/hamza/wiper_ws/install/weedbot_vision/lib/python3.12/site-packages:/home/hamza/wiper_ws/install/weedbot_interfaces/lib/python3.12/site-packages:/home/hamza/wiper_ws/install/weedbot_vision/lib/python3.12/site-packages:/home/hamza/wiper_ws/build/weedbot_simulation:/home/hamza/wiper_ws/install/weedbot_simulation/lib/python3.12/site-packages:/home/hamza/wiper_ws/build/weedbot_control:/home/hamza/wiper_ws/install/weedbot_control/lib/python3.12/site-packages:/opt/ros/jazzy/lib/python3.12/site-packages /usr/bin/python3 -W ignore:setup.py install is deprecated -W ignore:easy_install command is deprecated setup.py egg_info --egg-base ../../build/weedbot_vision build --build-base /home/hamza/wiper_ws/build/weedbot_vision/build install --record /home/hamza/wiper_ws/build/weedbot_vision/install.log --single-version-externally-managed install_data
