[0.890s] Invoking command in '/home/sanya/fyp/W.I.P.E.R/build/weedbot_control': AMENT_PREFIX_PATH=/home/sanya/fyp/W.I.P.E.R/install/weedbot_interfaces:${AMENT_PREFIX_PATH} CMAKE_PREFIX_PATH=/home/sanya/fyp/W.I.P.E.R/install/weedbot_interfaces:${CMAKE_PREFIX_PATH} DEBUGINFOD_URLS=https://debuginfod.ubuntu.com LD_LIBRARY_PATH=/home/sanya/fyp/W.I.P.E.R/install/weedbot_interfaces/lib:${LD_LIBRARY_PATH} PYTHONPATH=/home/sanya/fyp/W.I.P.E.R/build/weedbot_control/prefix_override:/usr/lib/python3/dist-packages/colcon_core/task/python/colcon_distutils_commands:/home/sanya/fyp/W.I.P.E.R/install/weedbot_control/lib/python3.12/site-packages:/home/sanya/fyp/W.I.P.E.R/install/weedbot_interfaces/lib/python3.12/site-packages:${PYTHONPATH} /usr/bin/python3 -W ignore:setup.py install is deprecated -W ignore:easy_install command is deprecated setup.py develop --editable --build-directory /home/sanya/fyp/W.I.P.E.R/build/weedbot_control/build --no-deps symlink_data
[1.178s] running develop
[1.369s] running egg_info
[1.369s] creating weedbot_control.egg-info
[1.388s] writing weedbot_control.egg-info/PKG-INFO
[1.388s] writing dependency_links to weedbot_control.egg-info/dependency_links.txt
[1.388s] writing entry points to weedbot_control.egg-info/entry_points.txt
[1.388s] writing requirements to weedbot_control.egg-info/requires.txt
[1.389s] writing top-level names to weedbot_control.egg-info/top_level.txt
[1.389s] writing manifest file 'weedbot_control.egg-info/SOURCES.txt'
[1.428s] reading manifest file 'weedbot_control.egg-info/SOURCES.txt'
[1.429s] writing manifest file 'weedbot_control.egg-info/SOURCES.txt'
[1.448s] running build_ext
[1.448s] Creating /home/sanya/fyp/W.I.P.E.R/install/weedbot_control/lib/python3.12/site-packages/weedbot-control.egg-link (link to .)
[1.449s] Installing control_node script to /home/sanya/fyp/W.I.P.E.R/install/weedbot_control/lib/weedbot_control
[1.449s] 
[1.449s] Installed /home/sanya/fyp/W.I.P.E.R/build/weedbot_control
[1.449s] running symlink_data
[1.449s] creating /home/sanya/fyp/W.I.P.E.R/install/weedbot_control/share/ament_index
[1.449s] creating /home/sanya/fyp/W.I.P.E.R/install/weedbot_control/share/ament_index/resource_index
[1.449s] creating /home/sanya/fyp/W.I.P.E.R/install/weedbot_control/share/ament_index/resource_index/packages
[1.450s] symbolically linking /home/sanya/fyp/W.I.P.E.R/build/weedbot_control/resource/weedbot_control -> /home/sanya/fyp/W.I.P.E.R/install/weedbot_control/share/ament_index/resource_index/packages
[1.450s] symbolically linking /home/sanya/fyp/W.I.P.E.R/build/weedbot_control/package.xml -> /home/sanya/fyp/W.I.P.E.R/install/weedbot_control/share/weedbot_control
[1.450s] creating /home/sanya/fyp/W.I.P.E.R/install/weedbot_control/share/weedbot_control/launch
[1.450s] symbolically linking /home/sanya/fyp/W.I.P.E.R/build/weedbot_control/launch/control_launch.py -> /home/sanya/fyp/W.I.P.E.R/install/weedbot_control/share/weedbot_control/launch
[1.450s] creating /home/sanya/fyp/W.I.P.E.R/install/weedbot_control/share/weedbot_control/config
[1.450s] symbolically linking /home/sanya/fyp/W.I.P.E.R/build/weedbot_control/config/control_params.yaml -> /home/sanya/fyp/W.I.P.E.R/install/weedbot_control/share/weedbot_control/config
[1.450s] creating /home/sanya/fyp/W.I.P.E.R/install/weedbot_control/share/weedbot_control/firmware
[1.450s] symbolically linking /home/sanya/fyp/W.I.P.E.R/build/weedbot_control/firmware/stm32_laser_controller_reference.c -> /home/sanya/fyp/W.I.P.E.R/install/weedbot_control/share/weedbot_control/firmware
[1.450s] symbolically linking /home/sanya/fyp/W.I.P.E.R/build/weedbot_control/README.md -> /home/sanya/fyp/W.I.P.E.R/install/weedbot_control/share/weedbot_control
[1.450s] symbolically linking /home/sanya/fyp/W.I.P.E.R/build/weedbot_control/protocol.md -> /home/sanya/fyp/W.I.P.E.R/install/weedbot_control/share/weedbot_control
[1.484s] Invoked command in '/home/sanya/fyp/W.I.P.E.R/build/weedbot_control' returned '0': AMENT_PREFIX_PATH=/home/sanya/fyp/W.I.P.E.R/install/weedbot_interfaces:${AMENT_PREFIX_PATH} CMAKE_PREFIX_PATH=/home/sanya/fyp/W.I.P.E.R/install/weedbot_interfaces:${CMAKE_PREFIX_PATH} DEBUGINFOD_URLS=https://debuginfod.ubuntu.com LD_LIBRARY_PATH=/home/sanya/fyp/W.I.P.E.R/install/weedbot_interfaces/lib:${LD_LIBRARY_PATH} PYTHONPATH=/home/sanya/fyp/W.I.P.E.R/build/weedbot_control/prefix_override:/usr/lib/python3/dist-packages/colcon_core/task/python/colcon_distutils_commands:/home/sanya/fyp/W.I.P.E.R/install/weedbot_control/lib/python3.12/site-packages:/home/sanya/fyp/W.I.P.E.R/install/weedbot_interfaces/lib/python3.12/site-packages:${PYTHONPATH} /usr/bin/python3 -W ignore:setup.py install is deprecated -W ignore:easy_install command is deprecated setup.py develop --editable --build-directory /home/sanya/fyp/W.I.P.E.R/build/weedbot_control/build --no-deps symlink_data
