[0.046s] Invoking command in '/home/hamza/wiper_ws/build/weedbot_interfaces': CMAKE_PREFIX_PATH=${CMAKE_PREFIX_PATH}:/home/hamza/wiper_ws/install/weedbot_vision:/home/hamza/wiper_ws/install/weedbot_simulation:/home/hamza/wiper_ws/install/weedbot_control:/opt/ros/jazzy /usr/bin/cmake --build /home/hamza/wiper_ws/build/weedbot_interfaces -- -j12 -l12
[0.266s] [  2%] Built target weedbot_interfaces__rosidl_generator_type_description
[0.291s] [  2%] Built target ament_cmake_python_symlink_weedbot_interfaces
[0.345s] [  4%] Built target weedbot_interfaces__cpp
[0.397s] [ 22%] Built target weedbot_interfaces__rosidl_generator_c
[0.475s] [ 31%] Built target weedbot_interfaces__rosidl_typesupport_introspection_c
[0.482s] [ 40%] Built target weedbot_interfaces__rosidl_typesupport_c
[0.484s] [ 59%] Built target weedbot_interfaces__rosidl_typesupport_fastrtps_c
[0.485s] [ 59%] Built target weedbot_interfaces__rosidl_typesupport_introspection_cpp
[0.485s] [ 68%] Built target weedbot_interfaces__rosidl_typesupport_fastrtps_cpp
[0.487s] [ 77%] Built target weedbot_interfaces__rosidl_typesupport_cpp
[0.542s] [ 77%] Built target weedbot_interfaces
[0.590s] [ 79%] Built target weedbot_interfaces__py
[0.661s] [ 86%] Built target weedbot_interfaces__rosidl_generator_py
[0.716s] [ 90%] Built target weedbot_interfaces_s__rosidl_typesupport_fastrtps_c
[0.716s] [ 95%] Built target weedbot_interfaces_s__rosidl_typesupport_introspection_c
[0.727s] [100%] Built target weedbot_interfaces_s__rosidl_typesupport_c
[0.759s] running egg_info
[0.792s] writing weedbot_interfaces.egg-info/PKG-INFO
[0.793s] writing dependency_links to weedbot_interfaces.egg-info/dependency_links.txt
[0.794s] writing top-level names to weedbot_interfaces.egg-info/top_level.txt
[0.894s] reading manifest file 'weedbot_interfaces.egg-info/SOURCES.txt'
[0.895s] writing manifest file 'weedbot_interfaces.egg-info/SOURCES.txt'
[0.945s] [100%] Built target ament_cmake_python_build_weedbot_interfaces_egg
[0.967s] Invoked command in '/home/hamza/wiper_ws/build/weedbot_interfaces' returned '0': CMAKE_PREFIX_PATH=${CMAKE_PREFIX_PATH}:/home/hamza/wiper_ws/install/weedbot_vision:/home/hamza/wiper_ws/install/weedbot_simulation:/home/hamza/wiper_ws/install/weedbot_control:/opt/ros/jazzy /usr/bin/cmake --build /home/hamza/wiper_ws/build/weedbot_interfaces -- -j12 -l12
[0.988s] Invoking command in '/home/hamza/wiper_ws/build/weedbot_interfaces': CMAKE_PREFIX_PATH=${CMAKE_PREFIX_PATH}:/home/hamza/wiper_ws/install/weedbot_vision:/home/hamza/wiper_ws/install/weedbot_simulation:/home/hamza/wiper_ws/install/weedbot_control:/opt/ros/jazzy /usr/bin/cmake --install /home/hamza/wiper_ws/build/weedbot_interfaces
[1.004s] -- Install configuration: ""
[1.007s] -- Execute custom install script
[1.007s] -- Up-to-date symlink: /home/hamza/wiper_ws/install/weedbot_interfaces/share/ament_index/resource_index/rosidl_interfaces/weedbot_interfaces
[1.008s] -- Up-to-date symlink: /home/hamza/wiper_ws/install/weedbot_interfaces/share/weedbot_interfaces/msg/WeedDetection.json
[1.008s] -- Up-to-date symlink: /home/hamza/wiper_ws/install/weedbot_interfaces/share/weedbot_interfaces/msg/WeedArray.json
[1.011s] -- Up-to-date symlink: /home/hamza/wiper_ws/install/weedbot_interfaces/include/weedbot_interfaces/weedbot_interfaces/msg/detail/weed_array__functions.h
[1.012s] -- Up-to-date symlink: /home/hamza/wiper_ws/install/weedbot_interfaces/include/weedbot_interfaces/weedbot_interfaces/msg/detail/weed_array__struct.h
[1.013s] -- Up-to-date symlink: /home/hamza/wiper_ws/install/weedbot_interfaces/include/weedbot_interfaces/weedbot_interfaces/msg/detail/weed_array__type_support.h
[1.013s] -- Up-to-date symlink: /home/hamza/wiper_ws/install/weedbot_interfaces/include/weedbot_interfaces/weedbot_interfaces/msg/detail/weed_detection__functions.h
[1.013s] -- Up-to-date symlink: /home/hamza/wiper_ws/install/weedbot_interfaces/include/weedbot_interfaces/weedbot_interfaces/msg/detail/weed_detection__struct.h
[1.013s] -- Up-to-date symlink: /home/hamza/wiper_ws/install/weedbot_interfaces/include/weedbot_interfaces/weedbot_interfaces/msg/detail/weed_detection__type_support.h
[1.014s] -- Up-to-date symlink: /home/hamza/wiper_ws/install/weedbot_interfaces/include/weedbot_interfaces/weedbot_interfaces/msg/rosidl_generator_c__visibility_control.h
[1.014s] -- Up-to-date symlink: /home/hamza/wiper_ws/install/weedbot_interfaces/include/weedbot_interfaces/weedbot_interfaces/msg/weed_array.h
[1.014s] -- Up-to-date symlink: /home/hamza/wiper_ws/install/weedbot_interfaces/include/weedbot_interfaces/weedbot_interfaces/msg/weed_detection.h
[1.014s] -- Up-to-date symlink: /home/hamza/wiper_ws/install/weedbot_interfaces/share/weedbot_interfaces/environment/library_path.sh
[1.015s] -- Up-to-date symlink: /home/hamza/wiper_ws/install/weedbot_interfaces/share/weedbot_interfaces/environment/library_path.dsv
[1.016s] -- Up-to-date symlink: /home/hamza/wiper_ws/install/weedbot_interfaces/include/weedbot_interfaces/weedbot_interfaces/msg/detail/weed_array__rosidl_typesupport_fastrtps_c.h
[1.016s] -- Up-to-date symlink: /home/hamza/wiper_ws/install/weedbot_interfaces/include/weedbot_interfaces/weedbot_interfaces/msg/detail/weed_detection__rosidl_typesupport_fastrtps_c.h
[1.017s] -- Up-to-date symlink: /home/hamza/wiper_ws/install/weedbot_interfaces/include/weedbot_interfaces/weedbot_interfaces/msg/rosidl_typesupport_fastrtps_c__visibility_control.h
[1.018s] -- Up-to-date symlink: /home/hamza/wiper_ws/install/weedbot_interfaces/include/weedbot_interfaces/weedbot_interfaces/msg/detail/weed_array__builder.hpp
[1.019s] -- Up-to-date symlink: /home/hamza/wiper_ws/install/weedbot_interfaces/include/weedbot_interfaces/weedbot_interfaces/msg/detail/weed_array__struct.hpp
[1.019s] -- Up-to-date symlink: /home/hamza/wiper_ws/install/weedbot_interfaces/include/weedbot_interfaces/weedbot_interfaces/msg/detail/weed_array__traits.hpp
[1.020s] -- Up-to-date symlink: /home/hamza/wiper_ws/install/weedbot_interfaces/include/weedbot_interfaces/weedbot_interfaces/msg/detail/weed_array__type_support.hpp
[1.020s] -- Up-to-date symlink: /home/hamza/wiper_ws/install/weedbot_interfaces/include/weedbot_interfaces/weedbot_interfaces/msg/detail/weed_detection__builder.hpp
[1.021s] -- Up-to-date symlink: /home/hamza/wiper_ws/install/weedbot_interfaces/include/weedbot_interfaces/weedbot_interfaces/msg/detail/weed_detection__struct.hpp
[1.021s] -- Up-to-date symlink: /home/hamza/wiper_ws/install/weedbot_interfaces/include/weedbot_interfaces/weedbot_interfaces/msg/detail/weed_detection__traits.hpp
[1.021s] -- Up-to-date symlink: /home/hamza/wiper_ws/install/weedbot_interfaces/include/weedbot_interfaces/weedbot_interfaces/msg/detail/weed_detection__type_support.hpp
[1.021s] -- Up-to-date symlink: /home/hamza/wiper_ws/install/weedbot_interfaces/include/weedbot_interfaces/weedbot_interfaces/msg/rosidl_generator_cpp__visibility_control.hpp
[1.022s] -- Up-to-date symlink: /home/hamza/wiper_ws/install/weedbot_interfaces/include/weedbot_interfaces/weedbot_interfaces/msg/weed_array.hpp
[1.022s] -- Up-to-date symlink: /home/hamza/wiper_ws/install/weedbot_interfaces/include/weedbot_interfaces/weedbot_interfaces/msg/weed_detection.hpp
[1.022s] -- Up-to-date symlink: /home/hamza/wiper_ws/install/weedbot_interfaces/include/weedbot_interfaces/weedbot_interfaces/msg/detail/weed_array__rosidl_typesupport_fastrtps_cpp.hpp
[1.022s] -- Up-to-date symlink: /home/hamza/wiper_ws/install/weedbot_interfaces/include/weedbot_interfaces/weedbot_interfaces/msg/detail/weed_detection__rosidl_typesupport_fastrtps_cpp.hpp
[1.023s] -- Up-to-date symlink: /home/hamza/wiper_ws/install/weedbot_interfaces/include/weedbot_interfaces/weedbot_interfaces/msg/rosidl_typesupport_fastrtps_cpp__visibility_control.h
[1.023s] -- Up-to-date symlink: /home/hamza/wiper_ws/install/weedbot_interfaces/include/weedbot_interfaces/weedbot_interfaces/msg/detail/weed_array__rosidl_typesupport_introspection_c.h
[1.024s] -- Up-to-date symlink: /home/hamza/wiper_ws/install/weedbot_interfaces/include/weedbot_interfaces/weedbot_interfaces/msg/detail/weed_detection__rosidl_typesupport_introspection_c.h
[1.024s] -- Up-to-date symlink: /home/hamza/wiper_ws/install/weedbot_interfaces/include/weedbot_interfaces/weedbot_interfaces/msg/rosidl_typesupport_introspection_c__visibility_control.h
[1.025s] -- Up-to-date symlink: /home/hamza/wiper_ws/install/weedbot_interfaces/include/weedbot_interfaces/weedbot_interfaces/msg/detail/weed_array__rosidl_typesupport_introspection_cpp.hpp
[1.025s] -- Up-to-date symlink: /home/hamza/wiper_ws/install/weedbot_interfaces/include/weedbot_interfaces/weedbot_interfaces/msg/detail/weed_detection__rosidl_typesupport_introspection_cpp.hpp
[1.025s] -- Up-to-date symlink: /home/hamza/wiper_ws/install/weedbot_interfaces/share/weedbot_interfaces/environment/pythonpath.sh
[1.026s] -- Up-to-date symlink: /home/hamza/wiper_ws/install/weedbot_interfaces/share/weedbot_interfaces/environment/pythonpath.dsv
[1.026s] -- Up-to-date symlink: /home/hamza/wiper_ws/install/weedbot_interfaces/lib/python3.12/site-packages/weedbot_interfaces-0.0.1-py3.12.egg-info/PKG-INFO
[1.027s] -- Up-to-date symlink: /home/hamza/wiper_ws/install/weedbot_interfaces/lib/python3.12/site-packages/weedbot_interfaces-0.0.1-py3.12.egg-info/SOURCES.txt
[1.027s] -- Up-to-date symlink: /home/hamza/wiper_ws/install/weedbot_interfaces/lib/python3.12/site-packages/weedbot_interfaces-0.0.1-py3.12.egg-info/dependency_links.txt
[1.027s] -- Up-to-date symlink: /home/hamza/wiper_ws/install/weedbot_interfaces/lib/python3.12/site-packages/weedbot_interfaces-0.0.1-py3.12.egg-info/top_level.txt
[1.028s] -- Up-to-date symlink: /home/hamza/wiper_ws/install/weedbot_interfaces/lib/python3.12/site-packages/weedbot_interfaces/__init__.py
[1.028s] -- Up-to-date symlink: /home/hamza/wiper_ws/install/weedbot_interfaces/lib/python3.12/site-packages/weedbot_interfaces/_weedbot_interfaces_s.ep.rosidl_typesupport_c.c
[1.029s] -- Up-to-date symlink: /home/hamza/wiper_ws/install/weedbot_interfaces/lib/python3.12/site-packages/weedbot_interfaces/_weedbot_interfaces_s.ep.rosidl_typesupport_fastrtps_c.c
[1.029s] -- Up-to-date symlink: /home/hamza/wiper_ws/install/weedbot_interfaces/lib/python3.12/site-packages/weedbot_interfaces/_weedbot_interfaces_s.ep.rosidl_typesupport_introspection_c.c
[1.030s] -- Up-to-date symlink: /home/hamza/wiper_ws/install/weedbot_interfaces/lib/python3.12/site-packages/weedbot_interfaces/msg/__init__.py
[1.030s] -- Up-to-date symlink: /home/hamza/wiper_ws/install/weedbot_interfaces/lib/python3.12/site-packages/weedbot_interfaces/msg/_weed_array.py
[1.030s] -- Up-to-date symlink: /home/hamza/wiper_ws/install/weedbot_interfaces/lib/python3.12/site-packages/weedbot_interfaces/msg/_weed_array_s.c
[1.031s] -- Up-to-date symlink: /home/hamza/wiper_ws/install/weedbot_interfaces/lib/python3.12/site-packages/weedbot_interfaces/msg/_weed_detection.py
[1.031s] -- Up-to-date symlink: /home/hamza/wiper_ws/install/weedbot_interfaces/lib/python3.12/site-packages/weedbot_interfaces/msg/_weed_detection_s.c
[1.031s] -- Up-to-date symlink: /home/hamza/wiper_ws/install/weedbot_interfaces/lib/python3.12/site-packages/weedbot_interfaces/weedbot_interfaces_s__rosidl_typesupport_c.so
[1.031s] -- Up-to-date symlink: /home/hamza/wiper_ws/install/weedbot_interfaces/lib/python3.12/site-packages/weedbot_interfaces/weedbot_interfaces_s__rosidl_typesupport_fastrtps_c.so
[1.031s] -- Up-to-date symlink: /home/hamza/wiper_ws/install/weedbot_interfaces/lib/python3.12/site-packages/weedbot_interfaces/weedbot_interfaces_s__rosidl_typesupport_introspection_c.so
[1.032s] -- Up-to-date symlink: /home/hamza/wiper_ws/install/weedbot_interfaces/lib/python3.12/site-packages/weedbot_interfaces/weedbot_interfaces_s__rosidl_typesupport_fastrtps_c.so
[1.033s] -- Up-to-date symlink: /home/hamza/wiper_ws/install/weedbot_interfaces/lib/python3.12/site-packages/weedbot_interfaces/weedbot_interfaces_s__rosidl_typesupport_introspection_c.so
[1.034s] -- Up-to-date symlink: /home/hamza/wiper_ws/install/weedbot_interfaces/lib/python3.12/site-packages/weedbot_interfaces/weedbot_interfaces_s__rosidl_typesupport_c.so
[1.034s] -- Up-to-date symlink: /home/hamza/wiper_ws/install/weedbot_interfaces/share/weedbot_interfaces/msg/WeedDetection.idl
[1.035s] -- Up-to-date symlink: /home/hamza/wiper_ws/install/weedbot_interfaces/share/weedbot_interfaces/msg/WeedArray.idl
[1.035s] -- Up-to-date symlink: /home/hamza/wiper_ws/install/weedbot_interfaces/share/weedbot_interfaces/msg/WeedDetection.msg
[1.035s] -- Up-to-date symlink: /home/hamza/wiper_ws/install/weedbot_interfaces/share/weedbot_interfaces/msg/WeedArray.msg
[1.035s] -- Up-to-date symlink: /home/hamza/wiper_ws/install/weedbot_interfaces/share/ament_index/resource_index/package_run_dependencies/weedbot_interfaces
[1.036s] -- Up-to-date symlink: /home/hamza/wiper_ws/install/weedbot_interfaces/share/ament_index/resource_index/parent_prefix_path/weedbot_interfaces
[1.036s] -- Up-to-date symlink: /home/hamza/wiper_ws/install/weedbot_interfaces/share/weedbot_interfaces/environment/ament_prefix_path.sh
[1.037s] -- Up-to-date symlink: /home/hamza/wiper_ws/install/weedbot_interfaces/share/weedbot_interfaces/environment/ament_prefix_path.dsv
[1.037s] -- Up-to-date symlink: /home/hamza/wiper_ws/install/weedbot_interfaces/share/weedbot_interfaces/environment/path.sh
[1.037s] -- Up-to-date symlink: /home/hamza/wiper_ws/install/weedbot_interfaces/share/weedbot_interfaces/environment/path.dsv
[1.038s] -- Up-to-date symlink: /home/hamza/wiper_ws/install/weedbot_interfaces/share/weedbot_interfaces/local_setup.bash
[1.038s] -- Up-to-date symlink: /home/hamza/wiper_ws/install/weedbot_interfaces/share/weedbot_interfaces/local_setup.sh
[1.038s] -- Up-to-date symlink: /home/hamza/wiper_ws/install/weedbot_interfaces/share/weedbot_interfaces/local_setup.zsh
[1.039s] -- Up-to-date symlink: /home/hamza/wiper_ws/install/weedbot_interfaces/share/weedbot_interfaces/local_setup.dsv
[1.039s] -- Symlinking: /home/hamza/wiper_ws/install/weedbot_interfaces/share/weedbot_interfaces/package.dsv
[1.059s] -- Up-to-date symlink: /home/hamza/wiper_ws/install/weedbot_interfaces/share/ament_index/resource_index/packages/weedbot_interfaces
[1.060s] -- Up-to-date symlink: /home/hamza/wiper_ws/install/weedbot_interfaces/share/weedbot_interfaces/cmake/rosidl_cmake-extras.cmake
[1.060s] -- Up-to-date symlink: /home/hamza/wiper_ws/install/weedbot_interfaces/share/weedbot_interfaces/cmake/ament_cmake_export_dependencies-extras.cmake
[1.060s] -- Up-to-date symlink: /home/hamza/wiper_ws/install/weedbot_interfaces/share/weedbot_interfaces/cmake/ament_cmake_export_include_directories-extras.cmake
[1.060s] -- Up-to-date symlink: /home/hamza/wiper_ws/install/weedbot_interfaces/share/weedbot_interfaces/cmake/ament_cmake_export_libraries-extras.cmake
[1.061s] -- Up-to-date symlink: /home/hamza/wiper_ws/install/weedbot_interfaces/share/weedbot_interfaces/cmake/ament_cmake_export_targets-extras.cmake
[1.061s] -- Up-to-date symlink: /home/hamza/wiper_ws/install/weedbot_interfaces/share/weedbot_interfaces/cmake/rosidl_cmake_export_typesupport_targets-extras.cmake
[1.061s] -- Up-to-date symlink: /home/hamza/wiper_ws/install/weedbot_interfaces/share/weedbot_interfaces/cmake/rosidl_cmake_export_typesupport_libraries-extras.cmake
[1.062s] -- Up-to-date symlink: /home/hamza/wiper_ws/install/weedbot_interfaces/share/weedbot_interfaces/cmake/weedbot_interfacesConfig.cmake
[1.062s] -- Up-to-date symlink: /home/hamza/wiper_ws/install/weedbot_interfaces/share/weedbot_interfaces/cmake/weedbot_interfacesConfig-version.cmake
[1.062s] -- Up-to-date symlink: /home/hamza/wiper_ws/install/weedbot_interfaces/share/weedbot_interfaces/package.xml
[1.064s] -- Up-to-date: /home/hamza/wiper_ws/install/weedbot_interfaces/lib/libweedbot_interfaces__rosidl_generator_c.so
[1.066s] -- Up-to-date: /home/hamza/wiper_ws/install/weedbot_interfaces/lib/libweedbot_interfaces__rosidl_typesupport_fastrtps_c.so
[1.068s] -- Up-to-date: /home/hamza/wiper_ws/install/weedbot_interfaces/lib/libweedbot_interfaces__rosidl_typesupport_fastrtps_cpp.so
[1.070s] -- Up-to-date: /home/hamza/wiper_ws/install/weedbot_interfaces/lib/libweedbot_interfaces__rosidl_typesupport_introspection_c.so
[1.072s] -- Up-to-date: /home/hamza/wiper_ws/install/weedbot_interfaces/lib/libweedbot_interfaces__rosidl_typesupport_c.so
[1.074s] -- Up-to-date: /home/hamza/wiper_ws/install/weedbot_interfaces/lib/libweedbot_interfaces__rosidl_typesupport_introspection_cpp.so
[1.076s] -- Up-to-date: /home/hamza/wiper_ws/install/weedbot_interfaces/lib/libweedbot_interfaces__rosidl_typesupport_cpp.so
[1.142s] Listing '/home/hamza/wiper_ws/install/weedbot_interfaces/lib/python3.12/site-packages/weedbot_interfaces'...
[1.142s] Listing '/home/hamza/wiper_ws/install/weedbot_interfaces/lib/python3.12/site-packages/weedbot_interfaces/msg'...
[1.153s] -- Up-to-date: /home/hamza/wiper_ws/install/weedbot_interfaces/lib/libweedbot_interfaces__rosidl_generator_py.so
[1.154s] -- Up-to-date: /home/hamza/wiper_ws/install/weedbot_interfaces/share/weedbot_interfaces/cmake/export_weedbot_interfaces__rosidl_generator_cExport.cmake
[1.154s] -- Up-to-date: /home/hamza/wiper_ws/install/weedbot_interfaces/share/weedbot_interfaces/cmake/export_weedbot_interfaces__rosidl_generator_cExport-noconfig.cmake
[1.156s] -- Up-to-date: /home/hamza/wiper_ws/install/weedbot_interfaces/share/weedbot_interfaces/cmake/export_weedbot_interfaces__rosidl_typesupport_fastrtps_cExport.cmake
[1.156s] -- Up-to-date: /home/hamza/wiper_ws/install/weedbot_interfaces/share/weedbot_interfaces/cmake/export_weedbot_interfaces__rosidl_typesupport_fastrtps_cExport-noconfig.cmake
[1.157s] -- Up-to-date: /home/hamza/wiper_ws/install/weedbot_interfaces/share/weedbot_interfaces/cmake/export_weedbot_interfaces__rosidl_generator_cppExport.cmake
[1.158s] -- Up-to-date: /home/hamza/wiper_ws/install/weedbot_interfaces/share/weedbot_interfaces/cmake/export_weedbot_interfaces__rosidl_typesupport_fastrtps_cppExport.cmake
[1.158s] -- Up-to-date: /home/hamza/wiper_ws/install/weedbot_interfaces/share/weedbot_interfaces/cmake/export_weedbot_interfaces__rosidl_typesupport_fastrtps_cppExport-noconfig.cmake
[1.159s] -- Up-to-date: /home/hamza/wiper_ws/install/weedbot_interfaces/share/weedbot_interfaces/cmake/weedbot_interfaces__rosidl_typesupport_introspection_cExport.cmake
[1.159s] -- Up-to-date: /home/hamza/wiper_ws/install/weedbot_interfaces/share/weedbot_interfaces/cmake/weedbot_interfaces__rosidl_typesupport_introspection_cExport-noconfig.cmake
[1.161s] -- Up-to-date: /home/hamza/wiper_ws/install/weedbot_interfaces/share/weedbot_interfaces/cmake/weedbot_interfaces__rosidl_typesupport_cExport.cmake
[1.161s] -- Up-to-date: /home/hamza/wiper_ws/install/weedbot_interfaces/share/weedbot_interfaces/cmake/weedbot_interfaces__rosidl_typesupport_cExport-noconfig.cmake
[1.162s] -- Up-to-date: /home/hamza/wiper_ws/install/weedbot_interfaces/share/weedbot_interfaces/cmake/weedbot_interfaces__rosidl_typesupport_introspection_cppExport.cmake
[1.162s] -- Up-to-date: /home/hamza/wiper_ws/install/weedbot_interfaces/share/weedbot_interfaces/cmake/weedbot_interfaces__rosidl_typesupport_introspection_cppExport-noconfig.cmake
[1.163s] -- Up-to-date: /home/hamza/wiper_ws/install/weedbot_interfaces/share/weedbot_interfaces/cmake/weedbot_interfaces__rosidl_typesupport_cppExport.cmake
[1.163s] -- Up-to-date: /home/hamza/wiper_ws/install/weedbot_interfaces/share/weedbot_interfaces/cmake/weedbot_interfaces__rosidl_typesupport_cppExport-noconfig.cmake
[1.164s] -- Up-to-date: /home/hamza/wiper_ws/install/weedbot_interfaces/share/weedbot_interfaces/cmake/export_weedbot_interfaces__rosidl_generator_pyExport.cmake
[1.165s] -- Up-to-date: /home/hamza/wiper_ws/install/weedbot_interfaces/share/weedbot_interfaces/cmake/export_weedbot_interfaces__rosidl_generator_pyExport-noconfig.cmake
[1.170s] Invoked command in '/home/hamza/wiper_ws/build/weedbot_interfaces' returned '0': CMAKE_PREFIX_PATH=${CMAKE_PREFIX_PATH}:/home/hamza/wiper_ws/install/weedbot_vision:/home/hamza/wiper_ws/install/weedbot_simulation:/home/hamza/wiper_ws/install/weedbot_control:/opt/ros/jazzy /usr/bin/cmake --install /home/hamza/wiper_ws/build/weedbot_interfaces
