[1.982s] Invoking command in '/home/sanya/fyp/W.I.P.E.R/ROS/wiper_ws/build/weedbot_simulation': DEBUGINFOD_URLS=https://debuginfod.ubuntu.com PYTHONPATH=/home/sanya/fyp/W.I.P.E.R/ROS/wiper_ws/build/weedbot_simulation/prefix_override:/usr/lib/python3/dist-packages/colcon_core/task/python/colcon_distutils_commands:/home/sanya/fyp/W.I.P.E.R/ROS/wiper_ws/install/weedbot_simulation/lib/python3.12/site-packages:${PYTHONPATH} /usr/bin/python3 -W ignore:setup.py install is deprecated -W ignore:easy_install command is deprecated setup.py develop --uninstall --editable --build-directory /home/sanya/fyp/W.I.P.E.R/ROS/wiper_ws/build/weedbot_simulation/build
[2.440s] running develop
[2.765s] Removing /home/sanya/fyp/W.I.P.E.R/ROS/wiper_ws/install/weedbot_simulation/lib/python3.12/site-packages/weedbot-simulation.egg-link (link to .)
[2.804s] Invoked command in '/home/sanya/fyp/W.I.P.E.R/ROS/wiper_ws/build/weedbot_simulation' returned '0': DEBUGINFOD_URLS=https://debuginfod.ubuntu.com PYTHONPATH=/home/sanya/fyp/W.I.P.E.R/ROS/wiper_ws/build/weedbot_simulation/prefix_override:/usr/lib/python3/dist-packages/colcon_core/task/python/colcon_distutils_commands:/home/sanya/fyp/W.I.P.E.R/ROS/wiper_ws/install/weedbot_simulation/lib/python3.12/site-packages:${PYTHONPATH} /usr/bin/python3 -W ignore:setup.py install is deprecated -W ignore:easy_install command is deprecated setup.py develop --uninstall --editable --build-directory /home/sanya/fyp/W.I.P.E.R/ROS/wiper_ws/build/weedbot_simulation/build
[2.806s] Invoking command in '/home/sanya/fyp/W.I.P.E.R/ROS/wiper_ws/src/weedbot_simulation': DEBUGINFOD_URLS=https://debuginfod.ubuntu.com PYTHONPATH=/home/sanya/fyp/W.I.P.E.R/ROS/wiper_ws/build/weedbot_simulation/prefix_override:/usr/lib/python3/dist-packages/colcon_core/task/python/colcon_distutils_commands:/home/sanya/fyp/W.I.P.E.R/ROS/wiper_ws/install/weedbot_simulation/lib/python3.12/site-packages:${PYTHONPATH} /usr/bin/python3 -W ignore:setup.py install is deprecated -W ignore:easy_install command is deprecated setup.py egg_info --egg-base ../../build/weedbot_simulation build --build-base /home/sanya/fyp/W.I.P.E.R/ROS/wiper_ws/build/weedbot_simulation/build install --record /home/sanya/fyp/W.I.P.E.R/ROS/wiper_ws/build/weedbot_simulation/install.log --single-version-externally-managed install_data --force
[3.198s] running egg_info
[3.233s] writing ../../build/weedbot_simulation/weedbot_simulation.egg-info/PKG-INFO
[3.233s] writing dependency_links to ../../build/weedbot_simulation/weedbot_simulation.egg-info/dependency_links.txt
[3.234s] writing entry points to ../../build/weedbot_simulation/weedbot_simulation.egg-info/entry_points.txt
[3.234s] writing requirements to ../../build/weedbot_simulation/weedbot_simulation.egg-info/requires.txt
[3.234s] writing top-level names to ../../build/weedbot_simulation/weedbot_simulation.egg-info/top_level.txt
[3.299s] reading manifest file '../../build/weedbot_simulation/weedbot_simulation.egg-info/SOURCES.txt'
[3.300s] writing manifest file '../../build/weedbot_simulation/weedbot_simulation.egg-info/SOURCES.txt'
[3.300s] running build
[3.301s] running build_py
[3.301s] creating /home/sanya/fyp/W.I.P.E.R/ROS/wiper_ws/build/weedbot_simulation/build
[3.301s] creating /home/sanya/fyp/W.I.P.E.R/ROS/wiper_ws/build/weedbot_simulation/build/lib
[3.301s] creating /home/sanya/fyp/W.I.P.E.R/ROS/wiper_ws/build/weedbot_simulation/build/lib/weedbot_simulation
[3.301s] copying weedbot_simulation/__init__.py -> /home/sanya/fyp/W.I.P.E.R/ROS/wiper_ws/build/weedbot_simulation/build/lib/weedbot_simulation
[3.301s] running install
[3.307s] running install_lib
[3.342s] creating /home/sanya/fyp/W.I.P.E.R/ROS/wiper_ws/install/weedbot_simulation/lib/python3.12/site-packages/weedbot_simulation
[3.342s] copying /home/sanya/fyp/W.I.P.E.R/ROS/wiper_ws/build/weedbot_simulation/build/lib/weedbot_simulation/__init__.py -> /home/sanya/fyp/W.I.P.E.R/ROS/wiper_ws/install/weedbot_simulation/lib/python3.12/site-packages/weedbot_simulation
[3.343s] byte-compiling /home/sanya/fyp/W.I.P.E.R/ROS/wiper_ws/install/weedbot_simulation/lib/python3.12/site-packages/weedbot_simulation/__init__.py to __init__.cpython-312.pyc
[3.343s] running install_data
[3.343s] copying resource/weedbot_simulation -> /home/sanya/fyp/W.I.P.E.R/ROS/wiper_ws/install/weedbot_simulation/share/ament_index/resource_index/packages
[3.344s] copying package.xml -> /home/sanya/fyp/W.I.P.E.R/ROS/wiper_ws/install/weedbot_simulation/share/weedbot_simulation
[3.344s] copying launch/simulation_launch.py -> /home/sanya/fyp/W.I.P.E.R/ROS/wiper_ws/install/weedbot_simulation/share/weedbot_simulation/launch
[3.344s] copying launch/full_system_launch.py -> /home/sanya/fyp/W.I.P.E.R/ROS/wiper_ws/install/weedbot_simulation/share/weedbot_simulation/launch
[3.344s] copying worlds/farm_field.world -> /home/sanya/fyp/W.I.P.E.R/ROS/wiper_ws/install/weedbot_simulation/share/weedbot_simulation/worlds
[3.345s] copying urdf/tractor.urdf.xacro -> /home/sanya/fyp/W.I.P.E.R/ROS/wiper_ws/install/weedbot_simulation/share/weedbot_simulation/urdf
[3.345s] copying models/weed/model.sdf -> /home/sanya/fyp/W.I.P.E.R/ROS/wiper_ws/install/weedbot_simulation/share/weedbot_simulation/models/weed
[3.346s] copying models/weed/model.config -> /home/sanya/fyp/W.I.P.E.R/ROS/wiper_ws/install/weedbot_simulation/share/weedbot_simulation/models/weed
[3.346s] running install_egg_info
[3.373s] Copying ../../build/weedbot_simulation/weedbot_simulation.egg-info to /home/sanya/fyp/W.I.P.E.R/ROS/wiper_ws/install/weedbot_simulation/lib/python3.12/site-packages/weedbot_simulation-1.0.0-py3.12.egg-info
[3.374s] running install_scripts
[3.579s] Installing laser_controller script to /home/sanya/fyp/W.I.P.E.R/ROS/wiper_ws/install/weedbot_simulation/lib/weedbot_simulation
[3.580s] Installing tractor_controller script to /home/sanya/fyp/W.I.P.E.R/ROS/wiper_ws/install/weedbot_simulation/lib/weedbot_simulation
[3.580s] Installing weed_spawner script to /home/sanya/fyp/W.I.P.E.R/ROS/wiper_ws/install/weedbot_simulation/lib/weedbot_simulation
[3.581s] writing list of installed files to '/home/sanya/fyp/W.I.P.E.R/ROS/wiper_ws/build/weedbot_simulation/install.log'
[4.190s] Invoked command in '/home/sanya/fyp/W.I.P.E.R/ROS/wiper_ws/src/weedbot_simulation' returned '0': DEBUGINFOD_URLS=https://debuginfod.ubuntu.com PYTHONPATH=/home/sanya/fyp/W.I.P.E.R/ROS/wiper_ws/build/weedbot_simulation/prefix_override:/usr/lib/python3/dist-packages/colcon_core/task/python/colcon_distutils_commands:/home/sanya/fyp/W.I.P.E.R/ROS/wiper_ws/install/weedbot_simulation/lib/python3.12/site-packages:${PYTHONPATH} /usr/bin/python3 -W ignore:setup.py install is deprecated -W ignore:easy_install command is deprecated setup.py egg_info --egg-base ../../build/weedbot_simulation build --build-base /home/sanya/fyp/W.I.P.E.R/ROS/wiper_ws/build/weedbot_simulation/build install --record /home/sanya/fyp/W.I.P.E.R/ROS/wiper_ws/build/weedbot_simulation/install.log --single-version-externally-managed install_data --force
