running egg_info
writing ../../build/weedbot_control/weedbot_control.egg-info/PKG-INFO
writing dependency_links to ../../build/weedbot_control/weedbot_control.egg-info/dependency_links.txt
writing entry points to ../../build/weedbot_control/weedbot_control.egg-info/entry_points.txt
writing requirements to ../../build/weedbot_control/weedbot_control.egg-info/requires.txt
writing top-level names to ../../build/weedbot_control/weedbot_control.egg-info/top_level.txt
reading manifest file '../../build/weedbot_control/weedbot_control.egg-info/SOURCES.txt'
writing manifest file '../../build/weedbot_control/weedbot_control.egg-info/SOURCES.txt'
running build
running build_py
running install
running install_lib
running install_data
copying config/control_params.yaml -> /home/hamza/wiper_ws/install/weedbot_control/share/weedbot_control/config
copying config/test_shots.csv -> /home/hamza/wiper_ws/install/weedbot_control/share/weedbot_control/config
running install_egg_info
removing '/home/hamza/wiper_ws/install/weedbot_control/lib/python3.12/site-packages/weedbot_control-1.0.0-py3.12.egg-info' (and everything under it)
Copying ../../build/weedbot_control/weedbot_control.egg-info to /home/hamza/wiper_ws/install/weedbot_control/lib/python3.12/site-packages/weedbot_control-1.0.0-py3.12.egg-info
running install_scripts
Installing control_node script to /home/hamza/wiper_ws/install/weedbot_control/lib/weedbot_control
Installing laser_test_node script to /home/hamza/wiper_ws/install/weedbot_control/lib/weedbot_control
writing list of installed files to '/home/hamza/wiper_ws/build/weedbot_control/install.log'
