[2.881s] Invoking command in '/home/hamza/wiper_ws/src/weedbot_control': PYTHONPATH=/home/hamza/wiper_ws/build/weedbot_control/prefix_override:/usr/lib/python3/dist-packages/colcon_core/task/python/colcon_distutils_commands:/home/hamza/wiper_ws/install/weedbot_control/lib/python3.12/site-packages:/home/hamza/wiper_ws/install/weedbot_interfaces/lib/python3.12/site-packages:/home/hamza/wiper_ws/install/weedbot_vision/lib/python3.12/site-packages:/home/hamza/wiper_ws/build/weedbot_simulation:/home/hamza/wiper_ws/install/weedbot_simulation/lib/python3.12/site-packages:/home/hamza/wiper_ws/install/weedbot_control/lib/python3.12/site-packages:/opt/ros/jazzy/lib/python3.12/site-packages /usr/bin/python3 -W ignore:setup.py install is deprecated -W ignore:easy_install command is deprecated setup.py egg_info --egg-base ../../build/weedbot_control build --build-base /home/hamza/wiper_ws/build/weedbot_control/build install --record /home/hamza/wiper_ws/build/weedbot_control/install.log --single-version-externally-managed install_data
[3.272s] running egg_info
[3.298s] writing ../../build/weedbot_control/weedbot_control.egg-info/PKG-INFO
[3.317s] writing dependency_links to ../../build/weedbot_control/weedbot_control.egg-info/dependency_links.txt
[3.317s] writing entry points to ../../build/weedbot_control/weedbot_control.egg-info/entry_points.txt
[3.319s] writing requirements to ../../build/weedbot_control/weedbot_control.egg-info/requires.txt
[3.320s] writing top-level names to ../../build/weedbot_control/weedbot_control.egg-info/top_level.txt
[3.392s] reading manifest file '../../build/weedbot_control/weedbot_control.egg-info/SOURCES.txt'
[3.403s] writing manifest file '../../build/weedbot_control/weedbot_control.egg-info/SOURCES.txt'
[3.403s] running build
[3.404s] running build_py
[3.404s] running install
[3.414s] running install_lib
[3.457s] running install_data
[3.457s] copying config/control_params.yaml -> /home/hamza/wiper_ws/install/weedbot_control/share/weedbot_control/config
[3.460s] copying config/test_shots.csv -> /home/hamza/wiper_ws/install/weedbot_control/share/weedbot_control/config
[3.461s] running install_egg_info
[3.499s] removing '/home/hamza/wiper_ws/install/weedbot_control/lib/python3.12/site-packages/weedbot_control-1.0.0-py3.12.egg-info' (and everything under it)
[3.500s] Copying ../../build/weedbot_control/weedbot_control.egg-info to /home/hamza/wiper_ws/install/weedbot_control/lib/python3.12/site-packages/weedbot_control-1.0.0-py3.12.egg-info
[3.534s] running install_scripts
[3.716s] Installing control_node script to /home/hamza/wiper_ws/install/weedbot_control/lib/weedbot_control
[3.717s] Installing laser_test_node script to /home/hamza/wiper_ws/install/weedbot_control/lib/weedbot_control
[3.717s] writing list of installed files to '/home/hamza/wiper_ws/build/weedbot_control/install.log'
[3.759s] Invoked command in '/home/hamza/wiper_ws/src/weedbot_control' returned '0': PYTHONPATH=/home/hamza/wiper_ws/build/weedbot_control/prefix_override:/usr/lib/python3/dist-packages/colcon_core/task/python/colcon_distutils_commands:/home/hamza/wiper_ws/install/weedbot_control/lib/python3.12/site-packages:/home/hamza/wiper_ws/install/weedbot_interfaces/lib/python3.12/site-packages:/home/hamza/wiper_ws/install/weedbot_vision/lib/python3.12/site-packages:/home/hamza/wiper_ws/build/weedbot_simulation:/home/hamza/wiper_ws/install/weedbot_simulation/lib/python3.12/site-packages:/home/hamza/wiper_ws/install/weedbot_control/lib/python3.12/site-packages:/opt/ros/jazzy/lib/python3.12/site-packages /usr/bin/python3 -W ignore:setup.py install is deprecated -W ignore:easy_install command is deprecated setup.py egg_info --egg-base ../../build/weedbot_control build --build-base /home/hamza/wiper_ws/build/weedbot_control/build install --record /home/hamza/wiper_ws/build/weedbot_control/install.log --single-version-externally-managed install_data
