running develop
running egg_info
writing weedbot_control.egg-info/PKG-INFO
writing dependency_links to weedbot_control.egg-info/dependency_links.txt
writing entry points to weedbot_control.egg-info/entry_points.txt
writing requirements to weedbot_control.egg-info/requires.txt
writing top-level names to weedbot_control.egg-info/top_level.txt
reading manifest file 'weedbot_control.egg-info/SOURCES.txt'
writing manifest file 'weedbot_control.egg-info/SOURCES.txt'
running build_ext
Creating /home/hamza/wiper_ws/install/weedbot_control/lib/python3.12/site-packages/weedbot-control.egg-link (link to .)
Installing control_node script to /home/hamza/wiper_ws/install/weedbot_control/lib/weedbot_control

Installed /home/hamza/wiper_ws/build/weedbot_control
running symlink_data
creating /home/hamza/wiper_ws/install/weedbot_control/share/weedbot_control/launch
symbolically linking /home/hamza/wiper_ws/build/weedbot_control/launch/control_launch.py -> /home/hamza/wiper_ws/install/weedbot_control/share/weedbot_control/launch
creating /home/hamza/wiper_ws/install/weedbot_control/share/weedbot_control/config
symbolically linking /home/hamza/wiper_ws/build/weedbot_control/config/control_params.yaml -> /home/hamza/wiper_ws/install/weedbot_control/share/weedbot_control/config
creating /home/hamza/wiper_ws/install/weedbot_control/share/weedbot_control/firmware
symbolically linking /home/hamza/wiper_ws/build/weedbot_control/firmware/stm32_laser_controller_reference.c -> /home/hamza/wiper_ws/install/weedbot_control/share/weedbot_control/firmware
symbolically linking /home/hamza/wiper_ws/build/weedbot_control/README.md -> /home/hamza/wiper_ws/install/weedbot_control/share/weedbot_control
symbolically linking /home/hamza/wiper_ws/build/weedbot_control/protocol.md -> /home/hamza/wiper_ws/install/weedbot_control/share/weedbot_control
