[1.696s] Invoking command in '/home/hamza/wiper_ws/build/weedbot_control': PYTHONPATH=/home/hamza/wiper_ws/build/weedbot_control/prefix_override:/usr/lib/python3/dist-packages/colcon_core/task/python/colcon_distutils_commands:/home/hamza/wiper_ws/install/weedbot_control/lib/python3.12/site-packages:/home/hamza/wiper_ws/install/weedbot_interfaces/lib/python3.12/site-packages:/home/hamza/wiper_ws/build/weedbot_vision:/home/hamza/wiper_ws/install/weedbot_vision/lib/python3.12/site-packages:/home/hamza/wiper_ws/build/weedbot_simulation:/home/hamza/wiper_ws/install/weedbot_simulation/lib/python3.12/site-packages:/home/hamza/wiper_ws/build/weedbot_control:/home/hamza/wiper_ws/install/weedbot_control/lib/python3.12/site-packages:/opt/ros/jazzy/lib/python3.12/site-packages /usr/bin/python3 -W ignore:setup.py install is deprecated -W ignore:easy_install command is deprecated setup.py develop --editable --build-directory /home/hamza/wiper_ws/build/weedbot_control/build --no-deps symlink_data
[2.182s] running develop
[2.473s] running egg_info
[2.502s] writing weedbot_control.egg-info/PKG-INFO
[2.503s] writing dependency_links to weedbot_control.egg-info/dependency_links.txt
[2.503s] writing entry points to weedbot_control.egg-info/entry_points.txt
[2.504s] writing requirements to weedbot_control.egg-info/requires.txt
[2.504s] writing top-level names to weedbot_control.egg-info/top_level.txt
[2.554s] reading manifest file 'weedbot_control.egg-info/SOURCES.txt'
[2.559s] writing manifest file 'weedbot_control.egg-info/SOURCES.txt'
[2.585s] running build_ext
[2.585s] Creating /home/hamza/wiper_ws/install/weedbot_control/lib/python3.12/site-packages/weedbot-control.egg-link (link to .)
[2.587s] Installing control_node script to /home/hamza/wiper_ws/install/weedbot_control/lib/weedbot_control
[2.587s] 
[2.588s] Installed /home/hamza/wiper_ws/build/weedbot_control
[2.588s] running symlink_data
[2.588s] creating /home/hamza/wiper_ws/install/weedbot_control/share/weedbot_control/launch
[2.589s] symbolically linking /home/hamza/wiper_ws/build/weedbot_control/launch/control_launch.py -> /home/hamza/wiper_ws/install/weedbot_control/share/weedbot_control/launch
[2.589s] creating /home/hamza/wiper_ws/install/weedbot_control/share/weedbot_control/config
[2.590s] symbolically linking /home/hamza/wiper_ws/build/weedbot_control/config/control_params.yaml -> /home/hamza/wiper_ws/install/weedbot_control/share/weedbot_control/config
[2.591s] creating /home/hamza/wiper_ws/install/weedbot_control/share/weedbot_control/firmware
[2.591s] symbolically linking /home/hamza/wiper_ws/build/weedbot_control/firmware/stm32_laser_controller_reference.c -> /home/hamza/wiper_ws/install/weedbot_control/share/weedbot_control/firmware
[2.592s] symbolically linking /home/hamza/wiper_ws/build/weedbot_control/README.md -> /home/hamza/wiper_ws/install/weedbot_control/share/weedbot_control
[2.592s] symbolically linking /home/hamza/wiper_ws/build/weedbot_control/protocol.md -> /home/hamza/wiper_ws/install/weedbot_control/share/weedbot_control
[2.639s] Invoked command in '/home/hamza/wiper_ws/build/weedbot_control' returned '0': PYTHONPATH=/home/hamza/wiper_ws/build/weedbot_control/prefix_override:/usr/lib/python3/dist-packages/colcon_core/task/python/colcon_distutils_commands:/home/hamza/wiper_ws/install/weedbot_control/lib/python3.12/site-packages:/home/hamza/wiper_ws/install/weedbot_interfaces/lib/python3.12/site-packages:/home/hamza/wiper_ws/build/weedbot_vision:/home/hamza/wiper_ws/install/weedbot_vision/lib/python3.12/site-packages:/home/hamza/wiper_ws/build/weedbot_simulation:/home/hamza/wiper_ws/install/weedbot_simulation/lib/python3.12/site-packages:/home/hamza/wiper_ws/build/weedbot_control:/home/hamza/wiper_ws/install/weedbot_control/lib/python3.12/site-packages:/opt/ros/jazzy/lib/python3.12/site-packages /usr/bin/python3 -W ignore:setup.py install is deprecated -W ignore:easy_install command is deprecated setup.py develop --editable --build-directory /home/hamza/wiper_ws/build/weedbot_control/build --no-deps symlink_data
