[1.180s] Invoking command in '/home/sanya/fyp/W.I.P.E.R/build/weedbot_control': AMENT_PREFIX_PATH=/home/sanya/fyp/W.I.P.E.R/install/weedbot_interfaces:${AMENT_PREFIX_PATH} CMAKE_PREFIX_PATH=/home/sanya/fyp/W.I.P.E.R/install/weedbot_interfaces:${CMAKE_PREFIX_PATH} DEBUGINFOD_URLS=https://debuginfod.ubuntu.com LD_LIBRARY_PATH=/home/sanya/fyp/W.I.P.E.R/install/weedbot_interfaces/lib:${LD_LIBRARY_PATH} PYTHONPATH=/home/sanya/fyp/W.I.P.E.R/build/weedbot_control/prefix_override:/usr/lib/python3/dist-packages/colcon_core/task/python/colcon_distutils_commands:/home/sanya/fyp/W.I.P.E.R/install/weedbot_control/lib/python3.12/site-packages:/home/sanya/fyp/W.I.P.E.R/install/weedbot_interfaces/lib/python3.12/site-packages:${PYTHONPATH} /usr/bin/python3 -W ignore:setup.py install is deprecated -W ignore:easy_install command is deprecated setup.py develop --editable --build-directory /home/sanya/fyp/W.I.P.E.R/build/weedbot_control/build --no-deps symlink_data
[1.589s] running develop
[1.882s] running egg_info
[1.883s] creating weedbot_control.egg-info
[1.914s] writing weedbot_control.egg-info/PKG-INFO
[1.914s] writing dependency_links to weedbot_control.egg-info/dependency_links.txt
[1.914s] writing entry points to weedbot_control.egg-info/entry_points.txt
[1.915s] writing requirements to weedbot_control.egg-info/requires.txt
[1.915s] writing top-level names to weedbot_control.egg-info/top_level.txt
[1.915s] writing manifest file 'weedbot_control.egg-info/SOURCES.txt'
[1.967s] reading manifest file 'weedbot_control.egg-info/SOURCES.txt'
[1.968s] writing manifest file 'weedbot_control.egg-info/SOURCES.txt'
[1.997s] running build_ext
[1.998s] Creating /home/sanya/fyp/W.I.P.E.R/install/weedbot_control/lib/python3.12/site-packages/weedbot-control.egg-link (link to .)
[1.998s] Installing control_node script to /home/sanya/fyp/W.I.P.E.R/install/weedbot_control/lib/weedbot_control
[1.998s] Installing laser_test_node script to /home/sanya/fyp/W.I.P.E.R/install/weedbot_control/lib/weedbot_control
[1.999s] 
[1.999s] Installed /home/sanya/fyp/W.I.P.E.R/build/weedbot_control
[1.999s] running symlink_data
[1.999s] creating /home/sanya/fyp/W.I.P.E.R/install/weedbot_control/share/ament_index
[1.999s] creating /home/sanya/fyp/W.I.P.E.R/install/weedbot_control/share/ament_index/resource_index
[1.999s] creating /home/sanya/fyp/W.I.P.E.R/install/weedbot_control/share/ament_index/resource_index/packages
[2.000s] symbolically linking /home/sanya/fyp/W.I.P.E.R/build/weedbot_control/resource/weedbot_control -> /home/sanya/fyp/W.I.P.E.R/install/weedbot_control/share/ament_index/resource_index/packages
[2.000s] symbolically linking /home/sanya/fyp/W.I.P.E.R/build/weedbot_control/package.xml -> /home/sanya/fyp/W.I.P.E.R/install/weedbot_control/share/weedbot_control
[2.000s] creating /home/sanya/fyp/W.I.P.E.R/install/weedbot_control/share/weedbot_control/launch
[2.000s] symbolically linking /home/sanya/fyp/W.I.P.E.R/build/weedbot_control/launch/laser_dry_run.launch.py -> /home/sanya/fyp/W.I.P.E.R/install/weedbot_control/share/weedbot_control/launch
[2.000s] symbolically linking /home/sanya/fyp/W.I.P.E.R/build/weedbot_control/launch/control_launch.py -> /home/sanya/fyp/W.I.P.E.R/install/weedbot_control/share/weedbot_control/launch
[2.000s] creating /home/sanya/fyp/W.I.P.E.R/install/weedbot_control/share/weedbot_control/config
[2.000s] symbolically linking /home/sanya/fyp/W.I.P.E.R/build/weedbot_control/config/control_params.yaml -> /home/sanya/fyp/W.I.P.E.R/install/weedbot_control/share/weedbot_control/config
[2.000s] symbolically linking /home/sanya/fyp/W.I.P.E.R/build/weedbot_control/config/test_shots.csv -> /home/sanya/fyp/W.I.P.E.R/install/weedbot_control/share/weedbot_control/config
[2.001s] symbolically linking /home/sanya/fyp/W.I.P.E.R/build/weedbot_control/README.md -> /home/sanya/fyp/W.I.P.E.R/install/weedbot_control/share/weedbot_control
[2.040s] Invoked command in '/home/sanya/fyp/W.I.P.E.R/build/weedbot_control' returned '0': AMENT_PREFIX_PATH=/home/sanya/fyp/W.I.P.E.R/install/weedbot_interfaces:${AMENT_PREFIX_PATH} CMAKE_PREFIX_PATH=/home/sanya/fyp/W.I.P.E.R/install/weedbot_interfaces:${CMAKE_PREFIX_PATH} DEBUGINFOD_URLS=https://debuginfod.ubuntu.com LD_LIBRARY_PATH=/home/sanya/fyp/W.I.P.E.R/install/weedbot_interfaces/lib:${LD_LIBRARY_PATH} PYTHONPATH=/home/sanya/fyp/W.I.P.E.R/build/weedbot_control/prefix_override:/usr/lib/python3/dist-packages/colcon_core/task/python/colcon_distutils_commands:/home/sanya/fyp/W.I.P.E.R/install/weedbot_control/lib/python3.12/site-packages:/home/sanya/fyp/W.I.P.E.R/install/weedbot_interfaces/lib/python3.12/site-packages:${PYTHONPATH} /usr/bin/python3 -W ignore:setup.py install is deprecated -W ignore:easy_install command is deprecated setup.py develop --editable --build-directory /home/sanya/fyp/W.I.P.E.R/build/weedbot_control/build --no-deps symlink_data
