[2.042s] Invoking command in '/home/sanya/fyp/W.I.P.E.R/ROS/wiper_ws/build/weedbot_vision': DEBUGINFOD_URLS=https://debuginfod.ubuntu.com PYTHONPATH=/home/sanya/fyp/W.I.P.E.R/ROS/wiper_ws/build/weedbot_vision/prefix_override:/usr/lib/python3/dist-packages/colcon_core/task/python/colcon_distutils_commands:/home/sanya/fyp/W.I.P.E.R/ROS/wiper_ws/install/weedbot_vision/lib/python3.12/site-packages:/home/sanya/fyp/W.I.P.E.R/ROS/wiper_ws/install/weedbot_interfaces/lib/python3.12/site-packages:/home/sanya/fyp/W.I.P.E.R/ROS/wiper_ws/build/weedbot_vision:/home/sanya/fyp/W.I.P.E.R/ROS/wiper_ws/install/weedbot_vision/lib/python3.12/site-packages:/home/sanya/fyp/W.I.P.E.R/ROS/wiper_ws/build/weedbot_simulation:/home/sanya/fyp/W.I.P.E.R/ROS/wiper_ws/install/weedbot_simulation/lib/python3.12/site-packages:/home/sanya/fyp/W.I.P.E.R/ROS/wiper_ws/build/weedbot_control:/home/sanya/fyp/W.I.P.E.R/ROS/wiper_ws/install/weedbot_control/lib/python3.12/site-packages:/opt/ros/jazzy/lib/python3.12/site-packages /usr/bin/python3 -W ignore:setup.py install is deprecated -W ignore:easy_install command is deprecated setup.py develop --uninstall --editable --build-directory /home/sanya/fyp/W.I.P.E.R/ROS/wiper_ws/build/weedbot_vision/build
[2.664s] running develop
[3.127s] Removing /home/sanya/fyp/W.I.P.E.R/ROS/wiper_ws/install/weedbot_vision/lib/python3.12/site-packages/weedbot-vision.egg-link (link to .)
[3.189s] Invoked command in '/home/sanya/fyp/W.I.P.E.R/ROS/wiper_ws/build/weedbot_vision' returned '0': DEBUGINFOD_URLS=https://debuginfod.ubuntu.com PYTHONPATH=/home/sanya/fyp/W.I.P.E.R/ROS/wiper_ws/build/weedbot_vision/prefix_override:/usr/lib/python3/dist-packages/colcon_core/task/python/colcon_distutils_commands:/home/sanya/fyp/W.I.P.E.R/ROS/wiper_ws/install/weedbot_vision/lib/python3.12/site-packages:/home/sanya/fyp/W.I.P.E.R/ROS/wiper_ws/install/weedbot_interfaces/lib/python3.12/site-packages:/home/sanya/fyp/W.I.P.E.R/ROS/wiper_ws/build/weedbot_vision:/home/sanya/fyp/W.I.P.E.R/ROS/wiper_ws/install/weedbot_vision/lib/python3.12/site-packages:/home/sanya/fyp/W.I.P.E.R/ROS/wiper_ws/build/weedbot_simulation:/home/sanya/fyp/W.I.P.E.R/ROS/wiper_ws/install/weedbot_simulation/lib/python3.12/site-packages:/home/sanya/fyp/W.I.P.E.R/ROS/wiper_ws/build/weedbot_control:/home/sanya/fyp/W.I.P.E.R/ROS/wiper_ws/install/weedbot_control/lib/python3.12/site-packages:/opt/ros/jazzy/lib/python3.12/site-packages /usr/bin/python3 -W ignore:setup.py install is deprecated -W ignore:easy_install command is deprecated setup.py develop --uninstall --editable --build-directory /home/sanya/fyp/W.I.P.E.R/ROS/wiper_ws/build/weedbot_vision/build
[3.191s] Invoking command in '/home/sanya/fyp/W.I.P.E.R/ROS/wiper_ws/src/weedbot_vision': DEBUGINFOD_URLS=https://debuginfod.ubuntu.com PYTHONPATH=/home/sanya/fyp/W.I.P.E.R/ROS/wiper_ws/build/weedbot_vision/prefix_override:/usr/lib/python3/dist-packages/colcon_core/task/python/colcon_distutils_commands:/home/sanya/fyp/W.I.P.E.R/ROS/wiper_ws/install/weedbot_vision/lib/python3.12/site-packages:/home/sanya/fyp/W.I.P.E.R/ROS/wiper_ws/install/weedbot_interfaces/lib/python3.12/site-packages:/home/sanya/fyp/W.I.P.E.R/ROS/wiper_ws/build/weedbot_vision:/home/sanya/fyp/W.I.P.E.R/ROS/wiper_ws/install/weedbot_vision/lib/python3.12/site-packages:/home/sanya/fyp/W.I.P.E.R/ROS/wiper_ws/build/weedbot_simulation:/home/sanya/fyp/W.I.P.E.R/ROS/wiper_ws/install/weedbot_simulation/lib/python3.12/site-packages:/home/sanya/fyp/W.I.P.E.R/ROS/wiper_ws/build/weedbot_control:/home/sanya/fyp/W.I.P.E.R/ROS/wiper_ws/install/weedbot_control/lib/python3.12/site-packages:/opt/ros/jazzy/lib/python3.12/site-packages /usr/bin/python3 -W ignore:setup.py install is deprecated -W ignore:easy_install command is deprecated setup.py egg_info --egg-base ../../build/weedbot_vision build --build-base /home/sanya/fyp/W.I.P.E.R/ROS/wiper_ws/build/weedbot_vision/build install --record /home/sanya/fyp/W.I.P.E.R/ROS/wiper_ws/build/weedbot_vision/install.log --single-version-externally-managed install_data --force
[3.738s] running egg_info
[3.787s] writing ../../build/weedbot_vision/weedbot_vision.egg-info/PKG-INFO
[3.788s] writing dependency_links to ../../build/weedbot_vision/weedbot_vision.egg-info/dependency_links.txt
[3.788s] writing entry points to ../../build/weedbot_vision/weedbot_vision.egg-info/entry_points.txt
[3.789s] writing requirements to ../../build/weedbot_vision/weedbot_vision.egg-info/requires.txt
[3.789s] writing top-level names to ../../build/weedbot_vision/weedbot_vision.egg-info/top_level.txt
[3.880s] reading manifest file '../../build/weedbot_vision/weedbot_vision.egg-info/SOURCES.txt'
[3.882s] writing manifest file '../../build/weedbot_vision/weedbot_vision.egg-info/SOURCES.txt'
[3.882s] running build
[3.882s] running build_py
[3.883s] running install
[3.894s] running install_lib
[3.937s] creating /home/sanya/fyp/W.I.P.E.R/ROS/wiper_ws/install/weedbot_vision/lib/python3.12/site-packages/weedbot_vision
[3.938s] copying /home/sanya/fyp/W.I.P.E.R/ROS/wiper_ws/build/weedbot_vision/build/lib/weedbot_vision/camera_calibration.py -> /home/sanya/fyp/W.I.P.E.R/ROS/wiper_ws/install/weedbot_vision/lib/python3.12/site-packages/weedbot_vision
[3.938s] copying /home/sanya/fyp/W.I.P.E.R/ROS/wiper_ws/build/weedbot_vision/build/lib/weedbot_vision/detection_monitor.py -> /home/sanya/fyp/W.I.P.E.R/ROS/wiper_ws/install/weedbot_vision/lib/python3.12/site-packages/weedbot_vision
[3.939s] copying /home/sanya/fyp/W.I.P.E.R/ROS/wiper_ws/build/weedbot_vision/build/lib/weedbot_vision/camera_publisher.py -> /home/sanya/fyp/W.I.P.E.R/ROS/wiper_ws/install/weedbot_vision/lib/python3.12/site-packages/weedbot_vision
[3.939s] copying /home/sanya/fyp/W.I.P.E.R/ROS/wiper_ws/build/weedbot_vision/build/lib/weedbot_vision/vision_node.py -> /home/sanya/fyp/W.I.P.E.R/ROS/wiper_ws/install/weedbot_vision/lib/python3.12/site-packages/weedbot_vision
[3.939s] copying /home/sanya/fyp/W.I.P.E.R/ROS/wiper_ws/build/weedbot_vision/build/lib/weedbot_vision/__init__.py -> /home/sanya/fyp/W.I.P.E.R/ROS/wiper_ws/install/weedbot_vision/lib/python3.12/site-packages/weedbot_vision
[3.940s] byte-compiling /home/sanya/fyp/W.I.P.E.R/ROS/wiper_ws/install/weedbot_vision/lib/python3.12/site-packages/weedbot_vision/camera_calibration.py to camera_calibration.cpython-312.pyc
[3.946s] byte-compiling /home/sanya/fyp/W.I.P.E.R/ROS/wiper_ws/install/weedbot_vision/lib/python3.12/site-packages/weedbot_vision/detection_monitor.py to detection_monitor.cpython-312.pyc
[3.948s] byte-compiling /home/sanya/fyp/W.I.P.E.R/ROS/wiper_ws/install/weedbot_vision/lib/python3.12/site-packages/weedbot_vision/camera_publisher.py to camera_publisher.cpython-312.pyc
[3.950s] byte-compiling /home/sanya/fyp/W.I.P.E.R/ROS/wiper_ws/install/weedbot_vision/lib/python3.12/site-packages/weedbot_vision/vision_node.py to vision_node.cpython-312.pyc
[3.955s] byte-compiling /home/sanya/fyp/W.I.P.E.R/ROS/wiper_ws/install/weedbot_vision/lib/python3.12/site-packages/weedbot_vision/__init__.py to __init__.cpython-312.pyc
[3.955s] running install_data
[3.956s] copying resource/weedbot_vision -> /home/sanya/fyp/W.I.P.E.R/ROS/wiper_ws/install/weedbot_vision/share/ament_index/resource_index/packages
[3.956s] copying package.xml -> /home/sanya/fyp/W.I.P.E.R/ROS/wiper_ws/install/weedbot_vision/share/weedbot_vision
[3.956s] copying launch/calibration.launch.py -> /home/sanya/fyp/W.I.P.E.R/ROS/wiper_ws/install/weedbot_vision/share/weedbot_vision/launch
[3.956s] copying launch/vision_launch.py -> /home/sanya/fyp/W.I.P.E.R/ROS/wiper_ws/install/weedbot_vision/share/weedbot_vision/launch
[3.957s] copying config/vision_params.yaml -> /home/sanya/fyp/W.I.P.E.R/ROS/wiper_ws/install/weedbot_vision/share/weedbot_vision/config
[3.957s] running install_egg_info
[4.012s] Copying ../../build/weedbot_vision/weedbot_vision.egg-info to /home/sanya/fyp/W.I.P.E.R/ROS/wiper_ws/install/weedbot_vision/lib/python3.12/site-packages/weedbot_vision-0.0.1-py3.12.egg-info
[4.014s] running install_scripts
[4.306s] Installing camera_calibration script to /home/sanya/fyp/W.I.P.E.R/ROS/wiper_ws/install/weedbot_vision/lib/weedbot_vision
[4.306s] Installing camera_publisher script to /home/sanya/fyp/W.I.P.E.R/ROS/wiper_ws/install/weedbot_vision/lib/weedbot_vision
[4.306s] Installing detection_monitor script to /home/sanya/fyp/W.I.P.E.R/ROS/wiper_ws/install/weedbot_vision/lib/weedbot_vision
[4.307s] Installing vision_node script to /home/sanya/fyp/W.I.P.E.R/ROS/wiper_ws/install/weedbot_vision/lib/weedbot_vision
[4.307s] writing list of installed files to '/home/sanya/fyp/W.I.P.E.R/ROS/wiper_ws/build/weedbot_vision/install.log'
[4.354s] Invoked command in '/home/sanya/fyp/W.I.P.E.R/ROS/wiper_ws/src/weedbot_vision' returned '0': DEBUGINFOD_URLS=https://debuginfod.ubuntu.com PYTHONPATH=/home/sanya/fyp/W.I.P.E.R/ROS/wiper_ws/build/weedbot_vision/prefix_override:/usr/lib/python3/dist-packages/colcon_core/task/python/colcon_distutils_commands:/home/sanya/fyp/W.I.P.E.R/ROS/wiper_ws/install/weedbot_vision/lib/python3.12/site-packages:/home/sanya/fyp/W.I.P.E.R/ROS/wiper_ws/install/weedbot_interfaces/lib/python3.12/site-packages:/home/sanya/fyp/W.I.P.E.R/ROS/wiper_ws/build/weedbot_vision:/home/sanya/fyp/W.I.P.E.R/ROS/wiper_ws/install/weedbot_vision/lib/python3.12/site-packages:/home/sanya/fyp/W.I.P.E.R/ROS/wiper_ws/build/weedbot_simulation:/home/sanya/fyp/W.I.P.E.R/ROS/wiper_ws/install/weedbot_simulation/lib/python3.12/site-packages:/home/sanya/fyp/W.I.P.E.R/ROS/wiper_ws/build/weedbot_control:/home/sanya/fyp/W.I.P.E.R/ROS/wiper_ws/install/weedbot_control/lib/python3.12/site-packages:/opt/ros/jazzy/lib/python3.12/site-packages /usr/bin/python3 -W ignore:setup.py install is deprecated -W ignore:easy_install command is deprecated setup.py egg_info --egg-base ../../build/weedbot_vision build --build-base /home/sanya/fyp/W.I.P.E.R/ROS/wiper_ws/build/weedbot_vision/build install --record /home/sanya/fyp/W.I.P.E.R/ROS/wiper_ws/build/weedbot_vision/install.log --single-version-externally-managed install_data --force
