[1.834s] Invoking command in '/home/fatima/W.I.P.E.R/ROS/wiper_ws/build/weedbot_vision': DEBUGINFOD_URLS=https://debuginfod.ubuntu.com PYTHONPATH=/home/fatima/W.I.P.E.R/ROS/wiper_ws/build/weedbot_vision/prefix_override:/usr/lib/python3/dist-packages/colcon_core/task/python/colcon_distutils_commands:/home/fatima/W.I.P.E.R/ROS/wiper_ws/install/weedbot_vision/lib/python3.12/site-packages:/home/fatima/W.I.P.E.R/ROS/wiper_ws/install/weedbot_interfaces/lib/python3.12/site-packages:/home/fatima/W.I.P.E.R/ROS/wiper_ws/build/weedbot_vision:/home/fatima/W.I.P.E.R/ROS/wiper_ws/install/weedbot_vision/lib/python3.12/site-packages:/home/fatima/W.I.P.E.R/ROS/wiper_ws/build/weedbot_simulation:/home/fatima/W.I.P.E.R/ROS/wiper_ws/install/weedbot_simulation/lib/python3.12/site-packages:/home/fatima/W.I.P.E.R/ROS/wiper_ws/build/weedbot_control:/home/fatima/W.I.P.E.R/ROS/wiper_ws/install/weedbot_control/lib/python3.12/site-packages:/opt/ros/jazzy/lib/python3.12/site-packages /usr/bin/python3 -W ignore:setup.py install is deprecated -W ignore:easy_install command is deprecated setup.py develop --editable --build-directory /home/fatima/W.I.P.E.R/ROS/wiper_ws/build/weedbot_vision/build --no-deps symlink_data
[2.267s] running develop
[2.533s] running egg_info
[2.556s] writing weedbot_vision.egg-info/PKG-INFO
[2.556s] writing dependency_links to weedbot_vision.egg-info/dependency_links.txt
[2.557s] writing entry points to weedbot_vision.egg-info/entry_points.txt
[2.557s] writing requirements to weedbot_vision.egg-info/requires.txt
[2.557s] writing top-level names to weedbot_vision.egg-info/top_level.txt
[2.602s] reading manifest file 'weedbot_vision.egg-info/SOURCES.txt'
[2.603s] writing manifest file 'weedbot_vision.egg-info/SOURCES.txt'
[2.631s] running build_ext
[2.631s] Creating /home/fatima/W.I.P.E.R/ROS/wiper_ws/install/weedbot_vision/lib/python3.12/site-packages/weedbot-vision.egg-link (link to .)
[2.632s] Installing camera_calibration script to /home/fatima/W.I.P.E.R/ROS/wiper_ws/install/weedbot_vision/lib/weedbot_vision
[2.632s] Installing camera_publisher script to /home/fatima/W.I.P.E.R/ROS/wiper_ws/install/weedbot_vision/lib/weedbot_vision
[2.633s] Installing detection_monitor script to /home/fatima/W.I.P.E.R/ROS/wiper_ws/install/weedbot_vision/lib/weedbot_vision
[2.633s] Installing vision_node script to /home/fatima/W.I.P.E.R/ROS/wiper_ws/install/weedbot_vision/lib/weedbot_vision
[2.633s] 
[2.633s] Installed /home/fatima/W.I.P.E.R/ROS/wiper_ws/build/weedbot_vision
[2.633s] running symlink_data
[2.671s] Invoked command in '/home/fatima/W.I.P.E.R/ROS/wiper_ws/build/weedbot_vision' returned '0': DEBUGINFOD_URLS=https://debuginfod.ubuntu.com PYTHONPATH=/home/fatima/W.I.P.E.R/ROS/wiper_ws/build/weedbot_vision/prefix_override:/usr/lib/python3/dist-packages/colcon_core/task/python/colcon_distutils_commands:/home/fatima/W.I.P.E.R/ROS/wiper_ws/install/weedbot_vision/lib/python3.12/site-packages:/home/fatima/W.I.P.E.R/ROS/wiper_ws/install/weedbot_interfaces/lib/python3.12/site-packages:/home/fatima/W.I.P.E.R/ROS/wiper_ws/build/weedbot_vision:/home/fatima/W.I.P.E.R/ROS/wiper_ws/install/weedbot_vision/lib/python3.12/site-packages:/home/fatima/W.I.P.E.R/ROS/wiper_ws/build/weedbot_simulation:/home/fatima/W.I.P.E.R/ROS/wiper_ws/install/weedbot_simulation/lib/python3.12/site-packages:/home/fatima/W.I.P.E.R/ROS/wiper_ws/build/weedbot_control:/home/fatima/W.I.P.E.R/ROS/wiper_ws/install/weedbot_control/lib/python3.12/site-packages:/opt/ros/jazzy/lib/python3.12/site-packages /usr/bin/python3 -W ignore:setup.py install is deprecated -W ignore:easy_install command is deprecated setup.py develop --editable --build-directory /home/fatima/W.I.P.E.R/ROS/wiper_ws/build/weedbot_vision/build --no-deps symlink_data
