[1.329s] Invoking command in '/home/hamza/wiper_ws/build/weedbot_vision': PYTHONPATH=/home/hamza/wiper_ws/build/weedbot_vision/prefix_override:/usr/lib/python3/dist-packages/colcon_core/task/python/colcon_distutils_commands:/home/hamza/wiper_ws/install/weedbot_vision/lib/python3.12/site-packages:/home/hamza/wiper_ws/install/weedbot_interfaces/lib/python3.12/site-packages:/home/hamza/wiper_ws/build/weedbot_vision:/home/hamza/wiper_ws/install/weedbot_vision/lib/python3.12/site-packages:/home/hamza/wiper_ws/build/weedbot_simulation:/home/hamza/wiper_ws/install/weedbot_simulation/lib/python3.12/site-packages:/home/hamza/wiper_ws/build/weedbot_control:/home/hamza/wiper_ws/install/weedbot_control/lib/python3.12/site-packages:/opt/ros/jazzy/lib/python3.12/site-packages /usr/bin/python3 -W ignore:setup.py install is deprecated -W ignore:easy_install command is deprecated setup.py develop --uninstall --editable --build-directory /home/hamza/wiper_ws/build/weedbot_vision/build
[1.768s] running develop
[2.057s] Removing /home/hamza/wiper_ws/install/weedbot_vision/lib/python3.12/site-packages/weedbot-vision.egg-link (link to .)
[2.093s] Invoked command in '/home/hamza/wiper_ws/build/weedbot_vision' returned '0': PYTHONPATH=/home/hamza/wiper_ws/build/weedbot_vision/prefix_override:/usr/lib/python3/dist-packages/colcon_core/task/python/colcon_distutils_commands:/home/hamza/wiper_ws/install/weedbot_vision/lib/python3.12/site-packages:/home/hamza/wiper_ws/install/weedbot_interfaces/lib/python3.12/site-packages:/home/hamza/wiper_ws/build/weedbot_vision:/home/hamza/wiper_ws/install/weedbot_vision/lib/python3.12/site-packages:/home/hamza/wiper_ws/build/weedbot_simulation:/home/hamza/wiper_ws/install/weedbot_simulation/lib/python3.12/site-packages:/home/hamza/wiper_ws/build/weedbot_control:/home/hamza/wiper_ws/install/weedbot_control/lib/python3.12/site-packages:/opt/ros/jazzy/lib/python3.12/site-packages /usr/bin/python3 -W ignore:setup.py install is deprecated -W ignore:easy_install command is deprecated setup.py develop --uninstall --editable --build-directory /home/hamza/wiper_ws/build/weedbot_vision/build
[2.112s] Invoking command in '/home/hamza/wiper_ws/src/weedbot_vision': PYTHONPATH=/home/hamza/wiper_ws/build/weedbot_vision/prefix_override:/usr/lib/python3/dist-packages/colcon_core/task/python/colcon_distutils_commands:/home/hamza/wiper_ws/install/weedbot_vision/lib/python3.12/site-packages:/home/hamza/wiper_ws/install/weedbot_interfaces/lib/python3.12/site-packages:/home/hamza/wiper_ws/build/weedbot_vision:/home/hamza/wiper_ws/install/weedbot_vision/lib/python3.12/site-packages:/home/hamza/wiper_ws/build/weedbot_simulation:/home/hamza/wiper_ws/install/weedbot_simulation/lib/python3.12/site-packages:/home/hamza/wiper_ws/build/weedbot_control:/home/hamza/wiper_ws/install/weedbot_control/lib/python3.12/site-packages:/opt/ros/jazzy/lib/python3.12/site-packages /usr/bin/python3 -W ignore:setup.py install is deprecated -W ignore:easy_install command is deprecated setup.py egg_info --egg-base ../../build/weedbot_vision build --build-base /home/hamza/wiper_ws/build/weedbot_vision/build install --record /home/hamza/wiper_ws/build/weedbot_vision/install.log --single-version-externally-managed install_data --force
[2.491s] running egg_info
[2.516s] writing ../../build/weedbot_vision/weedbot_vision.egg-info/PKG-INFO
[2.517s] writing dependency_links to ../../build/weedbot_vision/weedbot_vision.egg-info/dependency_links.txt
[2.517s] writing entry points to ../../build/weedbot_vision/weedbot_vision.egg-info/entry_points.txt
[2.518s] writing requirements to ../../build/weedbot_vision/weedbot_vision.egg-info/requires.txt
[2.518s] writing top-level names to ../../build/weedbot_vision/weedbot_vision.egg-info/top_level.txt
[2.573s] reading manifest file '../../build/weedbot_vision/weedbot_vision.egg-info/SOURCES.txt'
[2.574s] writing manifest file '../../build/weedbot_vision/weedbot_vision.egg-info/SOURCES.txt'
[2.575s] running build
[2.575s] running build_py
[2.575s] copying weedbot_vision/camera_calibration.py -> /home/hamza/wiper_ws/build/weedbot_vision/build/lib/weedbot_vision
[2.577s] copying weedbot_vision/camera_publisher.py -> /home/hamza/wiper_ws/build/weedbot_vision/build/lib/weedbot_vision
[2.577s] copying weedbot_vision/vision_node.py -> /home/hamza/wiper_ws/build/weedbot_vision/build/lib/weedbot_vision
[2.579s] running install
[2.588s] running install_lib
[2.623s] creating /home/hamza/wiper_ws/install/weedbot_vision/lib/python3.12/site-packages/weedbot_vision
[2.624s] copying /home/hamza/wiper_ws/build/weedbot_vision/build/lib/weedbot_vision/camera_calibration.py -> /home/hamza/wiper_ws/install/weedbot_vision/lib/python3.12/site-packages/weedbot_vision
[2.625s] copying /home/hamza/wiper_ws/build/weedbot_vision/build/lib/weedbot_vision/camera_publisher.py -> /home/hamza/wiper_ws/install/weedbot_vision/lib/python3.12/site-packages/weedbot_vision
[2.625s] copying /home/hamza/wiper_ws/build/weedbot_vision/build/lib/weedbot_vision/detection_monitor.py -> /home/hamza/wiper_ws/install/weedbot_vision/lib/python3.12/site-packages/weedbot_vision
[2.626s] copying /home/hamza/wiper_ws/build/weedbot_vision/build/lib/weedbot_vision/__init__.py -> /home/hamza/wiper_ws/install/weedbot_vision/lib/python3.12/site-packages/weedbot_vision
[2.626s] copying /home/hamza/wiper_ws/build/weedbot_vision/build/lib/weedbot_vision/vision_node.py -> /home/hamza/wiper_ws/install/weedbot_vision/lib/python3.12/site-packages/weedbot_vision
[2.627s] byte-compiling /home/hamza/wiper_ws/install/weedbot_vision/lib/python3.12/site-packages/weedbot_vision/camera_calibration.py to camera_calibration.cpython-312.pyc
[2.629s]   File "/home/hamza/wiper_ws/install/weedbot_vision/lib/python3.12/site-packages/weedbot_vision/camera_calibration.py", line 31
[2.629s]     I am particularly interested in applying machine learning to scientific workflows such as event classification, anomaly detection, and pattern discovery in large datasets—areas directly relevant to modern experimental physics. I have hands-on experience with experiment tracking, feature engineering pipelines, and model evaluation under real-time and near-real-time constraints, which aligns closely with trigger systems and online/offline analysis concepts.
[2.629s]                                                                                                                                                                               ^
[2.629s] SyntaxError: invalid character '—' (U+2014)
[2.629s] 
[2.629s] byte-compiling /home/hamza/wiper_ws/install/weedbot_vision/lib/python3.12/site-packages/weedbot_vision/camera_publisher.py to camera_publisher.cpython-312.pyc
[2.632s] byte-compiling /home/hamza/wiper_ws/install/weedbot_vision/lib/python3.12/site-packages/weedbot_vision/detection_monitor.py to detection_monitor.cpython-312.pyc
[2.634s] byte-compiling /home/hamza/wiper_ws/install/weedbot_vision/lib/python3.12/site-packages/weedbot_vision/__init__.py to __init__.cpython-312.pyc
[2.635s] byte-compiling /home/hamza/wiper_ws/install/weedbot_vision/lib/python3.12/site-packages/weedbot_vision/vision_node.py to vision_node.cpython-312.pyc
[2.642s] running install_data
[2.643s] copying resource/weedbot_vision -> /home/hamza/wiper_ws/install/weedbot_vision/share/ament_index/resource_index/packages
[2.643s] copying package.xml -> /home/hamza/wiper_ws/install/weedbot_vision/share/weedbot_vision
[2.643s] copying launch/calibration.launch.py -> /home/hamza/wiper_ws/install/weedbot_vision/share/weedbot_vision/launch
[2.644s] copying launch/vision_launch.py -> /home/hamza/wiper_ws/install/weedbot_vision/share/weedbot_vision/launch
[2.644s] copying config/vision_params.yaml -> /home/hamza/wiper_ws/install/weedbot_vision/share/weedbot_vision/config
[2.645s] running install_egg_info
[2.677s] Copying ../../build/weedbot_vision/weedbot_vision.egg-info to /home/hamza/wiper_ws/install/weedbot_vision/lib/python3.12/site-packages/weedbot_vision-0.0.1-py3.12.egg-info
[2.680s] running install_scripts
[2.873s] Installing camera_calibration script to /home/hamza/wiper_ws/install/weedbot_vision/lib/weedbot_vision
[2.874s] Installing camera_publisher script to /home/hamza/wiper_ws/install/weedbot_vision/lib/weedbot_vision
[2.874s] Installing detection_monitor script to /home/hamza/wiper_ws/install/weedbot_vision/lib/weedbot_vision
[2.874s] Installing vision_node script to /home/hamza/wiper_ws/install/weedbot_vision/lib/weedbot_vision
[2.875s] writing list of installed files to '/home/hamza/wiper_ws/build/weedbot_vision/install.log'
[2.906s] Invoked command in '/home/hamza/wiper_ws/src/weedbot_vision' returned '0': PYTHONPATH=/home/hamza/wiper_ws/build/weedbot_vision/prefix_override:/usr/lib/python3/dist-packages/colcon_core/task/python/colcon_distutils_commands:/home/hamza/wiper_ws/install/weedbot_vision/lib/python3.12/site-packages:/home/hamza/wiper_ws/install/weedbot_interfaces/lib/python3.12/site-packages:/home/hamza/wiper_ws/build/weedbot_vision:/home/hamza/wiper_ws/install/weedbot_vision/lib/python3.12/site-packages:/home/hamza/wiper_ws/build/weedbot_simulation:/home/hamza/wiper_ws/install/weedbot_simulation/lib/python3.12/site-packages:/home/hamza/wiper_ws/build/weedbot_control:/home/hamza/wiper_ws/install/weedbot_control/lib/python3.12/site-packages:/opt/ros/jazzy/lib/python3.12/site-packages /usr/bin/python3 -W ignore:setup.py install is deprecated -W ignore:easy_install command is deprecated setup.py egg_info --egg-base ../../build/weedbot_vision build --build-base /home/hamza/wiper_ws/build/weedbot_vision/build install --record /home/hamza/wiper_ws/build/weedbot_vision/install.log --single-version-externally-managed install_data --force
