[0.053s] Invoking command in '/home/hamza/wiper_ws/build/weedbot_interfaces': CMAKE_PREFIX_PATH=${CMAKE_PREFIX_PATH}:/home/hamza/wiper_ws/install/weedbot_vision:/home/hamza/wiper_ws/install/weedbot_simulation:/home/hamza/wiper_ws/install/weedbot_control:/opt/ros/jazzy /usr/bin/cmake /home/hamza/wiper_ws/src/weedbot_interfaces -DAMENT_CMAKE_SYMLINK_INSTALL=1 -DCMAKE_INSTALL_PREFIX=/home/hamza/wiper_ws/install/weedbot_interfaces
[0.416s] -- Found ament_cmake: 2.5.5 (/opt/ros/jazzy/share/ament_cmake/cmake)
[0.417s] -- Found Python3: /usr/bin/python3 (found version "3.12.3") found components: Interpreter 
[0.418s] -- Override CMake install command with custom implementation using symlinks instead of copying resources
[0.419s] -- Found std_msgs: 5.3.6 (/opt/ros/jazzy/share/std_msgs/cmake)
[0.656s] -- Found rosidl_generator_c: 4.6.7 (/opt/ros/jazzy/share/rosidl_generator_c/cmake)
[0.680s] -- Found rosidl_generator_cpp: 4.6.7 (/opt/ros/jazzy/share/rosidl_generator_cpp/cmake)
[0.711s] -- Using all available rosidl_typesupport_c: rosidl_typesupport_fastrtps_c;rosidl_typesupport_introspection_c
[0.750s] -- Using all available rosidl_typesupport_cpp: rosidl_typesupport_fastrtps_cpp;rosidl_typesupport_introspection_cpp
[0.819s] -- Found sensor_msgs: 5.3.6 (/opt/ros/jazzy/share/sensor_msgs/cmake)
[0.935s] -- Found rosidl_default_generators: 1.6.0 (/opt/ros/jazzy/share/rosidl_default_generators/cmake)
[0.959s] -- Found rosidl_adapter: 4.6.7 (/opt/ros/jazzy/share/rosidl_adapter/cmake)
[1.513s] -- Found ament_cmake_ros: 0.12.0 (/opt/ros/jazzy/share/ament_cmake_ros/cmake)
[2.211s] -- Using all available rosidl_typesupport_c: rosidl_typesupport_fastrtps_c;rosidl_typesupport_introspection_c
[2.466s] -- Using all available rosidl_typesupport_cpp: rosidl_typesupport_fastrtps_cpp;rosidl_typesupport_introspection_cpp
[2.472s] -- Found python_cmake_module: 0.11.1 (/opt/ros/jazzy/share/python_cmake_module/cmake)
[3.056s] -- Found Python3: /usr/bin/python3 (found version "3.12.3") found components: Interpreter Development NumPy Development.Module Development.Embed 
[3.184s] -- Configuring done (3.1s)
[3.336s] -- Generating done (0.1s)
[3.359s] -- Build files have been written to: /home/hamza/wiper_ws/build/weedbot_interfaces
[3.373s] Invoked command in '/home/hamza/wiper_ws/build/weedbot_interfaces' returned '0': CMAKE_PREFIX_PATH=${CMAKE_PREFIX_PATH}:/home/hamza/wiper_ws/install/weedbot_vision:/home/hamza/wiper_ws/install/weedbot_simulation:/home/hamza/wiper_ws/install/weedbot_control:/opt/ros/jazzy /usr/bin/cmake /home/hamza/wiper_ws/src/weedbot_interfaces -DAMENT_CMAKE_SYMLINK_INSTALL=1 -DCMAKE_INSTALL_PREFIX=/home/hamza/wiper_ws/install/weedbot_interfaces
[3.376s] Invoking command in '/home/hamza/wiper_ws/build/weedbot_interfaces': CMAKE_PREFIX_PATH=${CMAKE_PREFIX_PATH}:/home/hamza/wiper_ws/install/weedbot_vision:/home/hamza/wiper_ws/install/weedbot_simulation:/home/hamza/wiper_ws/install/weedbot_control:/opt/ros/jazzy /usr/bin/cmake --build /home/hamza/wiper_ws/build/weedbot_interfaces -- -j12 -l12
[3.469s] [  2%] Built target weedbot_interfaces__rosidl_generator_type_description
[3.483s] [  2%] Built target ament_cmake_python_symlink_weedbot_interfaces
[3.487s] [  4%] [34m[1mGenerating C code for ROS interfaces[0m
[3.506s] [  6%] [34m[1mGenerating C++ code for ROS interfaces[0m
[3.908s] running egg_info
[3.942s] writing weedbot_interfaces.egg-info/PKG-INFO
[3.942s] writing dependency_links to weedbot_interfaces.egg-info/dependency_links.txt
[3.942s] writing top-level names to weedbot_interfaces.egg-info/top_level.txt
[4.045s] reading manifest file 'weedbot_interfaces.egg-info/SOURCES.txt'
[4.046s] writing manifest file 'weedbot_interfaces.egg-info/SOURCES.txt'
[4.096s] [  9%] Built target ament_cmake_python_build_weedbot_interfaces_egg
[4.097s] [  9%] [32mBuilding C object CMakeFiles/weedbot_interfaces__rosidl_generator_c.dir/rosidl_generator_c/weedbot_interfaces/msg/detail/weed_array__functions.c.o[0m
[4.097s] [ 11%] [32mBuilding C object CMakeFiles/weedbot_interfaces__rosidl_generator_c.dir/rosidl_generator_c/weedbot_interfaces/msg/detail/weed_array__description.c.o[0m
[4.098s] [ 15%] [32mBuilding C object CMakeFiles/weedbot_interfaces__rosidl_generator_c.dir/rosidl_generator_c/weedbot_interfaces/msg/detail/weed_detection__functions.c.o[0m
[4.098s] [ 15%] [32mBuilding C object CMakeFiles/weedbot_interfaces__rosidl_generator_c.dir/rosidl_generator_c/weedbot_interfaces/msg/detail/weed_array__type_support.c.o[0m
[4.099s] [ 18%] [32mBuilding C object CMakeFiles/weedbot_interfaces__rosidl_generator_c.dir/rosidl_generator_c/weedbot_interfaces/msg/detail/weed_detection__type_support.c.o[0m
[4.100s] [ 20%] [32mBuilding C object CMakeFiles/weedbot_interfaces__rosidl_generator_c.dir/rosidl_generator_c/weedbot_interfaces/msg/detail/weed_detection__description.c.o[0m
[4.179s] [ 20%] Built target weedbot_interfaces__cpp
[4.287s] [ 22%] [32m[1mLinking C shared library libweedbot_interfaces__rosidl_generator_c.so[0m
[4.543s] [ 22%] Built target weedbot_interfaces__rosidl_generator_c
[4.564s] [ 27%] [34m[1mGenerating C introspection for ROS interfaces[0m
[4.564s] [ 27%] [34m[1mGenerating C++ type support for eProsima Fast-RTPS[0m
[4.566s] [ 29%] [34m[1mGenerating C++ introspection for ROS interfaces[0m
[4.566s] [ 31%] [34m[1mGenerating C++ type support dispatch for ROS interfaces[0m
[4.570s] [ 34%] [34m[1mGenerating C type support for eProsima Fast-RTPS[0m
[4.571s] [ 36%] [34m[1mGenerating C type support dispatch for ROS interfaces[0m
[5.099s] [ 38%] [32mBuilding CXX object CMakeFiles/weedbot_interfaces__rosidl_typesupport_cpp.dir/rosidl_typesupport_cpp/weedbot_interfaces/msg/weed_detection__type_support.cpp.o[0m
[5.103s] [ 40%] [32mBuilding CXX object CMakeFiles/weedbot_interfaces__rosidl_typesupport_cpp.dir/rosidl_typesupport_cpp/weedbot_interfaces/msg/weed_array__type_support.cpp.o[0m
[5.192s] [ 43%] [32mBuilding CXX object CMakeFiles/weedbot_interfaces__rosidl_typesupport_c.dir/rosidl_typesupport_c/weedbot_interfaces/msg/weed_detection__type_support.cpp.o[0m
[5.192s] [ 45%] [32mBuilding CXX object CMakeFiles/weedbot_interfaces__rosidl_typesupport_c.dir/rosidl_typesupport_c/weedbot_interfaces/msg/weed_array__type_support.cpp.o[0m
[5.210s] [ 50%] [32mBuilding C object CMakeFiles/weedbot_interfaces__rosidl_typesupport_introspection_c.dir/rosidl_typesupport_introspection_c/weedbot_interfaces/msg/detail/weed_array__type_support.c.o[0m
[5.210s] [ 50%] [32mBuilding C object CMakeFiles/weedbot_interfaces__rosidl_typesupport_introspection_c.dir/rosidl_typesupport_introspection_c/weedbot_interfaces/msg/detail/weed_detection__type_support.c.o[0m
[5.291s] [ 54%] [32mBuilding CXX object CMakeFiles/weedbot_interfaces__rosidl_typesupport_introspection_cpp.dir/rosidl_typesupport_introspection_cpp/weedbot_interfaces/msg/detail/weed_array__type_support.cpp.o[0m
[5.291s] [ 54%] [32mBuilding CXX object CMakeFiles/weedbot_interfaces__rosidl_typesupport_introspection_cpp.dir/rosidl_typesupport_introspection_cpp/weedbot_interfaces/msg/detail/weed_detection__type_support.cpp.o[0m
[5.359s] [ 56%] [32m[1mLinking C shared library libweedbot_interfaces__rosidl_typesupport_introspection_c.so[0m
[5.363s] [ 59%] [32m[1mLinking CXX shared library libweedbot_interfaces__rosidl_typesupport_c.so[0m
[5.409s] [ 63%] [32mBuilding CXX object CMakeFiles/weedbot_interfaces__rosidl_typesupport_fastrtps_c.dir/rosidl_typesupport_fastrtps_c/weedbot_interfaces/msg/detail/weed_array__type_support_c.cpp.o[0m
[5.409s] [ 63%] [32mBuilding CXX object CMakeFiles/weedbot_interfaces__rosidl_typesupport_fastrtps_c.dir/rosidl_typesupport_fastrtps_c/weedbot_interfaces/msg/detail/weed_detection__type_support_c.cpp.o[0m
[5.440s] [ 65%] [32mBuilding CXX object CMakeFiles/weedbot_interfaces__rosidl_typesupport_fastrtps_cpp.dir/rosidl_typesupport_fastrtps_cpp/weedbot_interfaces/msg/detail/dds_fastrtps/weed_detection__type_support.cpp.o[0m
[5.440s] [ 68%] [32mBuilding CXX object CMakeFiles/weedbot_interfaces__rosidl_typesupport_fastrtps_cpp.dir/rosidl_typesupport_fastrtps_cpp/weedbot_interfaces/msg/detail/dds_fastrtps/weed_array__type_support.cpp.o[0m
[5.499s] [ 68%] Built target weedbot_interfaces__rosidl_typesupport_introspection_c
[5.515s] [ 68%] Built target weedbot_interfaces__rosidl_typesupport_c
[5.951s] [ 70%] [32m[1mLinking CXX shared library libweedbot_interfaces__rosidl_typesupport_cpp.so[0m
[6.116s] [ 70%] Built target weedbot_interfaces__rosidl_typesupport_cpp
[6.359s] [ 72%] [32m[1mLinking CXX shared library libweedbot_interfaces__rosidl_typesupport_introspection_cpp.so[0m
[6.460s] [ 75%] [32m[1mLinking CXX shared library libweedbot_interfaces__rosidl_typesupport_fastrtps_c.so[0m
[6.588s] [ 77%] [32m[1mLinking CXX shared library libweedbot_interfaces__rosidl_typesupport_fastrtps_cpp.so[0m
[6.602s] [ 77%] Built target weedbot_interfaces__rosidl_typesupport_introspection_cpp
[6.635s] [ 77%] Built target weedbot_interfaces__rosidl_typesupport_fastrtps_c
[6.792s] [ 77%] Built target weedbot_interfaces__rosidl_typesupport_fastrtps_cpp
[6.837s] [ 77%] Built target weedbot_interfaces
[6.898s] [ 79%] [34m[1mGenerating Python code for ROS interfaces[0m
[7.545s] [ 79%] Built target weedbot_interfaces__py
[7.600s] [ 81%] [32mBuilding C object CMakeFiles/weedbot_interfaces__rosidl_generator_py.dir/rosidl_generator_py/weedbot_interfaces/msg/_weed_detection_s.c.o[0m
[7.601s] [ 84%] [32mBuilding C object CMakeFiles/weedbot_interfaces__rosidl_generator_py.dir/rosidl_generator_py/weedbot_interfaces/msg/_weed_array_s.c.o[0m
[7.994s] [ 86%] [32m[1mLinking C shared library libweedbot_interfaces__rosidl_generator_py.so[0m
[8.203s] [ 86%] Built target weedbot_interfaces__rosidl_generator_py
[8.248s] [ 88%] [32mBuilding C object CMakeFiles/weedbot_interfaces_s__rosidl_typesupport_introspection_c.dir/rosidl_generator_py/weedbot_interfaces/_weedbot_interfaces_s.ep.rosidl_typesupport_introspection_c.c.o[0m
[8.249s] [ 90%] [32mBuilding C object CMakeFiles/weedbot_interfaces_s__rosidl_typesupport_fastrtps_c.dir/rosidl_generator_py/weedbot_interfaces/_weedbot_interfaces_s.ep.rosidl_typesupport_fastrtps_c.c.o[0m
[8.250s] [ 93%] [32mBuilding C object CMakeFiles/weedbot_interfaces_s__rosidl_typesupport_c.dir/rosidl_generator_py/weedbot_interfaces/_weedbot_interfaces_s.ep.rosidl_typesupport_c.c.o[0m
[8.429s] [ 95%] [32m[1mLinking C shared module rosidl_generator_py/weedbot_interfaces/weedbot_interfaces_s__rosidl_typesupport_introspection_c.so[0m
[8.429s] [ 97%] [32m[1mLinking C shared module rosidl_generator_py/weedbot_interfaces/weedbot_interfaces_s__rosidl_typesupport_c.so[0m
[8.461s] [100%] [32m[1mLinking C shared module rosidl_generator_py/weedbot_interfaces/weedbot_interfaces_s__rosidl_typesupport_fastrtps_c.so[0m
[8.524s] [100%] Built target weedbot_interfaces_s__rosidl_typesupport_c
[8.525s] [100%] Built target weedbot_interfaces_s__rosidl_typesupport_introspection_c
[8.598s] [100%] Built target weedbot_interfaces_s__rosidl_typesupport_fastrtps_c
[8.618s] Invoked command in '/home/hamza/wiper_ws/build/weedbot_interfaces' returned '0': CMAKE_PREFIX_PATH=${CMAKE_PREFIX_PATH}:/home/hamza/wiper_ws/install/weedbot_vision:/home/hamza/wiper_ws/install/weedbot_simulation:/home/hamza/wiper_ws/install/weedbot_control:/opt/ros/jazzy /usr/bin/cmake --build /home/hamza/wiper_ws/build/weedbot_interfaces -- -j12 -l12
[8.636s] Invoking command in '/home/hamza/wiper_ws/build/weedbot_interfaces': CMAKE_PREFIX_PATH=${CMAKE_PREFIX_PATH}:/home/hamza/wiper_ws/install/weedbot_vision:/home/hamza/wiper_ws/install/weedbot_simulation:/home/hamza/wiper_ws/install/weedbot_control:/opt/ros/jazzy /usr/bin/cmake --install /home/hamza/wiper_ws/build/weedbot_interfaces
[8.650s] -- Install configuration: ""
[8.651s] -- Execute custom install script
[8.651s] -- Up-to-date symlink: /home/hamza/wiper_ws/install/weedbot_interfaces/share/ament_index/resource_index/rosidl_interfaces/weedbot_interfaces
[8.652s] -- Up-to-date symlink: /home/hamza/wiper_ws/install/weedbot_interfaces/share/weedbot_interfaces/msg/WeedDetection.json
[8.652s] -- Up-to-date symlink: /home/hamza/wiper_ws/install/weedbot_interfaces/share/weedbot_interfaces/msg/WeedArray.json
[8.653s] -- Up-to-date symlink: /home/hamza/wiper_ws/install/weedbot_interfaces/include/weedbot_interfaces/weedbot_interfaces/msg/detail/weed_array__functions.h
[8.653s] -- Up-to-date symlink: /home/hamza/wiper_ws/install/weedbot_interfaces/include/weedbot_interfaces/weedbot_interfaces/msg/detail/weed_array__struct.h
[8.653s] -- Up-to-date symlink: /home/hamza/wiper_ws/install/weedbot_interfaces/include/weedbot_interfaces/weedbot_interfaces/msg/detail/weed_array__type_support.h
[8.654s] -- Up-to-date symlink: /home/hamza/wiper_ws/install/weedbot_interfaces/include/weedbot_interfaces/weedbot_interfaces/msg/detail/weed_detection__functions.h
[8.654s] -- Up-to-date symlink: /home/hamza/wiper_ws/install/weedbot_interfaces/include/weedbot_interfaces/weedbot_interfaces/msg/detail/weed_detection__struct.h
[8.654s] -- Up-to-date symlink: /home/hamza/wiper_ws/install/weedbot_interfaces/include/weedbot_interfaces/weedbot_interfaces/msg/detail/weed_detection__type_support.h
[8.655s] -- Up-to-date symlink: /home/hamza/wiper_ws/install/weedbot_interfaces/include/weedbot_interfaces/weedbot_interfaces/msg/rosidl_generator_c__visibility_control.h
[8.655s] -- Up-to-date symlink: /home/hamza/wiper_ws/install/weedbot_interfaces/include/weedbot_interfaces/weedbot_interfaces/msg/weed_array.h
[8.655s] -- Up-to-date symlink: /home/hamza/wiper_ws/install/weedbot_interfaces/include/weedbot_interfaces/weedbot_interfaces/msg/weed_detection.h
[8.655s] -- Up-to-date symlink: /home/hamza/wiper_ws/install/weedbot_interfaces/share/weedbot_interfaces/environment/library_path.sh
[8.655s] -- Up-to-date symlink: /home/hamza/wiper_ws/install/weedbot_interfaces/share/weedbot_interfaces/environment/library_path.dsv
[8.656s] -- Up-to-date symlink: /home/hamza/wiper_ws/install/weedbot_interfaces/include/weedbot_interfaces/weedbot_interfaces/msg/detail/weed_array__rosidl_typesupport_fastrtps_c.h
[8.656s] -- Up-to-date symlink: /home/hamza/wiper_ws/install/weedbot_interfaces/include/weedbot_interfaces/weedbot_interfaces/msg/detail/weed_detection__rosidl_typesupport_fastrtps_c.h
[8.656s] -- Up-to-date symlink: /home/hamza/wiper_ws/install/weedbot_interfaces/include/weedbot_interfaces/weedbot_interfaces/msg/rosidl_typesupport_fastrtps_c__visibility_control.h
[8.657s] -- Up-to-date symlink: /home/hamza/wiper_ws/install/weedbot_interfaces/include/weedbot_interfaces/weedbot_interfaces/msg/detail/weed_array__builder.hpp
[8.657s] -- Up-to-date symlink: /home/hamza/wiper_ws/install/weedbot_interfaces/include/weedbot_interfaces/weedbot_interfaces/msg/detail/weed_array__struct.hpp
[8.657s] -- Up-to-date symlink: /home/hamza/wiper_ws/install/weedbot_interfaces/include/weedbot_interfaces/weedbot_interfaces/msg/detail/weed_array__traits.hpp
[8.658s] -- Up-to-date symlink: /home/hamza/wiper_ws/install/weedbot_interfaces/include/weedbot_interfaces/weedbot_interfaces/msg/detail/weed_array__type_support.hpp
[8.658s] -- Up-to-date symlink: /home/hamza/wiper_ws/install/weedbot_interfaces/include/weedbot_interfaces/weedbot_interfaces/msg/detail/weed_detection__builder.hpp
[8.658s] -- Up-to-date symlink: /home/hamza/wiper_ws/install/weedbot_interfaces/include/weedbot_interfaces/weedbot_interfaces/msg/detail/weed_detection__struct.hpp
[8.658s] -- Up-to-date symlink: /home/hamza/wiper_ws/install/weedbot_interfaces/include/weedbot_interfaces/weedbot_interfaces/msg/detail/weed_detection__traits.hpp
[8.659s] -- Up-to-date symlink: /home/hamza/wiper_ws/install/weedbot_interfaces/include/weedbot_interfaces/weedbot_interfaces/msg/detail/weed_detection__type_support.hpp
[8.659s] -- Up-to-date symlink: /home/hamza/wiper_ws/install/weedbot_interfaces/include/weedbot_interfaces/weedbot_interfaces/msg/rosidl_generator_cpp__visibility_control.hpp
[8.659s] -- Up-to-date symlink: /home/hamza/wiper_ws/install/weedbot_interfaces/include/weedbot_interfaces/weedbot_interfaces/msg/weed_array.hpp
[8.660s] -- Up-to-date symlink: /home/hamza/wiper_ws/install/weedbot_interfaces/include/weedbot_interfaces/weedbot_interfaces/msg/weed_detection.hpp
[8.661s] -- Up-to-date symlink: /home/hamza/wiper_ws/install/weedbot_interfaces/include/weedbot_interfaces/weedbot_interfaces/msg/detail/weed_array__rosidl_typesupport_fastrtps_cpp.hpp
[8.661s] -- Up-to-date symlink: /home/hamza/wiper_ws/install/weedbot_interfaces/include/weedbot_interfaces/weedbot_interfaces/msg/detail/weed_detection__rosidl_typesupport_fastrtps_cpp.hpp
[8.661s] -- Up-to-date symlink: /home/hamza/wiper_ws/install/weedbot_interfaces/include/weedbot_interfaces/weedbot_interfaces/msg/rosidl_typesupport_fastrtps_cpp__visibility_control.h
[8.662s] -- Up-to-date symlink: /home/hamza/wiper_ws/install/weedbot_interfaces/include/weedbot_interfaces/weedbot_interfaces/msg/detail/weed_array__rosidl_typesupport_introspection_c.h
[8.662s] -- Up-to-date symlink: /home/hamza/wiper_ws/install/weedbot_interfaces/include/weedbot_interfaces/weedbot_interfaces/msg/detail/weed_detection__rosidl_typesupport_introspection_c.h
[8.662s] -- Up-to-date symlink: /home/hamza/wiper_ws/install/weedbot_interfaces/include/weedbot_interfaces/weedbot_interfaces/msg/rosidl_typesupport_introspection_c__visibility_control.h
[8.663s] -- Up-to-date symlink: /home/hamza/wiper_ws/install/weedbot_interfaces/include/weedbot_interfaces/weedbot_interfaces/msg/detail/weed_array__rosidl_typesupport_introspection_cpp.hpp
[8.663s] -- Up-to-date symlink: /home/hamza/wiper_ws/install/weedbot_interfaces/include/weedbot_interfaces/weedbot_interfaces/msg/detail/weed_detection__rosidl_typesupport_introspection_cpp.hpp
[8.663s] -- Up-to-date symlink: /home/hamza/wiper_ws/install/weedbot_interfaces/share/weedbot_interfaces/environment/pythonpath.sh
[8.663s] -- Up-to-date symlink: /home/hamza/wiper_ws/install/weedbot_interfaces/share/weedbot_interfaces/environment/pythonpath.dsv
[8.664s] -- Up-to-date symlink: /home/hamza/wiper_ws/install/weedbot_interfaces/lib/python3.12/site-packages/weedbot_interfaces-0.0.1-py3.12.egg-info/PKG-INFO
[8.664s] -- Up-to-date symlink: /home/hamza/wiper_ws/install/weedbot_interfaces/lib/python3.12/site-packages/weedbot_interfaces-0.0.1-py3.12.egg-info/SOURCES.txt
[8.664s] -- Up-to-date symlink: /home/hamza/wiper_ws/install/weedbot_interfaces/lib/python3.12/site-packages/weedbot_interfaces-0.0.1-py3.12.egg-info/dependency_links.txt
[8.665s] -- Up-to-date symlink: /home/hamza/wiper_ws/install/weedbot_interfaces/lib/python3.12/site-packages/weedbot_interfaces-0.0.1-py3.12.egg-info/top_level.txt
[8.666s] -- Up-to-date symlink: /home/hamza/wiper_ws/install/weedbot_interfaces/lib/python3.12/site-packages/weedbot_interfaces/__init__.py
[8.666s] -- Up-to-date symlink: /home/hamza/wiper_ws/install/weedbot_interfaces/lib/python3.12/site-packages/weedbot_interfaces/_weedbot_interfaces_s.ep.rosidl_typesupport_c.c
[8.666s] -- Up-to-date symlink: /home/hamza/wiper_ws/install/weedbot_interfaces/lib/python3.12/site-packages/weedbot_interfaces/_weedbot_interfaces_s.ep.rosidl_typesupport_fastrtps_c.c
[8.667s] -- Up-to-date symlink: /home/hamza/wiper_ws/install/weedbot_interfaces/lib/python3.12/site-packages/weedbot_interfaces/_weedbot_interfaces_s.ep.rosidl_typesupport_introspection_c.c
[8.667s] -- Up-to-date symlink: /home/hamza/wiper_ws/install/weedbot_interfaces/lib/python3.12/site-packages/weedbot_interfaces/msg/__init__.py
[8.667s] -- Up-to-date symlink: /home/hamza/wiper_ws/install/weedbot_interfaces/lib/python3.12/site-packages/weedbot_interfaces/msg/_weed_array.py
[8.667s] -- Up-to-date symlink: /home/hamza/wiper_ws/install/weedbot_interfaces/lib/python3.12/site-packages/weedbot_interfaces/msg/_weed_array_s.c
[8.668s] -- Up-to-date symlink: /home/hamza/wiper_ws/install/weedbot_interfaces/lib/python3.12/site-packages/weedbot_interfaces/msg/_weed_detection.py
[8.668s] -- Up-to-date symlink: /home/hamza/wiper_ws/install/weedbot_interfaces/lib/python3.12/site-packages/weedbot_interfaces/msg/_weed_detection_s.c
[8.668s] -- Up-to-date symlink: /home/hamza/wiper_ws/install/weedbot_interfaces/lib/python3.12/site-packages/weedbot_interfaces/weedbot_interfaces_s__rosidl_typesupport_c.so
[8.668s] -- Up-to-date symlink: /home/hamza/wiper_ws/install/weedbot_interfaces/lib/python3.12/site-packages/weedbot_interfaces/weedbot_interfaces_s__rosidl_typesupport_fastrtps_c.so
[8.669s] -- Up-to-date symlink: /home/hamza/wiper_ws/install/weedbot_interfaces/lib/python3.12/site-packages/weedbot_interfaces/weedbot_interfaces_s__rosidl_typesupport_introspection_c.so
[8.669s] -- Up-to-date symlink: /home/hamza/wiper_ws/install/weedbot_interfaces/lib/python3.12/site-packages/weedbot_interfaces/weedbot_interfaces_s__rosidl_typesupport_fastrtps_c.so
[8.669s] -- Up-to-date symlink: /home/hamza/wiper_ws/install/weedbot_interfaces/lib/python3.12/site-packages/weedbot_interfaces/weedbot_interfaces_s__rosidl_typesupport_introspection_c.so
[8.670s] -- Up-to-date symlink: /home/hamza/wiper_ws/install/weedbot_interfaces/lib/python3.12/site-packages/weedbot_interfaces/weedbot_interfaces_s__rosidl_typesupport_c.so
[8.670s] -- Up-to-date symlink: /home/hamza/wiper_ws/install/weedbot_interfaces/share/weedbot_interfaces/msg/WeedDetection.idl
[8.670s] -- Up-to-date symlink: /home/hamza/wiper_ws/install/weedbot_interfaces/share/weedbot_interfaces/msg/WeedArray.idl
[8.670s] -- Up-to-date symlink: /home/hamza/wiper_ws/install/weedbot_interfaces/share/weedbot_interfaces/msg/WeedDetection.msg
[8.670s] -- Up-to-date symlink: /home/hamza/wiper_ws/install/weedbot_interfaces/share/weedbot_interfaces/msg/WeedArray.msg
[8.671s] -- Up-to-date symlink: /home/hamza/wiper_ws/install/weedbot_interfaces/share/ament_index/resource_index/package_run_dependencies/weedbot_interfaces
[8.671s] -- Up-to-date symlink: /home/hamza/wiper_ws/install/weedbot_interfaces/share/ament_index/resource_index/parent_prefix_path/weedbot_interfaces
[8.671s] -- Up-to-date symlink: /home/hamza/wiper_ws/install/weedbot_interfaces/share/weedbot_interfaces/environment/ament_prefix_path.sh
[8.671s] -- Up-to-date symlink: /home/hamza/wiper_ws/install/weedbot_interfaces/share/weedbot_interfaces/environment/ament_prefix_path.dsv
[8.672s] -- Up-to-date symlink: /home/hamza/wiper_ws/install/weedbot_interfaces/share/weedbot_interfaces/environment/path.sh
[8.672s] -- Up-to-date symlink: /home/hamza/wiper_ws/install/weedbot_interfaces/share/weedbot_interfaces/environment/path.dsv
[8.672s] -- Up-to-date symlink: /home/hamza/wiper_ws/install/weedbot_interfaces/share/weedbot_interfaces/local_setup.bash
[8.673s] -- Up-to-date symlink: /home/hamza/wiper_ws/install/weedbot_interfaces/share/weedbot_interfaces/local_setup.sh
[8.673s] -- Up-to-date symlink: /home/hamza/wiper_ws/install/weedbot_interfaces/share/weedbot_interfaces/local_setup.zsh
[8.673s] -- Up-to-date symlink: /home/hamza/wiper_ws/install/weedbot_interfaces/share/weedbot_interfaces/local_setup.dsv
[8.673s] -- Symlinking: /home/hamza/wiper_ws/install/weedbot_interfaces/share/weedbot_interfaces/package.dsv
[8.691s] -- Up-to-date symlink: /home/hamza/wiper_ws/install/weedbot_interfaces/share/ament_index/resource_index/packages/weedbot_interfaces
[8.691s] -- Up-to-date symlink: /home/hamza/wiper_ws/install/weedbot_interfaces/share/weedbot_interfaces/cmake/rosidl_cmake-extras.cmake
[8.692s] -- Up-to-date symlink: /home/hamza/wiper_ws/install/weedbot_interfaces/share/weedbot_interfaces/cmake/ament_cmake_export_dependencies-extras.cmake
[8.692s] -- Up-to-date symlink: /home/hamza/wiper_ws/install/weedbot_interfaces/share/weedbot_interfaces/cmake/ament_cmake_export_include_directories-extras.cmake
[8.692s] -- Up-to-date symlink: /home/hamza/wiper_ws/install/weedbot_interfaces/share/weedbot_interfaces/cmake/ament_cmake_export_libraries-extras.cmake
[8.692s] -- Up-to-date symlink: /home/hamza/wiper_ws/install/weedbot_interfaces/share/weedbot_interfaces/cmake/ament_cmake_export_targets-extras.cmake
[8.693s] -- Up-to-date symlink: /home/hamza/wiper_ws/install/weedbot_interfaces/share/weedbot_interfaces/cmake/rosidl_cmake_export_typesupport_targets-extras.cmake
[8.693s] -- Up-to-date symlink: /home/hamza/wiper_ws/install/weedbot_interfaces/share/weedbot_interfaces/cmake/rosidl_cmake_export_typesupport_libraries-extras.cmake
[8.694s] -- Up-to-date symlink: /home/hamza/wiper_ws/install/weedbot_interfaces/share/weedbot_interfaces/cmake/weedbot_interfacesConfig.cmake
[8.694s] -- Up-to-date symlink: /home/hamza/wiper_ws/install/weedbot_interfaces/share/weedbot_interfaces/cmake/weedbot_interfacesConfig-version.cmake
[8.694s] -- Up-to-date symlink: /home/hamza/wiper_ws/install/weedbot_interfaces/share/weedbot_interfaces/package.xml
[8.698s] -- Installing: /home/hamza/wiper_ws/install/weedbot_interfaces/lib/libweedbot_interfaces__rosidl_generator_c.so
[8.699s] -- Set non-toolchain portion of runtime path of "/home/hamza/wiper_ws/install/weedbot_interfaces/lib/libweedbot_interfaces__rosidl_generator_c.so" to ""
[8.701s] -- Installing: /home/hamza/wiper_ws/install/weedbot_interfaces/lib/libweedbot_interfaces__rosidl_typesupport_fastrtps_c.so
[8.702s] -- Set non-toolchain portion of runtime path of "/home/hamza/wiper_ws/install/weedbot_interfaces/lib/libweedbot_interfaces__rosidl_typesupport_fastrtps_c.so" to ""
[8.704s] -- Installing: /home/hamza/wiper_ws/install/weedbot_interfaces/lib/libweedbot_interfaces__rosidl_typesupport_fastrtps_cpp.so
[8.705s] -- Set non-toolchain portion of runtime path of "/home/hamza/wiper_ws/install/weedbot_interfaces/lib/libweedbot_interfaces__rosidl_typesupport_fastrtps_cpp.so" to ""
[8.706s] -- Installing: /home/hamza/wiper_ws/install/weedbot_interfaces/lib/libweedbot_interfaces__rosidl_typesupport_introspection_c.so
[8.707s] -- Set non-toolchain portion of runtime path of "/home/hamza/wiper_ws/install/weedbot_interfaces/lib/libweedbot_interfaces__rosidl_typesupport_introspection_c.so" to ""
[8.709s] -- Installing: /home/hamza/wiper_ws/install/weedbot_interfaces/lib/libweedbot_interfaces__rosidl_typesupport_c.so
[8.709s] -- Set non-toolchain portion of runtime path of "/home/hamza/wiper_ws/install/weedbot_interfaces/lib/libweedbot_interfaces__rosidl_typesupport_c.so" to ""
[8.711s] -- Installing: /home/hamza/wiper_ws/install/weedbot_interfaces/lib/libweedbot_interfaces__rosidl_typesupport_introspection_cpp.so
[8.712s] -- Set non-toolchain portion of runtime path of "/home/hamza/wiper_ws/install/weedbot_interfaces/lib/libweedbot_interfaces__rosidl_typesupport_introspection_cpp.so" to ""
[8.714s] -- Installing: /home/hamza/wiper_ws/install/weedbot_interfaces/lib/libweedbot_interfaces__rosidl_typesupport_cpp.so
[8.715s] -- Set non-toolchain portion of runtime path of "/home/hamza/wiper_ws/install/weedbot_interfaces/lib/libweedbot_interfaces__rosidl_typesupport_cpp.so" to ""
[8.791s] Listing '/home/hamza/wiper_ws/install/weedbot_interfaces/lib/python3.12/site-packages/weedbot_interfaces'...
[8.791s] Compiling '/home/hamza/wiper_ws/install/weedbot_interfaces/lib/python3.12/site-packages/weedbot_interfaces/__init__.py'...
[8.791s] Listing '/home/hamza/wiper_ws/install/weedbot_interfaces/lib/python3.12/site-packages/weedbot_interfaces/msg'...
[8.791s] Compiling '/home/hamza/wiper_ws/install/weedbot_interfaces/lib/python3.12/site-packages/weedbot_interfaces/msg/__init__.py'...
[8.792s] Compiling '/home/hamza/wiper_ws/install/weedbot_interfaces/lib/python3.12/site-packages/weedbot_interfaces/msg/_weed_array.py'...
[8.792s] Compiling '/home/hamza/wiper_ws/install/weedbot_interfaces/lib/python3.12/site-packages/weedbot_interfaces/msg/_weed_detection.py'...
[8.805s] -- Installing: /home/hamza/wiper_ws/install/weedbot_interfaces/lib/libweedbot_interfaces__rosidl_generator_py.so
[8.806s] -- Set non-toolchain portion of runtime path of "/home/hamza/wiper_ws/install/weedbot_interfaces/lib/libweedbot_interfaces__rosidl_generator_py.so" to ""
[8.808s] -- Up-to-date: /home/hamza/wiper_ws/install/weedbot_interfaces/share/weedbot_interfaces/cmake/export_weedbot_interfaces__rosidl_generator_cExport.cmake
[8.808s] -- Up-to-date: /home/hamza/wiper_ws/install/weedbot_interfaces/share/weedbot_interfaces/cmake/export_weedbot_interfaces__rosidl_generator_cExport-noconfig.cmake
[8.809s] -- Up-to-date: /home/hamza/wiper_ws/install/weedbot_interfaces/share/weedbot_interfaces/cmake/export_weedbot_interfaces__rosidl_typesupport_fastrtps_cExport.cmake
[8.809s] -- Up-to-date: /home/hamza/wiper_ws/install/weedbot_interfaces/share/weedbot_interfaces/cmake/export_weedbot_interfaces__rosidl_typesupport_fastrtps_cExport-noconfig.cmake
[8.809s] -- Up-to-date: /home/hamza/wiper_ws/install/weedbot_interfaces/share/weedbot_interfaces/cmake/export_weedbot_interfaces__rosidl_generator_cppExport.cmake
[8.810s] -- Up-to-date: /home/hamza/wiper_ws/install/weedbot_interfaces/share/weedbot_interfaces/cmake/export_weedbot_interfaces__rosidl_typesupport_fastrtps_cppExport.cmake
[8.811s] -- Up-to-date: /home/hamza/wiper_ws/install/weedbot_interfaces/share/weedbot_interfaces/cmake/export_weedbot_interfaces__rosidl_typesupport_fastrtps_cppExport-noconfig.cmake
[8.812s] -- Up-to-date: /home/hamza/wiper_ws/install/weedbot_interfaces/share/weedbot_interfaces/cmake/weedbot_interfaces__rosidl_typesupport_introspection_cExport.cmake
[8.812s] -- Up-to-date: /home/hamza/wiper_ws/install/weedbot_interfaces/share/weedbot_interfaces/cmake/weedbot_interfaces__rosidl_typesupport_introspection_cExport-noconfig.cmake
[8.813s] -- Up-to-date: /home/hamza/wiper_ws/install/weedbot_interfaces/share/weedbot_interfaces/cmake/weedbot_interfaces__rosidl_typesupport_cExport.cmake
[8.813s] -- Up-to-date: /home/hamza/wiper_ws/install/weedbot_interfaces/share/weedbot_interfaces/cmake/weedbot_interfaces__rosidl_typesupport_cExport-noconfig.cmake
[8.814s] -- Up-to-date: /home/hamza/wiper_ws/install/weedbot_interfaces/share/weedbot_interfaces/cmake/weedbot_interfaces__rosidl_typesupport_introspection_cppExport.cmake
[8.814s] -- Up-to-date: /home/hamza/wiper_ws/install/weedbot_interfaces/share/weedbot_interfaces/cmake/weedbot_interfaces__rosidl_typesupport_introspection_cppExport-noconfig.cmake
[8.814s] -- Up-to-date: /home/hamza/wiper_ws/install/weedbot_interfaces/share/weedbot_interfaces/cmake/weedbot_interfaces__rosidl_typesupport_cppExport.cmake
[8.815s] -- Up-to-date: /home/hamza/wiper_ws/install/weedbot_interfaces/share/weedbot_interfaces/cmake/weedbot_interfaces__rosidl_typesupport_cppExport-noconfig.cmake
[8.815s] -- Up-to-date: /home/hamza/wiper_ws/install/weedbot_interfaces/share/weedbot_interfaces/cmake/export_weedbot_interfaces__rosidl_generator_pyExport.cmake
[8.815s] -- Up-to-date: /home/hamza/wiper_ws/install/weedbot_interfaces/share/weedbot_interfaces/cmake/export_weedbot_interfaces__rosidl_generator_pyExport-noconfig.cmake
[8.821s] Invoked command in '/home/hamza/wiper_ws/build/weedbot_interfaces' returned '0': CMAKE_PREFIX_PATH=${CMAKE_PREFIX_PATH}:/home/hamza/wiper_ws/install/weedbot_vision:/home/hamza/wiper_ws/install/weedbot_simulation:/home/hamza/wiper_ws/install/weedbot_control:/opt/ros/jazzy /usr/bin/cmake --install /home/hamza/wiper_ws/build/weedbot_interfaces
