[1.777s] Invoking command in '/home/sanya/fyp/W.I.P.E.R/ROS/wiper_ws/build/weedbot_simulation': DEBUGINFOD_URLS=https://debuginfod.ubuntu.com PYTHONPATH=/home/sanya/fyp/W.I.P.E.R/ROS/wiper_ws/build/weedbot_simulation/prefix_override:/usr/lib/python3/dist-packages/colcon_core/task/python/colcon_distutils_commands:/home/sanya/fyp/W.I.P.E.R/ROS/wiper_ws/install/weedbot_simulation/lib/python3.12/site-packages:${PYTHONPATH} /usr/bin/python3 -W ignore:setup.py install is deprecated -W ignore:easy_install command is deprecated setup.py develop --uninstall --editable --build-directory /home/sanya/fyp/W.I.P.E.R/ROS/wiper_ws/build/weedbot_simulation/build
[2.430s] running develop
[2.947s] Removing /home/sanya/fyp/W.I.P.E.R/ROS/wiper_ws/install/weedbot_simulation/lib/python3.12/site-packages/weedbot-simulation.egg-link (link to .)
[2.990s] Invoked command in '/home/sanya/fyp/W.I.P.E.R/ROS/wiper_ws/build/weedbot_simulation' returned '0': DEBUGINFOD_URLS=https://debuginfod.ubuntu.com PYTHONPATH=/home/sanya/fyp/W.I.P.E.R/ROS/wiper_ws/build/weedbot_simulation/prefix_override:/usr/lib/python3/dist-packages/colcon_core/task/python/colcon_distutils_commands:/home/sanya/fyp/W.I.P.E.R/ROS/wiper_ws/install/weedbot_simulation/lib/python3.12/site-packages:${PYTHONPATH} /usr/bin/python3 -W ignore:setup.py install is deprecated -W ignore:easy_install command is deprecated setup.py develop --uninstall --editable --build-directory /home/sanya/fyp/W.I.P.E.R/ROS/wiper_ws/build/weedbot_simulation/build
[2.992s] Invoking command in '/home/sanya/fyp/W.I.P.E.R/ROS/wiper_ws/src/weedbot_simulation': DEBUGINFOD_URLS=https://debuginfod.ubuntu.com PYTHONPATH=/home/sanya/fyp/W.I.P.E.R/ROS/wiper_ws/build/weedbot_simulation/prefix_override:/usr/lib/python3/dist-packages/colcon_core/task/python/colcon_distutils_commands:/home/sanya/fyp/W.I.P.E.R/ROS/wiper_ws/install/weedbot_simulation/lib/python3.12/site-packages:${PYTHONPATH} /usr/bin/python3 -W ignore:setup.py install is deprecated -W ignore:easy_install command is deprecated setup.py egg_info --egg-base ../../build/weedbot_simulation build --build-base /home/sanya/fyp/W.I.P.E.R/ROS/wiper_ws/build/weedbot_simulation/build install --record /home/sanya/fyp/W.I.P.E.R/ROS/wiper_ws/build/weedbot_simulation/install.log --single-version-externally-managed install_data --force
[3.585s] running egg_info
[3.633s] writing ../../build/weedbot_simulation/weedbot_simulation.egg-info/PKG-INFO
[3.634s] writing dependency_links to ../../build/weedbot_simulation/weedbot_simulation.egg-info/dependency_links.txt
[3.634s] writing entry points to ../../build/weedbot_simulation/weedbot_simulation.egg-info/entry_points.txt
[3.635s] writing requirements to ../../build/weedbot_simulation/weedbot_simulation.egg-info/requires.txt
[3.635s] writing top-level names to ../../build/weedbot_simulation/weedbot_simulation.egg-info/top_level.txt
[3.725s] reading manifest file '../../build/weedbot_simulation/weedbot_simulation.egg-info/SOURCES.txt'
[3.727s] writing manifest file '../../build/weedbot_simulation/weedbot_simulation.egg-info/SOURCES.txt'
[3.727s] running build
[3.727s] running build_py
[3.728s] running install
[3.738s] running install_lib
[3.786s] creating /home/sanya/fyp/W.I.P.E.R/ROS/wiper_ws/install/weedbot_simulation/lib/python3.12/site-packages/weedbot_simulation
[3.787s] copying /home/sanya/fyp/W.I.P.E.R/ROS/wiper_ws/build/weedbot_simulation/build/lib/weedbot_simulation/__init__.py -> /home/sanya/fyp/W.I.P.E.R/ROS/wiper_ws/install/weedbot_simulation/lib/python3.12/site-packages/weedbot_simulation
[3.787s] byte-compiling /home/sanya/fyp/W.I.P.E.R/ROS/wiper_ws/install/weedbot_simulation/lib/python3.12/site-packages/weedbot_simulation/__init__.py to __init__.cpython-312.pyc
[3.788s] running install_data
[3.788s] copying resource/weedbot_simulation -> /home/sanya/fyp/W.I.P.E.R/ROS/wiper_ws/install/weedbot_simulation/share/ament_index/resource_index/packages
[3.788s] copying package.xml -> /home/sanya/fyp/W.I.P.E.R/ROS/wiper_ws/install/weedbot_simulation/share/weedbot_simulation
[3.789s] copying launch/simulation_launch.py -> /home/sanya/fyp/W.I.P.E.R/ROS/wiper_ws/install/weedbot_simulation/share/weedbot_simulation/launch
[3.789s] copying launch/full_system_launch.py -> /home/sanya/fyp/W.I.P.E.R/ROS/wiper_ws/install/weedbot_simulation/share/weedbot_simulation/launch
[3.789s] copying worlds/farm_field.world -> /home/sanya/fyp/W.I.P.E.R/ROS/wiper_ws/install/weedbot_simulation/share/weedbot_simulation/worlds
[3.790s] copying urdf/tractor.urdf.xacro -> /home/sanya/fyp/W.I.P.E.R/ROS/wiper_ws/install/weedbot_simulation/share/weedbot_simulation/urdf
[3.791s] copying models/weed/model.sdf -> /home/sanya/fyp/W.I.P.E.R/ROS/wiper_ws/install/weedbot_simulation/share/weedbot_simulation/models/weed
[3.791s] copying models/weed/model.config -> /home/sanya/fyp/W.I.P.E.R/ROS/wiper_ws/install/weedbot_simulation/share/weedbot_simulation/models/weed
[3.792s] running install_egg_info
[3.845s] Copying ../../build/weedbot_simulation/weedbot_simulation.egg-info to /home/sanya/fyp/W.I.P.E.R/ROS/wiper_ws/install/weedbot_simulation/lib/python3.12/site-packages/weedbot_simulation-1.0.0-py3.12.egg-info
[3.848s] running install_scripts
[4.149s] Installing laser_controller script to /home/sanya/fyp/W.I.P.E.R/ROS/wiper_ws/install/weedbot_simulation/lib/weedbot_simulation
[4.150s] Installing tractor_controller script to /home/sanya/fyp/W.I.P.E.R/ROS/wiper_ws/install/weedbot_simulation/lib/weedbot_simulation
[4.150s] Installing weed_spawner script to /home/sanya/fyp/W.I.P.E.R/ROS/wiper_ws/install/weedbot_simulation/lib/weedbot_simulation
[4.150s] writing list of installed files to '/home/sanya/fyp/W.I.P.E.R/ROS/wiper_ws/build/weedbot_simulation/install.log'
[4.192s] Invoked command in '/home/sanya/fyp/W.I.P.E.R/ROS/wiper_ws/src/weedbot_simulation' returned '0': DEBUGINFOD_URLS=https://debuginfod.ubuntu.com PYTHONPATH=/home/sanya/fyp/W.I.P.E.R/ROS/wiper_ws/build/weedbot_simulation/prefix_override:/usr/lib/python3/dist-packages/colcon_core/task/python/colcon_distutils_commands:/home/sanya/fyp/W.I.P.E.R/ROS/wiper_ws/install/weedbot_simulation/lib/python3.12/site-packages:${PYTHONPATH} /usr/bin/python3 -W ignore:setup.py install is deprecated -W ignore:easy_install command is deprecated setup.py egg_info --egg-base ../../build/weedbot_simulation build --build-base /home/sanya/fyp/W.I.P.E.R/ROS/wiper_ws/build/weedbot_simulation/build install --record /home/sanya/fyp/W.I.P.E.R/ROS/wiper_ws/build/weedbot_simulation/install.log --single-version-externally-managed install_data --force
