[0.146s] DEBUG:colcon:Command line arguments: ['/usr/bin/colcon', 'build', '--symlink-install']
[0.146s] DEBUG:colcon:Parsed command line arguments: Namespace(log_base=None, log_level=None, verb_name='build', build_base='build', install_base='install', merge_install=False, symlink_install=True, test_result_base=None, continue_on_error=False, executor='parallel', parallel_workers=12, event_handlers=None, ignore_user_meta=False, metas=['./colcon.meta'], base_paths=['.'], packages_ignore=None, packages_ignore_regex=None, paths=None, packages_up_to=None, packages_up_to_regex=None, packages_above=None, packages_above_and_dependencies=None, packages_above_depth=None, packages_select_by_dep=None, packages_skip_by_dep=None, packages_skip_up_to=None, packages_select_build_failed=False, packages_skip_build_finished=False, packages_select_test_failures=False, packages_skip_test_passed=False, packages_select=None, packages_skip=None, packages_select_regex=None, packages_skip_regex=None, packages_start=None, packages_end=None, allow_overriding=[], cmake_args=None, cmake_target=None, cmake_target_skip_unavailable=False, cmake_clean_cache=False, cmake_clean_first=False, cmake_force_configure=False, ament_cmake_args=None, catkin_cmake_args=None, catkin_skip_building_tests=False, verb_parser=<colcon_defaults.argument_parser.defaults.DefaultArgumentsDecorator object at 0x71134612b260>, verb_extension=<colcon_core.verb.build.BuildVerb object at 0x71134622f650>, main=<bound method BuildVerb.main of <colcon_core.verb.build.BuildVerb object at 0x71134622f650>>)
[0.190s] Level 1:colcon.colcon_core.package_discovery:discover_packages(colcon_meta) check parameters
[0.190s] Level 1:colcon.colcon_core.package_discovery:discover_packages(recursive) check parameters
[0.190s] Level 1:colcon.colcon_core.package_discovery:discover_packages(ignore) check parameters
[0.190s] Level 1:colcon.colcon_core.package_discovery:discover_packages(path) check parameters
[0.190s] Level 1:colcon.colcon_core.package_discovery:discover_packages(colcon_meta) discover
[0.190s] Level 1:colcon.colcon_core.package_discovery:discover_packages(recursive) discover
[0.191s] INFO:colcon.colcon_core.package_discovery:Crawling recursively for packages in '/home/hamza/wiper_ws'
[0.191s] Level 1:colcon.colcon_core.package_identification:_identify(.) by extensions ['ignore', 'ignore_ament_install']
[0.191s] Level 1:colcon.colcon_core.package_identification:_identify(.) by extension 'ignore'
[0.191s] Level 1:colcon.colcon_core.package_identification:_identify(.) by extension 'ignore_ament_install'
[0.191s] Level 1:colcon.colcon_core.package_identification:_identify(.) by extensions ['colcon_pkg']
[0.191s] Level 1:colcon.colcon_core.package_identification:_identify(.) by extension 'colcon_pkg'
[0.191s] Level 1:colcon.colcon_core.package_identification:_identify(.) by extensions ['colcon_meta']
[0.191s] Level 1:colcon.colcon_core.package_identification:_identify(.) by extension 'colcon_meta'
[0.191s] Level 1:colcon.colcon_core.package_identification:_identify(.) by extensions ['ros']
[0.191s] Level 1:colcon.colcon_core.package_identification:_identify(.) by extension 'ros'
[0.218s] Level 1:colcon.colcon_core.package_identification:_identify(.) by extensions ['cmake', 'python']
[0.218s] Level 1:colcon.colcon_core.package_identification:_identify(.) by extension 'cmake'
[0.218s] Level 1:colcon.colcon_core.package_identification:_identify(.) by extension 'python'
[0.218s] Level 1:colcon.colcon_core.package_identification:_identify(.) by extensions ['python_setup_py']
[0.218s] Level 1:colcon.colcon_core.package_identification:_identify(.) by extension 'python_setup_py'
[0.218s] Level 1:colcon.colcon_core.package_identification:_identify(build) by extensions ['ignore', 'ignore_ament_install']
[0.218s] Level 1:colcon.colcon_core.package_identification:_identify(build) by extension 'ignore'
[0.218s] Level 1:colcon.colcon_core.package_identification:_identify(build) ignored
[0.218s] Level 1:colcon.colcon_core.package_identification:_identify(install) by extensions ['ignore', 'ignore_ament_install']
[0.218s] Level 1:colcon.colcon_core.package_identification:_identify(install) by extension 'ignore'
[0.219s] Level 1:colcon.colcon_core.package_identification:_identify(install) ignored
[0.219s] Level 1:colcon.colcon_core.package_identification:_identify(log) by extensions ['ignore', 'ignore_ament_install']
[0.219s] Level 1:colcon.colcon_core.package_identification:_identify(log) by extension 'ignore'
[0.219s] Level 1:colcon.colcon_core.package_identification:_identify(log) ignored
[0.219s] Level 1:colcon.colcon_core.package_identification:_identify(src) by extensions ['ignore', 'ignore_ament_install']
[0.219s] Level 1:colcon.colcon_core.package_identification:_identify(src) by extension 'ignore'
[0.219s] Level 1:colcon.colcon_core.package_identification:_identify(src) by extension 'ignore_ament_install'
[0.219s] Level 1:colcon.colcon_core.package_identification:_identify(src) by extensions ['colcon_pkg']
[0.219s] Level 1:colcon.colcon_core.package_identification:_identify(src) by extension 'colcon_pkg'
[0.219s] Level 1:colcon.colcon_core.package_identification:_identify(src) by extensions ['colcon_meta']
[0.219s] Level 1:colcon.colcon_core.package_identification:_identify(src) by extension 'colcon_meta'
[0.219s] Level 1:colcon.colcon_core.package_identification:_identify(src) by extensions ['ros']
[0.219s] Level 1:colcon.colcon_core.package_identification:_identify(src) by extension 'ros'
[0.219s] Level 1:colcon.colcon_core.package_identification:_identify(src) by extensions ['cmake', 'python']
[0.219s] Level 1:colcon.colcon_core.package_identification:_identify(src) by extension 'cmake'
[0.219s] Level 1:colcon.colcon_core.package_identification:_identify(src) by extension 'python'
[0.220s] Level 1:colcon.colcon_core.package_identification:_identify(src) by extensions ['python_setup_py']
[0.220s] Level 1:colcon.colcon_core.package_identification:_identify(src) by extension 'python_setup_py'
[0.220s] Level 1:colcon.colcon_core.package_identification:_identify(src/weedbot_control) by extensions ['ignore', 'ignore_ament_install']
[0.220s] Level 1:colcon.colcon_core.package_identification:_identify(src/weedbot_control) by extension 'ignore'
[0.220s] Level 1:colcon.colcon_core.package_identification:_identify(src/weedbot_control) by extension 'ignore_ament_install'
[0.220s] Level 1:colcon.colcon_core.package_identification:_identify(src/weedbot_control) by extensions ['colcon_pkg']
[0.220s] Level 1:colcon.colcon_core.package_identification:_identify(src/weedbot_control) by extension 'colcon_pkg'
[0.220s] Level 1:colcon.colcon_core.package_identification:_identify(src/weedbot_control) by extensions ['colcon_meta']
[0.220s] Level 1:colcon.colcon_core.package_identification:_identify(src/weedbot_control) by extension 'colcon_meta'
[0.220s] Level 1:colcon.colcon_core.package_identification:_identify(src/weedbot_control) by extensions ['ros']
[0.220s] Level 1:colcon.colcon_core.package_identification:_identify(src/weedbot_control) by extension 'ros'
[0.223s] DEBUG:colcon.colcon_core.package_identification:Package 'src/weedbot_control' with type 'ros.ament_python' and name 'weedbot_control'
[0.224s] Level 1:colcon.colcon_core.package_identification:_identify(src/weedbot_interfaces) by extensions ['ignore', 'ignore_ament_install']
[0.224s] Level 1:colcon.colcon_core.package_identification:_identify(src/weedbot_interfaces) by extension 'ignore'
[0.224s] Level 1:colcon.colcon_core.package_identification:_identify(src/weedbot_interfaces) by extension 'ignore_ament_install'
[0.224s] Level 1:colcon.colcon_core.package_identification:_identify(src/weedbot_interfaces) by extensions ['colcon_pkg']
[0.224s] Level 1:colcon.colcon_core.package_identification:_identify(src/weedbot_interfaces) by extension 'colcon_pkg'
[0.224s] Level 1:colcon.colcon_core.package_identification:_identify(src/weedbot_interfaces) by extensions ['colcon_meta']
[0.224s] Level 1:colcon.colcon_core.package_identification:_identify(src/weedbot_interfaces) by extension 'colcon_meta'
[0.224s] Level 1:colcon.colcon_core.package_identification:_identify(src/weedbot_interfaces) by extensions ['ros']
[0.224s] Level 1:colcon.colcon_core.package_identification:_identify(src/weedbot_interfaces) by extension 'ros'
[0.225s] DEBUG:colcon.colcon_core.package_identification:Package 'src/weedbot_interfaces' with type 'ros.ament_cmake' and name 'weedbot_interfaces'
[0.225s] Level 1:colcon.colcon_core.package_identification:_identify(src/weedbot_vision) by extensions ['ignore', 'ignore_ament_install']
[0.225s] Level 1:colcon.colcon_core.package_identification:_identify(src/weedbot_vision) by extension 'ignore'
[0.225s] Level 1:colcon.colcon_core.package_identification:_identify(src/weedbot_vision) by extension 'ignore_ament_install'
[0.225s] Level 1:colcon.colcon_core.package_identification:_identify(src/weedbot_vision) by extensions ['colcon_pkg']
[0.225s] Level 1:colcon.colcon_core.package_identification:_identify(src/weedbot_vision) by extension 'colcon_pkg'
[0.225s] Level 1:colcon.colcon_core.package_identification:_identify(src/weedbot_vision) by extensions ['colcon_meta']
[0.226s] Level 1:colcon.colcon_core.package_identification:_identify(src/weedbot_vision) by extension 'colcon_meta'
[0.226s] Level 1:colcon.colcon_core.package_identification:_identify(src/weedbot_vision) by extensions ['ros']
[0.226s] Level 1:colcon.colcon_core.package_identification:_identify(src/weedbot_vision) by extension 'ros'
[0.226s] DEBUG:colcon.colcon_core.package_identification:Package 'src/weedbot_vision' with type 'ros.ament_python' and name 'weedbot_vision'
[0.226s] Level 1:colcon.colcon_core.package_discovery:discover_packages(recursive) using defaults
[0.227s] Level 1:colcon.colcon_core.package_discovery:discover_packages(ignore) discover
[0.227s] Level 1:colcon.colcon_core.package_discovery:discover_packages(ignore) using defaults
[0.227s] Level 1:colcon.colcon_core.package_discovery:discover_packages(path) discover
[0.227s] Level 1:colcon.colcon_core.package_discovery:discover_packages(path) using defaults
[0.245s] Level 1:colcon.colcon_core.package_discovery:discover_packages(prefix_path) check parameters
[0.245s] Level 1:colcon.colcon_core.package_discovery:discover_packages(prefix_path) discover
[0.246s] WARNING:colcon.colcon_ros.prefix_path.ament:The path '/home/hamza/wiper_ws/install/weedbot_vision' in the environment variable AMENT_PREFIX_PATH doesn't exist
[0.246s] WARNING:colcon.colcon_ros.prefix_path.ament:The path '/home/hamza/wiper_ws/install/weedbot_interfaces' in the environment variable AMENT_PREFIX_PATH doesn't exist
[0.246s] WARNING:colcon.colcon_ros.prefix_path.ament:The path '/home/hamza/wiper_ws/install/weedbot_control' in the environment variable AMENT_PREFIX_PATH doesn't exist
[0.246s] WARNING:colcon.colcon_ros.prefix_path.catkin:The path '/home/hamza/wiper_ws/install/weedbot_interfaces' in the environment variable CMAKE_PREFIX_PATH doesn't exist
[0.247s] DEBUG:colcon.colcon_installed_package_information.package_discovery:Found 0 installed packages in /home/hamza/wiper_ws/install
[0.248s] DEBUG:colcon.colcon_installed_package_information.package_discovery:Found 285 installed packages in /opt/ros/jazzy
[0.249s] Level 1:colcon.colcon_core.package_discovery:discover_packages(prefix_path) using defaults
[0.298s] Level 5:colcon.colcon_core.verb:set package 'weedbot_control' build argument 'cmake_args' from command line to 'None'
[0.298s] Level 5:colcon.colcon_core.verb:set package 'weedbot_control' build argument 'cmake_target' from command line to 'None'
[0.298s] Level 5:colcon.colcon_core.verb:set package 'weedbot_control' build argument 'cmake_target_skip_unavailable' from command line to 'False'
[0.298s] Level 5:colcon.colcon_core.verb:set package 'weedbot_control' build argument 'cmake_clean_cache' from command line to 'False'
[0.298s] Level 5:colcon.colcon_core.verb:set package 'weedbot_control' build argument 'cmake_clean_first' from command line to 'False'
[0.298s] Level 5:colcon.colcon_core.verb:set package 'weedbot_control' build argument 'cmake_force_configure' from command line to 'False'
[0.298s] Level 5:colcon.colcon_core.verb:set package 'weedbot_control' build argument 'ament_cmake_args' from command line to 'None'
[0.298s] Level 5:colcon.colcon_core.verb:set package 'weedbot_control' build argument 'catkin_cmake_args' from command line to 'None'
[0.298s] Level 5:colcon.colcon_core.verb:set package 'weedbot_control' build argument 'catkin_skip_building_tests' from command line to 'False'
[0.298s] DEBUG:colcon.colcon_core.verb:Building package 'weedbot_control' with the following arguments: {'ament_cmake_args': None, 'build_base': '/home/hamza/wiper_ws/build/weedbot_control', 'catkin_cmake_args': None, 'catkin_skip_building_tests': False, 'cmake_args': None, 'cmake_clean_cache': False, 'cmake_clean_first': False, 'cmake_force_configure': False, 'cmake_target': None, 'cmake_target_skip_unavailable': False, 'install_base': '/home/hamza/wiper_ws/install/weedbot_control', 'merge_install': False, 'path': '/home/hamza/wiper_ws/src/weedbot_control', 'symlink_install': True, 'test_result_base': None}
[0.298s] Level 5:colcon.colcon_core.verb:set package 'weedbot_interfaces' build argument 'cmake_args' from command line to 'None'
[0.298s] Level 5:colcon.colcon_core.verb:set package 'weedbot_interfaces' build argument 'cmake_target' from command line to 'None'
[0.298s] Level 5:colcon.colcon_core.verb:set package 'weedbot_interfaces' build argument 'cmake_target_skip_unavailable' from command line to 'False'
[0.298s] Level 5:colcon.colcon_core.verb:set package 'weedbot_interfaces' build argument 'cmake_clean_cache' from command line to 'False'
[0.298s] Level 5:colcon.colcon_core.verb:set package 'weedbot_interfaces' build argument 'cmake_clean_first' from command line to 'False'
[0.298s] Level 5:colcon.colcon_core.verb:set package 'weedbot_interfaces' build argument 'cmake_force_configure' from command line to 'False'
[0.298s] Level 5:colcon.colcon_core.verb:set package 'weedbot_interfaces' build argument 'ament_cmake_args' from command line to 'None'
[0.298s] Level 5:colcon.colcon_core.verb:set package 'weedbot_interfaces' build argument 'catkin_cmake_args' from command line to 'None'
[0.299s] Level 5:colcon.colcon_core.verb:set package 'weedbot_interfaces' build argument 'catkin_skip_building_tests' from command line to 'False'
[0.299s] DEBUG:colcon.colcon_core.verb:Building package 'weedbot_interfaces' with the following arguments: {'ament_cmake_args': None, 'build_base': '/home/hamza/wiper_ws/build/weedbot_interfaces', 'catkin_cmake_args': None, 'catkin_skip_building_tests': False, 'cmake_args': None, 'cmake_clean_cache': False, 'cmake_clean_first': False, 'cmake_force_configure': False, 'cmake_target': None, 'cmake_target_skip_unavailable': False, 'install_base': '/home/hamza/wiper_ws/install/weedbot_interfaces', 'merge_install': False, 'path': '/home/hamza/wiper_ws/src/weedbot_interfaces', 'symlink_install': True, 'test_result_base': None}
[0.299s] Level 5:colcon.colcon_core.verb:set package 'weedbot_vision' build argument 'cmake_args' from command line to 'None'
[0.299s] Level 5:colcon.colcon_core.verb:set package 'weedbot_vision' build argument 'cmake_target' from command line to 'None'
[0.299s] Level 5:colcon.colcon_core.verb:set package 'weedbot_vision' build argument 'cmake_target_skip_unavailable' from command line to 'False'
[0.299s] Level 5:colcon.colcon_core.verb:set package 'weedbot_vision' build argument 'cmake_clean_cache' from command line to 'False'
[0.299s] Level 5:colcon.colcon_core.verb:set package 'weedbot_vision' build argument 'cmake_clean_first' from command line to 'False'
[0.299s] Level 5:colcon.colcon_core.verb:set package 'weedbot_vision' build argument 'cmake_force_configure' from command line to 'False'
[0.299s] Level 5:colcon.colcon_core.verb:set package 'weedbot_vision' build argument 'ament_cmake_args' from command line to 'None'
[0.299s] Level 5:colcon.colcon_core.verb:set package 'weedbot_vision' build argument 'catkin_cmake_args' from command line to 'None'
[0.299s] Level 5:colcon.colcon_core.verb:set package 'weedbot_vision' build argument 'catkin_skip_building_tests' from command line to 'False'
[0.299s] DEBUG:colcon.colcon_core.verb:Building package 'weedbot_vision' with the following arguments: {'ament_cmake_args': None, 'build_base': '/home/hamza/wiper_ws/build/weedbot_vision', 'catkin_cmake_args': None, 'catkin_skip_building_tests': False, 'cmake_args': None, 'cmake_clean_cache': False, 'cmake_clean_first': False, 'cmake_force_configure': False, 'cmake_target': None, 'cmake_target_skip_unavailable': False, 'install_base': '/home/hamza/wiper_ws/install/weedbot_vision', 'merge_install': False, 'path': '/home/hamza/wiper_ws/src/weedbot_vision', 'symlink_install': True, 'test_result_base': None}
[0.299s] INFO:colcon.colcon_core.executor:Executing jobs using 'parallel' executor
[0.300s] DEBUG:colcon.colcon_parallel_executor.executor.parallel:run_until_complete
[0.301s] INFO:colcon.colcon_ros.task.ament_cmake.build:Building ROS package in '/home/hamza/wiper_ws/src/weedbot_interfaces' with build type 'ament_cmake'
[0.301s] INFO:colcon.colcon_cmake.task.cmake.build:Building CMake package in '/home/hamza/wiper_ws/src/weedbot_interfaces'
[0.303s] INFO:colcon.colcon_core.plugin_system:Skipping extension 'colcon_core.shell.bat': Not used on non-Windows systems
[0.304s] INFO:colcon.colcon_core.shell:Skip shell extension 'powershell' for command environment: Not usable outside of PowerShell
[0.304s] DEBUG:colcon.colcon_core.shell:Skip shell extension 'dsv' for command environment
[0.307s] INFO:colcon.colcon_ros.task.ament_python.build:Building ROS package in '/home/hamza/wiper_ws/src/weedbot_control' with build type 'ament_python'
[0.307s] Level 1:colcon.colcon_core.shell:create_environment_hook('weedbot_control', 'ament_prefix_path')
[0.308s] INFO:colcon.colcon_core.shell:Creating environment hook '/home/hamza/wiper_ws/install/weedbot_control/share/weedbot_control/hook/ament_prefix_path.ps1'
[0.310s] INFO:colcon.colcon_core.shell:Creating environment descriptor '/home/hamza/wiper_ws/install/weedbot_control/share/weedbot_control/hook/ament_prefix_path.dsv'
[0.311s] INFO:colcon.colcon_core.shell:Creating environment hook '/home/hamza/wiper_ws/install/weedbot_control/share/weedbot_control/hook/ament_prefix_path.sh'
[0.311s] INFO:colcon.colcon_core.shell:Skip shell extension 'powershell' for command environment: Not usable outside of PowerShell
[0.311s] DEBUG:colcon.colcon_core.shell:Skip shell extension 'dsv' for command environment
[0.321s] DEBUG:colcon.colcon_core.event_handler.log_command:Invoking command in '/home/hamza/wiper_ws/build/weedbot_interfaces': CMAKE_PREFIX_PATH=${CMAKE_PREFIX_PATH}:/home/hamza/wiper_ws/install/weedbot_vision:/home/hamza/wiper_ws/install/weedbot_control:/opt/ros/jazzy /usr/bin/cmake /home/hamza/wiper_ws/src/weedbot_interfaces -DAMENT_CMAKE_SYMLINK_INSTALL=1 -DCMAKE_INSTALL_PREFIX=/home/hamza/wiper_ws/install/weedbot_interfaces
[0.554s] INFO:colcon.colcon_core.task.python.build:Building Python package in '/home/hamza/wiper_ws/src/weedbot_control'
[0.554s] INFO:colcon.colcon_core.shell:Skip shell extension 'powershell' for command environment: Not usable outside of PowerShell
[0.555s] DEBUG:colcon.colcon_core.shell:Skip shell extension 'dsv' for command environment
[1.254s] DEBUG:colcon.colcon_core.event_handler.log_command:Invoking command in '/home/hamza/wiper_ws/build/weedbot_control': PYTHONPATH=/home/hamza/wiper_ws/build/weedbot_control/prefix_override:/usr/lib/python3/dist-packages/colcon_core/task/python/colcon_distutils_commands:/home/hamza/wiper_ws/install/weedbot_control/lib/python3.12/site-packages:${PYTHONPATH} /usr/bin/python3 -W ignore:setup.py install is deprecated -W ignore:easy_install command is deprecated setup.py develop --editable --build-directory /home/hamza/wiper_ws/build/weedbot_control/build --no-deps symlink_data
[2.008s] Level 1:colcon.colcon_core.shell:create_environment_hook('weedbot_control', 'pythonpath_develop')
[2.008s] INFO:colcon.colcon_core.shell:Creating environment hook '/home/hamza/wiper_ws/build/weedbot_control/share/weedbot_control/hook/pythonpath_develop.ps1'
[2.009s] DEBUG:colcon.colcon_core.event_handler.log_command:Invoked command in '/home/hamza/wiper_ws/build/weedbot_control' returned '0': PYTHONPATH=/home/hamza/wiper_ws/build/weedbot_control/prefix_override:/usr/lib/python3/dist-packages/colcon_core/task/python/colcon_distutils_commands:/home/hamza/wiper_ws/install/weedbot_control/lib/python3.12/site-packages:${PYTHONPATH} /usr/bin/python3 -W ignore:setup.py install is deprecated -W ignore:easy_install command is deprecated setup.py develop --editable --build-directory /home/hamza/wiper_ws/build/weedbot_control/build --no-deps symlink_data
[2.010s] INFO:colcon.colcon_core.shell:Creating environment descriptor '/home/hamza/wiper_ws/build/weedbot_control/share/weedbot_control/hook/pythonpath_develop.dsv'
[2.010s] INFO:colcon.colcon_core.shell:Creating environment hook '/home/hamza/wiper_ws/build/weedbot_control/share/weedbot_control/hook/pythonpath_develop.sh'
[2.013s] Level 1:colcon.colcon_core.environment:checking '/home/hamza/wiper_ws/install/weedbot_control' for CMake module files
[2.013s] Level 1:colcon.colcon_core.environment:checking '/home/hamza/wiper_ws/install/weedbot_control' for CMake config files
[2.014s] Level 1:colcon.colcon_core.environment:checking '/home/hamza/wiper_ws/install/weedbot_control/lib'
[2.014s] Level 1:colcon.colcon_core.environment:checking '/home/hamza/wiper_ws/install/weedbot_control/bin'
[2.014s] Level 1:colcon.colcon_core.environment:checking '/home/hamza/wiper_ws/install/weedbot_control/lib/pkgconfig/weedbot_control.pc'
[2.014s] Level 1:colcon.colcon_core.environment:checking '/home/hamza/wiper_ws/install/weedbot_control/lib/python3.12/site-packages'
[2.015s] Level 1:colcon.colcon_core.shell:create_environment_hook('weedbot_control', 'pythonpath')
[2.015s] INFO:colcon.colcon_core.shell:Creating environment hook '/home/hamza/wiper_ws/install/weedbot_control/share/weedbot_control/hook/pythonpath.ps1'
[2.015s] INFO:colcon.colcon_core.shell:Creating environment descriptor '/home/hamza/wiper_ws/install/weedbot_control/share/weedbot_control/hook/pythonpath.dsv'
[2.016s] INFO:colcon.colcon_core.shell:Creating environment hook '/home/hamza/wiper_ws/install/weedbot_control/share/weedbot_control/hook/pythonpath.sh'
[2.016s] Level 1:colcon.colcon_core.environment:checking '/home/hamza/wiper_ws/install/weedbot_control/bin'
[2.016s] Level 1:colcon.colcon_core.environment:create_environment_scripts_only(weedbot_control)
[2.017s] INFO:colcon.colcon_core.shell:Creating package script '/home/hamza/wiper_ws/install/weedbot_control/share/weedbot_control/package.ps1'
[2.018s] INFO:colcon.colcon_core.shell:Creating package descriptor '/home/hamza/wiper_ws/install/weedbot_control/share/weedbot_control/package.dsv'
[2.018s] INFO:colcon.colcon_core.shell:Creating package script '/home/hamza/wiper_ws/install/weedbot_control/share/weedbot_control/package.sh'
[2.019s] INFO:colcon.colcon_core.shell:Creating package script '/home/hamza/wiper_ws/install/weedbot_control/share/weedbot_control/package.bash'
[2.020s] INFO:colcon.colcon_core.shell:Creating package script '/home/hamza/wiper_ws/install/weedbot_control/share/weedbot_control/package.zsh'
[2.020s] Level 1:colcon.colcon_core.environment:create_file_with_runtime_dependencies(/home/hamza/wiper_ws/install/weedbot_control/share/colcon-core/packages/weedbot_control)
[4.923s] DEBUG:colcon.colcon_core.event_handler.log_command:Invoked command in '/home/hamza/wiper_ws/build/weedbot_interfaces' returned '0': CMAKE_PREFIX_PATH=${CMAKE_PREFIX_PATH}:/home/hamza/wiper_ws/install/weedbot_vision:/home/hamza/wiper_ws/install/weedbot_control:/opt/ros/jazzy /usr/bin/cmake /home/hamza/wiper_ws/src/weedbot_interfaces -DAMENT_CMAKE_SYMLINK_INSTALL=1 -DCMAKE_INSTALL_PREFIX=/home/hamza/wiper_ws/install/weedbot_interfaces
[4.925s] DEBUG:colcon.colcon_core.event_handler.log_command:Invoking command in '/home/hamza/wiper_ws/build/weedbot_interfaces': CMAKE_PREFIX_PATH=${CMAKE_PREFIX_PATH}:/home/hamza/wiper_ws/install/weedbot_vision:/home/hamza/wiper_ws/install/weedbot_control:/opt/ros/jazzy /usr/bin/cmake --build /home/hamza/wiper_ws/build/weedbot_interfaces -- -j12 -l12
[8.846s] DEBUG:colcon.colcon_core.event_handler.log_command:Invoked command in '/home/hamza/wiper_ws/build/weedbot_interfaces' returned '0': CMAKE_PREFIX_PATH=${CMAKE_PREFIX_PATH}:/home/hamza/wiper_ws/install/weedbot_vision:/home/hamza/wiper_ws/install/weedbot_control:/opt/ros/jazzy /usr/bin/cmake --build /home/hamza/wiper_ws/build/weedbot_interfaces -- -j12 -l12
[8.858s] DEBUG:colcon.colcon_core.event_handler.log_command:Invoking command in '/home/hamza/wiper_ws/build/weedbot_interfaces': CMAKE_PREFIX_PATH=${CMAKE_PREFIX_PATH}:/home/hamza/wiper_ws/install/weedbot_vision:/home/hamza/wiper_ws/install/weedbot_control:/opt/ros/jazzy /usr/bin/cmake --install /home/hamza/wiper_ws/build/weedbot_interfaces
[9.831s] Level 1:colcon.colcon_core.environment:create_environment_scripts_only(weedbot_interfaces)
[9.831s] Level 1:colcon.colcon_core.environment:checking '/home/hamza/wiper_ws/install/weedbot_interfaces' for CMake module files
[9.832s] DEBUG:colcon.colcon_core.event_handler.log_command:Invoked command in '/home/hamza/wiper_ws/build/weedbot_interfaces' returned '0': CMAKE_PREFIX_PATH=${CMAKE_PREFIX_PATH}:/home/hamza/wiper_ws/install/weedbot_vision:/home/hamza/wiper_ws/install/weedbot_control:/opt/ros/jazzy /usr/bin/cmake --install /home/hamza/wiper_ws/build/weedbot_interfaces
[9.833s] Level 1:colcon.colcon_core.environment:checking '/home/hamza/wiper_ws/install/weedbot_interfaces' for CMake config files
[9.834s] Level 1:colcon.colcon_core.shell:create_environment_hook('weedbot_interfaces', 'cmake_prefix_path')
[9.834s] INFO:colcon.colcon_core.shell:Creating environment hook '/home/hamza/wiper_ws/install/weedbot_interfaces/share/weedbot_interfaces/hook/cmake_prefix_path.ps1'
[9.835s] INFO:colcon.colcon_core.shell:Creating environment descriptor '/home/hamza/wiper_ws/install/weedbot_interfaces/share/weedbot_interfaces/hook/cmake_prefix_path.dsv'
[9.835s] INFO:colcon.colcon_core.shell:Creating environment hook '/home/hamza/wiper_ws/install/weedbot_interfaces/share/weedbot_interfaces/hook/cmake_prefix_path.sh'
[9.836s] Level 1:colcon.colcon_core.environment:checking '/home/hamza/wiper_ws/install/weedbot_interfaces/lib'
[9.836s] Level 1:colcon.colcon_core.shell:create_environment_hook('weedbot_interfaces', 'ld_library_path_lib')
[9.836s] INFO:colcon.colcon_core.shell:Creating environment hook '/home/hamza/wiper_ws/install/weedbot_interfaces/share/weedbot_interfaces/hook/ld_library_path_lib.ps1'
[9.837s] INFO:colcon.colcon_core.shell:Creating environment descriptor '/home/hamza/wiper_ws/install/weedbot_interfaces/share/weedbot_interfaces/hook/ld_library_path_lib.dsv'
[9.837s] INFO:colcon.colcon_core.shell:Creating environment hook '/home/hamza/wiper_ws/install/weedbot_interfaces/share/weedbot_interfaces/hook/ld_library_path_lib.sh'
[9.838s] Level 1:colcon.colcon_core.environment:checking '/home/hamza/wiper_ws/install/weedbot_interfaces/bin'
[9.838s] Level 1:colcon.colcon_core.environment:checking '/home/hamza/wiper_ws/install/weedbot_interfaces/lib/pkgconfig/weedbot_interfaces.pc'
[9.838s] Level 1:colcon.colcon_core.environment:checking '/home/hamza/wiper_ws/install/weedbot_interfaces/lib/python3.12/site-packages'
[9.838s] Level 1:colcon.colcon_core.shell:create_environment_hook('weedbot_interfaces', 'pythonpath')
[9.838s] INFO:colcon.colcon_core.shell:Creating environment hook '/home/hamza/wiper_ws/install/weedbot_interfaces/share/weedbot_interfaces/hook/pythonpath.ps1'
[9.839s] INFO:colcon.colcon_core.shell:Creating environment descriptor '/home/hamza/wiper_ws/install/weedbot_interfaces/share/weedbot_interfaces/hook/pythonpath.dsv'
[9.839s] INFO:colcon.colcon_core.shell:Creating environment hook '/home/hamza/wiper_ws/install/weedbot_interfaces/share/weedbot_interfaces/hook/pythonpath.sh'
[9.840s] Level 1:colcon.colcon_core.environment:checking '/home/hamza/wiper_ws/install/weedbot_interfaces/bin'
[9.840s] INFO:colcon.colcon_core.shell:Creating package script '/home/hamza/wiper_ws/install/weedbot_interfaces/share/weedbot_interfaces/package.ps1'
[9.841s] INFO:colcon.colcon_core.shell:Creating package descriptor '/home/hamza/wiper_ws/install/weedbot_interfaces/share/weedbot_interfaces/package.dsv'
[9.842s] INFO:colcon.colcon_core.shell:Creating package script '/home/hamza/wiper_ws/install/weedbot_interfaces/share/weedbot_interfaces/package.sh'
[9.843s] INFO:colcon.colcon_core.shell:Creating package script '/home/hamza/wiper_ws/install/weedbot_interfaces/share/weedbot_interfaces/package.bash'
[9.843s] INFO:colcon.colcon_core.shell:Creating package script '/home/hamza/wiper_ws/install/weedbot_interfaces/share/weedbot_interfaces/package.zsh'
[9.843s] Level 1:colcon.colcon_core.environment:create_file_with_runtime_dependencies(/home/hamza/wiper_ws/install/weedbot_interfaces/share/colcon-core/packages/weedbot_interfaces)
[9.845s] Level 1:colcon.colcon_core.environment:create_environment_scripts_only(weedbot_interfaces)
[9.845s] Level 1:colcon.colcon_core.environment:checking '/home/hamza/wiper_ws/install/weedbot_interfaces' for CMake module files
[9.847s] Level 1:colcon.colcon_core.environment:checking '/home/hamza/wiper_ws/install/weedbot_interfaces' for CMake config files
[9.848s] Level 1:colcon.colcon_core.shell:create_environment_hook('weedbot_interfaces', 'cmake_prefix_path')
[9.848s] INFO:colcon.colcon_core.shell:Creating environment hook '/home/hamza/wiper_ws/install/weedbot_interfaces/share/weedbot_interfaces/hook/cmake_prefix_path.ps1'
[9.849s] INFO:colcon.colcon_core.shell:Creating environment descriptor '/home/hamza/wiper_ws/install/weedbot_interfaces/share/weedbot_interfaces/hook/cmake_prefix_path.dsv'
[9.849s] INFO:colcon.colcon_core.shell:Creating environment hook '/home/hamza/wiper_ws/install/weedbot_interfaces/share/weedbot_interfaces/hook/cmake_prefix_path.sh'
[9.850s] Level 1:colcon.colcon_core.environment:checking '/home/hamza/wiper_ws/install/weedbot_interfaces/lib'
[9.850s] Level 1:colcon.colcon_core.shell:create_environment_hook('weedbot_interfaces', 'ld_library_path_lib')
[9.850s] INFO:colcon.colcon_core.shell:Creating environment hook '/home/hamza/wiper_ws/install/weedbot_interfaces/share/weedbot_interfaces/hook/ld_library_path_lib.ps1'
[9.851s] INFO:colcon.colcon_core.shell:Creating environment descriptor '/home/hamza/wiper_ws/install/weedbot_interfaces/share/weedbot_interfaces/hook/ld_library_path_lib.dsv'
[9.851s] INFO:colcon.colcon_core.shell:Creating environment hook '/home/hamza/wiper_ws/install/weedbot_interfaces/share/weedbot_interfaces/hook/ld_library_path_lib.sh'
[9.851s] Level 1:colcon.colcon_core.environment:checking '/home/hamza/wiper_ws/install/weedbot_interfaces/bin'
[9.852s] Level 1:colcon.colcon_core.environment:checking '/home/hamza/wiper_ws/install/weedbot_interfaces/lib/pkgconfig/weedbot_interfaces.pc'
[9.852s] Level 1:colcon.colcon_core.environment:checking '/home/hamza/wiper_ws/install/weedbot_interfaces/lib/python3.12/site-packages'
[9.852s] Level 1:colcon.colcon_core.shell:create_environment_hook('weedbot_interfaces', 'pythonpath')
[9.852s] INFO:colcon.colcon_core.shell:Creating environment hook '/home/hamza/wiper_ws/install/weedbot_interfaces/share/weedbot_interfaces/hook/pythonpath.ps1'
[9.853s] INFO:colcon.colcon_core.shell:Creating environment descriptor '/home/hamza/wiper_ws/install/weedbot_interfaces/share/weedbot_interfaces/hook/pythonpath.dsv'
[9.853s] INFO:colcon.colcon_core.shell:Creating environment hook '/home/hamza/wiper_ws/install/weedbot_interfaces/share/weedbot_interfaces/hook/pythonpath.sh'
[9.854s] Level 1:colcon.colcon_core.environment:checking '/home/hamza/wiper_ws/install/weedbot_interfaces/bin'
[9.855s] INFO:colcon.colcon_core.shell:Creating package script '/home/hamza/wiper_ws/install/weedbot_interfaces/share/weedbot_interfaces/package.ps1'
[9.856s] INFO:colcon.colcon_core.shell:Creating package descriptor '/home/hamza/wiper_ws/install/weedbot_interfaces/share/weedbot_interfaces/package.dsv'
[9.857s] INFO:colcon.colcon_core.shell:Creating package script '/home/hamza/wiper_ws/install/weedbot_interfaces/share/weedbot_interfaces/package.sh'
[9.858s] INFO:colcon.colcon_core.shell:Creating package script '/home/hamza/wiper_ws/install/weedbot_interfaces/share/weedbot_interfaces/package.bash'
[9.859s] INFO:colcon.colcon_core.shell:Creating package script '/home/hamza/wiper_ws/install/weedbot_interfaces/share/weedbot_interfaces/package.zsh'
[9.859s] Level 1:colcon.colcon_core.environment:create_file_with_runtime_dependencies(/home/hamza/wiper_ws/install/weedbot_interfaces/share/colcon-core/packages/weedbot_interfaces)
[9.860s] INFO:colcon.colcon_ros.task.ament_python.build:Building ROS package in '/home/hamza/wiper_ws/src/weedbot_vision' with build type 'ament_python'
[9.860s] Level 1:colcon.colcon_core.shell:create_environment_hook('weedbot_vision', 'ament_prefix_path')
[9.860s] INFO:colcon.colcon_core.shell:Creating environment hook '/home/hamza/wiper_ws/install/weedbot_vision/share/weedbot_vision/hook/ament_prefix_path.ps1'
[9.862s] INFO:colcon.colcon_core.shell:Creating environment descriptor '/home/hamza/wiper_ws/install/weedbot_vision/share/weedbot_vision/hook/ament_prefix_path.dsv'
[9.863s] INFO:colcon.colcon_core.shell:Creating environment hook '/home/hamza/wiper_ws/install/weedbot_vision/share/weedbot_vision/hook/ament_prefix_path.sh'
[9.863s] INFO:colcon.colcon_core.shell:Skip shell extension 'powershell' for command environment: Not usable outside of PowerShell
[9.864s] DEBUG:colcon.colcon_core.shell:Skip shell extension 'dsv' for command environment
[10.169s] INFO:colcon.colcon_core.task.python.build:Building Python package in '/home/hamza/wiper_ws/src/weedbot_vision'
[10.170s] INFO:colcon.colcon_core.shell:Skip shell extension 'powershell' for command environment: Not usable outside of PowerShell
[10.170s] DEBUG:colcon.colcon_core.shell:Skip shell extension 'dsv' for command environment
[10.105s] DEBUG:colcon.colcon_core.event_handler.log_command:Invoking command in '/home/hamza/wiper_ws/build/weedbot_vision': PYTHONPATH=/home/hamza/wiper_ws/build/weedbot_vision/prefix_override:/usr/lib/python3/dist-packages/colcon_core/task/python/colcon_distutils_commands:/home/hamza/wiper_ws/install/weedbot_vision/lib/python3.12/site-packages:/home/hamza/wiper_ws/install/weedbot_interfaces/lib/python3.12/site-packages:/home/hamza/wiper_ws/build/weedbot_vision:/home/hamza/wiper_ws/install/weedbot_vision/lib/python3.12/site-packages:/home/hamza/wiper_ws/install/weedbot_control/lib/python3.12/site-packages:/opt/ros/jazzy/lib/python3.12/site-packages /usr/bin/python3 -W ignore:setup.py install is deprecated -W ignore:easy_install command is deprecated setup.py develop --editable --build-directory /home/hamza/wiper_ws/build/weedbot_vision/build --no-deps symlink_data
[10.774s] Level 1:colcon.colcon_core.shell:create_environment_hook('weedbot_vision', 'pythonpath_develop')
[10.774s] INFO:colcon.colcon_core.shell:Creating environment hook '/home/hamza/wiper_ws/build/weedbot_vision/share/weedbot_vision/hook/pythonpath_develop.ps1'
[10.775s] DEBUG:colcon.colcon_core.event_handler.log_command:Invoked command in '/home/hamza/wiper_ws/build/weedbot_vision' returned '0': PYTHONPATH=/home/hamza/wiper_ws/build/weedbot_vision/prefix_override:/usr/lib/python3/dist-packages/colcon_core/task/python/colcon_distutils_commands:/home/hamza/wiper_ws/install/weedbot_vision/lib/python3.12/site-packages:/home/hamza/wiper_ws/install/weedbot_interfaces/lib/python3.12/site-packages:/home/hamza/wiper_ws/build/weedbot_vision:/home/hamza/wiper_ws/install/weedbot_vision/lib/python3.12/site-packages:/home/hamza/wiper_ws/install/weedbot_control/lib/python3.12/site-packages:/opt/ros/jazzy/lib/python3.12/site-packages /usr/bin/python3 -W ignore:setup.py install is deprecated -W ignore:easy_install command is deprecated setup.py develop --editable --build-directory /home/hamza/wiper_ws/build/weedbot_vision/build --no-deps symlink_data
[10.776s] INFO:colcon.colcon_core.shell:Creating environment descriptor '/home/hamza/wiper_ws/build/weedbot_vision/share/weedbot_vision/hook/pythonpath_develop.dsv'
[10.776s] INFO:colcon.colcon_core.shell:Creating environment hook '/home/hamza/wiper_ws/build/weedbot_vision/share/weedbot_vision/hook/pythonpath_develop.sh'
[10.777s] Level 1:colcon.colcon_core.environment:checking '/home/hamza/wiper_ws/install/weedbot_vision' for CMake module files
[10.777s] Level 1:colcon.colcon_core.environment:checking '/home/hamza/wiper_ws/install/weedbot_vision' for CMake config files
[10.778s] Level 1:colcon.colcon_core.environment:checking '/home/hamza/wiper_ws/install/weedbot_vision/lib'
[10.778s] Level 1:colcon.colcon_core.environment:checking '/home/hamza/wiper_ws/install/weedbot_vision/bin'
[10.778s] Level 1:colcon.colcon_core.environment:checking '/home/hamza/wiper_ws/install/weedbot_vision/lib/pkgconfig/weedbot_vision.pc'
[10.778s] Level 1:colcon.colcon_core.environment:checking '/home/hamza/wiper_ws/install/weedbot_vision/lib/python3.12/site-packages'
[10.778s] Level 1:colcon.colcon_core.shell:create_environment_hook('weedbot_vision', 'pythonpath')
[10.779s] INFO:colcon.colcon_core.shell:Creating environment hook '/home/hamza/wiper_ws/install/weedbot_vision/share/weedbot_vision/hook/pythonpath.ps1'
[10.779s] INFO:colcon.colcon_core.shell:Creating environment descriptor '/home/hamza/wiper_ws/install/weedbot_vision/share/weedbot_vision/hook/pythonpath.dsv'
[10.779s] INFO:colcon.colcon_core.shell:Creating environment hook '/home/hamza/wiper_ws/install/weedbot_vision/share/weedbot_vision/hook/pythonpath.sh'
[10.780s] Level 1:colcon.colcon_core.environment:checking '/home/hamza/wiper_ws/install/weedbot_vision/bin'
[10.780s] Level 1:colcon.colcon_core.environment:create_environment_scripts_only(weedbot_vision)
[10.780s] INFO:colcon.colcon_core.shell:Creating package script '/home/hamza/wiper_ws/install/weedbot_vision/share/weedbot_vision/package.ps1'
[10.781s] INFO:colcon.colcon_core.shell:Creating package descriptor '/home/hamza/wiper_ws/install/weedbot_vision/share/weedbot_vision/package.dsv'
[10.781s] INFO:colcon.colcon_core.shell:Creating package script '/home/hamza/wiper_ws/install/weedbot_vision/share/weedbot_vision/package.sh'
[10.782s] INFO:colcon.colcon_core.shell:Creating package script '/home/hamza/wiper_ws/install/weedbot_vision/share/weedbot_vision/package.bash'
[10.782s] INFO:colcon.colcon_core.shell:Creating package script '/home/hamza/wiper_ws/install/weedbot_vision/share/weedbot_vision/package.zsh'
[10.782s] Level 1:colcon.colcon_core.environment:create_file_with_runtime_dependencies(/home/hamza/wiper_ws/install/weedbot_vision/share/colcon-core/packages/weedbot_vision)
[10.783s] DEBUG:colcon.colcon_parallel_executor.executor.parallel:closing loop
[10.784s] DEBUG:colcon.colcon_parallel_executor.executor.parallel:loop closed
[10.784s] DEBUG:colcon.colcon_parallel_executor.executor.parallel:run_until_complete finished with '0'
[10.784s] DEBUG:colcon.colcon_core.event_reactor:joining thread
[10.811s] INFO:colcon.colcon_core.plugin_system:Skipping extension 'colcon_notification.desktop_notification.notify_send': Could not find 'notify-send'
[10.811s] INFO:colcon.colcon_core.plugin_system:Skipping extension 'colcon_notification.desktop_notification.terminal_notifier': Not used on non-Darwin systems
[10.811s] INFO:colcon.colcon_core.plugin_system:Skipping extension 'colcon_notification.desktop_notification.win32': Not used on non-Windows systems
[10.812s] INFO:colcon.colcon_notification.desktop_notification:Sending desktop notification using 'notify2'
[10.813s] DEBUG:colcon.colcon_notification.desktop_notification.notify2:Failed to initialize notify2: org.freedesktop.DBus.Error.ServiceUnknown: The name org.freedesktop.Notifications was not provided by any .service files
[10.813s] DEBUG:colcon.colcon_core.event_reactor:joined thread
[10.813s] INFO:colcon.colcon_core.shell:Creating prefix script '/home/hamza/wiper_ws/install/local_setup.ps1'
[10.814s] INFO:colcon.colcon_core.shell:Creating prefix util module '/home/hamza/wiper_ws/install/_local_setup_util_ps1.py'
[10.815s] INFO:colcon.colcon_core.shell:Creating prefix chain script '/home/hamza/wiper_ws/install/setup.ps1'
[10.816s] INFO:colcon.colcon_core.shell:Creating prefix script '/home/hamza/wiper_ws/install/local_setup.sh'
[10.816s] INFO:colcon.colcon_core.shell:Creating prefix util module '/home/hamza/wiper_ws/install/_local_setup_util_sh.py'
[10.817s] INFO:colcon.colcon_core.shell:Creating prefix chain script '/home/hamza/wiper_ws/install/setup.sh'
[10.818s] INFO:colcon.colcon_core.shell:Creating prefix script '/home/hamza/wiper_ws/install/local_setup.bash'
[10.818s] INFO:colcon.colcon_core.shell:Creating prefix chain script '/home/hamza/wiper_ws/install/setup.bash'
[10.819s] INFO:colcon.colcon_core.shell:Creating prefix script '/home/hamza/wiper_ws/install/local_setup.zsh'
[10.819s] INFO:colcon.colcon_core.shell:Creating prefix chain script '/home/hamza/wiper_ws/install/setup.zsh'
