[2.574s] Invoking command in '/home/hamza/wiper_ws/build/weedbot_vision': PYTHONPATH=/home/hamza/wiper_ws/build/weedbot_vision/prefix_override:/usr/lib/python3/dist-packages/colcon_core/task/python/colcon_distutils_commands:/home/hamza/wiper_ws/install/weedbot_vision/lib/python3.12/site-packages:/home/hamza/wiper_ws/install/weedbot_interfaces/lib/python3.12/site-packages:/home/hamza/wiper_ws/build/weedbot_vision:/home/hamza/wiper_ws/install/weedbot_vision/lib/python3.12/site-packages:/home/hamza/wiper_ws/build/weedbot_simulation:/home/hamza/wiper_ws/install/weedbot_simulation/lib/python3.12/site-packages:/home/hamza/wiper_ws/build/weedbot_control:/home/hamza/wiper_ws/install/weedbot_control/lib/python3.12/site-packages:/opt/ros/jazzy/lib/python3.12/site-packages /usr/bin/python3 -W ignore:setup.py install is deprecated -W ignore:easy_install command is deprecated setup.py develop --editable --build-directory /home/hamza/wiper_ws/build/weedbot_vision/build --no-deps symlink_data
[3.023s] running develop
[3.388s] running egg_info
[3.411s] writing weedbot_vision.egg-info/PKG-INFO
[3.412s] writing dependency_links to weedbot_vision.egg-info/dependency_links.txt
[3.412s] writing entry points to weedbot_vision.egg-info/entry_points.txt
[3.413s] writing requirements to weedbot_vision.egg-info/requires.txt
[3.413s] writing top-level names to weedbot_vision.egg-info/top_level.txt
[3.470s] reading manifest file 'weedbot_vision.egg-info/SOURCES.txt'
[3.472s] writing manifest file 'weedbot_vision.egg-info/SOURCES.txt'
[3.500s] running build_ext
[3.501s] Creating /home/hamza/wiper_ws/install/weedbot_vision/lib/python3.12/site-packages/weedbot-vision.egg-link (link to .)
[3.502s] Installing camera_calibration script to /home/hamza/wiper_ws/install/weedbot_vision/lib/weedbot_vision
[3.502s] Installing camera_publisher script to /home/hamza/wiper_ws/install/weedbot_vision/lib/weedbot_vision
[3.503s] Installing detection_monitor script to /home/hamza/wiper_ws/install/weedbot_vision/lib/weedbot_vision
[3.503s] Installing vision_node script to /home/hamza/wiper_ws/install/weedbot_vision/lib/weedbot_vision
[3.504s] 
[3.504s] Installed /home/hamza/wiper_ws/build/weedbot_vision
[3.504s] running symlink_data
[3.547s] Invoked command in '/home/hamza/wiper_ws/build/weedbot_vision' returned '0': PYTHONPATH=/home/hamza/wiper_ws/build/weedbot_vision/prefix_override:/usr/lib/python3/dist-packages/colcon_core/task/python/colcon_distutils_commands:/home/hamza/wiper_ws/install/weedbot_vision/lib/python3.12/site-packages:/home/hamza/wiper_ws/install/weedbot_interfaces/lib/python3.12/site-packages:/home/hamza/wiper_ws/build/weedbot_vision:/home/hamza/wiper_ws/install/weedbot_vision/lib/python3.12/site-packages:/home/hamza/wiper_ws/build/weedbot_simulation:/home/hamza/wiper_ws/install/weedbot_simulation/lib/python3.12/site-packages:/home/hamza/wiper_ws/build/weedbot_control:/home/hamza/wiper_ws/install/weedbot_control/lib/python3.12/site-packages:/opt/ros/jazzy/lib/python3.12/site-packages /usr/bin/python3 -W ignore:setup.py install is deprecated -W ignore:easy_install command is deprecated setup.py develop --editable --build-directory /home/hamza/wiper_ws/build/weedbot_vision/build --no-deps symlink_data
