[0.109s] DEBUG:colcon:Command line arguments: ['/usr/bin/colcon', 'build', '--symlink-install']
[0.109s] DEBUG:colcon:Parsed command line arguments: Namespace(log_base=None, log_level=None, verb_name='build', build_base='build', install_base='install', merge_install=False, symlink_install=True, test_result_base=None, continue_on_error=False, executor='parallel', parallel_workers=12, event_handlers=None, ignore_user_meta=False, metas=['./colcon.meta'], base_paths=['.'], packages_ignore=None, packages_ignore_regex=None, paths=None, packages_up_to=None, packages_up_to_regex=None, packages_above=None, packages_above_and_dependencies=None, packages_above_depth=None, packages_select_by_dep=None, packages_skip_by_dep=None, packages_skip_up_to=None, packages_select_build_failed=False, packages_skip_build_finished=False, packages_select_test_failures=False, packages_skip_test_passed=False, packages_select=None, packages_skip=None, packages_select_regex=None, packages_skip_regex=None, packages_start=None, packages_end=None, allow_overriding=[], cmake_args=None, cmake_target=None, cmake_target_skip_unavailable=False, cmake_clean_cache=False, cmake_clean_first=False, cmake_force_configure=False, ament_cmake_args=None, catkin_cmake_args=None, catkin_skip_building_tests=False, mixin_files=None, mixin=None, verb_parser=<colcon_mixin.mixin.mixin_argument.MixinArgumentDecorator object at 0x7dccb5d8d5b0>, verb_extension=<colcon_core.verb.build.BuildVerb object at 0x7dccb5d0f0b0>, main=<bound method BuildVerb.main of <colcon_core.verb.build.BuildVerb object at 0x7dccb5d0f0b0>>, mixin_verb=('build',))
[0.158s] Level 1:colcon.colcon_core.package_discovery:discover_packages(colcon_meta) check parameters
[0.158s] Level 1:colcon.colcon_core.package_discovery:discover_packages(recursive) check parameters
[0.158s] Level 1:colcon.colcon_core.package_discovery:discover_packages(ignore) check parameters
[0.158s] Level 1:colcon.colcon_core.package_discovery:discover_packages(path) check parameters
[0.158s] Level 1:colcon.colcon_core.package_discovery:discover_packages(colcon_meta) discover
[0.158s] Level 1:colcon.colcon_core.package_discovery:discover_packages(recursive) discover
[0.158s] INFO:colcon.colcon_core.package_discovery:Crawling recursively for packages in '/home/sanya/fyp/W.I.P.E.R/ROS/wiper_ws'
[0.158s] Level 1:colcon.colcon_core.package_identification:_identify(.) by extensions ['ignore', 'ignore_ament_install']
[0.158s] Level 1:colcon.colcon_core.package_identification:_identify(.) by extension 'ignore'
[0.158s] Level 1:colcon.colcon_core.package_identification:_identify(.) by extension 'ignore_ament_install'
[0.158s] Level 1:colcon.colcon_core.package_identification:_identify(.) by extensions ['colcon_pkg']
[0.158s] Level 1:colcon.colcon_core.package_identification:_identify(.) by extension 'colcon_pkg'
[0.158s] Level 1:colcon.colcon_core.package_identification:_identify(.) by extensions ['colcon_meta']
[0.158s] Level 1:colcon.colcon_core.package_identification:_identify(.) by extension 'colcon_meta'
[0.158s] Level 1:colcon.colcon_core.package_identification:_identify(.) by extensions ['ros']
[0.158s] Level 1:colcon.colcon_core.package_identification:_identify(.) by extension 'ros'
[0.181s] Level 1:colcon.colcon_core.package_identification:_identify(.) by extensions ['cmake', 'python']
[0.181s] Level 1:colcon.colcon_core.package_identification:_identify(.) by extension 'cmake'
[0.182s] Level 1:colcon.colcon_core.package_identification:_identify(.) by extension 'python'
[0.182s] Level 1:colcon.colcon_core.package_identification:_identify(.) by extensions ['python_setup_py']
[0.182s] Level 1:colcon.colcon_core.package_identification:_identify(.) by extension 'python_setup_py'
[0.182s] Level 1:colcon.colcon_core.package_identification:_identify(build) by extensions ['ignore', 'ignore_ament_install']
[0.182s] Level 1:colcon.colcon_core.package_identification:_identify(build) by extension 'ignore'
[0.182s] Level 1:colcon.colcon_core.package_identification:_identify(build) ignored
[0.182s] Level 1:colcon.colcon_core.package_identification:_identify(install) by extensions ['ignore', 'ignore_ament_install']
[0.182s] Level 1:colcon.colcon_core.package_identification:_identify(install) by extension 'ignore'
[0.182s] Level 1:colcon.colcon_core.package_identification:_identify(install) ignored
[0.182s] Level 1:colcon.colcon_core.package_identification:_identify(log) by extensions ['ignore', 'ignore_ament_install']
[0.182s] Level 1:colcon.colcon_core.package_identification:_identify(log) by extension 'ignore'
[0.182s] Level 1:colcon.colcon_core.package_identification:_identify(log) ignored
[0.182s] Level 1:colcon.colcon_core.package_identification:_identify(src) by extensions ['ignore', 'ignore_ament_install']
[0.182s] Level 1:colcon.colcon_core.package_identification:_identify(src) by extension 'ignore'
[0.182s] Level 1:colcon.colcon_core.package_identification:_identify(src) by extension 'ignore_ament_install'
[0.182s] Level 1:colcon.colcon_core.package_identification:_identify(src) by extensions ['colcon_pkg']
[0.182s] Level 1:colcon.colcon_core.package_identification:_identify(src) by extension 'colcon_pkg'
[0.182s] Level 1:colcon.colcon_core.package_identification:_identify(src) by extensions ['colcon_meta']
[0.182s] Level 1:colcon.colcon_core.package_identification:_identify(src) by extension 'colcon_meta'
[0.182s] Level 1:colcon.colcon_core.package_identification:_identify(src) by extensions ['ros']
[0.182s] Level 1:colcon.colcon_core.package_identification:_identify(src) by extension 'ros'
[0.183s] Level 1:colcon.colcon_core.package_identification:_identify(src) by extensions ['cmake', 'python']
[0.183s] Level 1:colcon.colcon_core.package_identification:_identify(src) by extension 'cmake'
[0.183s] Level 1:colcon.colcon_core.package_identification:_identify(src) by extension 'python'
[0.183s] Level 1:colcon.colcon_core.package_identification:_identify(src) by extensions ['python_setup_py']
[0.183s] Level 1:colcon.colcon_core.package_identification:_identify(src) by extension 'python_setup_py'
[0.183s] Level 1:colcon.colcon_core.package_identification:_identify(src/weedbot_api) by extensions ['ignore', 'ignore_ament_install']
[0.183s] Level 1:colcon.colcon_core.package_identification:_identify(src/weedbot_api) by extension 'ignore'
[0.183s] Level 1:colcon.colcon_core.package_identification:_identify(src/weedbot_api) by extension 'ignore_ament_install'
[0.183s] Level 1:colcon.colcon_core.package_identification:_identify(src/weedbot_api) by extensions ['colcon_pkg']
[0.183s] Level 1:colcon.colcon_core.package_identification:_identify(src/weedbot_api) by extension 'colcon_pkg'
[0.183s] Level 1:colcon.colcon_core.package_identification:_identify(src/weedbot_api) by extensions ['colcon_meta']
[0.183s] Level 1:colcon.colcon_core.package_identification:_identify(src/weedbot_api) by extension 'colcon_meta'
[0.183s] Level 1:colcon.colcon_core.package_identification:_identify(src/weedbot_api) by extensions ['ros']
[0.183s] Level 1:colcon.colcon_core.package_identification:_identify(src/weedbot_api) by extension 'ros'
[0.183s] Level 1:colcon.colcon_core.package_identification:_identify(src/weedbot_api) by extensions ['cmake', 'python']
[0.183s] Level 1:colcon.colcon_core.package_identification:_identify(src/weedbot_api) by extension 'cmake'
[0.183s] Level 1:colcon.colcon_core.package_identification:_identify(src/weedbot_api) by extension 'python'
[0.183s] Level 1:colcon.colcon_core.package_identification:_identify(src/weedbot_api) by extensions ['python_setup_py']
[0.183s] Level 1:colcon.colcon_core.package_identification:_identify(src/weedbot_api) by extension 'python_setup_py'
[0.183s] Level 1:colcon.colcon_core.package_identification:_identify(src/weedbot_api/__pycache__) by extensions ['ignore', 'ignore_ament_install']
[0.183s] Level 1:colcon.colcon_core.package_identification:_identify(src/weedbot_api/__pycache__) by extension 'ignore'
[0.183s] Level 1:colcon.colcon_core.package_identification:_identify(src/weedbot_api/__pycache__) by extension 'ignore_ament_install'
[0.183s] Level 1:colcon.colcon_core.package_identification:_identify(src/weedbot_api/__pycache__) by extensions ['colcon_pkg']
[0.183s] Level 1:colcon.colcon_core.package_identification:_identify(src/weedbot_api/__pycache__) by extension 'colcon_pkg'
[0.183s] Level 1:colcon.colcon_core.package_identification:_identify(src/weedbot_api/__pycache__) by extensions ['colcon_meta']
[0.183s] Level 1:colcon.colcon_core.package_identification:_identify(src/weedbot_api/__pycache__) by extension 'colcon_meta'
[0.183s] Level 1:colcon.colcon_core.package_identification:_identify(src/weedbot_api/__pycache__) by extensions ['ros']
[0.183s] Level 1:colcon.colcon_core.package_identification:_identify(src/weedbot_api/__pycache__) by extension 'ros'
[0.184s] Level 1:colcon.colcon_core.package_identification:_identify(src/weedbot_api/__pycache__) by extensions ['cmake', 'python']
[0.184s] Level 1:colcon.colcon_core.package_identification:_identify(src/weedbot_api/__pycache__) by extension 'cmake'
[0.184s] Level 1:colcon.colcon_core.package_identification:_identify(src/weedbot_api/__pycache__) by extension 'python'
[0.184s] Level 1:colcon.colcon_core.package_identification:_identify(src/weedbot_api/__pycache__) by extensions ['python_setup_py']
[0.184s] Level 1:colcon.colcon_core.package_identification:_identify(src/weedbot_api/__pycache__) by extension 'python_setup_py'
[0.184s] Level 1:colcon.colcon_core.package_identification:_identify(src/weedbot_control) by extensions ['ignore', 'ignore_ament_install']
[0.184s] Level 1:colcon.colcon_core.package_identification:_identify(src/weedbot_control) by extension 'ignore'
[0.184s] Level 1:colcon.colcon_core.package_identification:_identify(src/weedbot_control) by extension 'ignore_ament_install'
[0.184s] Level 1:colcon.colcon_core.package_identification:_identify(src/weedbot_control) by extensions ['colcon_pkg']
[0.184s] Level 1:colcon.colcon_core.package_identification:_identify(src/weedbot_control) by extension 'colcon_pkg'
[0.184s] Level 1:colcon.colcon_core.package_identification:_identify(src/weedbot_control) by extensions ['colcon_meta']
[0.184s] Level 1:colcon.colcon_core.package_identification:_identify(src/weedbot_control) by extension 'colcon_meta'
[0.184s] Level 1:colcon.colcon_core.package_identification:_identify(src/weedbot_control) by extensions ['ros']
[0.184s] Level 1:colcon.colcon_core.package_identification:_identify(src/weedbot_control) by extension 'ros'
[0.186s] DEBUG:colcon.colcon_core.package_identification:Package 'src/weedbot_control' with type 'ros.ament_python' and name 'weedbot_control'
[0.187s] Level 1:colcon.colcon_core.package_identification:_identify(src/weedbot_interfaces) by extensions ['ignore', 'ignore_ament_install']
[0.187s] Level 1:colcon.colcon_core.package_identification:_identify(src/weedbot_interfaces) by extension 'ignore'
[0.187s] Level 1:colcon.colcon_core.package_identification:_identify(src/weedbot_interfaces) by extension 'ignore_ament_install'
[0.187s] Level 1:colcon.colcon_core.package_identification:_identify(src/weedbot_interfaces) by extensions ['colcon_pkg']
[0.187s] Level 1:colcon.colcon_core.package_identification:_identify(src/weedbot_interfaces) by extension 'colcon_pkg'
[0.187s] Level 1:colcon.colcon_core.package_identification:_identify(src/weedbot_interfaces) by extensions ['colcon_meta']
[0.187s] Level 1:colcon.colcon_core.package_identification:_identify(src/weedbot_interfaces) by extension 'colcon_meta'
[0.187s] Level 1:colcon.colcon_core.package_identification:_identify(src/weedbot_interfaces) by extensions ['ros']
[0.187s] Level 1:colcon.colcon_core.package_identification:_identify(src/weedbot_interfaces) by extension 'ros'
[0.187s] DEBUG:colcon.colcon_core.package_identification:Package 'src/weedbot_interfaces' with type 'ros.ament_cmake' and name 'weedbot_interfaces'
[0.187s] Level 1:colcon.colcon_core.package_identification:_identify(src/weedbot_simulation) by extensions ['ignore', 'ignore_ament_install']
[0.187s] Level 1:colcon.colcon_core.package_identification:_identify(src/weedbot_simulation) by extension 'ignore'
[0.188s] Level 1:colcon.colcon_core.package_identification:_identify(src/weedbot_simulation) by extension 'ignore_ament_install'
[0.188s] Level 1:colcon.colcon_core.package_identification:_identify(src/weedbot_simulation) by extensions ['colcon_pkg']
[0.188s] Level 1:colcon.colcon_core.package_identification:_identify(src/weedbot_simulation) by extension 'colcon_pkg'
[0.188s] Level 1:colcon.colcon_core.package_identification:_identify(src/weedbot_simulation) by extensions ['colcon_meta']
[0.188s] Level 1:colcon.colcon_core.package_identification:_identify(src/weedbot_simulation) by extension 'colcon_meta'
[0.188s] Level 1:colcon.colcon_core.package_identification:_identify(src/weedbot_simulation) by extensions ['ros']
[0.188s] Level 1:colcon.colcon_core.package_identification:_identify(src/weedbot_simulation) by extension 'ros'
[0.189s] DEBUG:colcon.colcon_core.package_identification:Package 'src/weedbot_simulation' with type 'ros.ament_python' and name 'weedbot_simulation'
[0.189s] Level 1:colcon.colcon_core.package_identification:_identify(src/weedbot_vision) by extensions ['ignore', 'ignore_ament_install']
[0.189s] Level 1:colcon.colcon_core.package_identification:_identify(src/weedbot_vision) by extension 'ignore'
[0.189s] Level 1:colcon.colcon_core.package_identification:_identify(src/weedbot_vision) by extension 'ignore_ament_install'
[0.189s] Level 1:colcon.colcon_core.package_identification:_identify(src/weedbot_vision) by extensions ['colcon_pkg']
[0.189s] Level 1:colcon.colcon_core.package_identification:_identify(src/weedbot_vision) by extension 'colcon_pkg'
[0.189s] Level 1:colcon.colcon_core.package_identification:_identify(src/weedbot_vision) by extensions ['colcon_meta']
[0.189s] Level 1:colcon.colcon_core.package_identification:_identify(src/weedbot_vision) by extension 'colcon_meta'
[0.189s] Level 1:colcon.colcon_core.package_identification:_identify(src/weedbot_vision) by extensions ['ros']
[0.189s] Level 1:colcon.colcon_core.package_identification:_identify(src/weedbot_vision) by extension 'ros'
[0.189s] DEBUG:colcon.colcon_core.package_identification:Package 'src/weedbot_vision' with type 'ros.ament_python' and name 'weedbot_vision'
[0.189s] Level 1:colcon.colcon_core.package_discovery:discover_packages(recursive) using defaults
[0.189s] Level 1:colcon.colcon_core.package_discovery:discover_packages(ignore) discover
[0.189s] Level 1:colcon.colcon_core.package_discovery:discover_packages(ignore) using defaults
[0.190s] Level 1:colcon.colcon_core.package_discovery:discover_packages(path) discover
[0.190s] Level 1:colcon.colcon_core.package_discovery:discover_packages(path) using defaults
[0.206s] Level 1:colcon.colcon_core.package_discovery:discover_packages(prefix_path) check parameters
[0.206s] Level 1:colcon.colcon_core.package_discovery:discover_packages(prefix_path) discover
[0.209s] DEBUG:colcon.colcon_installed_package_information.package_discovery:Found 292 installed packages in /opt/ros/jazzy
[0.210s] Level 1:colcon.colcon_core.package_discovery:discover_packages(prefix_path) using defaults
[0.242s] Level 5:colcon.colcon_core.verb:set package 'weedbot_interfaces' build argument 'cmake_args' from command line to 'None'
[0.242s] Level 5:colcon.colcon_core.verb:set package 'weedbot_interfaces' build argument 'cmake_target' from command line to 'None'
[0.242s] Level 5:colcon.colcon_core.verb:set package 'weedbot_interfaces' build argument 'cmake_target_skip_unavailable' from command line to 'False'
[0.242s] Level 5:colcon.colcon_core.verb:set package 'weedbot_interfaces' build argument 'cmake_clean_cache' from command line to 'False'
[0.242s] Level 5:colcon.colcon_core.verb:set package 'weedbot_interfaces' build argument 'cmake_clean_first' from command line to 'False'
[0.242s] Level 5:colcon.colcon_core.verb:set package 'weedbot_interfaces' build argument 'cmake_force_configure' from command line to 'False'
[0.242s] Level 5:colcon.colcon_core.verb:set package 'weedbot_interfaces' build argument 'ament_cmake_args' from command line to 'None'
[0.242s] Level 5:colcon.colcon_core.verb:set package 'weedbot_interfaces' build argument 'catkin_cmake_args' from command line to 'None'
[0.242s] Level 5:colcon.colcon_core.verb:set package 'weedbot_interfaces' build argument 'catkin_skip_building_tests' from command line to 'False'
[0.242s] DEBUG:colcon.colcon_core.verb:Building package 'weedbot_interfaces' with the following arguments: {'ament_cmake_args': None, 'build_base': '/home/sanya/fyp/W.I.P.E.R/ROS/wiper_ws/build/weedbot_interfaces', 'catkin_cmake_args': None, 'catkin_skip_building_tests': False, 'cmake_args': None, 'cmake_clean_cache': False, 'cmake_clean_first': False, 'cmake_force_configure': False, 'cmake_target': None, 'cmake_target_skip_unavailable': False, 'install_base': '/home/sanya/fyp/W.I.P.E.R/ROS/wiper_ws/install/weedbot_interfaces', 'merge_install': False, 'path': '/home/sanya/fyp/W.I.P.E.R/ROS/wiper_ws/src/weedbot_interfaces', 'symlink_install': True, 'test_result_base': None}
[0.242s] Level 5:colcon.colcon_core.verb:set package 'weedbot_simulation' build argument 'cmake_args' from command line to 'None'
[0.242s] Level 5:colcon.colcon_core.verb:set package 'weedbot_simulation' build argument 'cmake_target' from command line to 'None'
[0.242s] Level 5:colcon.colcon_core.verb:set package 'weedbot_simulation' build argument 'cmake_target_skip_unavailable' from command line to 'False'
[0.242s] Level 5:colcon.colcon_core.verb:set package 'weedbot_simulation' build argument 'cmake_clean_cache' from command line to 'False'
[0.242s] Level 5:colcon.colcon_core.verb:set package 'weedbot_simulation' build argument 'cmake_clean_first' from command line to 'False'
[0.242s] Level 5:colcon.colcon_core.verb:set package 'weedbot_simulation' build argument 'cmake_force_configure' from command line to 'False'
[0.242s] Level 5:colcon.colcon_core.verb:set package 'weedbot_simulation' build argument 'ament_cmake_args' from command line to 'None'
[0.242s] Level 5:colcon.colcon_core.verb:set package 'weedbot_simulation' build argument 'catkin_cmake_args' from command line to 'None'
[0.242s] Level 5:colcon.colcon_core.verb:set package 'weedbot_simulation' build argument 'catkin_skip_building_tests' from command line to 'False'
[0.242s] DEBUG:colcon.colcon_core.verb:Building package 'weedbot_simulation' with the following arguments: {'ament_cmake_args': None, 'build_base': '/home/sanya/fyp/W.I.P.E.R/ROS/wiper_ws/build/weedbot_simulation', 'catkin_cmake_args': None, 'catkin_skip_building_tests': False, 'cmake_args': None, 'cmake_clean_cache': False, 'cmake_clean_first': False, 'cmake_force_configure': False, 'cmake_target': None, 'cmake_target_skip_unavailable': False, 'install_base': '/home/sanya/fyp/W.I.P.E.R/ROS/wiper_ws/install/weedbot_simulation', 'merge_install': False, 'path': '/home/sanya/fyp/W.I.P.E.R/ROS/wiper_ws/src/weedbot_simulation', 'symlink_install': True, 'test_result_base': None}
[0.243s] Level 5:colcon.colcon_core.verb:set package 'weedbot_control' build argument 'cmake_args' from command line to 'None'
[0.243s] Level 5:colcon.colcon_core.verb:set package 'weedbot_control' build argument 'cmake_target' from command line to 'None'
[0.243s] Level 5:colcon.colcon_core.verb:set package 'weedbot_control' build argument 'cmake_target_skip_unavailable' from command line to 'False'
[0.243s] Level 5:colcon.colcon_core.verb:set package 'weedbot_control' build argument 'cmake_clean_cache' from command line to 'False'
[0.243s] Level 5:colcon.colcon_core.verb:set package 'weedbot_control' build argument 'cmake_clean_first' from command line to 'False'
[0.243s] Level 5:colcon.colcon_core.verb:set package 'weedbot_control' build argument 'cmake_force_configure' from command line to 'False'
[0.243s] Level 5:colcon.colcon_core.verb:set package 'weedbot_control' build argument 'ament_cmake_args' from command line to 'None'
[0.243s] Level 5:colcon.colcon_core.verb:set package 'weedbot_control' build argument 'catkin_cmake_args' from command line to 'None'
[0.243s] Level 5:colcon.colcon_core.verb:set package 'weedbot_control' build argument 'catkin_skip_building_tests' from command line to 'False'
[0.243s] DEBUG:colcon.colcon_core.verb:Building package 'weedbot_control' with the following arguments: {'ament_cmake_args': None, 'build_base': '/home/sanya/fyp/W.I.P.E.R/ROS/wiper_ws/build/weedbot_control', 'catkin_cmake_args': None, 'catkin_skip_building_tests': False, 'cmake_args': None, 'cmake_clean_cache': False, 'cmake_clean_first': False, 'cmake_force_configure': False, 'cmake_target': None, 'cmake_target_skip_unavailable': False, 'install_base': '/home/sanya/fyp/W.I.P.E.R/ROS/wiper_ws/install/weedbot_control', 'merge_install': False, 'path': '/home/sanya/fyp/W.I.P.E.R/ROS/wiper_ws/src/weedbot_control', 'symlink_install': True, 'test_result_base': None}
[0.243s] Level 5:colcon.colcon_core.verb:set package 'weedbot_vision' build argument 'cmake_args' from command line to 'None'
[0.243s] Level 5:colcon.colcon_core.verb:set package 'weedbot_vision' build argument 'cmake_target' from command line to 'None'
[0.243s] Level 5:colcon.colcon_core.verb:set package 'weedbot_vision' build argument 'cmake_target_skip_unavailable' from command line to 'False'
[0.243s] Level 5:colcon.colcon_core.verb:set package 'weedbot_vision' build argument 'cmake_clean_cache' from command line to 'False'
[0.243s] Level 5:colcon.colcon_core.verb:set package 'weedbot_vision' build argument 'cmake_clean_first' from command line to 'False'
[0.243s] Level 5:colcon.colcon_core.verb:set package 'weedbot_vision' build argument 'cmake_force_configure' from command line to 'False'
[0.243s] Level 5:colcon.colcon_core.verb:set package 'weedbot_vision' build argument 'ament_cmake_args' from command line to 'None'
[0.243s] Level 5:colcon.colcon_core.verb:set package 'weedbot_vision' build argument 'catkin_cmake_args' from command line to 'None'
[0.243s] Level 5:colcon.colcon_core.verb:set package 'weedbot_vision' build argument 'catkin_skip_building_tests' from command line to 'False'
[0.243s] DEBUG:colcon.colcon_core.verb:Building package 'weedbot_vision' with the following arguments: {'ament_cmake_args': None, 'build_base': '/home/sanya/fyp/W.I.P.E.R/ROS/wiper_ws/build/weedbot_vision', 'catkin_cmake_args': None, 'catkin_skip_building_tests': False, 'cmake_args': None, 'cmake_clean_cache': False, 'cmake_clean_first': False, 'cmake_force_configure': False, 'cmake_target': None, 'cmake_target_skip_unavailable': False, 'install_base': '/home/sanya/fyp/W.I.P.E.R/ROS/wiper_ws/install/weedbot_vision', 'merge_install': False, 'path': '/home/sanya/fyp/W.I.P.E.R/ROS/wiper_ws/src/weedbot_vision', 'symlink_install': True, 'test_result_base': None}
[0.243s] INFO:colcon.colcon_core.executor:Executing jobs using 'parallel' executor
[0.244s] DEBUG:colcon.colcon_parallel_executor.executor.parallel:run_until_complete
[0.244s] INFO:colcon.colcon_ros.task.ament_cmake.build:Building ROS package in '/home/sanya/fyp/W.I.P.E.R/ROS/wiper_ws/src/weedbot_interfaces' with build type 'ament_cmake'
[0.244s] INFO:colcon.colcon_cmake.task.cmake.build:Building CMake package in '/home/sanya/fyp/W.I.P.E.R/ROS/wiper_ws/src/weedbot_interfaces'
[0.247s] INFO:colcon.colcon_core.plugin_system:Skipping extension 'colcon_core.shell.bat': Not used on non-Windows systems
[0.247s] INFO:colcon.colcon_core.shell:Skip shell extension 'powershell' for command environment: Not usable outside of PowerShell
[0.247s] DEBUG:colcon.colcon_core.shell:Skip shell extension 'dsv' for command environment
[0.250s] INFO:colcon.colcon_ros.task.ament_python.build:Building ROS package in '/home/sanya/fyp/W.I.P.E.R/ROS/wiper_ws/src/weedbot_simulation' with build type 'ament_python'
[0.250s] Level 1:colcon.colcon_core.shell:create_environment_hook('weedbot_simulation', 'ament_prefix_path')
[0.250s] INFO:colcon.colcon_core.shell:Creating environment hook '/home/sanya/fyp/W.I.P.E.R/ROS/wiper_ws/install/weedbot_simulation/share/weedbot_simulation/hook/ament_prefix_path.ps1'
[0.251s] INFO:colcon.colcon_core.shell:Creating environment descriptor '/home/sanya/fyp/W.I.P.E.R/ROS/wiper_ws/install/weedbot_simulation/share/weedbot_simulation/hook/ament_prefix_path.dsv'
[0.251s] INFO:colcon.colcon_core.shell:Creating environment hook '/home/sanya/fyp/W.I.P.E.R/ROS/wiper_ws/install/weedbot_simulation/share/weedbot_simulation/hook/ament_prefix_path.sh'
[0.251s] INFO:colcon.colcon_core.shell:Skip shell extension 'powershell' for command environment: Not usable outside of PowerShell
[0.252s] DEBUG:colcon.colcon_core.shell:Skip shell extension 'dsv' for command environment
[0.255s] DEBUG:colcon.colcon_core.event_handler.log_command:Invoking command in '/home/sanya/fyp/W.I.P.E.R/ROS/wiper_ws/build/weedbot_interfaces': CMAKE_PREFIX_PATH=${CMAKE_PREFIX_PATH}:/opt/ros/jazzy DEBUGINFOD_URLS=https://debuginfod.ubuntu.com /usr/bin/cmake /home/sanya/fyp/W.I.P.E.R/ROS/wiper_ws/src/weedbot_interfaces -DAMENT_CMAKE_SYMLINK_INSTALL=1 -DCMAKE_INSTALL_PREFIX=/home/sanya/fyp/W.I.P.E.R/ROS/wiper_ws/install/weedbot_interfaces
[0.441s] INFO:colcon.colcon_core.task.python.build:Building Python package in '/home/sanya/fyp/W.I.P.E.R/ROS/wiper_ws/src/weedbot_simulation'
[0.442s] INFO:colcon.colcon_core.shell:Skip shell extension 'powershell' for command environment: Not usable outside of PowerShell
[0.442s] DEBUG:colcon.colcon_core.shell:Skip shell extension 'dsv' for command environment
[1.117s] DEBUG:colcon.colcon_core.event_handler.log_command:Invoking command in '/home/sanya/fyp/W.I.P.E.R/ROS/wiper_ws/build/weedbot_simulation': DEBUGINFOD_URLS=https://debuginfod.ubuntu.com PYTHONPATH=/home/sanya/fyp/W.I.P.E.R/ROS/wiper_ws/build/weedbot_simulation/prefix_override:/usr/lib/python3/dist-packages/colcon_core/task/python/colcon_distutils_commands:/home/sanya/fyp/W.I.P.E.R/ROS/wiper_ws/install/weedbot_simulation/lib/python3.12/site-packages:${PYTHONPATH} /usr/bin/python3 -W ignore:setup.py install is deprecated -W ignore:easy_install command is deprecated setup.py develop --editable --build-directory /home/sanya/fyp/W.I.P.E.R/ROS/wiper_ws/build/weedbot_simulation/build --no-deps symlink_data
[1.710s] Level 1:colcon.colcon_core.shell:create_environment_hook('weedbot_simulation', 'pythonpath_develop')
[1.710s] INFO:colcon.colcon_core.shell:Creating environment hook '/home/sanya/fyp/W.I.P.E.R/ROS/wiper_ws/build/weedbot_simulation/share/weedbot_simulation/hook/pythonpath_develop.ps1'
[1.711s] DEBUG:colcon.colcon_core.event_handler.log_command:Invoked command in '/home/sanya/fyp/W.I.P.E.R/ROS/wiper_ws/build/weedbot_simulation' returned '0': DEBUGINFOD_URLS=https://debuginfod.ubuntu.com PYTHONPATH=/home/sanya/fyp/W.I.P.E.R/ROS/wiper_ws/build/weedbot_simulation/prefix_override:/usr/lib/python3/dist-packages/colcon_core/task/python/colcon_distutils_commands:/home/sanya/fyp/W.I.P.E.R/ROS/wiper_ws/install/weedbot_simulation/lib/python3.12/site-packages:${PYTHONPATH} /usr/bin/python3 -W ignore:setup.py install is deprecated -W ignore:easy_install command is deprecated setup.py develop --editable --build-directory /home/sanya/fyp/W.I.P.E.R/ROS/wiper_ws/build/weedbot_simulation/build --no-deps symlink_data
[1.711s] INFO:colcon.colcon_core.shell:Creating environment descriptor '/home/sanya/fyp/W.I.P.E.R/ROS/wiper_ws/build/weedbot_simulation/share/weedbot_simulation/hook/pythonpath_develop.dsv'
[1.712s] INFO:colcon.colcon_core.shell:Creating environment hook '/home/sanya/fyp/W.I.P.E.R/ROS/wiper_ws/build/weedbot_simulation/share/weedbot_simulation/hook/pythonpath_develop.sh'
[1.715s] Level 1:colcon.colcon_core.environment:checking '/home/sanya/fyp/W.I.P.E.R/ROS/wiper_ws/install/weedbot_simulation' for CMake module files
[1.716s] Level 1:colcon.colcon_core.environment:checking '/home/sanya/fyp/W.I.P.E.R/ROS/wiper_ws/install/weedbot_simulation' for CMake config files
[1.716s] Level 1:colcon.colcon_core.environment:checking '/home/sanya/fyp/W.I.P.E.R/ROS/wiper_ws/install/weedbot_simulation/lib'
[1.716s] Level 1:colcon.colcon_core.environment:checking '/home/sanya/fyp/W.I.P.E.R/ROS/wiper_ws/install/weedbot_simulation/bin'
[1.717s] Level 1:colcon.colcon_core.environment:checking '/home/sanya/fyp/W.I.P.E.R/ROS/wiper_ws/install/weedbot_simulation/lib/pkgconfig/weedbot_simulation.pc'
[1.717s] Level 1:colcon.colcon_core.environment:checking '/home/sanya/fyp/W.I.P.E.R/ROS/wiper_ws/install/weedbot_simulation/lib/python3.12/site-packages'
[1.717s] Level 1:colcon.colcon_core.shell:create_environment_hook('weedbot_simulation', 'pythonpath')
[1.717s] INFO:colcon.colcon_core.shell:Creating environment hook '/home/sanya/fyp/W.I.P.E.R/ROS/wiper_ws/install/weedbot_simulation/share/weedbot_simulation/hook/pythonpath.ps1'
[1.717s] INFO:colcon.colcon_core.shell:Creating environment descriptor '/home/sanya/fyp/W.I.P.E.R/ROS/wiper_ws/install/weedbot_simulation/share/weedbot_simulation/hook/pythonpath.dsv'
[1.717s] INFO:colcon.colcon_core.shell:Creating environment hook '/home/sanya/fyp/W.I.P.E.R/ROS/wiper_ws/install/weedbot_simulation/share/weedbot_simulation/hook/pythonpath.sh'
[1.718s] Level 1:colcon.colcon_core.environment:checking '/home/sanya/fyp/W.I.P.E.R/ROS/wiper_ws/install/weedbot_simulation/bin'
[1.718s] Level 1:colcon.colcon_core.environment:create_environment_scripts_only(weedbot_simulation)
[1.718s] INFO:colcon.colcon_core.shell:Creating package script '/home/sanya/fyp/W.I.P.E.R/ROS/wiper_ws/install/weedbot_simulation/share/weedbot_simulation/package.ps1'
[1.719s] INFO:colcon.colcon_core.shell:Creating package descriptor '/home/sanya/fyp/W.I.P.E.R/ROS/wiper_ws/install/weedbot_simulation/share/weedbot_simulation/package.dsv'
[1.720s] INFO:colcon.colcon_core.shell:Creating package script '/home/sanya/fyp/W.I.P.E.R/ROS/wiper_ws/install/weedbot_simulation/share/weedbot_simulation/package.sh'
[1.720s] INFO:colcon.colcon_core.shell:Creating package script '/home/sanya/fyp/W.I.P.E.R/ROS/wiper_ws/install/weedbot_simulation/share/weedbot_simulation/package.bash'
[1.721s] INFO:colcon.colcon_core.shell:Creating package script '/home/sanya/fyp/W.I.P.E.R/ROS/wiper_ws/install/weedbot_simulation/share/weedbot_simulation/package.zsh'
[1.721s] Level 1:colcon.colcon_core.environment:create_file_with_runtime_dependencies(/home/sanya/fyp/W.I.P.E.R/ROS/wiper_ws/install/weedbot_simulation/share/colcon-core/packages/weedbot_simulation)
[3.215s] DEBUG:colcon.colcon_core.event_handler.log_command:Invoked command in '/home/sanya/fyp/W.I.P.E.R/ROS/wiper_ws/build/weedbot_interfaces' returned '0': CMAKE_PREFIX_PATH=${CMAKE_PREFIX_PATH}:/opt/ros/jazzy DEBUGINFOD_URLS=https://debuginfod.ubuntu.com /usr/bin/cmake /home/sanya/fyp/W.I.P.E.R/ROS/wiper_ws/src/weedbot_interfaces -DAMENT_CMAKE_SYMLINK_INSTALL=1 -DCMAKE_INSTALL_PREFIX=/home/sanya/fyp/W.I.P.E.R/ROS/wiper_ws/install/weedbot_interfaces
[3.216s] DEBUG:colcon.colcon_core.event_handler.log_command:Invoking command in '/home/sanya/fyp/W.I.P.E.R/ROS/wiper_ws/build/weedbot_interfaces': CMAKE_PREFIX_PATH=${CMAKE_PREFIX_PATH}:/opt/ros/jazzy DEBUGINFOD_URLS=https://debuginfod.ubuntu.com /usr/bin/cmake --build /home/sanya/fyp/W.I.P.E.R/ROS/wiper_ws/build/weedbot_interfaces -- -j12 -l12
[5.773s] DEBUG:colcon.colcon_core.event_handler.log_command:Invoked command in '/home/sanya/fyp/W.I.P.E.R/ROS/wiper_ws/build/weedbot_interfaces' returned '0': CMAKE_PREFIX_PATH=${CMAKE_PREFIX_PATH}:/opt/ros/jazzy DEBUGINFOD_URLS=https://debuginfod.ubuntu.com /usr/bin/cmake --build /home/sanya/fyp/W.I.P.E.R/ROS/wiper_ws/build/weedbot_interfaces -- -j12 -l12
[5.780s] DEBUG:colcon.colcon_core.event_handler.log_command:Invoking command in '/home/sanya/fyp/W.I.P.E.R/ROS/wiper_ws/build/weedbot_interfaces': CMAKE_PREFIX_PATH=${CMAKE_PREFIX_PATH}:/opt/ros/jazzy DEBUGINFOD_URLS=https://debuginfod.ubuntu.com /usr/bin/cmake --install /home/sanya/fyp/W.I.P.E.R/ROS/wiper_ws/build/weedbot_interfaces
[6.426s] Level 1:colcon.colcon_core.environment:create_environment_scripts_only(weedbot_interfaces)
[6.427s] DEBUG:colcon.colcon_core.event_handler.log_command:Invoked command in '/home/sanya/fyp/W.I.P.E.R/ROS/wiper_ws/build/weedbot_interfaces' returned '0': CMAKE_PREFIX_PATH=${CMAKE_PREFIX_PATH}:/opt/ros/jazzy DEBUGINFOD_URLS=https://debuginfod.ubuntu.com /usr/bin/cmake --install /home/sanya/fyp/W.I.P.E.R/ROS/wiper_ws/build/weedbot_interfaces
[6.427s] Level 1:colcon.colcon_core.environment:checking '/home/sanya/fyp/W.I.P.E.R/ROS/wiper_ws/install/weedbot_interfaces' for CMake module files
[6.428s] Level 1:colcon.colcon_core.environment:checking '/home/sanya/fyp/W.I.P.E.R/ROS/wiper_ws/install/weedbot_interfaces' for CMake config files
[6.428s] Level 1:colcon.colcon_core.shell:create_environment_hook('weedbot_interfaces', 'cmake_prefix_path')
[6.428s] INFO:colcon.colcon_core.shell:Creating environment hook '/home/sanya/fyp/W.I.P.E.R/ROS/wiper_ws/install/weedbot_interfaces/share/weedbot_interfaces/hook/cmake_prefix_path.ps1'
[6.429s] INFO:colcon.colcon_core.shell:Creating environment descriptor '/home/sanya/fyp/W.I.P.E.R/ROS/wiper_ws/install/weedbot_interfaces/share/weedbot_interfaces/hook/cmake_prefix_path.dsv'
[6.429s] INFO:colcon.colcon_core.shell:Creating environment hook '/home/sanya/fyp/W.I.P.E.R/ROS/wiper_ws/install/weedbot_interfaces/share/weedbot_interfaces/hook/cmake_prefix_path.sh'
[6.429s] Level 1:colcon.colcon_core.environment:checking '/home/sanya/fyp/W.I.P.E.R/ROS/wiper_ws/install/weedbot_interfaces/lib'
[6.429s] Level 1:colcon.colcon_core.shell:create_environment_hook('weedbot_interfaces', 'ld_library_path_lib')
[6.430s] INFO:colcon.colcon_core.shell:Creating environment hook '/home/sanya/fyp/W.I.P.E.R/ROS/wiper_ws/install/weedbot_interfaces/share/weedbot_interfaces/hook/ld_library_path_lib.ps1'
[6.430s] INFO:colcon.colcon_core.shell:Creating environment descriptor '/home/sanya/fyp/W.I.P.E.R/ROS/wiper_ws/install/weedbot_interfaces/share/weedbot_interfaces/hook/ld_library_path_lib.dsv'
[6.430s] INFO:colcon.colcon_core.shell:Creating environment hook '/home/sanya/fyp/W.I.P.E.R/ROS/wiper_ws/install/weedbot_interfaces/share/weedbot_interfaces/hook/ld_library_path_lib.sh'
[6.430s] Level 1:colcon.colcon_core.environment:checking '/home/sanya/fyp/W.I.P.E.R/ROS/wiper_ws/install/weedbot_interfaces/bin'
[6.430s] Level 1:colcon.colcon_core.environment:checking '/home/sanya/fyp/W.I.P.E.R/ROS/wiper_ws/install/weedbot_interfaces/lib/pkgconfig/weedbot_interfaces.pc'
[6.431s] Level 1:colcon.colcon_core.environment:checking '/home/sanya/fyp/W.I.P.E.R/ROS/wiper_ws/install/weedbot_interfaces/lib/python3.12/site-packages'
[6.431s] Level 1:colcon.colcon_core.shell:create_environment_hook('weedbot_interfaces', 'pythonpath')
[6.431s] INFO:colcon.colcon_core.shell:Creating environment hook '/home/sanya/fyp/W.I.P.E.R/ROS/wiper_ws/install/weedbot_interfaces/share/weedbot_interfaces/hook/pythonpath.ps1'
[6.431s] INFO:colcon.colcon_core.shell:Creating environment descriptor '/home/sanya/fyp/W.I.P.E.R/ROS/wiper_ws/install/weedbot_interfaces/share/weedbot_interfaces/hook/pythonpath.dsv'
[6.431s] INFO:colcon.colcon_core.shell:Creating environment hook '/home/sanya/fyp/W.I.P.E.R/ROS/wiper_ws/install/weedbot_interfaces/share/weedbot_interfaces/hook/pythonpath.sh'
[6.432s] Level 1:colcon.colcon_core.environment:checking '/home/sanya/fyp/W.I.P.E.R/ROS/wiper_ws/install/weedbot_interfaces/bin'
[6.432s] INFO:colcon.colcon_core.shell:Creating package script '/home/sanya/fyp/W.I.P.E.R/ROS/wiper_ws/install/weedbot_interfaces/share/weedbot_interfaces/package.ps1'
[6.432s] INFO:colcon.colcon_core.shell:Creating package descriptor '/home/sanya/fyp/W.I.P.E.R/ROS/wiper_ws/install/weedbot_interfaces/share/weedbot_interfaces/package.dsv'
[6.433s] INFO:colcon.colcon_core.shell:Creating package script '/home/sanya/fyp/W.I.P.E.R/ROS/wiper_ws/install/weedbot_interfaces/share/weedbot_interfaces/package.sh'
[6.433s] INFO:colcon.colcon_core.shell:Creating package script '/home/sanya/fyp/W.I.P.E.R/ROS/wiper_ws/install/weedbot_interfaces/share/weedbot_interfaces/package.bash'
[6.433s] INFO:colcon.colcon_core.shell:Creating package script '/home/sanya/fyp/W.I.P.E.R/ROS/wiper_ws/install/weedbot_interfaces/share/weedbot_interfaces/package.zsh'
[6.433s] Level 1:colcon.colcon_core.environment:create_file_with_runtime_dependencies(/home/sanya/fyp/W.I.P.E.R/ROS/wiper_ws/install/weedbot_interfaces/share/colcon-core/packages/weedbot_interfaces)
[6.434s] Level 1:colcon.colcon_core.environment:create_environment_scripts_only(weedbot_interfaces)
[6.434s] Level 1:colcon.colcon_core.environment:checking '/home/sanya/fyp/W.I.P.E.R/ROS/wiper_ws/install/weedbot_interfaces' for CMake module files
[6.434s] Level 1:colcon.colcon_core.environment:checking '/home/sanya/fyp/W.I.P.E.R/ROS/wiper_ws/install/weedbot_interfaces' for CMake config files
[6.435s] Level 1:colcon.colcon_core.shell:create_environment_hook('weedbot_interfaces', 'cmake_prefix_path')
[6.435s] INFO:colcon.colcon_core.shell:Creating environment hook '/home/sanya/fyp/W.I.P.E.R/ROS/wiper_ws/install/weedbot_interfaces/share/weedbot_interfaces/hook/cmake_prefix_path.ps1'
[6.435s] INFO:colcon.colcon_core.shell:Creating environment descriptor '/home/sanya/fyp/W.I.P.E.R/ROS/wiper_ws/install/weedbot_interfaces/share/weedbot_interfaces/hook/cmake_prefix_path.dsv'
[6.435s] INFO:colcon.colcon_core.shell:Creating environment hook '/home/sanya/fyp/W.I.P.E.R/ROS/wiper_ws/install/weedbot_interfaces/share/weedbot_interfaces/hook/cmake_prefix_path.sh'
[6.436s] Level 1:colcon.colcon_core.environment:checking '/home/sanya/fyp/W.I.P.E.R/ROS/wiper_ws/install/weedbot_interfaces/lib'
[6.436s] Level 1:colcon.colcon_core.shell:create_environment_hook('weedbot_interfaces', 'ld_library_path_lib')
[6.436s] INFO:colcon.colcon_core.shell:Creating environment hook '/home/sanya/fyp/W.I.P.E.R/ROS/wiper_ws/install/weedbot_interfaces/share/weedbot_interfaces/hook/ld_library_path_lib.ps1'
[6.436s] INFO:colcon.colcon_core.shell:Creating environment descriptor '/home/sanya/fyp/W.I.P.E.R/ROS/wiper_ws/install/weedbot_interfaces/share/weedbot_interfaces/hook/ld_library_path_lib.dsv'
[6.437s] INFO:colcon.colcon_core.shell:Creating environment hook '/home/sanya/fyp/W.I.P.E.R/ROS/wiper_ws/install/weedbot_interfaces/share/weedbot_interfaces/hook/ld_library_path_lib.sh'
[6.437s] Level 1:colcon.colcon_core.environment:checking '/home/sanya/fyp/W.I.P.E.R/ROS/wiper_ws/install/weedbot_interfaces/bin'
[6.437s] Level 1:colcon.colcon_core.environment:checking '/home/sanya/fyp/W.I.P.E.R/ROS/wiper_ws/install/weedbot_interfaces/lib/pkgconfig/weedbot_interfaces.pc'
[6.437s] Level 1:colcon.colcon_core.environment:checking '/home/sanya/fyp/W.I.P.E.R/ROS/wiper_ws/install/weedbot_interfaces/lib/python3.12/site-packages'
[6.437s] Level 1:colcon.colcon_core.shell:create_environment_hook('weedbot_interfaces', 'pythonpath')
[6.437s] INFO:colcon.colcon_core.shell:Creating environment hook '/home/sanya/fyp/W.I.P.E.R/ROS/wiper_ws/install/weedbot_interfaces/share/weedbot_interfaces/hook/pythonpath.ps1'
[6.438s] INFO:colcon.colcon_core.shell:Creating environment descriptor '/home/sanya/fyp/W.I.P.E.R/ROS/wiper_ws/install/weedbot_interfaces/share/weedbot_interfaces/hook/pythonpath.dsv'
[6.438s] INFO:colcon.colcon_core.shell:Creating environment hook '/home/sanya/fyp/W.I.P.E.R/ROS/wiper_ws/install/weedbot_interfaces/share/weedbot_interfaces/hook/pythonpath.sh'
[6.438s] Level 1:colcon.colcon_core.environment:checking '/home/sanya/fyp/W.I.P.E.R/ROS/wiper_ws/install/weedbot_interfaces/bin'
[6.438s] INFO:colcon.colcon_core.shell:Creating package script '/home/sanya/fyp/W.I.P.E.R/ROS/wiper_ws/install/weedbot_interfaces/share/weedbot_interfaces/package.ps1'
[6.439s] INFO:colcon.colcon_core.shell:Creating package descriptor '/home/sanya/fyp/W.I.P.E.R/ROS/wiper_ws/install/weedbot_interfaces/share/weedbot_interfaces/package.dsv'
[6.439s] INFO:colcon.colcon_core.shell:Creating package script '/home/sanya/fyp/W.I.P.E.R/ROS/wiper_ws/install/weedbot_interfaces/share/weedbot_interfaces/package.sh'
[6.440s] INFO:colcon.colcon_core.shell:Creating package script '/home/sanya/fyp/W.I.P.E.R/ROS/wiper_ws/install/weedbot_interfaces/share/weedbot_interfaces/package.bash'
[6.440s] INFO:colcon.colcon_core.shell:Creating package script '/home/sanya/fyp/W.I.P.E.R/ROS/wiper_ws/install/weedbot_interfaces/share/weedbot_interfaces/package.zsh'
[6.440s] Level 1:colcon.colcon_core.environment:create_file_with_runtime_dependencies(/home/sanya/fyp/W.I.P.E.R/ROS/wiper_ws/install/weedbot_interfaces/share/colcon-core/packages/weedbot_interfaces)
[6.440s] INFO:colcon.colcon_ros.task.ament_python.build:Building ROS package in '/home/sanya/fyp/W.I.P.E.R/ROS/wiper_ws/src/weedbot_control' with build type 'ament_python'
[6.440s] Level 1:colcon.colcon_core.shell:create_environment_hook('weedbot_control', 'ament_prefix_path')
[6.441s] INFO:colcon.colcon_core.shell:Creating environment hook '/home/sanya/fyp/W.I.P.E.R/ROS/wiper_ws/install/weedbot_control/share/weedbot_control/hook/ament_prefix_path.ps1'
[6.441s] INFO:colcon.colcon_core.shell:Creating environment descriptor '/home/sanya/fyp/W.I.P.E.R/ROS/wiper_ws/install/weedbot_control/share/weedbot_control/hook/ament_prefix_path.dsv'
[6.441s] INFO:colcon.colcon_core.shell:Creating environment hook '/home/sanya/fyp/W.I.P.E.R/ROS/wiper_ws/install/weedbot_control/share/weedbot_control/hook/ament_prefix_path.sh'
[6.442s] INFO:colcon.colcon_core.shell:Skip shell extension 'powershell' for command environment: Not usable outside of PowerShell
[6.442s] DEBUG:colcon.colcon_core.shell:Skip shell extension 'dsv' for command environment
[6.444s] INFO:colcon.colcon_ros.task.ament_python.build:Building ROS package in '/home/sanya/fyp/W.I.P.E.R/ROS/wiper_ws/src/weedbot_vision' with build type 'ament_python'
[6.444s] Level 1:colcon.colcon_core.shell:create_environment_hook('weedbot_vision', 'ament_prefix_path')
[6.444s] INFO:colcon.colcon_core.shell:Creating environment hook '/home/sanya/fyp/W.I.P.E.R/ROS/wiper_ws/install/weedbot_vision/share/weedbot_vision/hook/ament_prefix_path.ps1'
[6.445s] INFO:colcon.colcon_core.shell:Creating environment descriptor '/home/sanya/fyp/W.I.P.E.R/ROS/wiper_ws/install/weedbot_vision/share/weedbot_vision/hook/ament_prefix_path.dsv'
[6.445s] INFO:colcon.colcon_core.shell:Creating environment hook '/home/sanya/fyp/W.I.P.E.R/ROS/wiper_ws/install/weedbot_vision/share/weedbot_vision/hook/ament_prefix_path.sh'
[6.445s] INFO:colcon.colcon_core.shell:Skip shell extension 'powershell' for command environment: Not usable outside of PowerShell
[6.445s] DEBUG:colcon.colcon_core.shell:Skip shell extension 'dsv' for command environment
[6.628s] INFO:colcon.colcon_core.task.python.build:Building Python package in '/home/sanya/fyp/W.I.P.E.R/ROS/wiper_ws/src/weedbot_control'
[6.628s] INFO:colcon.colcon_core.shell:Skip shell extension 'powershell' for command environment: Not usable outside of PowerShell
[6.628s] DEBUG:colcon.colcon_core.shell:Skip shell extension 'dsv' for command environment
[6.805s] INFO:colcon.colcon_core.task.python.build:Building Python package in '/home/sanya/fyp/W.I.P.E.R/ROS/wiper_ws/src/weedbot_vision'
[6.805s] INFO:colcon.colcon_core.shell:Skip shell extension 'powershell' for command environment: Not usable outside of PowerShell
[6.805s] DEBUG:colcon.colcon_core.shell:Skip shell extension 'dsv' for command environment
[7.326s] DEBUG:colcon.colcon_core.event_handler.log_command:Invoking command in '/home/sanya/fyp/W.I.P.E.R/ROS/wiper_ws/build/weedbot_vision': AMENT_PREFIX_PATH=/home/sanya/fyp/W.I.P.E.R/ROS/wiper_ws/install/weedbot_interfaces:${AMENT_PREFIX_PATH} CMAKE_PREFIX_PATH=/home/sanya/fyp/W.I.P.E.R/ROS/wiper_ws/install/weedbot_interfaces:${CMAKE_PREFIX_PATH} DEBUGINFOD_URLS=https://debuginfod.ubuntu.com LD_LIBRARY_PATH=/home/sanya/fyp/W.I.P.E.R/ROS/wiper_ws/install/weedbot_interfaces/lib:${LD_LIBRARY_PATH} PYTHONPATH=/home/sanya/fyp/W.I.P.E.R/ROS/wiper_ws/build/weedbot_vision/prefix_override:/usr/lib/python3/dist-packages/colcon_core/task/python/colcon_distutils_commands:/home/sanya/fyp/W.I.P.E.R/ROS/wiper_ws/install/weedbot_vision/lib/python3.12/site-packages:/home/sanya/fyp/W.I.P.E.R/ROS/wiper_ws/install/weedbot_interfaces/lib/python3.12/site-packages:${PYTHONPATH} /usr/bin/python3 -W ignore:setup.py install is deprecated -W ignore:easy_install command is deprecated setup.py develop --editable --build-directory /home/sanya/fyp/W.I.P.E.R/ROS/wiper_ws/build/weedbot_vision/build --no-deps symlink_data
[7.349s] DEBUG:colcon.colcon_core.event_handler.log_command:Invoking command in '/home/sanya/fyp/W.I.P.E.R/ROS/wiper_ws/build/weedbot_control': AMENT_PREFIX_PATH=/home/sanya/fyp/W.I.P.E.R/ROS/wiper_ws/install/weedbot_interfaces:${AMENT_PREFIX_PATH} CMAKE_PREFIX_PATH=/home/sanya/fyp/W.I.P.E.R/ROS/wiper_ws/install/weedbot_interfaces:${CMAKE_PREFIX_PATH} DEBUGINFOD_URLS=https://debuginfod.ubuntu.com LD_LIBRARY_PATH=/home/sanya/fyp/W.I.P.E.R/ROS/wiper_ws/install/weedbot_interfaces/lib:${LD_LIBRARY_PATH} PYTHONPATH=/home/sanya/fyp/W.I.P.E.R/ROS/wiper_ws/build/weedbot_control/prefix_override:/usr/lib/python3/dist-packages/colcon_core/task/python/colcon_distutils_commands:/home/sanya/fyp/W.I.P.E.R/ROS/wiper_ws/install/weedbot_control/lib/python3.12/site-packages:/home/sanya/fyp/W.I.P.E.R/ROS/wiper_ws/install/weedbot_interfaces/lib/python3.12/site-packages:${PYTHONPATH} /usr/bin/python3 -W ignore:setup.py install is deprecated -W ignore:easy_install command is deprecated setup.py develop --editable --build-directory /home/sanya/fyp/W.I.P.E.R/ROS/wiper_ws/build/weedbot_control/build --no-deps symlink_data
[7.923s] Level 1:colcon.colcon_core.shell:create_environment_hook('weedbot_vision', 'pythonpath_develop')
[7.923s] INFO:colcon.colcon_core.shell:Creating environment hook '/home/sanya/fyp/W.I.P.E.R/ROS/wiper_ws/build/weedbot_vision/share/weedbot_vision/hook/pythonpath_develop.ps1'
[7.924s] DEBUG:colcon.colcon_core.event_handler.log_command:Invoked command in '/home/sanya/fyp/W.I.P.E.R/ROS/wiper_ws/build/weedbot_vision' returned '0': AMENT_PREFIX_PATH=/home/sanya/fyp/W.I.P.E.R/ROS/wiper_ws/install/weedbot_interfaces:${AMENT_PREFIX_PATH} CMAKE_PREFIX_PATH=/home/sanya/fyp/W.I.P.E.R/ROS/wiper_ws/install/weedbot_interfaces:${CMAKE_PREFIX_PATH} DEBUGINFOD_URLS=https://debuginfod.ubuntu.com LD_LIBRARY_PATH=/home/sanya/fyp/W.I.P.E.R/ROS/wiper_ws/install/weedbot_interfaces/lib:${LD_LIBRARY_PATH} PYTHONPATH=/home/sanya/fyp/W.I.P.E.R/ROS/wiper_ws/build/weedbot_vision/prefix_override:/usr/lib/python3/dist-packages/colcon_core/task/python/colcon_distutils_commands:/home/sanya/fyp/W.I.P.E.R/ROS/wiper_ws/install/weedbot_vision/lib/python3.12/site-packages:/home/sanya/fyp/W.I.P.E.R/ROS/wiper_ws/install/weedbot_interfaces/lib/python3.12/site-packages:${PYTHONPATH} /usr/bin/python3 -W ignore:setup.py install is deprecated -W ignore:easy_install command is deprecated setup.py develop --editable --build-directory /home/sanya/fyp/W.I.P.E.R/ROS/wiper_ws/build/weedbot_vision/build --no-deps symlink_data
[7.924s] INFO:colcon.colcon_core.shell:Creating environment descriptor '/home/sanya/fyp/W.I.P.E.R/ROS/wiper_ws/build/weedbot_vision/share/weedbot_vision/hook/pythonpath_develop.dsv'
[7.924s] INFO:colcon.colcon_core.shell:Creating environment hook '/home/sanya/fyp/W.I.P.E.R/ROS/wiper_ws/build/weedbot_vision/share/weedbot_vision/hook/pythonpath_develop.sh'
[7.925s] Level 1:colcon.colcon_core.environment:checking '/home/sanya/fyp/W.I.P.E.R/ROS/wiper_ws/install/weedbot_vision' for CMake module files
[7.926s] Level 1:colcon.colcon_core.environment:checking '/home/sanya/fyp/W.I.P.E.R/ROS/wiper_ws/install/weedbot_vision' for CMake config files
[7.926s] Level 1:colcon.colcon_core.environment:checking '/home/sanya/fyp/W.I.P.E.R/ROS/wiper_ws/install/weedbot_vision/lib'
[7.926s] Level 1:colcon.colcon_core.environment:checking '/home/sanya/fyp/W.I.P.E.R/ROS/wiper_ws/install/weedbot_vision/bin'
[7.926s] Level 1:colcon.colcon_core.environment:checking '/home/sanya/fyp/W.I.P.E.R/ROS/wiper_ws/install/weedbot_vision/lib/pkgconfig/weedbot_vision.pc'
[7.926s] Level 1:colcon.colcon_core.environment:checking '/home/sanya/fyp/W.I.P.E.R/ROS/wiper_ws/install/weedbot_vision/lib/python3.12/site-packages'
[7.927s] Level 1:colcon.colcon_core.shell:create_environment_hook('weedbot_vision', 'pythonpath')
[7.927s] INFO:colcon.colcon_core.shell:Creating environment hook '/home/sanya/fyp/W.I.P.E.R/ROS/wiper_ws/install/weedbot_vision/share/weedbot_vision/hook/pythonpath.ps1'
[7.927s] INFO:colcon.colcon_core.shell:Creating environment descriptor '/home/sanya/fyp/W.I.P.E.R/ROS/wiper_ws/install/weedbot_vision/share/weedbot_vision/hook/pythonpath.dsv'
[7.927s] INFO:colcon.colcon_core.shell:Creating environment hook '/home/sanya/fyp/W.I.P.E.R/ROS/wiper_ws/install/weedbot_vision/share/weedbot_vision/hook/pythonpath.sh'
[7.928s] Level 1:colcon.colcon_core.environment:checking '/home/sanya/fyp/W.I.P.E.R/ROS/wiper_ws/install/weedbot_vision/bin'
[7.928s] Level 1:colcon.colcon_core.environment:create_environment_scripts_only(weedbot_vision)
[7.928s] INFO:colcon.colcon_core.shell:Creating package script '/home/sanya/fyp/W.I.P.E.R/ROS/wiper_ws/install/weedbot_vision/share/weedbot_vision/package.ps1'
[7.929s] INFO:colcon.colcon_core.shell:Creating package descriptor '/home/sanya/fyp/W.I.P.E.R/ROS/wiper_ws/install/weedbot_vision/share/weedbot_vision/package.dsv'
[7.929s] INFO:colcon.colcon_core.shell:Creating package script '/home/sanya/fyp/W.I.P.E.R/ROS/wiper_ws/install/weedbot_vision/share/weedbot_vision/package.sh'
[7.929s] INFO:colcon.colcon_core.shell:Creating package script '/home/sanya/fyp/W.I.P.E.R/ROS/wiper_ws/install/weedbot_vision/share/weedbot_vision/package.bash'
[7.930s] INFO:colcon.colcon_core.shell:Creating package script '/home/sanya/fyp/W.I.P.E.R/ROS/wiper_ws/install/weedbot_vision/share/weedbot_vision/package.zsh'
[7.930s] Level 1:colcon.colcon_core.environment:create_file_with_runtime_dependencies(/home/sanya/fyp/W.I.P.E.R/ROS/wiper_ws/install/weedbot_vision/share/colcon-core/packages/weedbot_vision)
[7.936s] Level 1:colcon.colcon_core.shell:create_environment_hook('weedbot_control', 'pythonpath_develop')
[7.936s] INFO:colcon.colcon_core.shell:Creating environment hook '/home/sanya/fyp/W.I.P.E.R/ROS/wiper_ws/build/weedbot_control/share/weedbot_control/hook/pythonpath_develop.ps1'
[7.937s] DEBUG:colcon.colcon_core.event_handler.log_command:Invoked command in '/home/sanya/fyp/W.I.P.E.R/ROS/wiper_ws/build/weedbot_control' returned '0': AMENT_PREFIX_PATH=/home/sanya/fyp/W.I.P.E.R/ROS/wiper_ws/install/weedbot_interfaces:${AMENT_PREFIX_PATH} CMAKE_PREFIX_PATH=/home/sanya/fyp/W.I.P.E.R/ROS/wiper_ws/install/weedbot_interfaces:${CMAKE_PREFIX_PATH} DEBUGINFOD_URLS=https://debuginfod.ubuntu.com LD_LIBRARY_PATH=/home/sanya/fyp/W.I.P.E.R/ROS/wiper_ws/install/weedbot_interfaces/lib:${LD_LIBRARY_PATH} PYTHONPATH=/home/sanya/fyp/W.I.P.E.R/ROS/wiper_ws/build/weedbot_control/prefix_override:/usr/lib/python3/dist-packages/colcon_core/task/python/colcon_distutils_commands:/home/sanya/fyp/W.I.P.E.R/ROS/wiper_ws/install/weedbot_control/lib/python3.12/site-packages:/home/sanya/fyp/W.I.P.E.R/ROS/wiper_ws/install/weedbot_interfaces/lib/python3.12/site-packages:${PYTHONPATH} /usr/bin/python3 -W ignore:setup.py install is deprecated -W ignore:easy_install command is deprecated setup.py develop --editable --build-directory /home/sanya/fyp/W.I.P.E.R/ROS/wiper_ws/build/weedbot_control/build --no-deps symlink_data
[7.937s] INFO:colcon.colcon_core.shell:Creating environment descriptor '/home/sanya/fyp/W.I.P.E.R/ROS/wiper_ws/build/weedbot_control/share/weedbot_control/hook/pythonpath_develop.dsv'
[7.937s] INFO:colcon.colcon_core.shell:Creating environment hook '/home/sanya/fyp/W.I.P.E.R/ROS/wiper_ws/build/weedbot_control/share/weedbot_control/hook/pythonpath_develop.sh'
[7.937s] Level 1:colcon.colcon_core.environment:checking '/home/sanya/fyp/W.I.P.E.R/ROS/wiper_ws/install/weedbot_control' for CMake module files
[7.938s] Level 1:colcon.colcon_core.environment:checking '/home/sanya/fyp/W.I.P.E.R/ROS/wiper_ws/install/weedbot_control' for CMake config files
[7.938s] Level 1:colcon.colcon_core.environment:checking '/home/sanya/fyp/W.I.P.E.R/ROS/wiper_ws/install/weedbot_control/lib'
[7.938s] Level 1:colcon.colcon_core.environment:checking '/home/sanya/fyp/W.I.P.E.R/ROS/wiper_ws/install/weedbot_control/bin'
[7.938s] Level 1:colcon.colcon_core.environment:checking '/home/sanya/fyp/W.I.P.E.R/ROS/wiper_ws/install/weedbot_control/lib/pkgconfig/weedbot_control.pc'
[7.938s] Level 1:colcon.colcon_core.environment:checking '/home/sanya/fyp/W.I.P.E.R/ROS/wiper_ws/install/weedbot_control/lib/python3.12/site-packages'
[7.939s] Level 1:colcon.colcon_core.shell:create_environment_hook('weedbot_control', 'pythonpath')
[7.939s] INFO:colcon.colcon_core.shell:Creating environment hook '/home/sanya/fyp/W.I.P.E.R/ROS/wiper_ws/install/weedbot_control/share/weedbot_control/hook/pythonpath.ps1'
[7.939s] INFO:colcon.colcon_core.shell:Creating environment descriptor '/home/sanya/fyp/W.I.P.E.R/ROS/wiper_ws/install/weedbot_control/share/weedbot_control/hook/pythonpath.dsv'
[7.939s] INFO:colcon.colcon_core.shell:Creating environment hook '/home/sanya/fyp/W.I.P.E.R/ROS/wiper_ws/install/weedbot_control/share/weedbot_control/hook/pythonpath.sh'
[7.940s] Level 1:colcon.colcon_core.environment:checking '/home/sanya/fyp/W.I.P.E.R/ROS/wiper_ws/install/weedbot_control/bin'
[7.940s] Level 1:colcon.colcon_core.environment:create_environment_scripts_only(weedbot_control)
[7.940s] INFO:colcon.colcon_core.shell:Creating package script '/home/sanya/fyp/W.I.P.E.R/ROS/wiper_ws/install/weedbot_control/share/weedbot_control/package.ps1'
[7.940s] INFO:colcon.colcon_core.shell:Creating package descriptor '/home/sanya/fyp/W.I.P.E.R/ROS/wiper_ws/install/weedbot_control/share/weedbot_control/package.dsv'
[7.941s] INFO:colcon.colcon_core.shell:Creating package script '/home/sanya/fyp/W.I.P.E.R/ROS/wiper_ws/install/weedbot_control/share/weedbot_control/package.sh'
[7.941s] INFO:colcon.colcon_core.shell:Creating package script '/home/sanya/fyp/W.I.P.E.R/ROS/wiper_ws/install/weedbot_control/share/weedbot_control/package.bash'
[7.941s] INFO:colcon.colcon_core.shell:Creating package script '/home/sanya/fyp/W.I.P.E.R/ROS/wiper_ws/install/weedbot_control/share/weedbot_control/package.zsh'
[7.941s] Level 1:colcon.colcon_core.environment:create_file_with_runtime_dependencies(/home/sanya/fyp/W.I.P.E.R/ROS/wiper_ws/install/weedbot_control/share/colcon-core/packages/weedbot_control)
[7.941s] DEBUG:colcon.colcon_parallel_executor.executor.parallel:closing loop
[7.942s] DEBUG:colcon.colcon_parallel_executor.executor.parallel:loop closed
[7.942s] DEBUG:colcon.colcon_parallel_executor.executor.parallel:run_until_complete finished with '0'
[7.942s] DEBUG:colcon.colcon_core.event_reactor:joining thread
[7.949s] INFO:colcon.colcon_core.plugin_system:Skipping extension 'colcon_notification.desktop_notification.terminal_notifier': Not used on non-Darwin systems
[7.949s] INFO:colcon.colcon_core.plugin_system:Skipping extension 'colcon_notification.desktop_notification.win32': Not used on non-Windows systems
[7.949s] INFO:colcon.colcon_notification.desktop_notification:Sending desktop notification using 'notify2'
[7.961s] DEBUG:colcon.colcon_core.event_reactor:joined thread
[7.962s] INFO:colcon.colcon_core.shell:Creating prefix script '/home/sanya/fyp/W.I.P.E.R/ROS/wiper_ws/install/local_setup.ps1'
[7.963s] INFO:colcon.colcon_core.shell:Creating prefix util module '/home/sanya/fyp/W.I.P.E.R/ROS/wiper_ws/install/_local_setup_util_ps1.py'
[7.964s] INFO:colcon.colcon_core.shell:Creating prefix chain script '/home/sanya/fyp/W.I.P.E.R/ROS/wiper_ws/install/setup.ps1'
[7.965s] INFO:colcon.colcon_core.shell:Creating prefix script '/home/sanya/fyp/W.I.P.E.R/ROS/wiper_ws/install/local_setup.sh'
[7.965s] INFO:colcon.colcon_core.shell:Creating prefix util module '/home/sanya/fyp/W.I.P.E.R/ROS/wiper_ws/install/_local_setup_util_sh.py'
[7.966s] INFO:colcon.colcon_core.shell:Creating prefix chain script '/home/sanya/fyp/W.I.P.E.R/ROS/wiper_ws/install/setup.sh'
[7.967s] INFO:colcon.colcon_core.shell:Creating prefix script '/home/sanya/fyp/W.I.P.E.R/ROS/wiper_ws/install/local_setup.bash'
[7.967s] INFO:colcon.colcon_core.shell:Creating prefix chain script '/home/sanya/fyp/W.I.P.E.R/ROS/wiper_ws/install/setup.bash'
[7.968s] INFO:colcon.colcon_core.shell:Creating prefix script '/home/sanya/fyp/W.I.P.E.R/ROS/wiper_ws/install/local_setup.zsh'
[7.968s] INFO:colcon.colcon_core.shell:Creating prefix chain script '/home/sanya/fyp/W.I.P.E.R/ROS/wiper_ws/install/setup.zsh'
