[0.866s] DEBUG:colcon:Command line arguments: ['/usr/bin/colcon', 'build', '--symlink-install']
[0.867s] DEBUG:colcon:Parsed command line arguments: Namespace(log_base=None, log_level=None, verb_name='build', build_base='build', install_base='install', merge_install=False, symlink_install=True, test_result_base=None, continue_on_error=False, executor='parallel', parallel_workers=12, event_handlers=None, ignore_user_meta=False, metas=['./colcon.meta'], base_paths=['.'], packages_ignore=None, packages_ignore_regex=None, paths=None, packages_up_to=None, packages_up_to_regex=None, packages_above=None, packages_above_and_dependencies=None, packages_above_depth=None, packages_select_by_dep=None, packages_skip_by_dep=None, packages_skip_up_to=None, packages_select_build_failed=False, packages_skip_build_finished=False, packages_select_test_failures=False, packages_skip_test_passed=False, packages_select=None, packages_skip=None, packages_select_regex=None, packages_skip_regex=None, packages_start=None, packages_end=None, allow_overriding=[], cmake_args=None, cmake_target=None, cmake_target_skip_unavailable=False, cmake_clean_cache=False, cmake_clean_first=False, cmake_force_configure=False, ament_cmake_args=None, catkin_cmake_args=None, catkin_skip_building_tests=False, verb_parser=<colcon_defaults.argument_parser.defaults.DefaultArgumentsDecorator object at 0x78067a163c20>, verb_extension=<colcon_core.verb.build.BuildVerb object at 0x78067a2b46e0>, main=<bound method BuildVerb.main of <colcon_core.verb.build.BuildVerb object at 0x78067a2b46e0>>)
[0.951s] Level 1:colcon.colcon_core.package_discovery:discover_packages(colcon_meta) check parameters
[0.951s] Level 1:colcon.colcon_core.package_discovery:discover_packages(recursive) check parameters
[0.951s] Level 1:colcon.colcon_core.package_discovery:discover_packages(ignore) check parameters
[0.951s] Level 1:colcon.colcon_core.package_discovery:discover_packages(path) check parameters
[0.951s] Level 1:colcon.colcon_core.package_discovery:discover_packages(colcon_meta) discover
[0.952s] Level 1:colcon.colcon_core.package_discovery:discover_packages(recursive) discover
[0.952s] INFO:colcon.colcon_core.package_discovery:Crawling recursively for packages in '/home/hamza/wiper_ws'
[0.952s] Level 1:colcon.colcon_core.package_identification:_identify(.) by extensions ['ignore', 'ignore_ament_install']
[0.952s] Level 1:colcon.colcon_core.package_identification:_identify(.) by extension 'ignore'
[0.952s] Level 1:colcon.colcon_core.package_identification:_identify(.) by extension 'ignore_ament_install'
[0.952s] Level 1:colcon.colcon_core.package_identification:_identify(.) by extensions ['colcon_pkg']
[0.952s] Level 1:colcon.colcon_core.package_identification:_identify(.) by extension 'colcon_pkg'
[0.952s] Level 1:colcon.colcon_core.package_identification:_identify(.) by extensions ['colcon_meta']
[0.952s] Level 1:colcon.colcon_core.package_identification:_identify(.) by extension 'colcon_meta'
[0.952s] Level 1:colcon.colcon_core.package_identification:_identify(.) by extensions ['ros']
[0.952s] Level 1:colcon.colcon_core.package_identification:_identify(.) by extension 'ros'
[1.004s] Level 1:colcon.colcon_core.package_identification:_identify(.) by extensions ['cmake', 'python']
[1.005s] Level 1:colcon.colcon_core.package_identification:_identify(.) by extension 'cmake'
[1.005s] Level 1:colcon.colcon_core.package_identification:_identify(.) by extension 'python'
[1.005s] Level 1:colcon.colcon_core.package_identification:_identify(.) by extensions ['python_setup_py']
[1.005s] Level 1:colcon.colcon_core.package_identification:_identify(.) by extension 'python_setup_py'
[1.005s] Level 1:colcon.colcon_core.package_identification:_identify(build) by extensions ['ignore', 'ignore_ament_install']
[1.005s] Level 1:colcon.colcon_core.package_identification:_identify(build) by extension 'ignore'
[1.005s] Level 1:colcon.colcon_core.package_identification:_identify(build) ignored
[1.005s] Level 1:colcon.colcon_core.package_identification:_identify(install) by extensions ['ignore', 'ignore_ament_install']
[1.005s] Level 1:colcon.colcon_core.package_identification:_identify(install) by extension 'ignore'
[1.006s] Level 1:colcon.colcon_core.package_identification:_identify(install) ignored
[1.006s] Level 1:colcon.colcon_core.package_identification:_identify(log) by extensions ['ignore', 'ignore_ament_install']
[1.006s] Level 1:colcon.colcon_core.package_identification:_identify(log) by extension 'ignore'
[1.006s] Level 1:colcon.colcon_core.package_identification:_identify(log) ignored
[1.006s] Level 1:colcon.colcon_core.package_identification:_identify(src) by extensions ['ignore', 'ignore_ament_install']
[1.006s] Level 1:colcon.colcon_core.package_identification:_identify(src) by extension 'ignore'
[1.006s] Level 1:colcon.colcon_core.package_identification:_identify(src) by extension 'ignore_ament_install'
[1.006s] Level 1:colcon.colcon_core.package_identification:_identify(src) by extensions ['colcon_pkg']
[1.006s] Level 1:colcon.colcon_core.package_identification:_identify(src) by extension 'colcon_pkg'
[1.007s] Level 1:colcon.colcon_core.package_identification:_identify(src) by extensions ['colcon_meta']
[1.007s] Level 1:colcon.colcon_core.package_identification:_identify(src) by extension 'colcon_meta'
[1.007s] Level 1:colcon.colcon_core.package_identification:_identify(src) by extensions ['ros']
[1.007s] Level 1:colcon.colcon_core.package_identification:_identify(src) by extension 'ros'
[1.007s] Level 1:colcon.colcon_core.package_identification:_identify(src) by extensions ['cmake', 'python']
[1.007s] Level 1:colcon.colcon_core.package_identification:_identify(src) by extension 'cmake'
[1.007s] Level 1:colcon.colcon_core.package_identification:_identify(src) by extension 'python'
[1.007s] Level 1:colcon.colcon_core.package_identification:_identify(src) by extensions ['python_setup_py']
[1.007s] Level 1:colcon.colcon_core.package_identification:_identify(src) by extension 'python_setup_py'
[1.007s] Level 1:colcon.colcon_core.package_identification:_identify(src/weedbot_api) by extensions ['ignore', 'ignore_ament_install']
[1.007s] Level 1:colcon.colcon_core.package_identification:_identify(src/weedbot_api) by extension 'ignore'
[1.007s] Level 1:colcon.colcon_core.package_identification:_identify(src/weedbot_api) by extension 'ignore_ament_install'
[1.007s] Level 1:colcon.colcon_core.package_identification:_identify(src/weedbot_api) by extensions ['colcon_pkg']
[1.008s] Level 1:colcon.colcon_core.package_identification:_identify(src/weedbot_api) by extension 'colcon_pkg'
[1.008s] Level 1:colcon.colcon_core.package_identification:_identify(src/weedbot_api) by extensions ['colcon_meta']
[1.008s] Level 1:colcon.colcon_core.package_identification:_identify(src/weedbot_api) by extension 'colcon_meta'
[1.008s] Level 1:colcon.colcon_core.package_identification:_identify(src/weedbot_api) by extensions ['ros']
[1.008s] Level 1:colcon.colcon_core.package_identification:_identify(src/weedbot_api) by extension 'ros'
[1.008s] Level 1:colcon.colcon_core.package_identification:_identify(src/weedbot_api) by extensions ['cmake', 'python']
[1.008s] Level 1:colcon.colcon_core.package_identification:_identify(src/weedbot_api) by extension 'cmake'
[1.008s] Level 1:colcon.colcon_core.package_identification:_identify(src/weedbot_api) by extension 'python'
[1.008s] Level 1:colcon.colcon_core.package_identification:_identify(src/weedbot_api) by extensions ['python_setup_py']
[1.008s] Level 1:colcon.colcon_core.package_identification:_identify(src/weedbot_api) by extension 'python_setup_py'
[1.008s] Level 1:colcon.colcon_core.package_identification:_identify(src/weedbot_api/apienv) by extensions ['ignore', 'ignore_ament_install']
[1.008s] Level 1:colcon.colcon_core.package_identification:_identify(src/weedbot_api/apienv) by extension 'ignore'
[1.008s] Level 1:colcon.colcon_core.package_identification:_identify(src/weedbot_api/apienv) ignored
[1.009s] Level 1:colcon.colcon_core.package_identification:_identify(src/weedbot_control) by extensions ['ignore', 'ignore_ament_install']
[1.009s] Level 1:colcon.colcon_core.package_identification:_identify(src/weedbot_control) by extension 'ignore'
[1.009s] Level 1:colcon.colcon_core.package_identification:_identify(src/weedbot_control) by extension 'ignore_ament_install'
[1.009s] Level 1:colcon.colcon_core.package_identification:_identify(src/weedbot_control) by extensions ['colcon_pkg']
[1.009s] Level 1:colcon.colcon_core.package_identification:_identify(src/weedbot_control) by extension 'colcon_pkg'
[1.009s] Level 1:colcon.colcon_core.package_identification:_identify(src/weedbot_control) by extensions ['colcon_meta']
[1.009s] Level 1:colcon.colcon_core.package_identification:_identify(src/weedbot_control) by extension 'colcon_meta'
[1.009s] Level 1:colcon.colcon_core.package_identification:_identify(src/weedbot_control) by extensions ['ros']
[1.009s] Level 1:colcon.colcon_core.package_identification:_identify(src/weedbot_control) by extension 'ros'
[1.015s] DEBUG:colcon.colcon_core.package_identification:Package 'src/weedbot_control' with type 'ros.ament_python' and name 'weedbot_control'
[1.016s] Level 1:colcon.colcon_core.package_identification:_identify(src/weedbot_interfaces) by extensions ['ignore', 'ignore_ament_install']
[1.016s] Level 1:colcon.colcon_core.package_identification:_identify(src/weedbot_interfaces) by extension 'ignore'
[1.016s] Level 1:colcon.colcon_core.package_identification:_identify(src/weedbot_interfaces) by extension 'ignore_ament_install'
[1.016s] Level 1:colcon.colcon_core.package_identification:_identify(src/weedbot_interfaces) by extensions ['colcon_pkg']
[1.016s] Level 1:colcon.colcon_core.package_identification:_identify(src/weedbot_interfaces) by extension 'colcon_pkg'
[1.016s] Level 1:colcon.colcon_core.package_identification:_identify(src/weedbot_interfaces) by extensions ['colcon_meta']
[1.016s] Level 1:colcon.colcon_core.package_identification:_identify(src/weedbot_interfaces) by extension 'colcon_meta'
[1.016s] Level 1:colcon.colcon_core.package_identification:_identify(src/weedbot_interfaces) by extensions ['ros']
[1.016s] Level 1:colcon.colcon_core.package_identification:_identify(src/weedbot_interfaces) by extension 'ros'
[1.017s] DEBUG:colcon.colcon_core.package_identification:Package 'src/weedbot_interfaces' with type 'ros.ament_cmake' and name 'weedbot_interfaces'
[1.018s] Level 1:colcon.colcon_core.package_identification:_identify(src/weedbot_simulation) by extensions ['ignore', 'ignore_ament_install']
[1.018s] Level 1:colcon.colcon_core.package_identification:_identify(src/weedbot_simulation) by extension 'ignore'
[1.018s] Level 1:colcon.colcon_core.package_identification:_identify(src/weedbot_simulation) by extension 'ignore_ament_install'
[1.018s] Level 1:colcon.colcon_core.package_identification:_identify(src/weedbot_simulation) by extensions ['colcon_pkg']
[1.018s] Level 1:colcon.colcon_core.package_identification:_identify(src/weedbot_simulation) by extension 'colcon_pkg'
[1.018s] Level 1:colcon.colcon_core.package_identification:_identify(src/weedbot_simulation) by extensions ['colcon_meta']
[1.018s] Level 1:colcon.colcon_core.package_identification:_identify(src/weedbot_simulation) by extension 'colcon_meta'
[1.018s] Level 1:colcon.colcon_core.package_identification:_identify(src/weedbot_simulation) by extensions ['ros']
[1.018s] Level 1:colcon.colcon_core.package_identification:_identify(src/weedbot_simulation) by extension 'ros'
[1.020s] DEBUG:colcon.colcon_core.package_identification:Package 'src/weedbot_simulation' with type 'ros.ament_python' and name 'weedbot_simulation'
[1.020s] Level 1:colcon.colcon_core.package_identification:_identify(src/weedbot_vision) by extensions ['ignore', 'ignore_ament_install']
[1.020s] Level 1:colcon.colcon_core.package_identification:_identify(src/weedbot_vision) by extension 'ignore'
[1.021s] Level 1:colcon.colcon_core.package_identification:_identify(src/weedbot_vision) by extension 'ignore_ament_install'
[1.021s] Level 1:colcon.colcon_core.package_identification:_identify(src/weedbot_vision) by extensions ['colcon_pkg']
[1.021s] Level 1:colcon.colcon_core.package_identification:_identify(src/weedbot_vision) by extension 'colcon_pkg'
[1.021s] Level 1:colcon.colcon_core.package_identification:_identify(src/weedbot_vision) by extensions ['colcon_meta']
[1.021s] Level 1:colcon.colcon_core.package_identification:_identify(src/weedbot_vision) by extension 'colcon_meta'
[1.021s] Level 1:colcon.colcon_core.package_identification:_identify(src/weedbot_vision) by extensions ['ros']
[1.021s] Level 1:colcon.colcon_core.package_identification:_identify(src/weedbot_vision) by extension 'ros'
[1.023s] DEBUG:colcon.colcon_core.package_identification:Package 'src/weedbot_vision' with type 'ros.ament_python' and name 'weedbot_vision'
[1.023s] Level 1:colcon.colcon_core.package_discovery:discover_packages(recursive) using defaults
[1.023s] Level 1:colcon.colcon_core.package_discovery:discover_packages(ignore) discover
[1.023s] Level 1:colcon.colcon_core.package_discovery:discover_packages(ignore) using defaults
[1.023s] Level 1:colcon.colcon_core.package_discovery:discover_packages(path) discover
[1.023s] Level 1:colcon.colcon_core.package_discovery:discover_packages(path) using defaults
[1.075s] Level 1:colcon.colcon_core.package_discovery:discover_packages(prefix_path) check parameters
[1.075s] Level 1:colcon.colcon_core.package_discovery:discover_packages(prefix_path) discover
[1.086s] DEBUG:colcon.colcon_installed_package_information.package_discovery:Found 4 installed packages in /home/hamza/wiper_ws/install
[1.090s] DEBUG:colcon.colcon_installed_package_information.package_discovery:Found 317 installed packages in /opt/ros/jazzy
[1.092s] Level 1:colcon.colcon_core.package_discovery:discover_packages(prefix_path) using defaults
[1.195s] Level 5:colcon.colcon_core.verb:set package 'weedbot_control' build argument 'cmake_args' from command line to 'None'
[1.195s] Level 5:colcon.colcon_core.verb:set package 'weedbot_control' build argument 'cmake_target' from command line to 'None'
[1.195s] Level 5:colcon.colcon_core.verb:set package 'weedbot_control' build argument 'cmake_target_skip_unavailable' from command line to 'False'
[1.195s] Level 5:colcon.colcon_core.verb:set package 'weedbot_control' build argument 'cmake_clean_cache' from command line to 'False'
[1.195s] Level 5:colcon.colcon_core.verb:set package 'weedbot_control' build argument 'cmake_clean_first' from command line to 'False'
[1.195s] Level 5:colcon.colcon_core.verb:set package 'weedbot_control' build argument 'cmake_force_configure' from command line to 'False'
[1.195s] Level 5:colcon.colcon_core.verb:set package 'weedbot_control' build argument 'ament_cmake_args' from command line to 'None'
[1.195s] Level 5:colcon.colcon_core.verb:set package 'weedbot_control' build argument 'catkin_cmake_args' from command line to 'None'
[1.195s] Level 5:colcon.colcon_core.verb:set package 'weedbot_control' build argument 'catkin_skip_building_tests' from command line to 'False'
[1.195s] DEBUG:colcon.colcon_core.verb:Building package 'weedbot_control' with the following arguments: {'ament_cmake_args': None, 'build_base': '/home/hamza/wiper_ws/build/weedbot_control', 'catkin_cmake_args': None, 'catkin_skip_building_tests': False, 'cmake_args': None, 'cmake_clean_cache': False, 'cmake_clean_first': False, 'cmake_force_configure': False, 'cmake_target': None, 'cmake_target_skip_unavailable': False, 'install_base': '/home/hamza/wiper_ws/install/weedbot_control', 'merge_install': False, 'path': '/home/hamza/wiper_ws/src/weedbot_control', 'symlink_install': True, 'test_result_base': None}
[1.196s] Level 5:colcon.colcon_core.verb:set package 'weedbot_interfaces' build argument 'cmake_args' from command line to 'None'
[1.196s] Level 5:colcon.colcon_core.verb:set package 'weedbot_interfaces' build argument 'cmake_target' from command line to 'None'
[1.196s] Level 5:colcon.colcon_core.verb:set package 'weedbot_interfaces' build argument 'cmake_target_skip_unavailable' from command line to 'False'
[1.196s] Level 5:colcon.colcon_core.verb:set package 'weedbot_interfaces' build argument 'cmake_clean_cache' from command line to 'False'
[1.196s] Level 5:colcon.colcon_core.verb:set package 'weedbot_interfaces' build argument 'cmake_clean_first' from command line to 'False'
[1.196s] Level 5:colcon.colcon_core.verb:set package 'weedbot_interfaces' build argument 'cmake_force_configure' from command line to 'False'
[1.196s] Level 5:colcon.colcon_core.verb:set package 'weedbot_interfaces' build argument 'ament_cmake_args' from command line to 'None'
[1.196s] Level 5:colcon.colcon_core.verb:set package 'weedbot_interfaces' build argument 'catkin_cmake_args' from command line to 'None'
[1.196s] Level 5:colcon.colcon_core.verb:set package 'weedbot_interfaces' build argument 'catkin_skip_building_tests' from command line to 'False'
[1.196s] DEBUG:colcon.colcon_core.verb:Building package 'weedbot_interfaces' with the following arguments: {'ament_cmake_args': None, 'build_base': '/home/hamza/wiper_ws/build/weedbot_interfaces', 'catkin_cmake_args': None, 'catkin_skip_building_tests': False, 'cmake_args': None, 'cmake_clean_cache': False, 'cmake_clean_first': False, 'cmake_force_configure': False, 'cmake_target': None, 'cmake_target_skip_unavailable': False, 'install_base': '/home/hamza/wiper_ws/install/weedbot_interfaces', 'merge_install': False, 'path': '/home/hamza/wiper_ws/src/weedbot_interfaces', 'symlink_install': True, 'test_result_base': None}
[1.196s] Level 5:colcon.colcon_core.verb:set package 'weedbot_simulation' build argument 'cmake_args' from command line to 'None'
[1.196s] Level 5:colcon.colcon_core.verb:set package 'weedbot_simulation' build argument 'cmake_target' from command line to 'None'
[1.196s] Level 5:colcon.colcon_core.verb:set package 'weedbot_simulation' build argument 'cmake_target_skip_unavailable' from command line to 'False'
[1.196s] Level 5:colcon.colcon_core.verb:set package 'weedbot_simulation' build argument 'cmake_clean_cache' from command line to 'False'
[1.196s] Level 5:colcon.colcon_core.verb:set package 'weedbot_simulation' build argument 'cmake_clean_first' from command line to 'False'
[1.196s] Level 5:colcon.colcon_core.verb:set package 'weedbot_simulation' build argument 'cmake_force_configure' from command line to 'False'
[1.196s] Level 5:colcon.colcon_core.verb:set package 'weedbot_simulation' build argument 'ament_cmake_args' from command line to 'None'
[1.196s] Level 5:colcon.colcon_core.verb:set package 'weedbot_simulation' build argument 'catkin_cmake_args' from command line to 'None'
[1.196s] Level 5:colcon.colcon_core.verb:set package 'weedbot_simulation' build argument 'catkin_skip_building_tests' from command line to 'False'
[1.196s] DEBUG:colcon.colcon_core.verb:Building package 'weedbot_simulation' with the following arguments: {'ament_cmake_args': None, 'build_base': '/home/hamza/wiper_ws/build/weedbot_simulation', 'catkin_cmake_args': None, 'catkin_skip_building_tests': False, 'cmake_args': None, 'cmake_clean_cache': False, 'cmake_clean_first': False, 'cmake_force_configure': False, 'cmake_target': None, 'cmake_target_skip_unavailable': False, 'install_base': '/home/hamza/wiper_ws/install/weedbot_simulation', 'merge_install': False, 'path': '/home/hamza/wiper_ws/src/weedbot_simulation', 'symlink_install': True, 'test_result_base': None}
[1.197s] Level 5:colcon.colcon_core.verb:set package 'weedbot_vision' build argument 'cmake_args' from command line to 'None'
[1.197s] Level 5:colcon.colcon_core.verb:set package 'weedbot_vision' build argument 'cmake_target' from command line to 'None'
[1.197s] Level 5:colcon.colcon_core.verb:set package 'weedbot_vision' build argument 'cmake_target_skip_unavailable' from command line to 'False'
[1.197s] Level 5:colcon.colcon_core.verb:set package 'weedbot_vision' build argument 'cmake_clean_cache' from command line to 'False'
[1.197s] Level 5:colcon.colcon_core.verb:set package 'weedbot_vision' build argument 'cmake_clean_first' from command line to 'False'
[1.197s] Level 5:colcon.colcon_core.verb:set package 'weedbot_vision' build argument 'cmake_force_configure' from command line to 'False'
[1.197s] Level 5:colcon.colcon_core.verb:set package 'weedbot_vision' build argument 'ament_cmake_args' from command line to 'None'
[1.197s] Level 5:colcon.colcon_core.verb:set package 'weedbot_vision' build argument 'catkin_cmake_args' from command line to 'None'
[1.197s] Level 5:colcon.colcon_core.verb:set package 'weedbot_vision' build argument 'catkin_skip_building_tests' from command line to 'False'
[1.197s] DEBUG:colcon.colcon_core.verb:Building package 'weedbot_vision' with the following arguments: {'ament_cmake_args': None, 'build_base': '/home/hamza/wiper_ws/build/weedbot_vision', 'catkin_cmake_args': None, 'catkin_skip_building_tests': False, 'cmake_args': None, 'cmake_clean_cache': False, 'cmake_clean_first': False, 'cmake_force_configure': False, 'cmake_target': None, 'cmake_target_skip_unavailable': False, 'install_base': '/home/hamza/wiper_ws/install/weedbot_vision', 'merge_install': False, 'path': '/home/hamza/wiper_ws/src/weedbot_vision', 'symlink_install': True, 'test_result_base': None}
[1.197s] INFO:colcon.colcon_core.executor:Executing jobs using 'parallel' executor
[1.198s] DEBUG:colcon.colcon_parallel_executor.executor.parallel:run_until_complete
[1.199s] INFO:colcon.colcon_ros.task.ament_cmake.build:Building ROS package in '/home/hamza/wiper_ws/src/weedbot_interfaces' with build type 'ament_cmake'
[1.199s] INFO:colcon.colcon_cmake.task.cmake.build:Building CMake package in '/home/hamza/wiper_ws/src/weedbot_interfaces'
[1.210s] INFO:colcon.colcon_core.plugin_system:Skipping extension 'colcon_core.shell.bat': Not used on non-Windows systems
[1.211s] INFO:colcon.colcon_core.shell:Skip shell extension 'powershell' for command environment: Not usable outside of PowerShell
[1.211s] DEBUG:colcon.colcon_core.shell:Skip shell extension 'dsv' for command environment
[1.221s] INFO:colcon.colcon_ros.task.ament_python.build:Building ROS package in '/home/hamza/wiper_ws/src/weedbot_control' with build type 'ament_python'
[1.221s] Level 1:colcon.colcon_core.shell:create_environment_hook('weedbot_control', 'ament_prefix_path')
[1.222s] INFO:colcon.colcon_core.shell:Creating environment hook '/home/hamza/wiper_ws/install/weedbot_control/share/weedbot_control/hook/ament_prefix_path.ps1'
[1.224s] INFO:colcon.colcon_core.shell:Creating environment descriptor '/home/hamza/wiper_ws/install/weedbot_control/share/weedbot_control/hook/ament_prefix_path.dsv'
[1.226s] INFO:colcon.colcon_core.shell:Creating environment hook '/home/hamza/wiper_ws/install/weedbot_control/share/weedbot_control/hook/ament_prefix_path.sh'
[1.227s] INFO:colcon.colcon_core.shell:Skip shell extension 'powershell' for command environment: Not usable outside of PowerShell
[1.227s] DEBUG:colcon.colcon_core.shell:Skip shell extension 'dsv' for command environment
[1.233s] INFO:colcon.colcon_ros.task.ament_python.build:Building ROS package in '/home/hamza/wiper_ws/src/weedbot_simulation' with build type 'ament_python'
[1.233s] Level 1:colcon.colcon_core.shell:create_environment_hook('weedbot_simulation', 'ament_prefix_path')
[1.233s] INFO:colcon.colcon_core.shell:Creating environment hook '/home/hamza/wiper_ws/install/weedbot_simulation/share/weedbot_simulation/hook/ament_prefix_path.ps1'
[1.235s] INFO:colcon.colcon_core.shell:Creating environment descriptor '/home/hamza/wiper_ws/install/weedbot_simulation/share/weedbot_simulation/hook/ament_prefix_path.dsv'
[1.236s] INFO:colcon.colcon_core.shell:Creating environment hook '/home/hamza/wiper_ws/install/weedbot_simulation/share/weedbot_simulation/hook/ament_prefix_path.sh'
[1.237s] INFO:colcon.colcon_core.shell:Skip shell extension 'powershell' for command environment: Not usable outside of PowerShell
[1.237s] DEBUG:colcon.colcon_core.shell:Skip shell extension 'dsv' for command environment
[1.253s] DEBUG:colcon.colcon_core.event_handler.log_command:Invoking command in '/home/hamza/wiper_ws/build/weedbot_interfaces': CMAKE_PREFIX_PATH=${CMAKE_PREFIX_PATH}:/home/hamza/wiper_ws/install/weedbot_vision:/home/hamza/wiper_ws/install/weedbot_simulation:/home/hamza/wiper_ws/install/weedbot_control:/opt/ros/jazzy /usr/bin/cmake /home/hamza/wiper_ws/src/weedbot_interfaces -DAMENT_CMAKE_SYMLINK_INSTALL=1 -DCMAKE_INSTALL_PREFIX=/home/hamza/wiper_ws/install/weedbot_interfaces
[1.604s] INFO:colcon.colcon_core.task.python.build:Building Python package in '/home/hamza/wiper_ws/src/weedbot_control'
[1.604s] INFO:colcon.colcon_core.shell:Skip shell extension 'powershell' for command environment: Not usable outside of PowerShell
[1.604s] DEBUG:colcon.colcon_core.shell:Skip shell extension 'dsv' for command environment
[1.937s] INFO:colcon.colcon_core.task.python.build:Building Python package in '/home/hamza/wiper_ws/src/weedbot_simulation'
[1.937s] INFO:colcon.colcon_core.shell:Skip shell extension 'powershell' for command environment: Not usable outside of PowerShell
[1.937s] DEBUG:colcon.colcon_core.shell:Skip shell extension 'dsv' for command environment
[3.362s] DEBUG:colcon.colcon_core.task.python.build:While undoing a previous installation files outside the Python library path are being ignored: /home/hamza/wiper_ws/install/weedbot_control/share/ament_index/resource_index/packages/weedbot_control
[3.362s] DEBUG:colcon.colcon_core.task.python.build:While undoing a previous installation files outside the Python library path are being ignored: /home/hamza/wiper_ws/install/weedbot_control/share/weedbot_control/package.xml
[3.367s] DEBUG:colcon.colcon_core.event_handler.log_command:Invoking command in '/home/hamza/wiper_ws/build/weedbot_control': PYTHONPATH=/home/hamza/wiper_ws/build/weedbot_control/prefix_override:/usr/lib/python3/dist-packages/colcon_core/task/python/colcon_distutils_commands:/home/hamza/wiper_ws/install/weedbot_control/lib/python3.12/site-packages:${PYTHONPATH} /usr/bin/python3 -W ignore:setup.py install is deprecated -W ignore:easy_install command is deprecated setup.py develop --editable --build-directory /home/hamza/wiper_ws/build/weedbot_control/build --no-deps symlink_data --force
[3.388s] DEBUG:colcon.colcon_core.task.python.build:While undoing a previous installation files outside the Python library path are being ignored: /home/hamza/wiper_ws/install/weedbot_simulation/share/ament_index/resource_index/packages/weedbot_simulation
[3.388s] DEBUG:colcon.colcon_core.task.python.build:While undoing a previous installation files outside the Python library path are being ignored: /home/hamza/wiper_ws/install/weedbot_simulation/share/weedbot_simulation/package.xml
[3.388s] DEBUG:colcon.colcon_core.task.python.build:While undoing a previous installation files outside the Python library path are being ignored: /home/hamza/wiper_ws/install/weedbot_simulation/share/weedbot_simulation/launch/simulation_launch.py
[3.388s] DEBUG:colcon.colcon_core.task.python.build:While undoing a previous installation files outside the Python library path are being ignored: /home/hamza/wiper_ws/install/weedbot_simulation/share/weedbot_simulation/launch/full_system_launch.py
[3.388s] DEBUG:colcon.colcon_core.task.python.build:While undoing a previous installation files outside the Python library path are being ignored: /home/hamza/wiper_ws/install/weedbot_simulation/share/weedbot_simulation/worlds/farm_field.world
[3.388s] DEBUG:colcon.colcon_core.task.python.build:While undoing a previous installation files outside the Python library path are being ignored: /home/hamza/wiper_ws/install/weedbot_simulation/share/weedbot_simulation/urdf/tractor.urdf.xacro
[3.388s] DEBUG:colcon.colcon_core.task.python.build:While undoing a previous installation files outside the Python library path are being ignored: /home/hamza/wiper_ws/install/weedbot_simulation/share/weedbot_simulation/models/weed/model.config
[3.388s] DEBUG:colcon.colcon_core.task.python.build:While undoing a previous installation files outside the Python library path are being ignored: /home/hamza/wiper_ws/install/weedbot_simulation/share/weedbot_simulation/models/weed/model.sdf
[3.388s] DEBUG:colcon.colcon_core.task.python.build:While undoing a previous installation files outside the Python library path are being ignored: /home/hamza/wiper_ws/install/weedbot_simulation/lib/weedbot_simulation/laser_controller
[3.388s] DEBUG:colcon.colcon_core.task.python.build:While undoing a previous installation files outside the Python library path are being ignored: /home/hamza/wiper_ws/install/weedbot_simulation/lib/weedbot_simulation/tractor_controller
[3.388s] DEBUG:colcon.colcon_core.task.python.build:While undoing a previous installation files outside the Python library path are being ignored: /home/hamza/wiper_ws/install/weedbot_simulation/lib/weedbot_simulation/weed_spawner
[3.398s] DEBUG:colcon.colcon_core.event_handler.log_command:Invoking command in '/home/hamza/wiper_ws/build/weedbot_simulation': PYTHONPATH=/home/hamza/wiper_ws/build/weedbot_simulation/prefix_override:/usr/lib/python3/dist-packages/colcon_core/task/python/colcon_distutils_commands:/home/hamza/wiper_ws/install/weedbot_simulation/lib/python3.12/site-packages:${PYTHONPATH} /usr/bin/python3 -W ignore:setup.py install is deprecated -W ignore:easy_install command is deprecated setup.py develop --editable --build-directory /home/hamza/wiper_ws/build/weedbot_simulation/build --no-deps symlink_data --force
[4.465s] Level 1:colcon.colcon_core.shell:create_environment_hook('weedbot_control', 'pythonpath_develop')
[4.466s] INFO:colcon.colcon_core.shell:Creating environment hook '/home/hamza/wiper_ws/build/weedbot_control/share/weedbot_control/hook/pythonpath_develop.ps1'
[4.467s] DEBUG:colcon.colcon_core.event_handler.log_command:Invoked command in '/home/hamza/wiper_ws/build/weedbot_control' returned '0': PYTHONPATH=/home/hamza/wiper_ws/build/weedbot_control/prefix_override:/usr/lib/python3/dist-packages/colcon_core/task/python/colcon_distutils_commands:/home/hamza/wiper_ws/install/weedbot_control/lib/python3.12/site-packages:${PYTHONPATH} /usr/bin/python3 -W ignore:setup.py install is deprecated -W ignore:easy_install command is deprecated setup.py develop --editable --build-directory /home/hamza/wiper_ws/build/weedbot_control/build --no-deps symlink_data --force
[4.468s] INFO:colcon.colcon_core.shell:Creating environment descriptor '/home/hamza/wiper_ws/build/weedbot_control/share/weedbot_control/hook/pythonpath_develop.dsv'
[4.469s] INFO:colcon.colcon_core.shell:Creating environment hook '/home/hamza/wiper_ws/build/weedbot_control/share/weedbot_control/hook/pythonpath_develop.sh'
[4.484s] Level 1:colcon.colcon_core.environment:checking '/home/hamza/wiper_ws/install/weedbot_control' for CMake module files
[4.484s] Level 1:colcon.colcon_core.environment:checking '/home/hamza/wiper_ws/install/weedbot_control' for CMake config files
[4.485s] Level 1:colcon.colcon_core.environment:checking '/home/hamza/wiper_ws/install/weedbot_control/lib'
[4.486s] Level 1:colcon.colcon_core.environment:checking '/home/hamza/wiper_ws/install/weedbot_control/bin'
[4.486s] Level 1:colcon.colcon_core.environment:checking '/home/hamza/wiper_ws/install/weedbot_control/lib/pkgconfig/weedbot_control.pc'
[4.486s] Level 1:colcon.colcon_core.environment:checking '/home/hamza/wiper_ws/install/weedbot_control/lib/python3.12/site-packages'
[4.486s] Level 1:colcon.colcon_core.shell:create_environment_hook('weedbot_control', 'pythonpath')
[4.487s] INFO:colcon.colcon_core.shell:Creating environment hook '/home/hamza/wiper_ws/install/weedbot_control/share/weedbot_control/hook/pythonpath.ps1'
[4.487s] INFO:colcon.colcon_core.shell:Creating environment descriptor '/home/hamza/wiper_ws/install/weedbot_control/share/weedbot_control/hook/pythonpath.dsv'
[4.488s] INFO:colcon.colcon_core.shell:Creating environment hook '/home/hamza/wiper_ws/install/weedbot_control/share/weedbot_control/hook/pythonpath.sh'
[4.488s] Level 1:colcon.colcon_core.environment:checking '/home/hamza/wiper_ws/install/weedbot_control/bin'
[4.489s] Level 1:colcon.colcon_core.environment:create_environment_scripts_only(weedbot_control)
[4.489s] INFO:colcon.colcon_core.shell:Creating package script '/home/hamza/wiper_ws/install/weedbot_control/share/weedbot_control/package.ps1'
[4.491s] INFO:colcon.colcon_core.shell:Creating package descriptor '/home/hamza/wiper_ws/install/weedbot_control/share/weedbot_control/package.dsv'
[4.492s] INFO:colcon.colcon_core.shell:Creating package script '/home/hamza/wiper_ws/install/weedbot_control/share/weedbot_control/package.sh'
[4.494s] INFO:colcon.colcon_core.shell:Creating package script '/home/hamza/wiper_ws/install/weedbot_control/share/weedbot_control/package.bash'
[4.496s] INFO:colcon.colcon_core.shell:Creating package script '/home/hamza/wiper_ws/install/weedbot_control/share/weedbot_control/package.zsh'
[4.497s] Level 1:colcon.colcon_core.environment:create_file_with_runtime_dependencies(/home/hamza/wiper_ws/install/weedbot_control/share/colcon-core/packages/weedbot_control)
[4.503s] Level 1:colcon.colcon_core.shell:create_environment_hook('weedbot_simulation', 'pythonpath_develop')
[4.504s] INFO:colcon.colcon_core.shell:Creating environment hook '/home/hamza/wiper_ws/build/weedbot_simulation/share/weedbot_simulation/hook/pythonpath_develop.ps1'
[4.505s] DEBUG:colcon.colcon_core.event_handler.log_command:Invoked command in '/home/hamza/wiper_ws/build/weedbot_simulation' returned '0': PYTHONPATH=/home/hamza/wiper_ws/build/weedbot_simulation/prefix_override:/usr/lib/python3/dist-packages/colcon_core/task/python/colcon_distutils_commands:/home/hamza/wiper_ws/install/weedbot_simulation/lib/python3.12/site-packages:${PYTHONPATH} /usr/bin/python3 -W ignore:setup.py install is deprecated -W ignore:easy_install command is deprecated setup.py develop --editable --build-directory /home/hamza/wiper_ws/build/weedbot_simulation/build --no-deps symlink_data --force
[4.506s] INFO:colcon.colcon_core.shell:Creating environment descriptor '/home/hamza/wiper_ws/build/weedbot_simulation/share/weedbot_simulation/hook/pythonpath_develop.dsv'
[4.506s] INFO:colcon.colcon_core.shell:Creating environment hook '/home/hamza/wiper_ws/build/weedbot_simulation/share/weedbot_simulation/hook/pythonpath_develop.sh'
[4.507s] Level 1:colcon.colcon_core.environment:checking '/home/hamza/wiper_ws/install/weedbot_simulation' for CMake module files
[4.509s] Level 1:colcon.colcon_core.environment:checking '/home/hamza/wiper_ws/install/weedbot_simulation' for CMake config files
[4.510s] Level 1:colcon.colcon_core.environment:checking '/home/hamza/wiper_ws/install/weedbot_simulation/lib'
[4.511s] Level 1:colcon.colcon_core.environment:checking '/home/hamza/wiper_ws/install/weedbot_simulation/bin'
[4.511s] Level 1:colcon.colcon_core.environment:checking '/home/hamza/wiper_ws/install/weedbot_simulation/lib/pkgconfig/weedbot_simulation.pc'
[4.511s] Level 1:colcon.colcon_core.environment:checking '/home/hamza/wiper_ws/install/weedbot_simulation/lib/python3.12/site-packages'
[4.511s] Level 1:colcon.colcon_core.shell:create_environment_hook('weedbot_simulation', 'pythonpath')
[4.512s] INFO:colcon.colcon_core.shell:Creating environment hook '/home/hamza/wiper_ws/install/weedbot_simulation/share/weedbot_simulation/hook/pythonpath.ps1'
[4.513s] INFO:colcon.colcon_core.shell:Creating environment descriptor '/home/hamza/wiper_ws/install/weedbot_simulation/share/weedbot_simulation/hook/pythonpath.dsv'
[4.513s] INFO:colcon.colcon_core.shell:Creating environment hook '/home/hamza/wiper_ws/install/weedbot_simulation/share/weedbot_simulation/hook/pythonpath.sh'
[4.515s] Level 1:colcon.colcon_core.environment:checking '/home/hamza/wiper_ws/install/weedbot_simulation/bin'
[4.515s] Level 1:colcon.colcon_core.environment:create_environment_scripts_only(weedbot_simulation)
[4.516s] INFO:colcon.colcon_core.shell:Creating package script '/home/hamza/wiper_ws/install/weedbot_simulation/share/weedbot_simulation/package.ps1'
[4.518s] INFO:colcon.colcon_core.shell:Creating package descriptor '/home/hamza/wiper_ws/install/weedbot_simulation/share/weedbot_simulation/package.dsv'
[4.520s] INFO:colcon.colcon_core.shell:Creating package script '/home/hamza/wiper_ws/install/weedbot_simulation/share/weedbot_simulation/package.sh'
[4.521s] INFO:colcon.colcon_core.shell:Creating package script '/home/hamza/wiper_ws/install/weedbot_simulation/share/weedbot_simulation/package.bash'
[4.521s] INFO:colcon.colcon_core.shell:Creating package script '/home/hamza/wiper_ws/install/weedbot_simulation/share/weedbot_simulation/package.zsh'
[4.522s] Level 1:colcon.colcon_core.environment:create_file_with_runtime_dependencies(/home/hamza/wiper_ws/install/weedbot_simulation/share/colcon-core/packages/weedbot_simulation)
[4.573s] DEBUG:colcon.colcon_core.event_handler.log_command:Invoked command in '/home/hamza/wiper_ws/build/weedbot_interfaces' returned '0': CMAKE_PREFIX_PATH=${CMAKE_PREFIX_PATH}:/home/hamza/wiper_ws/install/weedbot_vision:/home/hamza/wiper_ws/install/weedbot_simulation:/home/hamza/wiper_ws/install/weedbot_control:/opt/ros/jazzy /usr/bin/cmake /home/hamza/wiper_ws/src/weedbot_interfaces -DAMENT_CMAKE_SYMLINK_INSTALL=1 -DCMAKE_INSTALL_PREFIX=/home/hamza/wiper_ws/install/weedbot_interfaces
[4.576s] DEBUG:colcon.colcon_core.event_handler.log_command:Invoking command in '/home/hamza/wiper_ws/build/weedbot_interfaces': CMAKE_PREFIX_PATH=${CMAKE_PREFIX_PATH}:/home/hamza/wiper_ws/install/weedbot_vision:/home/hamza/wiper_ws/install/weedbot_simulation:/home/hamza/wiper_ws/install/weedbot_control:/opt/ros/jazzy /usr/bin/cmake --build /home/hamza/wiper_ws/build/weedbot_interfaces -- -j12 -l12
[9.818s] DEBUG:colcon.colcon_core.event_handler.log_command:Invoked command in '/home/hamza/wiper_ws/build/weedbot_interfaces' returned '0': CMAKE_PREFIX_PATH=${CMAKE_PREFIX_PATH}:/home/hamza/wiper_ws/install/weedbot_vision:/home/hamza/wiper_ws/install/weedbot_simulation:/home/hamza/wiper_ws/install/weedbot_control:/opt/ros/jazzy /usr/bin/cmake --build /home/hamza/wiper_ws/build/weedbot_interfaces -- -j12 -l12
[9.836s] DEBUG:colcon.colcon_core.event_handler.log_command:Invoking command in '/home/hamza/wiper_ws/build/weedbot_interfaces': CMAKE_PREFIX_PATH=${CMAKE_PREFIX_PATH}:/home/hamza/wiper_ws/install/weedbot_vision:/home/hamza/wiper_ws/install/weedbot_simulation:/home/hamza/wiper_ws/install/weedbot_control:/opt/ros/jazzy /usr/bin/cmake --install /home/hamza/wiper_ws/build/weedbot_interfaces
[10.020s] Level 1:colcon.colcon_core.environment:create_environment_scripts_only(weedbot_interfaces)
[10.021s] DEBUG:colcon.colcon_core.event_handler.log_command:Invoked command in '/home/hamza/wiper_ws/build/weedbot_interfaces' returned '0': CMAKE_PREFIX_PATH=${CMAKE_PREFIX_PATH}:/home/hamza/wiper_ws/install/weedbot_vision:/home/hamza/wiper_ws/install/weedbot_simulation:/home/hamza/wiper_ws/install/weedbot_control:/opt/ros/jazzy /usr/bin/cmake --install /home/hamza/wiper_ws/build/weedbot_interfaces
[10.021s] Level 1:colcon.colcon_core.environment:checking '/home/hamza/wiper_ws/install/weedbot_interfaces' for CMake module files
[10.023s] Level 1:colcon.colcon_core.environment:checking '/home/hamza/wiper_ws/install/weedbot_interfaces' for CMake config files
[10.025s] Level 1:colcon.colcon_core.shell:create_environment_hook('weedbot_interfaces', 'cmake_prefix_path')
[10.026s] INFO:colcon.colcon_core.shell:Creating environment hook '/home/hamza/wiper_ws/install/weedbot_interfaces/share/weedbot_interfaces/hook/cmake_prefix_path.ps1'
[10.027s] INFO:colcon.colcon_core.shell:Creating environment descriptor '/home/hamza/wiper_ws/install/weedbot_interfaces/share/weedbot_interfaces/hook/cmake_prefix_path.dsv'
[10.028s] INFO:colcon.colcon_core.shell:Creating environment hook '/home/hamza/wiper_ws/install/weedbot_interfaces/share/weedbot_interfaces/hook/cmake_prefix_path.sh'
[10.030s] Level 1:colcon.colcon_core.environment:checking '/home/hamza/wiper_ws/install/weedbot_interfaces/lib'
[10.030s] Level 1:colcon.colcon_core.shell:create_environment_hook('weedbot_interfaces', 'ld_library_path_lib')
[10.030s] INFO:colcon.colcon_core.shell:Creating environment hook '/home/hamza/wiper_ws/install/weedbot_interfaces/share/weedbot_interfaces/hook/ld_library_path_lib.ps1'
[10.031s] INFO:colcon.colcon_core.shell:Creating environment descriptor '/home/hamza/wiper_ws/install/weedbot_interfaces/share/weedbot_interfaces/hook/ld_library_path_lib.dsv'
[10.032s] INFO:colcon.colcon_core.shell:Creating environment hook '/home/hamza/wiper_ws/install/weedbot_interfaces/share/weedbot_interfaces/hook/ld_library_path_lib.sh'
[10.033s] Level 1:colcon.colcon_core.environment:checking '/home/hamza/wiper_ws/install/weedbot_interfaces/bin'
[10.033s] Level 1:colcon.colcon_core.environment:checking '/home/hamza/wiper_ws/install/weedbot_interfaces/lib/pkgconfig/weedbot_interfaces.pc'
[10.034s] Level 1:colcon.colcon_core.environment:checking '/home/hamza/wiper_ws/install/weedbot_interfaces/lib/python3.12/site-packages'
[10.034s] Level 1:colcon.colcon_core.shell:create_environment_hook('weedbot_interfaces', 'pythonpath')
[10.035s] INFO:colcon.colcon_core.shell:Creating environment hook '/home/hamza/wiper_ws/install/weedbot_interfaces/share/weedbot_interfaces/hook/pythonpath.ps1'
[10.036s] INFO:colcon.colcon_core.shell:Creating environment descriptor '/home/hamza/wiper_ws/install/weedbot_interfaces/share/weedbot_interfaces/hook/pythonpath.dsv'
[10.037s] INFO:colcon.colcon_core.shell:Creating environment hook '/home/hamza/wiper_ws/install/weedbot_interfaces/share/weedbot_interfaces/hook/pythonpath.sh'
[10.039s] Level 1:colcon.colcon_core.environment:checking '/home/hamza/wiper_ws/install/weedbot_interfaces/bin'
[10.039s] INFO:colcon.colcon_core.shell:Creating package script '/home/hamza/wiper_ws/install/weedbot_interfaces/share/weedbot_interfaces/package.ps1'
[10.041s] INFO:colcon.colcon_core.shell:Creating package descriptor '/home/hamza/wiper_ws/install/weedbot_interfaces/share/weedbot_interfaces/package.dsv'
[10.042s] INFO:colcon.colcon_core.shell:Creating package script '/home/hamza/wiper_ws/install/weedbot_interfaces/share/weedbot_interfaces/package.sh'
[10.044s] INFO:colcon.colcon_core.shell:Creating package script '/home/hamza/wiper_ws/install/weedbot_interfaces/share/weedbot_interfaces/package.bash'
[10.045s] INFO:colcon.colcon_core.shell:Creating package script '/home/hamza/wiper_ws/install/weedbot_interfaces/share/weedbot_interfaces/package.zsh'
[10.046s] Level 1:colcon.colcon_core.environment:create_file_with_runtime_dependencies(/home/hamza/wiper_ws/install/weedbot_interfaces/share/colcon-core/packages/weedbot_interfaces)
[10.047s] Level 1:colcon.colcon_core.environment:create_environment_scripts_only(weedbot_interfaces)
[10.048s] Level 1:colcon.colcon_core.environment:checking '/home/hamza/wiper_ws/install/weedbot_interfaces' for CMake module files
[10.049s] Level 1:colcon.colcon_core.environment:checking '/home/hamza/wiper_ws/install/weedbot_interfaces' for CMake config files
[10.052s] Level 1:colcon.colcon_core.shell:create_environment_hook('weedbot_interfaces', 'cmake_prefix_path')
[10.052s] INFO:colcon.colcon_core.shell:Creating environment hook '/home/hamza/wiper_ws/install/weedbot_interfaces/share/weedbot_interfaces/hook/cmake_prefix_path.ps1'
[10.053s] INFO:colcon.colcon_core.shell:Creating environment descriptor '/home/hamza/wiper_ws/install/weedbot_interfaces/share/weedbot_interfaces/hook/cmake_prefix_path.dsv'
[10.054s] INFO:colcon.colcon_core.shell:Creating environment hook '/home/hamza/wiper_ws/install/weedbot_interfaces/share/weedbot_interfaces/hook/cmake_prefix_path.sh'
[10.056s] Level 1:colcon.colcon_core.environment:checking '/home/hamza/wiper_ws/install/weedbot_interfaces/lib'
[10.056s] Level 1:colcon.colcon_core.shell:create_environment_hook('weedbot_interfaces', 'ld_library_path_lib')
[10.056s] INFO:colcon.colcon_core.shell:Creating environment hook '/home/hamza/wiper_ws/install/weedbot_interfaces/share/weedbot_interfaces/hook/ld_library_path_lib.ps1'
[10.057s] INFO:colcon.colcon_core.shell:Creating environment descriptor '/home/hamza/wiper_ws/install/weedbot_interfaces/share/weedbot_interfaces/hook/ld_library_path_lib.dsv'
[10.058s] INFO:colcon.colcon_core.shell:Creating environment hook '/home/hamza/wiper_ws/install/weedbot_interfaces/share/weedbot_interfaces/hook/ld_library_path_lib.sh'
[10.058s] Level 1:colcon.colcon_core.environment:checking '/home/hamza/wiper_ws/install/weedbot_interfaces/bin'
[10.059s] Level 1:colcon.colcon_core.environment:checking '/home/hamza/wiper_ws/install/weedbot_interfaces/lib/pkgconfig/weedbot_interfaces.pc'
[10.059s] Level 1:colcon.colcon_core.environment:checking '/home/hamza/wiper_ws/install/weedbot_interfaces/lib/python3.12/site-packages'
[10.059s] Level 1:colcon.colcon_core.shell:create_environment_hook('weedbot_interfaces', 'pythonpath')
[10.060s] INFO:colcon.colcon_core.shell:Creating environment hook '/home/hamza/wiper_ws/install/weedbot_interfaces/share/weedbot_interfaces/hook/pythonpath.ps1'
[10.060s] INFO:colcon.colcon_core.shell:Creating environment descriptor '/home/hamza/wiper_ws/install/weedbot_interfaces/share/weedbot_interfaces/hook/pythonpath.dsv'
[10.061s] INFO:colcon.colcon_core.shell:Creating environment hook '/home/hamza/wiper_ws/install/weedbot_interfaces/share/weedbot_interfaces/hook/pythonpath.sh'
[10.062s] Level 1:colcon.colcon_core.environment:checking '/home/hamza/wiper_ws/install/weedbot_interfaces/bin'
[10.062s] INFO:colcon.colcon_core.shell:Creating package script '/home/hamza/wiper_ws/install/weedbot_interfaces/share/weedbot_interfaces/package.ps1'
[10.063s] INFO:colcon.colcon_core.shell:Creating package descriptor '/home/hamza/wiper_ws/install/weedbot_interfaces/share/weedbot_interfaces/package.dsv'
[10.064s] INFO:colcon.colcon_core.shell:Creating package script '/home/hamza/wiper_ws/install/weedbot_interfaces/share/weedbot_interfaces/package.sh'
[10.064s] INFO:colcon.colcon_core.shell:Creating package script '/home/hamza/wiper_ws/install/weedbot_interfaces/share/weedbot_interfaces/package.bash'
[10.065s] INFO:colcon.colcon_core.shell:Creating package script '/home/hamza/wiper_ws/install/weedbot_interfaces/share/weedbot_interfaces/package.zsh'
[10.066s] Level 1:colcon.colcon_core.environment:create_file_with_runtime_dependencies(/home/hamza/wiper_ws/install/weedbot_interfaces/share/colcon-core/packages/weedbot_interfaces)
[10.066s] INFO:colcon.colcon_ros.task.ament_python.build:Building ROS package in '/home/hamza/wiper_ws/src/weedbot_vision' with build type 'ament_python'
[10.066s] Level 1:colcon.colcon_core.shell:create_environment_hook('weedbot_vision', 'ament_prefix_path')
[10.067s] INFO:colcon.colcon_core.shell:Creating environment hook '/home/hamza/wiper_ws/install/weedbot_vision/share/weedbot_vision/hook/ament_prefix_path.ps1'
[10.068s] INFO:colcon.colcon_core.shell:Creating environment descriptor '/home/hamza/wiper_ws/install/weedbot_vision/share/weedbot_vision/hook/ament_prefix_path.dsv'
[10.069s] INFO:colcon.colcon_core.shell:Creating environment hook '/home/hamza/wiper_ws/install/weedbot_vision/share/weedbot_vision/hook/ament_prefix_path.sh'
[10.070s] INFO:colcon.colcon_core.shell:Skip shell extension 'powershell' for command environment: Not usable outside of PowerShell
[10.070s] DEBUG:colcon.colcon_core.shell:Skip shell extension 'dsv' for command environment
[10.592s] INFO:colcon.colcon_core.task.python.build:Building Python package in '/home/hamza/wiper_ws/src/weedbot_vision'
[10.593s] INFO:colcon.colcon_core.shell:Skip shell extension 'powershell' for command environment: Not usable outside of PowerShell
[10.593s] DEBUG:colcon.colcon_core.shell:Skip shell extension 'dsv' for command environment
[11.538s] DEBUG:colcon.colcon_core.event_handler.log_command:Invoking command in '/home/hamza/wiper_ws/build/weedbot_vision': PYTHONPATH=/home/hamza/wiper_ws/build/weedbot_vision/prefix_override:/usr/lib/python3/dist-packages/colcon_core/task/python/colcon_distutils_commands:/home/hamza/wiper_ws/install/weedbot_vision/lib/python3.12/site-packages:/home/hamza/wiper_ws/install/weedbot_interfaces/lib/python3.12/site-packages:/home/hamza/wiper_ws/build/weedbot_vision:/home/hamza/wiper_ws/install/weedbot_vision/lib/python3.12/site-packages:/home/hamza/wiper_ws/install/weedbot_simulation/lib/python3.12/site-packages:/home/hamza/wiper_ws/install/weedbot_control/lib/python3.12/site-packages:/opt/ros/jazzy/lib/python3.12/site-packages /usr/bin/python3 -W ignore:setup.py install is deprecated -W ignore:easy_install command is deprecated setup.py develop --editable --build-directory /home/hamza/wiper_ws/build/weedbot_vision/build --no-deps symlink_data
[12.427s] Level 1:colcon.colcon_core.shell:create_environment_hook('weedbot_vision', 'pythonpath_develop')
[12.428s] INFO:colcon.colcon_core.shell:Creating environment hook '/home/hamza/wiper_ws/build/weedbot_vision/share/weedbot_vision/hook/pythonpath_develop.ps1'
[12.429s] DEBUG:colcon.colcon_core.event_handler.log_command:Invoked command in '/home/hamza/wiper_ws/build/weedbot_vision' returned '0': PYTHONPATH=/home/hamza/wiper_ws/build/weedbot_vision/prefix_override:/usr/lib/python3/dist-packages/colcon_core/task/python/colcon_distutils_commands:/home/hamza/wiper_ws/install/weedbot_vision/lib/python3.12/site-packages:/home/hamza/wiper_ws/install/weedbot_interfaces/lib/python3.12/site-packages:/home/hamza/wiper_ws/build/weedbot_vision:/home/hamza/wiper_ws/install/weedbot_vision/lib/python3.12/site-packages:/home/hamza/wiper_ws/install/weedbot_simulation/lib/python3.12/site-packages:/home/hamza/wiper_ws/install/weedbot_control/lib/python3.12/site-packages:/opt/ros/jazzy/lib/python3.12/site-packages /usr/bin/python3 -W ignore:setup.py install is deprecated -W ignore:easy_install command is deprecated setup.py develop --editable --build-directory /home/hamza/wiper_ws/build/weedbot_vision/build --no-deps symlink_data
[12.429s] INFO:colcon.colcon_core.shell:Creating environment descriptor '/home/hamza/wiper_ws/build/weedbot_vision/share/weedbot_vision/hook/pythonpath_develop.dsv'
[12.430s] INFO:colcon.colcon_core.shell:Creating environment hook '/home/hamza/wiper_ws/build/weedbot_vision/share/weedbot_vision/hook/pythonpath_develop.sh'
[12.430s] Level 1:colcon.colcon_core.environment:checking '/home/hamza/wiper_ws/install/weedbot_vision' for CMake module files
[12.431s] Level 1:colcon.colcon_core.environment:checking '/home/hamza/wiper_ws/install/weedbot_vision' for CMake config files
[12.432s] Level 1:colcon.colcon_core.environment:checking '/home/hamza/wiper_ws/install/weedbot_vision/lib'
[12.432s] Level 1:colcon.colcon_core.environment:checking '/home/hamza/wiper_ws/install/weedbot_vision/bin'
[12.432s] Level 1:colcon.colcon_core.environment:checking '/home/hamza/wiper_ws/install/weedbot_vision/lib/pkgconfig/weedbot_vision.pc'
[12.432s] Level 1:colcon.colcon_core.environment:checking '/home/hamza/wiper_ws/install/weedbot_vision/lib/python3.12/site-packages'
[12.432s] Level 1:colcon.colcon_core.shell:create_environment_hook('weedbot_vision', 'pythonpath')
[12.433s] INFO:colcon.colcon_core.shell:Creating environment hook '/home/hamza/wiper_ws/install/weedbot_vision/share/weedbot_vision/hook/pythonpath.ps1'
[12.433s] INFO:colcon.colcon_core.shell:Creating environment descriptor '/home/hamza/wiper_ws/install/weedbot_vision/share/weedbot_vision/hook/pythonpath.dsv'
[12.434s] INFO:colcon.colcon_core.shell:Creating environment hook '/home/hamza/wiper_ws/install/weedbot_vision/share/weedbot_vision/hook/pythonpath.sh'
[12.435s] Level 1:colcon.colcon_core.environment:checking '/home/hamza/wiper_ws/install/weedbot_vision/bin'
[12.435s] Level 1:colcon.colcon_core.environment:create_environment_scripts_only(weedbot_vision)
[12.435s] INFO:colcon.colcon_core.shell:Creating package script '/home/hamza/wiper_ws/install/weedbot_vision/share/weedbot_vision/package.ps1'
[12.436s] INFO:colcon.colcon_core.shell:Creating package descriptor '/home/hamza/wiper_ws/install/weedbot_vision/share/weedbot_vision/package.dsv'
[12.437s] INFO:colcon.colcon_core.shell:Creating package script '/home/hamza/wiper_ws/install/weedbot_vision/share/weedbot_vision/package.sh'
[12.437s] INFO:colcon.colcon_core.shell:Creating package script '/home/hamza/wiper_ws/install/weedbot_vision/share/weedbot_vision/package.bash'
[12.438s] INFO:colcon.colcon_core.shell:Creating package script '/home/hamza/wiper_ws/install/weedbot_vision/share/weedbot_vision/package.zsh'
[12.439s] Level 1:colcon.colcon_core.environment:create_file_with_runtime_dependencies(/home/hamza/wiper_ws/install/weedbot_vision/share/colcon-core/packages/weedbot_vision)
[12.439s] DEBUG:colcon.colcon_parallel_executor.executor.parallel:closing loop
[12.440s] DEBUG:colcon.colcon_parallel_executor.executor.parallel:loop closed
[12.440s] DEBUG:colcon.colcon_parallel_executor.executor.parallel:run_until_complete finished with '0'
[12.440s] DEBUG:colcon.colcon_core.event_reactor:joining thread
[12.493s] INFO:colcon.colcon_core.plugin_system:Skipping extension 'colcon_notification.desktop_notification.notify_send': Could not find 'notify-send'
[12.493s] INFO:colcon.colcon_core.plugin_system:Skipping extension 'colcon_notification.desktop_notification.terminal_notifier': Not used on non-Darwin systems
[12.493s] INFO:colcon.colcon_core.plugin_system:Skipping extension 'colcon_notification.desktop_notification.win32': Not used on non-Windows systems
[12.493s] INFO:colcon.colcon_notification.desktop_notification:Sending desktop notification using 'notify2'
[12.543s] DEBUG:colcon.colcon_notification.desktop_notification.notify2:Failed to initialize notify2: org.freedesktop.DBus.Error.ServiceUnknown: The name org.freedesktop.Notifications was not provided by any .service files
[12.544s] DEBUG:colcon.colcon_core.event_reactor:joined thread
[12.544s] INFO:colcon.colcon_core.shell:Creating prefix script '/home/hamza/wiper_ws/install/local_setup.ps1'
[12.546s] INFO:colcon.colcon_core.shell:Creating prefix util module '/home/hamza/wiper_ws/install/_local_setup_util_ps1.py'
[12.548s] INFO:colcon.colcon_core.shell:Creating prefix chain script '/home/hamza/wiper_ws/install/setup.ps1'
[12.550s] INFO:colcon.colcon_core.shell:Creating prefix script '/home/hamza/wiper_ws/install/local_setup.sh'
[12.551s] INFO:colcon.colcon_core.shell:Creating prefix util module '/home/hamza/wiper_ws/install/_local_setup_util_sh.py'
[12.552s] INFO:colcon.colcon_core.shell:Creating prefix chain script '/home/hamza/wiper_ws/install/setup.sh'
[12.554s] INFO:colcon.colcon_core.shell:Creating prefix script '/home/hamza/wiper_ws/install/local_setup.bash'
[12.556s] INFO:colcon.colcon_core.shell:Creating prefix chain script '/home/hamza/wiper_ws/install/setup.bash'
[12.557s] INFO:colcon.colcon_core.shell:Creating prefix script '/home/hamza/wiper_ws/install/local_setup.zsh'
[12.559s] INFO:colcon.colcon_core.shell:Creating prefix chain script '/home/hamza/wiper_ws/install/setup.zsh'
