running egg_info
creating ../../build/weedbot_simulation/weedbot_simulation.egg-info
writing ../../build/weedbot_simulation/weedbot_simulation.egg-info/PKG-INFO
writing dependency_links to ../../build/weedbot_simulation/weedbot_simulation.egg-info/dependency_links.txt
writing entry points to ../../build/weedbot_simulation/weedbot_simulation.egg-info/entry_points.txt
writing requirements to ../../build/weedbot_simulation/weedbot_simulation.egg-info/requires.txt
writing top-level names to ../../build/weedbot_simulation/weedbot_simulation.egg-info/top_level.txt
writing manifest file '../../build/weedbot_simulation/weedbot_simulation.egg-info/SOURCES.txt'
reading manifest file '../../build/weedbot_simulation/weedbot_simulation.egg-info/SOURCES.txt'
writing manifest file '../../build/weedbot_simulation/weedbot_simulation.egg-info/SOURCES.txt'
running build
running build_py
creating /home/hamza/wiper_ws/build/weedbot_simulation/build
creating /home/hamza/wiper_ws/build/weedbot_simulation/build/lib
creating /home/hamza/wiper_ws/build/weedbot_simulation/build/lib/weedbot_simulation
copying weedbot_simulation/__init__.py -> /home/hamza/wiper_ws/build/weedbot_simulation/build/lib/weedbot_simulation
running install
running install_lib
creating /home/hamza/wiper_ws/install/weedbot_simulation/lib/python3.12/site-packages/weedbot_simulation
copying /home/hamza/wiper_ws/build/weedbot_simulation/build/lib/weedbot_simulation/__init__.py -> /home/hamza/wiper_ws/install/weedbot_simulation/lib/python3.12/site-packages/weedbot_simulation
byte-compiling /home/hamza/wiper_ws/install/weedbot_simulation/lib/python3.12/site-packages/weedbot_simulation/__init__.py to __init__.cpython-312.pyc
running install_data
creating /home/hamza/wiper_ws/install/weedbot_simulation/share/ament_index
creating /home/hamza/wiper_ws/install/weedbot_simulation/share/ament_index/resource_index
creating /home/hamza/wiper_ws/install/weedbot_simulation/share/ament_index/resource_index/packages
copying resource/weedbot_simulation -> /home/hamza/wiper_ws/install/weedbot_simulation/share/ament_index/resource_index/packages
copying package.xml -> /home/hamza/wiper_ws/install/weedbot_simulation/share/weedbot_simulation
creating /home/hamza/wiper_ws/install/weedbot_simulation/share/weedbot_simulation/launch
copying launch/simulation_launch.py -> /home/hamza/wiper_ws/install/weedbot_simulation/share/weedbot_simulation/launch
copying launch/full_system_launch.py -> /home/hamza/wiper_ws/install/weedbot_simulation/share/weedbot_simulation/launch
creating /home/hamza/wiper_ws/install/weedbot_simulation/share/weedbot_simulation/worlds
copying worlds/farm_field.world -> /home/hamza/wiper_ws/install/weedbot_simulation/share/weedbot_simulation/worlds
creating /home/hamza/wiper_ws/install/weedbot_simulation/share/weedbot_simulation/urdf
copying urdf/tractor.urdf.xacro -> /home/hamza/wiper_ws/install/weedbot_simulation/share/weedbot_simulation/urdf
creating /home/hamza/wiper_ws/install/weedbot_simulation/share/weedbot_simulation/models
creating /home/hamza/wiper_ws/install/weedbot_simulation/share/weedbot_simulation/models/weed
copying models/weed/model.config -> /home/hamza/wiper_ws/install/weedbot_simulation/share/weedbot_simulation/models/weed
copying models/weed/model.sdf -> /home/hamza/wiper_ws/install/weedbot_simulation/share/weedbot_simulation/models/weed
running install_egg_info
Copying ../../build/weedbot_simulation/weedbot_simulation.egg-info to /home/hamza/wiper_ws/install/weedbot_simulation/lib/python3.12/site-packages/weedbot_simulation-1.0.0-py3.12.egg-info
running install_scripts
Installing laser_controller script to /home/hamza/wiper_ws/install/weedbot_simulation/lib/weedbot_simulation
Installing tractor_controller script to /home/hamza/wiper_ws/install/weedbot_simulation/lib/weedbot_simulation
Installing weed_spawner script to /home/hamza/wiper_ws/install/weedbot_simulation/lib/weedbot_simulation
writing list of installed files to '/home/hamza/wiper_ws/build/weedbot_simulation/install.log'
