running egg_info
writing ../../build/weedbot_vision/weedbot_vision.egg-info/PKG-INFO
writing dependency_links to ../../build/weedbot_vision/weedbot_vision.egg-info/dependency_links.txt
writing entry points to ../../build/weedbot_vision/weedbot_vision.egg-info/entry_points.txt
writing requirements to ../../build/weedbot_vision/weedbot_vision.egg-info/requires.txt
writing top-level names to ../../build/weedbot_vision/weedbot_vision.egg-info/top_level.txt
reading manifest file '../../build/weedbot_vision/weedbot_vision.egg-info/SOURCES.txt'
writing manifest file '../../build/weedbot_vision/weedbot_vision.egg-info/SOURCES.txt'
running build
running build_py
copying weedbot_vision/camera_calibration.py -> /home/hamza/wiper_ws/build/weedbot_vision/build/lib/weedbot_vision
running install
running install_lib
copying /home/hamza/wiper_ws/build/weedbot_vision/build/lib/weedbot_vision/camera_calibration.py -> /home/hamza/wiper_ws/install/weedbot_vision/lib/python3.12/site-packages/weedbot_vision
byte-compiling /home/hamza/wiper_ws/install/weedbot_vision/lib/python3.12/site-packages/weedbot_vision/camera_calibration.py to camera_calibration.cpython-312.pyc
running install_data
running install_egg_info
removing '/home/hamza/wiper_ws/install/weedbot_vision/lib/python3.12/site-packages/weedbot_vision-0.0.1-py3.12.egg-info' (and everything under it)
Copying ../../build/weedbot_vision/weedbot_vision.egg-info to /home/hamza/wiper_ws/install/weedbot_vision/lib/python3.12/site-packages/weedbot_vision-0.0.1-py3.12.egg-info
running install_scripts
Installing camera_calibration script to /home/hamza/wiper_ws/install/weedbot_vision/lib/weedbot_vision
Installing camera_publisher script to /home/hamza/wiper_ws/install/weedbot_vision/lib/weedbot_vision
Installing detection_monitor script to /home/hamza/wiper_ws/install/weedbot_vision/lib/weedbot_vision
Installing vision_node script to /home/hamza/wiper_ws/install/weedbot_vision/lib/weedbot_vision
writing list of installed files to '/home/hamza/wiper_ws/build/weedbot_vision/install.log'
