[0.946s] Invoking command in '/home/hamza/wiper_ws/build/weedbot_control': PYTHONPATH=/home/hamza/wiper_ws/build/weedbot_control/prefix_override:/usr/lib/python3/dist-packages/colcon_core/task/python/colcon_distutils_commands:/home/hamza/wiper_ws/install/weedbot_control/lib/python3.12/site-packages:${PYTHONPATH} /usr/bin/python3 -W ignore:setup.py install is deprecated -W ignore:easy_install command is deprecated setup.py develop --editable --build-directory /home/hamza/wiper_ws/build/weedbot_control/build --no-deps symlink_data
[1.326s] running develop
[1.568s] running egg_info
[1.568s] creating weedbot_control.egg-info
[1.591s] writing weedbot_control.egg-info/PKG-INFO
[1.591s] writing dependency_links to weedbot_control.egg-info/dependency_links.txt
[1.591s] writing requirements to weedbot_control.egg-info/requires.txt
[1.592s] writing top-level names to weedbot_control.egg-info/top_level.txt
[1.592s] writing manifest file 'weedbot_control.egg-info/SOURCES.txt'
[1.637s] reading manifest file 'weedbot_control.egg-info/SOURCES.txt'
[1.638s] writing manifest file 'weedbot_control.egg-info/SOURCES.txt'
[1.662s] running build_ext
[1.662s] Creating /home/hamza/wiper_ws/install/weedbot_control/lib/python3.12/site-packages/weedbot-control.egg-link (link to .)
[1.663s] 
[1.663s] Installed /home/hamza/wiper_ws/build/weedbot_control
[1.663s] running symlink_data
[1.663s] creating /home/hamza/wiper_ws/install/weedbot_control/share/ament_index
[1.664s] creating /home/hamza/wiper_ws/install/weedbot_control/share/ament_index/resource_index
[1.664s] creating /home/hamza/wiper_ws/install/weedbot_control/share/ament_index/resource_index/packages
[1.665s] symbolically linking /home/hamza/wiper_ws/build/weedbot_control/resource/weedbot_control -> /home/hamza/wiper_ws/install/weedbot_control/share/ament_index/resource_index/packages
[1.665s] symbolically linking /home/hamza/wiper_ws/build/weedbot_control/package.xml -> /home/hamza/wiper_ws/install/weedbot_control/share/weedbot_control
[1.702s] Invoked command in '/home/hamza/wiper_ws/build/weedbot_control' returned '0': PYTHONPATH=/home/hamza/wiper_ws/build/weedbot_control/prefix_override:/usr/lib/python3/dist-packages/colcon_core/task/python/colcon_distutils_commands:/home/hamza/wiper_ws/install/weedbot_control/lib/python3.12/site-packages:${PYTHONPATH} /usr/bin/python3 -W ignore:setup.py install is deprecated -W ignore:easy_install command is deprecated setup.py develop --editable --build-directory /home/hamza/wiper_ws/build/weedbot_control/build --no-deps symlink_data
