running develop
Removing /home/hamza/wiper_ws/install/weedbot_control/lib/python3.12/site-packages/weedbot-control.egg-link (link to .)
running egg_info
writing ../../build/weedbot_control/weedbot_control.egg-info/PKG-INFO
writing dependency_links to ../../build/weedbot_control/weedbot_control.egg-info/dependency_links.txt
writing requirements to ../../build/weedbot_control/weedbot_control.egg-info/requires.txt
writing top-level names to ../../build/weedbot_control/weedbot_control.egg-info/top_level.txt
reading manifest file '../../build/weedbot_control/weedbot_control.egg-info/SOURCES.txt'
writing manifest file '../../build/weedbot_control/weedbot_control.egg-info/SOURCES.txt'
running build
running build_py
creating /home/hamza/wiper_ws/build/weedbot_control/build
creating /home/hamza/wiper_ws/build/weedbot_control/build/lib
creating /home/hamza/wiper_ws/build/weedbot_control/build/lib/weedbot_control
copying weedbot_control/__init__.py -> /home/hamza/wiper_ws/build/weedbot_control/build/lib/weedbot_control
running install
running install_lib
creating /home/hamza/wiper_ws/install/weedbot_control/lib/python3.12/site-packages/weedbot_control
copying /home/hamza/wiper_ws/build/weedbot_control/build/lib/weedbot_control/__init__.py -> /home/hamza/wiper_ws/install/weedbot_control/lib/python3.12/site-packages/weedbot_control
byte-compiling /home/hamza/wiper_ws/install/weedbot_control/lib/python3.12/site-packages/weedbot_control/__init__.py to __init__.cpython-312.pyc
running install_data
copying resource/weedbot_control -> /home/hamza/wiper_ws/install/weedbot_control/share/ament_index/resource_index/packages
copying package.xml -> /home/hamza/wiper_ws/install/weedbot_control/share/weedbot_control
running install_egg_info
Copying ../../build/weedbot_control/weedbot_control.egg-info to /home/hamza/wiper_ws/install/weedbot_control/lib/python3.12/site-packages/weedbot_control-0.0.0-py3.12.egg-info
running install_scripts
writing list of installed files to '/home/hamza/wiper_ws/build/weedbot_control/install.log'
