[1.799s] Invoking command in '/home/hamza/wiper_ws/build/weedbot_control': PYTHONPATH=/home/hamza/wiper_ws/build/weedbot_control/prefix_override:/usr/lib/python3/dist-packages/colcon_core/task/python/colcon_distutils_commands:/home/hamza/wiper_ws/install/weedbot_control/lib/python3.12/site-packages:${PYTHONPATH} /usr/bin/python3 -W ignore:setup.py install is deprecated -W ignore:easy_install command is deprecated setup.py develop --uninstall --editable --build-directory /home/hamza/wiper_ws/build/weedbot_control/build
[2.297s] running develop
[2.619s] Removing /home/hamza/wiper_ws/install/weedbot_control/lib/python3.12/site-packages/weedbot-control.egg-link (link to .)
[2.668s] Invoked command in '/home/hamza/wiper_ws/build/weedbot_control' returned '0': PYTHONPATH=/home/hamza/wiper_ws/build/weedbot_control/prefix_override:/usr/lib/python3/dist-packages/colcon_core/task/python/colcon_distutils_commands:/home/hamza/wiper_ws/install/weedbot_control/lib/python3.12/site-packages:${PYTHONPATH} /usr/bin/python3 -W ignore:setup.py install is deprecated -W ignore:easy_install command is deprecated setup.py develop --uninstall --editable --build-directory /home/hamza/wiper_ws/build/weedbot_control/build
[2.670s] Invoking command in '/home/hamza/wiper_ws/src/weedbot_control': PYTHONPATH=/home/hamza/wiper_ws/build/weedbot_control/prefix_override:/usr/lib/python3/dist-packages/colcon_core/task/python/colcon_distutils_commands:/home/hamza/wiper_ws/install/weedbot_control/lib/python3.12/site-packages:${PYTHONPATH} /usr/bin/python3 -W ignore:setup.py install is deprecated -W ignore:easy_install command is deprecated setup.py egg_info --egg-base ../../build/weedbot_control build --build-base /home/hamza/wiper_ws/build/weedbot_control/build install --record /home/hamza/wiper_ws/build/weedbot_control/install.log --single-version-externally-managed install_data --force
[3.073s] running egg_info
[3.100s] writing ../../build/weedbot_control/weedbot_control.egg-info/PKG-INFO
[3.100s] writing dependency_links to ../../build/weedbot_control/weedbot_control.egg-info/dependency_links.txt
[3.101s] writing requirements to ../../build/weedbot_control/weedbot_control.egg-info/requires.txt
[3.101s] writing top-level names to ../../build/weedbot_control/weedbot_control.egg-info/top_level.txt
[3.161s] reading manifest file '../../build/weedbot_control/weedbot_control.egg-info/SOURCES.txt'
[3.163s] writing manifest file '../../build/weedbot_control/weedbot_control.egg-info/SOURCES.txt'
[3.163s] running build
[3.164s] running build_py
[3.164s] creating /home/hamza/wiper_ws/build/weedbot_control/build
[3.164s] creating /home/hamza/wiper_ws/build/weedbot_control/build/lib
[3.165s] creating /home/hamza/wiper_ws/build/weedbot_control/build/lib/weedbot_control
[3.165s] copying weedbot_control/__init__.py -> /home/hamza/wiper_ws/build/weedbot_control/build/lib/weedbot_control
[3.166s] running install
[3.175s] running install_lib
[3.204s] creating /home/hamza/wiper_ws/install/weedbot_control/lib/python3.12/site-packages/weedbot_control
[3.205s] copying /home/hamza/wiper_ws/build/weedbot_control/build/lib/weedbot_control/__init__.py -> /home/hamza/wiper_ws/install/weedbot_control/lib/python3.12/site-packages/weedbot_control
[3.206s] byte-compiling /home/hamza/wiper_ws/install/weedbot_control/lib/python3.12/site-packages/weedbot_control/__init__.py to __init__.cpython-312.pyc
[3.206s] running install_data
[3.207s] copying resource/weedbot_control -> /home/hamza/wiper_ws/install/weedbot_control/share/ament_index/resource_index/packages
[3.207s] copying package.xml -> /home/hamza/wiper_ws/install/weedbot_control/share/weedbot_control
[3.207s] running install_egg_info
[3.243s] Copying ../../build/weedbot_control/weedbot_control.egg-info to /home/hamza/wiper_ws/install/weedbot_control/lib/python3.12/site-packages/weedbot_control-0.0.0-py3.12.egg-info
[3.245s] running install_scripts
[3.497s] writing list of installed files to '/home/hamza/wiper_ws/build/weedbot_control/install.log'
[3.556s] Invoked command in '/home/hamza/wiper_ws/src/weedbot_control' returned '0': PYTHONPATH=/home/hamza/wiper_ws/build/weedbot_control/prefix_override:/usr/lib/python3/dist-packages/colcon_core/task/python/colcon_distutils_commands:/home/hamza/wiper_ws/install/weedbot_control/lib/python3.12/site-packages:${PYTHONPATH} /usr/bin/python3 -W ignore:setup.py install is deprecated -W ignore:easy_install command is deprecated setup.py egg_info --egg-base ../../build/weedbot_control build --build-base /home/hamza/wiper_ws/build/weedbot_control/build install --record /home/hamza/wiper_ws/build/weedbot_control/install.log --single-version-externally-managed install_data --force
