[2.352s] Invoking command in '/home/hamza/wiper_ws/build/weedbot_vision': PYTHONPATH=/home/hamza/wiper_ws/build/weedbot_vision/prefix_override:/usr/lib/python3/dist-packages/colcon_core/task/python/colcon_distutils_commands:/home/hamza/wiper_ws/install/weedbot_vision/lib/python3.12/site-packages:/home/hamza/wiper_ws/install/weedbot_interfaces/lib/python3.12/site-packages:/home/hamza/wiper_ws/build/weedbot_vision:/home/hamza/wiper_ws/install/weedbot_vision/lib/python3.12/site-packages:/home/hamza/wiper_ws/build/weedbot_control:/home/hamza/wiper_ws/install/weedbot_control/lib/python3.12/site-packages:/opt/ros/jazzy/lib/python3.12/site-packages /usr/bin/python3 -W ignore:setup.py install is deprecated -W ignore:easy_install command is deprecated setup.py develop --editable --build-directory /home/hamza/wiper_ws/build/weedbot_vision/build --no-deps symlink_data
[2.778s] running develop
[3.069s] running egg_info
[3.096s] writing weedbot_vision.egg-info/PKG-INFO
[3.096s] writing dependency_links to weedbot_vision.egg-info/dependency_links.txt
[3.097s] writing entry points to weedbot_vision.egg-info/entry_points.txt
[3.097s] writing requirements to weedbot_vision.egg-info/requires.txt
[3.097s] writing top-level names to weedbot_vision.egg-info/top_level.txt
[3.159s] reading manifest file 'weedbot_vision.egg-info/SOURCES.txt'
[3.161s] writing manifest file 'weedbot_vision.egg-info/SOURCES.txt'
[3.194s] running build_ext
[3.200s] Creating /home/hamza/wiper_ws/install/weedbot_vision/lib/python3.12/site-packages/weedbot-vision.egg-link (link to .)
[3.201s] Installing camera_calibration script to /home/hamza/wiper_ws/install/weedbot_vision/lib/weedbot_vision
[3.202s] Installing camera_publisher script to /home/hamza/wiper_ws/install/weedbot_vision/lib/weedbot_vision
[3.202s] Installing detection_monitor script to /home/hamza/wiper_ws/install/weedbot_vision/lib/weedbot_vision
[3.203s] Installing vision_node script to /home/hamza/wiper_ws/install/weedbot_vision/lib/weedbot_vision
[3.203s] 
[3.203s] Installed /home/hamza/wiper_ws/build/weedbot_vision
[3.203s] running symlink_data
[3.267s] Invoked command in '/home/hamza/wiper_ws/build/weedbot_vision' returned '0': PYTHONPATH=/home/hamza/wiper_ws/build/weedbot_vision/prefix_override:/usr/lib/python3/dist-packages/colcon_core/task/python/colcon_distutils_commands:/home/hamza/wiper_ws/install/weedbot_vision/lib/python3.12/site-packages:/home/hamza/wiper_ws/install/weedbot_interfaces/lib/python3.12/site-packages:/home/hamza/wiper_ws/build/weedbot_vision:/home/hamza/wiper_ws/install/weedbot_vision/lib/python3.12/site-packages:/home/hamza/wiper_ws/build/weedbot_control:/home/hamza/wiper_ws/install/weedbot_control/lib/python3.12/site-packages:/opt/ros/jazzy/lib/python3.12/site-packages /usr/bin/python3 -W ignore:setup.py install is deprecated -W ignore:easy_install command is deprecated setup.py develop --editable --build-directory /home/hamza/wiper_ws/build/weedbot_vision/build --no-deps symlink_data
