/home/fatima/W.I.P.E.R/gps_ws/install/nmea_navsat_driver/lib/python3.12/site-packages/libnmea_navsat_driver/__init__.py
/home/fatima/W.I.P.E.R/gps_ws/install/nmea_navsat_driver/lib/python3.12/site-packages/libnmea_navsat_driver/driver.py
/home/fatima/W.I.P.E.R/gps_ws/install/nmea_navsat_driver/lib/python3.12/site-packages/libnmea_navsat_driver/parser.py
/home/fatima/W.I.P.E.R/gps_ws/install/nmea_navsat_driver/lib/python3.12/site-packages/libnmea_navsat_driver/checksum_utils.py
/home/fatima/W.I.P.E.R/gps_ws/install/nmea_navsat_driver/lib/python3.12/site-packages/libnmea_navsat_driver/nodes/__init__.py
/home/fatima/W.I.P.E.R/gps_ws/install/nmea_navsat_driver/lib/python3.12/site-packages/libnmea_navsat_driver/nodes/nmea_tcpclient_driver.py
/home/fatima/W.I.P.E.R/gps_ws/install/nmea_navsat_driver/lib/python3.12/site-packages/libnmea_navsat_driver/nodes/nmea_topic_driver.py
/home/fatima/W.I.P.E.R/gps_ws/install/nmea_navsat_driver/lib/python3.12/site-packages/libnmea_navsat_driver/nodes/nmea_serial_driver.py
/home/fatima/W.I.P.E.R/gps_ws/install/nmea_navsat_driver/lib/python3.12/site-packages/libnmea_navsat_driver/nodes/nmea_topic_serial_reader.py
/home/fatima/W.I.P.E.R/gps_ws/install/nmea_navsat_driver/lib/python3.12/site-packages/libnmea_navsat_driver/nodes/nmea_socket_driver.py
/home/fatima/W.I.P.E.R/gps_ws/install/nmea_navsat_driver/lib/python3.12/site-packages/libnmea_navsat_driver/__pycache__/__init__.cpython-312.pyc
/home/fatima/W.I.P.E.R/gps_ws/install/nmea_navsat_driver/lib/python3.12/site-packages/libnmea_navsat_driver/__pycache__/driver.cpython-312.pyc
/home/fatima/W.I.P.E.R/gps_ws/install/nmea_navsat_driver/lib/python3.12/site-packages/libnmea_navsat_driver/__pycache__/parser.cpython-312.pyc
/home/fatima/W.I.P.E.R/gps_ws/install/nmea_navsat_driver/lib/python3.12/site-packages/libnmea_navsat_driver/__pycache__/checksum_utils.cpython-312.pyc
/home/fatima/W.I.P.E.R/gps_ws/install/nmea_navsat_driver/lib/python3.12/site-packages/libnmea_navsat_driver/nodes/__pycache__/__init__.cpython-312.pyc
/home/fatima/W.I.P.E.R/gps_ws/install/nmea_navsat_driver/lib/python3.12/site-packages/libnmea_navsat_driver/nodes/__pycache__/nmea_tcpclient_driver.cpython-312.pyc
/home/fatima/W.I.P.E.R/gps_ws/install/nmea_navsat_driver/lib/python3.12/site-packages/libnmea_navsat_driver/nodes/__pycache__/nmea_topic_driver.cpython-312.pyc
/home/fatima/W.I.P.E.R/gps_ws/install/nmea_navsat_driver/lib/python3.12/site-packages/libnmea_navsat_driver/nodes/__pycache__/nmea_serial_driver.cpython-312.pyc
/home/fatima/W.I.P.E.R/gps_ws/install/nmea_navsat_driver/lib/python3.12/site-packages/libnmea_navsat_driver/nodes/__pycache__/nmea_topic_serial_reader.cpython-312.pyc
/home/fatima/W.I.P.E.R/gps_ws/install/nmea_navsat_driver/lib/python3.12/site-packages/libnmea_navsat_driver/nodes/__pycache__/nmea_socket_driver.cpython-312.pyc
/home/fatima/W.I.P.E.R/gps_ws/install/nmea_navsat_driver/share/ament_index/resource_index/packages/nmea_navsat_driver
/home/fatima/W.I.P.E.R/gps_ws/install/nmea_navsat_driver/share/nmea_navsat_driver/package.xml
/home/fatima/W.I.P.E.R/gps_ws/install/nmea_navsat_driver/share/nmea_navsat_driver/launch/nmea_tcpclient_driver.launch.py
/home/fatima/W.I.P.E.R/gps_ws/install/nmea_navsat_driver/share/nmea_navsat_driver/launch/nmea_socket_driver.launch.py
/home/fatima/W.I.P.E.R/gps_ws/install/nmea_navsat_driver/share/nmea_navsat_driver/launch/nmea_serial_driver.launch.py
/home/fatima/W.I.P.E.R/gps_ws/install/nmea_navsat_driver/share/nmea_navsat_driver/config/nmea_socket_driver.yaml
/home/fatima/W.I.P.E.R/gps_ws/install/nmea_navsat_driver/share/nmea_navsat_driver/config/nmea_serial_driver.yaml
/home/fatima/W.I.P.E.R/gps_ws/install/nmea_navsat_driver/share/nmea_navsat_driver/config/nmea_tcpclient_driver.yaml
/home/fatima/W.I.P.E.R/gps_ws/install/nmea_navsat_driver/lib/python3.12/site-packages/nmea_navsat_driver-2.0.1-py3.12.egg-info/requires.txt
/home/fatima/W.I.P.E.R/gps_ws/install/nmea_navsat_driver/lib/python3.12/site-packages/nmea_navsat_driver-2.0.1-py3.12.egg-info/PKG-INFO
/home/fatima/W.I.P.E.R/gps_ws/install/nmea_navsat_driver/lib/python3.12/site-packages/nmea_navsat_driver-2.0.1-py3.12.egg-info/entry_points.txt
/home/fatima/W.I.P.E.R/gps_ws/install/nmea_navsat_driver/lib/python3.12/site-packages/nmea_navsat_driver-2.0.1-py3.12.egg-info/dependency_links.txt
/home/fatima/W.I.P.E.R/gps_ws/install/nmea_navsat_driver/lib/python3.12/site-packages/nmea_navsat_driver-2.0.1-py3.12.egg-info/top_level.txt
/home/fatima/W.I.P.E.R/gps_ws/install/nmea_navsat_driver/lib/python3.12/site-packages/nmea_navsat_driver-2.0.1-py3.12.egg-info/SOURCES.txt
/home/fatima/W.I.P.E.R/gps_ws/install/nmea_navsat_driver/lib/python3.12/site-packages/nmea_navsat_driver-2.0.1-py3.12.egg-info/zip-safe
/home/fatima/W.I.P.E.R/gps_ws/install/nmea_navsat_driver/lib/nmea_navsat_driver/nmea_serial_driver
/home/fatima/W.I.P.E.R/gps_ws/install/nmea_navsat_driver/lib/nmea_navsat_driver/nmea_socket_driver
/home/fatima/W.I.P.E.R/gps_ws/install/nmea_navsat_driver/lib/nmea_navsat_driver/nmea_tcpclient_driver
/home/fatima/W.I.P.E.R/gps_ws/install/nmea_navsat_driver/lib/nmea_navsat_driver/nmea_topic_driver
/home/fatima/W.I.P.E.R/gps_ws/install/nmea_navsat_driver/lib/nmea_navsat_driver/nmea_topic_serial_reader
