[1.169s] Invoking command in '/home/hamza/wiper_ws/src/weedbot_simulation': PYTHONPATH=/home/hamza/wiper_ws/build/weedbot_simulation/prefix_override:/usr/lib/python3/dist-packages/colcon_core/task/python/colcon_distutils_commands:/home/hamza/wiper_ws/install/weedbot_simulation/lib/python3.12/site-packages:${PYTHONPATH} /usr/bin/python3 -W ignore:setup.py install is deprecated -W ignore:easy_install command is deprecated setup.py egg_info --egg-base ../../build/weedbot_simulation build --build-base /home/hamza/wiper_ws/build/weedbot_simulation/build install --record /home/hamza/wiper_ws/build/weedbot_simulation/install.log --single-version-externally-managed install_data
[1.519s] running egg_info
[1.549s] writing ../../build/weedbot_simulation/weedbot_simulation.egg-info/PKG-INFO
[1.550s] writing dependency_links to ../../build/weedbot_simulation/weedbot_simulation.egg-info/dependency_links.txt
[1.550s] writing entry points to ../../build/weedbot_simulation/weedbot_simulation.egg-info/entry_points.txt
[1.551s] writing requirements to ../../build/weedbot_simulation/weedbot_simulation.egg-info/requires.txt
[1.551s] writing top-level names to ../../build/weedbot_simulation/weedbot_simulation.egg-info/top_level.txt
[1.603s] reading manifest file '../../build/weedbot_simulation/weedbot_simulation.egg-info/SOURCES.txt'
[1.605s] writing manifest file '../../build/weedbot_simulation/weedbot_simulation.egg-info/SOURCES.txt'
[1.606s] running build
[1.606s] running build_py
[1.606s] running install
[1.613s] running install_lib
[1.643s] running install_data
[1.644s] running install_egg_info
[1.666s] removing '/home/hamza/wiper_ws/install/weedbot_simulation/lib/python3.12/site-packages/weedbot_simulation-1.0.0-py3.12.egg-info' (and everything under it)
[1.667s] Copying ../../build/weedbot_simulation/weedbot_simulation.egg-info to /home/hamza/wiper_ws/install/weedbot_simulation/lib/python3.12/site-packages/weedbot_simulation-1.0.0-py3.12.egg-info
[1.669s] running install_scripts
[1.845s] Installing laser_controller script to /home/hamza/wiper_ws/install/weedbot_simulation/lib/weedbot_simulation
[1.845s] Installing tractor_controller script to /home/hamza/wiper_ws/install/weedbot_simulation/lib/weedbot_simulation
[1.846s] Installing weed_spawner script to /home/hamza/wiper_ws/install/weedbot_simulation/lib/weedbot_simulation
[1.847s] writing list of installed files to '/home/hamza/wiper_ws/build/weedbot_simulation/install.log'
[1.876s] Invoked command in '/home/hamza/wiper_ws/src/weedbot_simulation' returned '0': PYTHONPATH=/home/hamza/wiper_ws/build/weedbot_simulation/prefix_override:/usr/lib/python3/dist-packages/colcon_core/task/python/colcon_distutils_commands:/home/hamza/wiper_ws/install/weedbot_simulation/lib/python3.12/site-packages:${PYTHONPATH} /usr/bin/python3 -W ignore:setup.py install is deprecated -W ignore:easy_install command is deprecated setup.py egg_info --egg-base ../../build/weedbot_simulation build --build-base /home/hamza/wiper_ws/build/weedbot_simulation/build install --record /home/hamza/wiper_ws/build/weedbot_simulation/install.log --single-version-externally-managed install_data
