/home/hamza/wiper_ws/install/weedbot_vision/lib/python3.12/site-packages/weedbot_vision/camera_calibration.py
/home/hamza/wiper_ws/install/weedbot_vision/lib/python3.12/site-packages/weedbot_vision/camera_publisher.py
/home/hamza/wiper_ws/install/weedbot_vision/lib/python3.12/site-packages/weedbot_vision/detection_monitor.py
/home/hamza/wiper_ws/install/weedbot_vision/lib/python3.12/site-packages/weedbot_vision/__init__.py
/home/hamza/wiper_ws/install/weedbot_vision/lib/python3.12/site-packages/weedbot_vision/vision_node.py
/home/hamza/wiper_ws/install/weedbot_vision/lib/python3.12/site-packages/weedbot_vision/__pycache__/camera_calibration.cpython-312.pyc
/home/hamza/wiper_ws/install/weedbot_vision/lib/python3.12/site-packages/weedbot_vision/__pycache__/camera_publisher.cpython-312.pyc
/home/hamza/wiper_ws/install/weedbot_vision/lib/python3.12/site-packages/weedbot_vision/__pycache__/detection_monitor.cpython-312.pyc
/home/hamza/wiper_ws/install/weedbot_vision/lib/python3.12/site-packages/weedbot_vision/__pycache__/__init__.cpython-312.pyc
/home/hamza/wiper_ws/install/weedbot_vision/lib/python3.12/site-packages/weedbot_vision/__pycache__/vision_node.cpython-312.pyc
/home/hamza/wiper_ws/install/weedbot_vision/share/ament_index/resource_index/packages/weedbot_vision
/home/hamza/wiper_ws/install/weedbot_vision/share/weedbot_vision/package.xml
/home/hamza/wiper_ws/install/weedbot_vision/share/weedbot_vision/launch/calibration.launch.py
/home/hamza/wiper_ws/install/weedbot_vision/share/weedbot_vision/launch/vision_launch.py
/home/hamza/wiper_ws/install/weedbot_vision/share/weedbot_vision/config/vision_params.yaml
/home/hamza/wiper_ws/install/weedbot_vision/lib/python3.12/site-packages/weedbot_vision-0.0.1-py3.12.egg-info/requires.txt
/home/hamza/wiper_ws/install/weedbot_vision/lib/python3.12/site-packages/weedbot_vision-0.0.1-py3.12.egg-info/entry_points.txt
/home/hamza/wiper_ws/install/weedbot_vision/lib/python3.12/site-packages/weedbot_vision-0.0.1-py3.12.egg-info/PKG-INFO
/home/hamza/wiper_ws/install/weedbot_vision/lib/python3.12/site-packages/weedbot_vision-0.0.1-py3.12.egg-info/SOURCES.txt
/home/hamza/wiper_ws/install/weedbot_vision/lib/python3.12/site-packages/weedbot_vision-0.0.1-py3.12.egg-info/dependency_links.txt
/home/hamza/wiper_ws/install/weedbot_vision/lib/python3.12/site-packages/weedbot_vision-0.0.1-py3.12.egg-info/top_level.txt
/home/hamza/wiper_ws/install/weedbot_vision/lib/python3.12/site-packages/weedbot_vision-0.0.1-py3.12.egg-info/zip-safe
/home/hamza/wiper_ws/install/weedbot_vision/lib/weedbot_vision/camera_calibration
/home/hamza/wiper_ws/install/weedbot_vision/lib/weedbot_vision/camera_publisher
/home/hamza/wiper_ws/install/weedbot_vision/lib/weedbot_vision/detection_monitor
/home/hamza/wiper_ws/install/weedbot_vision/lib/weedbot_vision/vision_node
