[3.323s] Invoking command in '/home/fatima/W.I.P.E.R/build/weedbot_vision': AMENT_PREFIX_PATH=/home/fatima/W.I.P.E.R/install/weedbot_interfaces:${AMENT_PREFIX_PATH} CMAKE_PREFIX_PATH=/home/fatima/W.I.P.E.R/install/weedbot_interfaces:${CMAKE_PREFIX_PATH} DEBUGINFOD_URLS=https://debuginfod.ubuntu.com LD_LIBRARY_PATH=/home/fatima/W.I.P.E.R/install/weedbot_interfaces/lib:${LD_LIBRARY_PATH} PYTHONPATH=/home/fatima/W.I.P.E.R/build/weedbot_vision/prefix_override:/usr/lib/python3/dist-packages/colcon_core/task/python/colcon_distutils_commands:/home/fatima/W.I.P.E.R/install/weedbot_vision/lib/python3.12/site-packages:/home/fatima/W.I.P.E.R/install/weedbot_interfaces/lib/python3.12/site-packages:${PYTHONPATH} /usr/bin/python3 -W ignore:setup.py install is deprecated -W ignore:easy_install command is deprecated setup.py develop --editable --build-directory /home/fatima/W.I.P.E.R/build/weedbot_vision/build --no-deps symlink_data
[4.220s] running develop
[4.718s] running egg_info
[4.773s] writing weedbot_vision.egg-info/PKG-INFO
[4.774s] writing dependency_links to weedbot_vision.egg-info/dependency_links.txt
[4.775s] writing entry points to weedbot_vision.egg-info/entry_points.txt
[4.775s] writing requirements to weedbot_vision.egg-info/requires.txt
[4.776s] writing top-level names to weedbot_vision.egg-info/top_level.txt
[4.878s] reading manifest file 'weedbot_vision.egg-info/SOURCES.txt'
[4.880s] writing manifest file 'weedbot_vision.egg-info/SOURCES.txt'
[4.935s] running build_ext
[4.935s] Creating /home/fatima/W.I.P.E.R/install/weedbot_vision/lib/python3.12/site-packages/weedbot-vision.egg-link (link to .)
[4.937s] Installing camera_calibration script to /home/fatima/W.I.P.E.R/install/weedbot_vision/lib/weedbot_vision
[4.938s] Installing camera_publisher script to /home/fatima/W.I.P.E.R/install/weedbot_vision/lib/weedbot_vision
[4.938s] Installing detection_monitor script to /home/fatima/W.I.P.E.R/install/weedbot_vision/lib/weedbot_vision
[4.939s] Installing vision_node script to /home/fatima/W.I.P.E.R/install/weedbot_vision/lib/weedbot_vision
[4.940s] 
[4.941s] Installed /home/fatima/W.I.P.E.R/build/weedbot_vision
[4.941s] running symlink_data
[5.019s] Invoked command in '/home/fatima/W.I.P.E.R/build/weedbot_vision' returned '0': AMENT_PREFIX_PATH=/home/fatima/W.I.P.E.R/install/weedbot_interfaces:${AMENT_PREFIX_PATH} CMAKE_PREFIX_PATH=/home/fatima/W.I.P.E.R/install/weedbot_interfaces:${CMAKE_PREFIX_PATH} DEBUGINFOD_URLS=https://debuginfod.ubuntu.com LD_LIBRARY_PATH=/home/fatima/W.I.P.E.R/install/weedbot_interfaces/lib:${LD_LIBRARY_PATH} PYTHONPATH=/home/fatima/W.I.P.E.R/build/weedbot_vision/prefix_override:/usr/lib/python3/dist-packages/colcon_core/task/python/colcon_distutils_commands:/home/fatima/W.I.P.E.R/install/weedbot_vision/lib/python3.12/site-packages:/home/fatima/W.I.P.E.R/install/weedbot_interfaces/lib/python3.12/site-packages:${PYTHONPATH} /usr/bin/python3 -W ignore:setup.py install is deprecated -W ignore:easy_install command is deprecated setup.py develop --editable --build-directory /home/fatima/W.I.P.E.R/build/weedbot_vision/build --no-deps symlink_data
