running develop
running egg_info
creating weedbot_vision.egg-info
writing weedbot_vision.egg-info/PKG-INFO
writing dependency_links to weedbot_vision.egg-info/dependency_links.txt
writing entry points to weedbot_vision.egg-info/entry_points.txt
writing requirements to weedbot_vision.egg-info/requires.txt
writing top-level names to weedbot_vision.egg-info/top_level.txt
writing manifest file 'weedbot_vision.egg-info/SOURCES.txt'
reading manifest file 'weedbot_vision.egg-info/SOURCES.txt'
writing manifest file 'weedbot_vision.egg-info/SOURCES.txt'
running build_ext
Creating /home/fatima/W.I.P.E.R/ROS/wiper_ws/install/weedbot_vision/lib/python3.12/site-packages/weedbot-vision.egg-link (link to .)
Installing bridge script to /home/fatima/W.I.P.E.R/ROS/wiper_ws/install/weedbot_vision/lib/weedbot_vision

Installed /home/fatima/W.I.P.E.R/ROS/wiper_ws/build/weedbot_vision
running symlink_data
creating /home/fatima/W.I.P.E.R/ROS/wiper_ws/install/weedbot_vision/share/ament_index
creating /home/fatima/W.I.P.E.R/ROS/wiper_ws/install/weedbot_vision/share/ament_index/resource_index
creating /home/fatima/W.I.P.E.R/ROS/wiper_ws/install/weedbot_vision/share/ament_index/resource_index/packages
symbolically linking /home/fatima/W.I.P.E.R/ROS/wiper_ws/build/weedbot_vision/resource/weedbot_vision -> /home/fatima/W.I.P.E.R/ROS/wiper_ws/install/weedbot_vision/share/ament_index/resource_index/packages
symbolically linking /home/fatima/W.I.P.E.R/ROS/wiper_ws/build/weedbot_vision/package.xml -> /home/fatima/W.I.P.E.R/ROS/wiper_ws/install/weedbot_vision/share/weedbot_vision
creating /home/fatima/W.I.P.E.R/ROS/wiper_ws/install/weedbot_vision/share/weedbot_vision/launch
symbolically linking /home/fatima/W.I.P.E.R/ROS/wiper_ws/build/weedbot_vision/launch/vision_launch.py -> /home/fatima/W.I.P.E.R/ROS/wiper_ws/install/weedbot_vision/share/weedbot_vision/launch
symbolically linking /home/fatima/W.I.P.E.R/ROS/wiper_ws/build/weedbot_vision/launch/calibration.launch.py -> /home/fatima/W.I.P.E.R/ROS/wiper_ws/install/weedbot_vision/share/weedbot_vision/launch
creating /home/fatima/W.I.P.E.R/ROS/wiper_ws/install/weedbot_vision/share/weedbot_vision/config
symbolically linking /home/fatima/W.I.P.E.R/ROS/wiper_ws/build/weedbot_vision/config/vision_params.yaml -> /home/fatima/W.I.P.E.R/ROS/wiper_ws/install/weedbot_vision/share/weedbot_vision/config
