[2.714s] Invoking command in '/home/hamza/wiper_ws/src/weedbot_vision': PYTHONPATH=/home/hamza/wiper_ws/build/weedbot_vision/prefix_override:/usr/lib/python3/dist-packages/colcon_core/task/python/colcon_distutils_commands:/home/hamza/wiper_ws/install/weedbot_vision/lib/python3.12/site-packages:/home/hamza/wiper_ws/install/weedbot_interfaces/lib/python3.12/site-packages:/home/hamza/wiper_ws/install/weedbot_vision/lib/python3.12/site-packages:/home/hamza/wiper_ws/build/weedbot_simulation:/home/hamza/wiper_ws/install/weedbot_simulation/lib/python3.12/site-packages:/home/hamza/wiper_ws/build/weedbot_control:/home/hamza/wiper_ws/install/weedbot_control/lib/python3.12/site-packages:/opt/ros/jazzy/lib/python3.12/site-packages /usr/bin/python3 -W ignore:setup.py install is deprecated -W ignore:easy_install command is deprecated setup.py egg_info --egg-base ../../build/weedbot_vision build --build-base /home/hamza/wiper_ws/build/weedbot_vision/build install --record /home/hamza/wiper_ws/build/weedbot_vision/install.log --single-version-externally-managed install_data
[3.437s] running egg_info
[3.484s] writing ../../build/weedbot_vision/weedbot_vision.egg-info/PKG-INFO
[3.485s] writing dependency_links to ../../build/weedbot_vision/weedbot_vision.egg-info/dependency_links.txt
[3.486s] writing entry points to ../../build/weedbot_vision/weedbot_vision.egg-info/entry_points.txt
[3.486s] writing requirements to ../../build/weedbot_vision/weedbot_vision.egg-info/requires.txt
[3.487s] writing top-level names to ../../build/weedbot_vision/weedbot_vision.egg-info/top_level.txt
[3.590s] reading manifest file '../../build/weedbot_vision/weedbot_vision.egg-info/SOURCES.txt'
[3.592s] writing manifest file '../../build/weedbot_vision/weedbot_vision.egg-info/SOURCES.txt'
[3.593s] running build
[3.593s] running build_py
[3.594s] copying weedbot_vision/camera_publisher.py -> /home/hamza/wiper_ws/build/weedbot_vision/build/lib/weedbot_vision
[3.595s] running install
[3.613s] running install_lib
[3.673s] copying /home/hamza/wiper_ws/build/weedbot_vision/build/lib/weedbot_vision/camera_publisher.py -> /home/hamza/wiper_ws/install/weedbot_vision/lib/python3.12/site-packages/weedbot_vision
[3.674s] byte-compiling /home/hamza/wiper_ws/install/weedbot_vision/lib/python3.12/site-packages/weedbot_vision/camera_publisher.py to camera_publisher.cpython-312.pyc
[3.678s] running install_data
[3.679s] running install_egg_info
[3.743s] removing '/home/hamza/wiper_ws/install/weedbot_vision/lib/python3.12/site-packages/weedbot_vision-0.0.1-py3.12.egg-info' (and everything under it)
[3.744s] Copying ../../build/weedbot_vision/weedbot_vision.egg-info to /home/hamza/wiper_ws/install/weedbot_vision/lib/python3.12/site-packages/weedbot_vision-0.0.1-py3.12.egg-info
[3.748s] running install_scripts
[4.111s] Installing camera_calibration script to /home/hamza/wiper_ws/install/weedbot_vision/lib/weedbot_vision
[4.112s] Installing camera_publisher script to /home/hamza/wiper_ws/install/weedbot_vision/lib/weedbot_vision
[4.112s] Installing detection_monitor script to /home/hamza/wiper_ws/install/weedbot_vision/lib/weedbot_vision
[4.113s] Installing vision_node script to /home/hamza/wiper_ws/install/weedbot_vision/lib/weedbot_vision
[4.113s] writing list of installed files to '/home/hamza/wiper_ws/build/weedbot_vision/install.log'
[4.232s] Invoked command in '/home/hamza/wiper_ws/src/weedbot_vision' returned '0': PYTHONPATH=/home/hamza/wiper_ws/build/weedbot_vision/prefix_override:/usr/lib/python3/dist-packages/colcon_core/task/python/colcon_distutils_commands:/home/hamza/wiper_ws/install/weedbot_vision/lib/python3.12/site-packages:/home/hamza/wiper_ws/install/weedbot_interfaces/lib/python3.12/site-packages:/home/hamza/wiper_ws/install/weedbot_vision/lib/python3.12/site-packages:/home/hamza/wiper_ws/build/weedbot_simulation:/home/hamza/wiper_ws/install/weedbot_simulation/lib/python3.12/site-packages:/home/hamza/wiper_ws/build/weedbot_control:/home/hamza/wiper_ws/install/weedbot_control/lib/python3.12/site-packages:/opt/ros/jazzy/lib/python3.12/site-packages /usr/bin/python3 -W ignore:setup.py install is deprecated -W ignore:easy_install command is deprecated setup.py egg_info --egg-base ../../build/weedbot_vision build --build-base /home/hamza/wiper_ws/build/weedbot_vision/build install --record /home/hamza/wiper_ws/build/weedbot_vision/install.log --single-version-externally-managed install_data
