[2.365s] Invoking command in '/home/hamza/wiper_ws/build/weedbot_control': PYTHONPATH=/home/hamza/wiper_ws/build/weedbot_control/prefix_override:/usr/lib/python3/dist-packages/colcon_core/task/python/colcon_distutils_commands:/home/hamza/wiper_ws/install/weedbot_control/lib/python3.12/site-packages:/home/hamza/wiper_ws/install/weedbot_interfaces/lib/python3.12/site-packages:/home/hamza/wiper_ws/install/weedbot_vision/lib/python3.12/site-packages:/home/hamza/wiper_ws/build/weedbot_simulation:/home/hamza/wiper_ws/install/weedbot_simulation/lib/python3.12/site-packages:/home/hamza/wiper_ws/build/weedbot_control:/home/hamza/wiper_ws/install/weedbot_control/lib/python3.12/site-packages:/opt/ros/jazzy/lib/python3.12/site-packages /usr/bin/python3 -W ignore:setup.py install is deprecated -W ignore:easy_install command is deprecated setup.py develop --uninstall --editable --build-directory /home/hamza/wiper_ws/build/weedbot_control/build
[2.812s] running develop
[3.136s] Removing /home/hamza/wiper_ws/install/weedbot_control/lib/python3.12/site-packages/weedbot-control.egg-link (link to .)
[3.175s] Invoked command in '/home/hamza/wiper_ws/build/weedbot_control' returned '0': PYTHONPATH=/home/hamza/wiper_ws/build/weedbot_control/prefix_override:/usr/lib/python3/dist-packages/colcon_core/task/python/colcon_distutils_commands:/home/hamza/wiper_ws/install/weedbot_control/lib/python3.12/site-packages:/home/hamza/wiper_ws/install/weedbot_interfaces/lib/python3.12/site-packages:/home/hamza/wiper_ws/install/weedbot_vision/lib/python3.12/site-packages:/home/hamza/wiper_ws/build/weedbot_simulation:/home/hamza/wiper_ws/install/weedbot_simulation/lib/python3.12/site-packages:/home/hamza/wiper_ws/build/weedbot_control:/home/hamza/wiper_ws/install/weedbot_control/lib/python3.12/site-packages:/opt/ros/jazzy/lib/python3.12/site-packages /usr/bin/python3 -W ignore:setup.py install is deprecated -W ignore:easy_install command is deprecated setup.py develop --uninstall --editable --build-directory /home/hamza/wiper_ws/build/weedbot_control/build
[3.179s] Invoking command in '/home/hamza/wiper_ws/src/weedbot_control': PYTHONPATH=/home/hamza/wiper_ws/build/weedbot_control/prefix_override:/usr/lib/python3/dist-packages/colcon_core/task/python/colcon_distutils_commands:/home/hamza/wiper_ws/install/weedbot_control/lib/python3.12/site-packages:/home/hamza/wiper_ws/install/weedbot_interfaces/lib/python3.12/site-packages:/home/hamza/wiper_ws/install/weedbot_vision/lib/python3.12/site-packages:/home/hamza/wiper_ws/build/weedbot_simulation:/home/hamza/wiper_ws/install/weedbot_simulation/lib/python3.12/site-packages:/home/hamza/wiper_ws/build/weedbot_control:/home/hamza/wiper_ws/install/weedbot_control/lib/python3.12/site-packages:/opt/ros/jazzy/lib/python3.12/site-packages /usr/bin/python3 -W ignore:setup.py install is deprecated -W ignore:easy_install command is deprecated setup.py egg_info --egg-base ../../build/weedbot_control build --build-base /home/hamza/wiper_ws/build/weedbot_control/build install --record /home/hamza/wiper_ws/build/weedbot_control/install.log --single-version-externally-managed install_data --force
[3.535s] running egg_info
[3.561s] writing ../../build/weedbot_control/weedbot_control.egg-info/PKG-INFO
[3.564s] writing dependency_links to ../../build/weedbot_control/weedbot_control.egg-info/dependency_links.txt
[3.564s] writing entry points to ../../build/weedbot_control/weedbot_control.egg-info/entry_points.txt
[3.566s] writing requirements to ../../build/weedbot_control/weedbot_control.egg-info/requires.txt
[3.567s] writing top-level names to ../../build/weedbot_control/weedbot_control.egg-info/top_level.txt
[3.618s] reading manifest file '../../build/weedbot_control/weedbot_control.egg-info/SOURCES.txt'
[3.620s] writing manifest file '../../build/weedbot_control/weedbot_control.egg-info/SOURCES.txt'
[3.621s] running build
[3.621s] running build_py
[3.622s] copying weedbot_control/serial_manager.py -> /home/hamza/wiper_ws/build/weedbot_control/build/lib/weedbot_control
[3.623s] copying weedbot_control/laser_test_node.py -> /home/hamza/wiper_ws/build/weedbot_control/build/lib/weedbot_control
[3.624s] copying weedbot_control/__init__.py -> /home/hamza/wiper_ws/build/weedbot_control/build/lib/weedbot_control
[3.625s] copying weedbot_control/control_node.py -> /home/hamza/wiper_ws/build/weedbot_control/build/lib/weedbot_control
[3.627s] running install
[3.635s] running install_lib
[3.664s] creating /home/hamza/wiper_ws/install/weedbot_control/lib/python3.12/site-packages/weedbot_control
[3.665s] copying /home/hamza/wiper_ws/build/weedbot_control/build/lib/weedbot_control/serial_manager.py -> /home/hamza/wiper_ws/install/weedbot_control/lib/python3.12/site-packages/weedbot_control
[3.665s] copying /home/hamza/wiper_ws/build/weedbot_control/build/lib/weedbot_control/laser_test_node.py -> /home/hamza/wiper_ws/install/weedbot_control/lib/python3.12/site-packages/weedbot_control
[3.666s] copying /home/hamza/wiper_ws/build/weedbot_control/build/lib/weedbot_control/__init__.py -> /home/hamza/wiper_ws/install/weedbot_control/lib/python3.12/site-packages/weedbot_control
[3.666s] copying /home/hamza/wiper_ws/build/weedbot_control/build/lib/weedbot_control/control_node.py -> /home/hamza/wiper_ws/install/weedbot_control/lib/python3.12/site-packages/weedbot_control
[3.667s] byte-compiling /home/hamza/wiper_ws/install/weedbot_control/lib/python3.12/site-packages/weedbot_control/serial_manager.py to serial_manager.cpython-312.pyc
[3.670s] byte-compiling /home/hamza/wiper_ws/install/weedbot_control/lib/python3.12/site-packages/weedbot_control/laser_test_node.py to laser_test_node.cpython-312.pyc
[3.672s] byte-compiling /home/hamza/wiper_ws/install/weedbot_control/lib/python3.12/site-packages/weedbot_control/__init__.py to __init__.cpython-312.pyc
[3.673s] byte-compiling /home/hamza/wiper_ws/install/weedbot_control/lib/python3.12/site-packages/weedbot_control/control_node.py to control_node.cpython-312.pyc
[3.677s] running install_data
[3.678s] copying resource/weedbot_control -> /home/hamza/wiper_ws/install/weedbot_control/share/ament_index/resource_index/packages
[3.681s] copying package.xml -> /home/hamza/wiper_ws/install/weedbot_control/share/weedbot_control
[3.682s] copying launch/control_launch.py -> /home/hamza/wiper_ws/install/weedbot_control/share/weedbot_control/launch
[3.684s] copying launch/laser_dry_run.launch.py -> /home/hamza/wiper_ws/install/weedbot_control/share/weedbot_control/launch
[3.685s] copying config/control_params.yaml -> /home/hamza/wiper_ws/install/weedbot_control/share/weedbot_control/config
[3.687s] copying config/test_shots.csv -> /home/hamza/wiper_ws/install/weedbot_control/share/weedbot_control/config
[3.688s] copying README.md -> /home/hamza/wiper_ws/install/weedbot_control/share/weedbot_control
[3.688s] running install_egg_info
[3.720s] Copying ../../build/weedbot_control/weedbot_control.egg-info to /home/hamza/wiper_ws/install/weedbot_control/lib/python3.12/site-packages/weedbot_control-1.0.0-py3.12.egg-info
[3.725s] running install_scripts
[3.922s] Installing control_node script to /home/hamza/wiper_ws/install/weedbot_control/lib/weedbot_control
[3.923s] Installing laser_test_node script to /home/hamza/wiper_ws/install/weedbot_control/lib/weedbot_control
[3.923s] writing list of installed files to '/home/hamza/wiper_ws/build/weedbot_control/install.log'
[3.965s] Invoked command in '/home/hamza/wiper_ws/src/weedbot_control' returned '0': PYTHONPATH=/home/hamza/wiper_ws/build/weedbot_control/prefix_override:/usr/lib/python3/dist-packages/colcon_core/task/python/colcon_distutils_commands:/home/hamza/wiper_ws/install/weedbot_control/lib/python3.12/site-packages:/home/hamza/wiper_ws/install/weedbot_interfaces/lib/python3.12/site-packages:/home/hamza/wiper_ws/install/weedbot_vision/lib/python3.12/site-packages:/home/hamza/wiper_ws/build/weedbot_simulation:/home/hamza/wiper_ws/install/weedbot_simulation/lib/python3.12/site-packages:/home/hamza/wiper_ws/build/weedbot_control:/home/hamza/wiper_ws/install/weedbot_control/lib/python3.12/site-packages:/opt/ros/jazzy/lib/python3.12/site-packages /usr/bin/python3 -W ignore:setup.py install is deprecated -W ignore:easy_install command is deprecated setup.py egg_info --egg-base ../../build/weedbot_control build --build-base /home/hamza/wiper_ws/build/weedbot_control/build install --record /home/hamza/wiper_ws/build/weedbot_control/install.log --single-version-externally-managed install_data --force
