[0.019s] Invoking command in '/home/hamza/wiper_ws/build/weedbot_interfaces': CMAKE_PREFIX_PATH=${CMAKE_PREFIX_PATH}:/home/hamza/wiper_ws/install/weedbot_vision:/home/hamza/wiper_ws/install/weedbot_control:/opt/ros/jazzy /usr/bin/cmake /home/hamza/wiper_ws/src/weedbot_interfaces -DAMENT_CMAKE_SYMLINK_INSTALL=1 -DCMAKE_INSTALL_PREFIX=/home/hamza/wiper_ws/install/weedbot_interfaces
[0.122s] -- The C compiler identification is GNU 13.3.0
[0.385s] -- The CXX compiler identification is GNU 13.3.0
[0.638s] -- Detecting C compiler ABI info
[0.819s] -- Detecting C compiler ABI info - done
[0.829s] -- Check for working C compiler: /usr/bin/cc - skipped
[0.830s] -- Detecting C compile features
[0.830s] -- Detecting C compile features - done
[0.876s] -- Detecting CXX compiler ABI info
[1.067s] -- Detecting CXX compiler ABI info - done
[1.078s] -- Check for working CXX compiler: /usr/bin/c++ - skipped
[1.078s] -- Detecting CXX compile features
[1.079s] -- Detecting CXX compile features - done
[1.082s] -- Found ament_cmake: 2.5.4 (/opt/ros/jazzy/share/ament_cmake/cmake)
[1.258s] -- Found Python3: /usr/bin/python3 (found version "3.12.3") found components: Interpreter 
[1.362s] -- Override CMake install command with custom implementation using symlinks instead of copying resources
[1.400s] -- Found std_msgs: 5.3.6 (/opt/ros/jazzy/share/std_msgs/cmake)
[1.529s] -- Found rosidl_generator_c: 4.6.6 (/opt/ros/jazzy/share/rosidl_generator_c/cmake)
[1.545s] -- Found rosidl_generator_cpp: 4.6.6 (/opt/ros/jazzy/share/rosidl_generator_cpp/cmake)
[1.563s] -- Using all available rosidl_typesupport_c: rosidl_typesupport_fastrtps_c;rosidl_typesupport_introspection_c
[1.584s] -- Using all available rosidl_typesupport_cpp: rosidl_typesupport_fastrtps_cpp;rosidl_typesupport_introspection_cpp
[1.622s] -- Found sensor_msgs: 5.3.6 (/opt/ros/jazzy/share/sensor_msgs/cmake)
[1.685s] -- Found rosidl_default_generators: 1.6.0 (/opt/ros/jazzy/share/rosidl_default_generators/cmake)
[1.701s] -- Found rosidl_adapter: 4.6.6 (/opt/ros/jazzy/share/rosidl_adapter/cmake)
[2.424s] -- Found ament_cmake_ros: 0.12.0 (/opt/ros/jazzy/share/ament_cmake_ros/cmake)
[3.451s] -- Using all available rosidl_typesupport_c: rosidl_typesupport_fastrtps_c;rosidl_typesupport_introspection_c
[3.842s] -- Using all available rosidl_typesupport_cpp: rosidl_typesupport_fastrtps_cpp;rosidl_typesupport_introspection_cpp
[3.845s] -- Found python_cmake_module: 0.11.1 (/opt/ros/jazzy/share/python_cmake_module/cmake)
[3.989s] -- Found PythonExtra: /usr/bin/python3  
[4.435s] -- Found Python3: /usr/bin/python3 (found version "3.12.3") found components: Interpreter Development NumPy Development.Module Development.Embed 
[4.526s] -- Configuring done (4.5s)
[4.597s] -- Generating done (0.1s)
[4.611s] -- Build files have been written to: /home/hamza/wiper_ws/build/weedbot_interfaces
[4.622s] Invoked command in '/home/hamza/wiper_ws/build/weedbot_interfaces' returned '0': CMAKE_PREFIX_PATH=${CMAKE_PREFIX_PATH}:/home/hamza/wiper_ws/install/weedbot_vision:/home/hamza/wiper_ws/install/weedbot_control:/opt/ros/jazzy /usr/bin/cmake /home/hamza/wiper_ws/src/weedbot_interfaces -DAMENT_CMAKE_SYMLINK_INSTALL=1 -DCMAKE_INSTALL_PREFIX=/home/hamza/wiper_ws/install/weedbot_interfaces
[4.623s] Invoking command in '/home/hamza/wiper_ws/build/weedbot_interfaces': CMAKE_PREFIX_PATH=${CMAKE_PREFIX_PATH}:/home/hamza/wiper_ws/install/weedbot_vision:/home/hamza/wiper_ws/install/weedbot_control:/opt/ros/jazzy /usr/bin/cmake --build /home/hamza/wiper_ws/build/weedbot_interfaces -- -j12 -l12
[4.679s] [  2%] [34m[1mGenerating type hashes for ROS interfaces[0m
[4.689s] [  2%] Built target ament_cmake_python_symlink_weedbot_interfaces
[4.918s] running egg_info
[4.919s] creating weedbot_interfaces.egg-info
[4.947s] writing weedbot_interfaces.egg-info/PKG-INFO
[4.947s] writing dependency_links to weedbot_interfaces.egg-info/dependency_links.txt
[4.947s] writing top-level names to weedbot_interfaces.egg-info/top_level.txt
[4.947s] writing manifest file 'weedbot_interfaces.egg-info/SOURCES.txt'
[4.983s] [  2%] Built target weedbot_interfaces__rosidl_generator_type_description
[4.996s] [  4%] [34m[1mGenerating C code for ROS interfaces[0m
[5.008s] [  6%] [34m[1mGenerating C++ code for ROS interfaces[0m
[5.019s] reading manifest file 'weedbot_interfaces.egg-info/SOURCES.txt'
[5.019s] writing manifest file 'weedbot_interfaces.egg-info/SOURCES.txt'
[5.065s] [  6%] Built target ament_cmake_python_build_weedbot_interfaces_egg
[5.382s] [  6%] Built target weedbot_interfaces__cpp
[5.434s] [  9%] [32mBuilding C object CMakeFiles/weedbot_interfaces__rosidl_generator_c.dir/rosidl_generator_c/weedbot_interfaces/msg/detail/weed_detection__functions.c.o[0m
[5.434s] [ 11%] [32mBuilding C object CMakeFiles/weedbot_interfaces__rosidl_generator_c.dir/rosidl_generator_c/weedbot_interfaces/msg/detail/weed_array__type_support.c.o[0m
[5.436s] [ 15%] [32mBuilding C object CMakeFiles/weedbot_interfaces__rosidl_generator_c.dir/rosidl_generator_c/weedbot_interfaces/msg/detail/weed_detection__type_support.c.o[0m
[5.436s] [ 15%] [32mBuilding C object CMakeFiles/weedbot_interfaces__rosidl_generator_c.dir/rosidl_generator_c/weedbot_interfaces/msg/detail/weed_detection__description.c.o[0m
[5.437s] [ 18%] [32mBuilding C object CMakeFiles/weedbot_interfaces__rosidl_generator_c.dir/rosidl_generator_c/weedbot_interfaces/msg/detail/weed_array__description.c.o[0m
[5.437s] [ 20%] [32mBuilding C object CMakeFiles/weedbot_interfaces__rosidl_generator_c.dir/rosidl_generator_c/weedbot_interfaces/msg/detail/weed_array__functions.c.o[0m
[5.515s] [ 22%] [32m[1mLinking C shared library libweedbot_interfaces__rosidl_generator_c.so[0m
[5.589s] [ 22%] Built target weedbot_interfaces__rosidl_generator_c
[5.602s] [ 27%] [34m[1mGenerating C type support for eProsima Fast-RTPS[0m
[5.602s] [ 27%] [34m[1mGenerating C introspection for ROS interfaces[0m
[5.602s] [ 29%] [34m[1mGenerating C type support dispatch for ROS interfaces[0m
[5.603s] [ 31%] [34m[1mGenerating C++ introspection for ROS interfaces[0m
[5.603s] [ 34%] [34m[1mGenerating C++ type support dispatch for ROS interfaces[0m
[5.605s] [ 36%] [34m[1mGenerating C++ type support for eProsima Fast-RTPS[0m
[6.050s] [ 38%] [32mBuilding CXX object CMakeFiles/weedbot_interfaces__rosidl_typesupport_introspection_cpp.dir/rosidl_typesupport_introspection_cpp/weedbot_interfaces/msg/detail/weed_array__type_support.cpp.o[0m
[6.052s] [ 40%] [32mBuilding CXX object CMakeFiles/weedbot_interfaces__rosidl_typesupport_introspection_cpp.dir/rosidl_typesupport_introspection_cpp/weedbot_interfaces/msg/detail/weed_detection__type_support.cpp.o[0m
[6.069s] [ 43%] [32mBuilding C object CMakeFiles/weedbot_interfaces__rosidl_typesupport_introspection_c.dir/rosidl_typesupport_introspection_c/weedbot_interfaces/msg/detail/weed_array__type_support.c.o[0m
[6.069s] [ 45%] [32mBuilding C object CMakeFiles/weedbot_interfaces__rosidl_typesupport_introspection_c.dir/rosidl_typesupport_introspection_c/weedbot_interfaces/msg/detail/weed_detection__type_support.c.o[0m
[6.155s] [ 47%] [32m[1mLinking C shared library libweedbot_interfaces__rosidl_typesupport_introspection_c.so[0m
[6.172s] [ 50%] [32mBuilding CXX object CMakeFiles/weedbot_interfaces__rosidl_typesupport_fastrtps_cpp.dir/rosidl_typesupport_fastrtps_cpp/weedbot_interfaces/msg/detail/dds_fastrtps/weed_detection__type_support.cpp.o[0m
[6.174s] [ 52%] [32mBuilding CXX object CMakeFiles/weedbot_interfaces__rosidl_typesupport_fastrtps_cpp.dir/rosidl_typesupport_fastrtps_cpp/weedbot_interfaces/msg/detail/dds_fastrtps/weed_array__type_support.cpp.o[0m
[6.189s] [ 54%] [32mBuilding CXX object CMakeFiles/weedbot_interfaces__rosidl_typesupport_c.dir/rosidl_typesupport_c/weedbot_interfaces/msg/weed_detection__type_support.cpp.o[0m
[6.190s] [ 56%] [32mBuilding CXX object CMakeFiles/weedbot_interfaces__rosidl_typesupport_c.dir/rosidl_typesupport_c/weedbot_interfaces/msg/weed_array__type_support.cpp.o[0m
[6.194s] [ 61%] [32mBuilding CXX object CMakeFiles/weedbot_interfaces__rosidl_typesupport_cpp.dir/rosidl_typesupport_cpp/weedbot_interfaces/msg/weed_detection__type_support.cpp.o[0m
[6.194s] [ 61%] [32mBuilding CXX object CMakeFiles/weedbot_interfaces__rosidl_typesupport_cpp.dir/rosidl_typesupport_cpp/weedbot_interfaces/msg/weed_array__type_support.cpp.o[0m
[6.204s] [ 63%] [32mBuilding CXX object CMakeFiles/weedbot_interfaces__rosidl_typesupport_fastrtps_c.dir/rosidl_typesupport_fastrtps_c/weedbot_interfaces/msg/detail/weed_array__type_support_c.cpp.o[0m
[6.208s] [ 65%] [32mBuilding CXX object CMakeFiles/weedbot_interfaces__rosidl_typesupport_fastrtps_c.dir/rosidl_typesupport_fastrtps_c/weedbot_interfaces/msg/detail/weed_detection__type_support_c.cpp.o[0m
[6.272s] [ 65%] Built target weedbot_interfaces__rosidl_typesupport_introspection_c
[6.280s] [ 68%] [32m[1mLinking CXX shared library libweedbot_interfaces__rosidl_typesupport_c.so[0m
[6.405s] [ 68%] Built target weedbot_interfaces__rosidl_typesupport_c
[6.839s] [ 70%] [32m[1mLinking CXX shared library libweedbot_interfaces__rosidl_typesupport_cpp.so[0m
[6.969s] [ 70%] Built target weedbot_interfaces__rosidl_typesupport_cpp
[6.987s] [ 72%] [32m[1mLinking CXX shared library libweedbot_interfaces__rosidl_typesupport_introspection_cpp.so[0m
[7.156s] [ 72%] Built target weedbot_interfaces__rosidl_typesupport_introspection_cpp
[7.181s] [ 75%] [32m[1mLinking CXX shared library libweedbot_interfaces__rosidl_typesupport_fastrtps_c.so[0m
[7.267s] [ 77%] [32m[1mLinking CXX shared library libweedbot_interfaces__rosidl_typesupport_fastrtps_cpp.so[0m
[7.290s] [ 77%] Built target weedbot_interfaces__rosidl_typesupport_fastrtps_c
[7.403s] [ 77%] Built target weedbot_interfaces__rosidl_typesupport_fastrtps_cpp
[7.428s] [ 77%] Built target weedbot_interfaces
[7.453s] [ 79%] [34m[1mGenerating Python code for ROS interfaces[0m
[7.972s] [ 79%] Built target weedbot_interfaces__py
[7.997s] [ 84%] [32mBuilding C object CMakeFiles/weedbot_interfaces__rosidl_generator_py.dir/rosidl_generator_py/weedbot_interfaces/msg/_weed_detection_s.c.o[0m
[7.997s] [ 84%] [32mBuilding C object CMakeFiles/weedbot_interfaces__rosidl_generator_py.dir/rosidl_generator_py/weedbot_interfaces/msg/_weed_array_s.c.o[0m
[8.218s] [ 86%] [32m[1mLinking C shared library libweedbot_interfaces__rosidl_generator_py.so[0m
[8.305s] [ 86%] Built target weedbot_interfaces__rosidl_generator_py
[8.331s] [ 90%] [32mBuilding C object CMakeFiles/weedbot_interfaces_s__rosidl_typesupport_introspection_c.dir/rosidl_generator_py/weedbot_interfaces/_weedbot_interfaces_s.ep.rosidl_typesupport_introspection_c.c.o[0m
[8.331s] [ 90%] [32mBuilding C object CMakeFiles/weedbot_interfaces_s__rosidl_typesupport_fastrtps_c.dir/rosidl_generator_py/weedbot_interfaces/_weedbot_interfaces_s.ep.rosidl_typesupport_fastrtps_c.c.o[0m
[8.331s] [ 93%] [32mBuilding C object CMakeFiles/weedbot_interfaces_s__rosidl_typesupport_c.dir/rosidl_generator_py/weedbot_interfaces/_weedbot_interfaces_s.ep.rosidl_typesupport_c.c.o[0m
[8.462s] [ 95%] [32m[1mLinking C shared module rosidl_generator_py/weedbot_interfaces/weedbot_interfaces_s__rosidl_typesupport_introspection_c.so[0m
[8.467s] [ 97%] [32m[1mLinking C shared module rosidl_generator_py/weedbot_interfaces/weedbot_interfaces_s__rosidl_typesupport_fastrtps_c.so[0m
[8.468s] [100%] [32m[1mLinking C shared module rosidl_generator_py/weedbot_interfaces/weedbot_interfaces_s__rosidl_typesupport_c.so[0m
[8.529s] [100%] Built target weedbot_interfaces_s__rosidl_typesupport_c
[8.530s] [100%] Built target weedbot_interfaces_s__rosidl_typesupport_fastrtps_c
[8.530s] [100%] Built target weedbot_interfaces_s__rosidl_typesupport_introspection_c
[8.544s] Invoked command in '/home/hamza/wiper_ws/build/weedbot_interfaces' returned '0': CMAKE_PREFIX_PATH=${CMAKE_PREFIX_PATH}:/home/hamza/wiper_ws/install/weedbot_vision:/home/hamza/wiper_ws/install/weedbot_control:/opt/ros/jazzy /usr/bin/cmake --build /home/hamza/wiper_ws/build/weedbot_interfaces -- -j12 -l12
[8.557s] Invoking command in '/home/hamza/wiper_ws/build/weedbot_interfaces': CMAKE_PREFIX_PATH=${CMAKE_PREFIX_PATH}:/home/hamza/wiper_ws/install/weedbot_vision:/home/hamza/wiper_ws/install/weedbot_control:/opt/ros/jazzy /usr/bin/cmake --install /home/hamza/wiper_ws/build/weedbot_interfaces
[8.566s] -- Install configuration: ""
[8.566s] -- Execute custom install script
[8.568s] -- Symlinking: /home/hamza/wiper_ws/install/weedbot_interfaces/share/ament_index/resource_index/rosidl_interfaces/weedbot_interfaces
[8.580s] -- Symlinking: /home/hamza/wiper_ws/install/weedbot_interfaces/share/weedbot_interfaces/msg/WeedDetection.json
[8.590s] -- Symlinking: /home/hamza/wiper_ws/install/weedbot_interfaces/share/weedbot_interfaces/msg/WeedArray.json
[8.602s] -- Symlinking: /home/hamza/wiper_ws/install/weedbot_interfaces/include/weedbot_interfaces/weedbot_interfaces/msg/detail/weed_array__functions.h
[8.613s] -- Symlinking: /home/hamza/wiper_ws/install/weedbot_interfaces/include/weedbot_interfaces/weedbot_interfaces/msg/detail/weed_array__struct.h
[8.623s] -- Symlinking: /home/hamza/wiper_ws/install/weedbot_interfaces/include/weedbot_interfaces/weedbot_interfaces/msg/detail/weed_array__type_support.h
[8.634s] -- Symlinking: /home/hamza/wiper_ws/install/weedbot_interfaces/include/weedbot_interfaces/weedbot_interfaces/msg/detail/weed_detection__functions.h
[8.644s] -- Symlinking: /home/hamza/wiper_ws/install/weedbot_interfaces/include/weedbot_interfaces/weedbot_interfaces/msg/detail/weed_detection__struct.h
[8.655s] -- Symlinking: /home/hamza/wiper_ws/install/weedbot_interfaces/include/weedbot_interfaces/weedbot_interfaces/msg/detail/weed_detection__type_support.h
[8.666s] -- Symlinking: /home/hamza/wiper_ws/install/weedbot_interfaces/include/weedbot_interfaces/weedbot_interfaces/msg/rosidl_generator_c__visibility_control.h
[8.677s] -- Symlinking: /home/hamza/wiper_ws/install/weedbot_interfaces/include/weedbot_interfaces/weedbot_interfaces/msg/weed_array.h
[8.687s] -- Symlinking: /home/hamza/wiper_ws/install/weedbot_interfaces/include/weedbot_interfaces/weedbot_interfaces/msg/weed_detection.h
[8.698s] -- Symlinking: /home/hamza/wiper_ws/install/weedbot_interfaces/share/weedbot_interfaces/environment/library_path.sh
[8.709s] -- Symlinking: /home/hamza/wiper_ws/install/weedbot_interfaces/share/weedbot_interfaces/environment/library_path.dsv
[8.721s] -- Symlinking: /home/hamza/wiper_ws/install/weedbot_interfaces/include/weedbot_interfaces/weedbot_interfaces/msg/detail/weed_array__rosidl_typesupport_fastrtps_c.h
[8.731s] -- Symlinking: /home/hamza/wiper_ws/install/weedbot_interfaces/include/weedbot_interfaces/weedbot_interfaces/msg/detail/weed_detection__rosidl_typesupport_fastrtps_c.h
[8.741s] -- Symlinking: /home/hamza/wiper_ws/install/weedbot_interfaces/include/weedbot_interfaces/weedbot_interfaces/msg/rosidl_typesupport_fastrtps_c__visibility_control.h
[8.752s] -- Symlinking: /home/hamza/wiper_ws/install/weedbot_interfaces/include/weedbot_interfaces/weedbot_interfaces/msg/detail/weed_array__builder.hpp
[8.764s] -- Symlinking: /home/hamza/wiper_ws/install/weedbot_interfaces/include/weedbot_interfaces/weedbot_interfaces/msg/detail/weed_array__struct.hpp
[8.774s] -- Symlinking: /home/hamza/wiper_ws/install/weedbot_interfaces/include/weedbot_interfaces/weedbot_interfaces/msg/detail/weed_array__traits.hpp
[8.785s] -- Symlinking: /home/hamza/wiper_ws/install/weedbot_interfaces/include/weedbot_interfaces/weedbot_interfaces/msg/detail/weed_array__type_support.hpp
[8.796s] -- Symlinking: /home/hamza/wiper_ws/install/weedbot_interfaces/include/weedbot_interfaces/weedbot_interfaces/msg/detail/weed_detection__builder.hpp
[8.807s] -- Symlinking: /home/hamza/wiper_ws/install/weedbot_interfaces/include/weedbot_interfaces/weedbot_interfaces/msg/detail/weed_detection__struct.hpp
[8.818s] -- Symlinking: /home/hamza/wiper_ws/install/weedbot_interfaces/include/weedbot_interfaces/weedbot_interfaces/msg/detail/weed_detection__traits.hpp
[8.829s] -- Symlinking: /home/hamza/wiper_ws/install/weedbot_interfaces/include/weedbot_interfaces/weedbot_interfaces/msg/detail/weed_detection__type_support.hpp
[8.839s] -- Symlinking: /home/hamza/wiper_ws/install/weedbot_interfaces/include/weedbot_interfaces/weedbot_interfaces/msg/rosidl_generator_cpp__visibility_control.hpp
[8.850s] -- Symlinking: /home/hamza/wiper_ws/install/weedbot_interfaces/include/weedbot_interfaces/weedbot_interfaces/msg/weed_array.hpp
[8.861s] -- Symlinking: /home/hamza/wiper_ws/install/weedbot_interfaces/include/weedbot_interfaces/weedbot_interfaces/msg/weed_detection.hpp
[8.872s] -- Symlinking: /home/hamza/wiper_ws/install/weedbot_interfaces/include/weedbot_interfaces/weedbot_interfaces/msg/detail/weed_array__rosidl_typesupport_fastrtps_cpp.hpp
[8.883s] -- Symlinking: /home/hamza/wiper_ws/install/weedbot_interfaces/include/weedbot_interfaces/weedbot_interfaces/msg/detail/weed_detection__rosidl_typesupport_fastrtps_cpp.hpp
[8.893s] -- Symlinking: /home/hamza/wiper_ws/install/weedbot_interfaces/include/weedbot_interfaces/weedbot_interfaces/msg/rosidl_typesupport_fastrtps_cpp__visibility_control.h
[8.904s] -- Symlinking: /home/hamza/wiper_ws/install/weedbot_interfaces/include/weedbot_interfaces/weedbot_interfaces/msg/detail/weed_array__rosidl_typesupport_introspection_c.h
[8.914s] -- Symlinking: /home/hamza/wiper_ws/install/weedbot_interfaces/include/weedbot_interfaces/weedbot_interfaces/msg/detail/weed_detection__rosidl_typesupport_introspection_c.h
[8.925s] -- Symlinking: /home/hamza/wiper_ws/install/weedbot_interfaces/include/weedbot_interfaces/weedbot_interfaces/msg/rosidl_typesupport_introspection_c__visibility_control.h
[8.935s] -- Symlinking: /home/hamza/wiper_ws/install/weedbot_interfaces/include/weedbot_interfaces/weedbot_interfaces/msg/detail/weed_array__rosidl_typesupport_introspection_cpp.hpp
[8.945s] -- Symlinking: /home/hamza/wiper_ws/install/weedbot_interfaces/include/weedbot_interfaces/weedbot_interfaces/msg/detail/weed_detection__rosidl_typesupport_introspection_cpp.hpp
[8.957s] -- Symlinking: /home/hamza/wiper_ws/install/weedbot_interfaces/share/weedbot_interfaces/environment/pythonpath.sh
[8.968s] -- Symlinking: /home/hamza/wiper_ws/install/weedbot_interfaces/share/weedbot_interfaces/environment/pythonpath.dsv
[8.983s] -- Symlinking: /home/hamza/wiper_ws/install/weedbot_interfaces/lib/python3.12/site-packages/weedbot_interfaces-0.0.1-py3.12.egg-info/PKG-INFO
[8.997s] -- Symlinking: /home/hamza/wiper_ws/install/weedbot_interfaces/lib/python3.12/site-packages/weedbot_interfaces-0.0.1-py3.12.egg-info/SOURCES.txt
[9.009s] -- Symlinking: /home/hamza/wiper_ws/install/weedbot_interfaces/lib/python3.12/site-packages/weedbot_interfaces-0.0.1-py3.12.egg-info/dependency_links.txt
[9.019s] -- Symlinking: /home/hamza/wiper_ws/install/weedbot_interfaces/lib/python3.12/site-packages/weedbot_interfaces-0.0.1-py3.12.egg-info/top_level.txt
[9.031s] -- Symlinking: /home/hamza/wiper_ws/install/weedbot_interfaces/lib/python3.12/site-packages/weedbot_interfaces/__init__.py
[9.041s] -- Symlinking: /home/hamza/wiper_ws/install/weedbot_interfaces/lib/python3.12/site-packages/weedbot_interfaces/_weedbot_interfaces_s.ep.rosidl_typesupport_c.c
[9.052s] -- Symlinking: /home/hamza/wiper_ws/install/weedbot_interfaces/lib/python3.12/site-packages/weedbot_interfaces/_weedbot_interfaces_s.ep.rosidl_typesupport_fastrtps_c.c
[9.064s] -- Symlinking: /home/hamza/wiper_ws/install/weedbot_interfaces/lib/python3.12/site-packages/weedbot_interfaces/_weedbot_interfaces_s.ep.rosidl_typesupport_introspection_c.c
[9.075s] -- Symlinking: /home/hamza/wiper_ws/install/weedbot_interfaces/lib/python3.12/site-packages/weedbot_interfaces/msg/__init__.py
[9.086s] -- Symlinking: /home/hamza/wiper_ws/install/weedbot_interfaces/lib/python3.12/site-packages/weedbot_interfaces/msg/_weed_array.py
[9.096s] -- Symlinking: /home/hamza/wiper_ws/install/weedbot_interfaces/lib/python3.12/site-packages/weedbot_interfaces/msg/_weed_array_s.c
[9.107s] -- Symlinking: /home/hamza/wiper_ws/install/weedbot_interfaces/lib/python3.12/site-packages/weedbot_interfaces/msg/_weed_detection.py
[9.118s] -- Symlinking: /home/hamza/wiper_ws/install/weedbot_interfaces/lib/python3.12/site-packages/weedbot_interfaces/msg/_weed_detection_s.c
[9.129s] -- Symlinking: /home/hamza/wiper_ws/install/weedbot_interfaces/lib/python3.12/site-packages/weedbot_interfaces/weedbot_interfaces_s__rosidl_typesupport_c.so
[9.139s] -- Symlinking: /home/hamza/wiper_ws/install/weedbot_interfaces/lib/python3.12/site-packages/weedbot_interfaces/weedbot_interfaces_s__rosidl_typesupport_fastrtps_c.so
[9.150s] -- Symlinking: /home/hamza/wiper_ws/install/weedbot_interfaces/lib/python3.12/site-packages/weedbot_interfaces/weedbot_interfaces_s__rosidl_typesupport_introspection_c.so
[9.162s] -- Up-to-date symlink: /home/hamza/wiper_ws/install/weedbot_interfaces/lib/python3.12/site-packages/weedbot_interfaces/weedbot_interfaces_s__rosidl_typesupport_fastrtps_c.so
[9.163s] -- Up-to-date symlink: /home/hamza/wiper_ws/install/weedbot_interfaces/lib/python3.12/site-packages/weedbot_interfaces/weedbot_interfaces_s__rosidl_typesupport_introspection_c.so
[9.163s] -- Up-to-date symlink: /home/hamza/wiper_ws/install/weedbot_interfaces/lib/python3.12/site-packages/weedbot_interfaces/weedbot_interfaces_s__rosidl_typesupport_c.so
[9.163s] -- Symlinking: /home/hamza/wiper_ws/install/weedbot_interfaces/share/weedbot_interfaces/msg/WeedDetection.idl
[9.174s] -- Symlinking: /home/hamza/wiper_ws/install/weedbot_interfaces/share/weedbot_interfaces/msg/WeedArray.idl
[9.185s] -- Symlinking: /home/hamza/wiper_ws/install/weedbot_interfaces/share/weedbot_interfaces/msg/WeedDetection.msg
[9.196s] -- Symlinking: /home/hamza/wiper_ws/install/weedbot_interfaces/share/weedbot_interfaces/msg/WeedArray.msg
[9.207s] -- Symlinking: /home/hamza/wiper_ws/install/weedbot_interfaces/share/ament_index/resource_index/package_run_dependencies/weedbot_interfaces
[9.218s] -- Symlinking: /home/hamza/wiper_ws/install/weedbot_interfaces/share/ament_index/resource_index/parent_prefix_path/weedbot_interfaces
[9.229s] -- Symlinking: /home/hamza/wiper_ws/install/weedbot_interfaces/share/weedbot_interfaces/environment/ament_prefix_path.sh
[9.239s] -- Symlinking: /home/hamza/wiper_ws/install/weedbot_interfaces/share/weedbot_interfaces/environment/ament_prefix_path.dsv
[9.250s] -- Symlinking: /home/hamza/wiper_ws/install/weedbot_interfaces/share/weedbot_interfaces/environment/path.sh
[9.261s] -- Symlinking: /home/hamza/wiper_ws/install/weedbot_interfaces/share/weedbot_interfaces/environment/path.dsv
[9.272s] -- Symlinking: /home/hamza/wiper_ws/install/weedbot_interfaces/share/weedbot_interfaces/local_setup.bash
[9.283s] -- Symlinking: /home/hamza/wiper_ws/install/weedbot_interfaces/share/weedbot_interfaces/local_setup.sh
[9.294s] -- Symlinking: /home/hamza/wiper_ws/install/weedbot_interfaces/share/weedbot_interfaces/local_setup.zsh
[9.304s] -- Symlinking: /home/hamza/wiper_ws/install/weedbot_interfaces/share/weedbot_interfaces/local_setup.dsv
[9.315s] -- Symlinking: /home/hamza/wiper_ws/install/weedbot_interfaces/share/weedbot_interfaces/package.dsv
[9.326s] -- Symlinking: /home/hamza/wiper_ws/install/weedbot_interfaces/share/ament_index/resource_index/packages/weedbot_interfaces
[9.337s] -- Symlinking: /home/hamza/wiper_ws/install/weedbot_interfaces/share/weedbot_interfaces/cmake/rosidl_cmake-extras.cmake
[9.349s] -- Symlinking: /home/hamza/wiper_ws/install/weedbot_interfaces/share/weedbot_interfaces/cmake/ament_cmake_export_dependencies-extras.cmake
[9.364s] -- Symlinking: /home/hamza/wiper_ws/install/weedbot_interfaces/share/weedbot_interfaces/cmake/ament_cmake_export_include_directories-extras.cmake
[9.376s] -- Symlinking: /home/hamza/wiper_ws/install/weedbot_interfaces/share/weedbot_interfaces/cmake/ament_cmake_export_libraries-extras.cmake
[9.387s] -- Symlinking: /home/hamza/wiper_ws/install/weedbot_interfaces/share/weedbot_interfaces/cmake/ament_cmake_export_targets-extras.cmake
[9.399s] -- Symlinking: /home/hamza/wiper_ws/install/weedbot_interfaces/share/weedbot_interfaces/cmake/rosidl_cmake_export_typesupport_targets-extras.cmake
[9.411s] -- Symlinking: /home/hamza/wiper_ws/install/weedbot_interfaces/share/weedbot_interfaces/cmake/rosidl_cmake_export_typesupport_libraries-extras.cmake
[9.422s] -- Symlinking: /home/hamza/wiper_ws/install/weedbot_interfaces/share/weedbot_interfaces/cmake/weedbot_interfacesConfig.cmake
[9.433s] -- Symlinking: /home/hamza/wiper_ws/install/weedbot_interfaces/share/weedbot_interfaces/cmake/weedbot_interfacesConfig-version.cmake
[9.444s] -- Symlinking: /home/hamza/wiper_ws/install/weedbot_interfaces/share/weedbot_interfaces/package.xml
[9.456s] -- Installing: /home/hamza/wiper_ws/install/weedbot_interfaces/lib/libweedbot_interfaces__rosidl_generator_c.so
[9.457s] -- Set non-toolchain portion of runtime path of "/home/hamza/wiper_ws/install/weedbot_interfaces/lib/libweedbot_interfaces__rosidl_generator_c.so" to ""
[9.457s] -- Installing: /home/hamza/wiper_ws/install/weedbot_interfaces/lib/libweedbot_interfaces__rosidl_typesupport_fastrtps_c.so
[9.457s] -- Set non-toolchain portion of runtime path of "/home/hamza/wiper_ws/install/weedbot_interfaces/lib/libweedbot_interfaces__rosidl_typesupport_fastrtps_c.so" to ""
[9.457s] -- Installing: /home/hamza/wiper_ws/install/weedbot_interfaces/lib/libweedbot_interfaces__rosidl_typesupport_fastrtps_cpp.so
[9.458s] -- Set non-toolchain portion of runtime path of "/home/hamza/wiper_ws/install/weedbot_interfaces/lib/libweedbot_interfaces__rosidl_typesupport_fastrtps_cpp.so" to ""
[9.458s] -- Installing: /home/hamza/wiper_ws/install/weedbot_interfaces/lib/libweedbot_interfaces__rosidl_typesupport_introspection_c.so
[9.459s] -- Set non-toolchain portion of runtime path of "/home/hamza/wiper_ws/install/weedbot_interfaces/lib/libweedbot_interfaces__rosidl_typesupport_introspection_c.so" to ""
[9.459s] -- Installing: /home/hamza/wiper_ws/install/weedbot_interfaces/lib/libweedbot_interfaces__rosidl_typesupport_c.so
[9.460s] -- Set non-toolchain portion of runtime path of "/home/hamza/wiper_ws/install/weedbot_interfaces/lib/libweedbot_interfaces__rosidl_typesupport_c.so" to ""
[9.460s] -- Installing: /home/hamza/wiper_ws/install/weedbot_interfaces/lib/libweedbot_interfaces__rosidl_typesupport_introspection_cpp.so
[9.461s] -- Set non-toolchain portion of runtime path of "/home/hamza/wiper_ws/install/weedbot_interfaces/lib/libweedbot_interfaces__rosidl_typesupport_introspection_cpp.so" to ""
[9.461s] -- Installing: /home/hamza/wiper_ws/install/weedbot_interfaces/lib/libweedbot_interfaces__rosidl_typesupport_cpp.so
[9.462s] -- Set non-toolchain portion of runtime path of "/home/hamza/wiper_ws/install/weedbot_interfaces/lib/libweedbot_interfaces__rosidl_typesupport_cpp.so" to ""
[9.514s] Listing '/home/hamza/wiper_ws/install/weedbot_interfaces/lib/python3.12/site-packages/weedbot_interfaces'...
[9.514s] Compiling '/home/hamza/wiper_ws/install/weedbot_interfaces/lib/python3.12/site-packages/weedbot_interfaces/__init__.py'...
[9.515s] Listing '/home/hamza/wiper_ws/install/weedbot_interfaces/lib/python3.12/site-packages/weedbot_interfaces/msg'...
[9.515s] Compiling '/home/hamza/wiper_ws/install/weedbot_interfaces/lib/python3.12/site-packages/weedbot_interfaces/msg/__init__.py'...
[9.515s] Compiling '/home/hamza/wiper_ws/install/weedbot_interfaces/lib/python3.12/site-packages/weedbot_interfaces/msg/_weed_array.py'...
[9.515s] Compiling '/home/hamza/wiper_ws/install/weedbot_interfaces/lib/python3.12/site-packages/weedbot_interfaces/msg/_weed_detection.py'...
[9.522s] -- Installing: /home/hamza/wiper_ws/install/weedbot_interfaces/lib/libweedbot_interfaces__rosidl_generator_py.so
[9.523s] -- Set non-toolchain portion of runtime path of "/home/hamza/wiper_ws/install/weedbot_interfaces/lib/libweedbot_interfaces__rosidl_generator_py.so" to ""
[9.523s] -- Installing: /home/hamza/wiper_ws/install/weedbot_interfaces/share/weedbot_interfaces/cmake/export_weedbot_interfaces__rosidl_generator_cExport.cmake
[9.523s] -- Installing: /home/hamza/wiper_ws/install/weedbot_interfaces/share/weedbot_interfaces/cmake/export_weedbot_interfaces__rosidl_generator_cExport-noconfig.cmake
[9.523s] -- Installing: /home/hamza/wiper_ws/install/weedbot_interfaces/share/weedbot_interfaces/cmake/export_weedbot_interfaces__rosidl_typesupport_fastrtps_cExport.cmake
[9.524s] -- Installing: /home/hamza/wiper_ws/install/weedbot_interfaces/share/weedbot_interfaces/cmake/export_weedbot_interfaces__rosidl_typesupport_fastrtps_cExport-noconfig.cmake
[9.524s] -- Installing: /home/hamza/wiper_ws/install/weedbot_interfaces/share/weedbot_interfaces/cmake/export_weedbot_interfaces__rosidl_generator_cppExport.cmake
[9.524s] -- Installing: /home/hamza/wiper_ws/install/weedbot_interfaces/share/weedbot_interfaces/cmake/export_weedbot_interfaces__rosidl_typesupport_fastrtps_cppExport.cmake
[9.524s] -- Installing: /home/hamza/wiper_ws/install/weedbot_interfaces/share/weedbot_interfaces/cmake/export_weedbot_interfaces__rosidl_typesupport_fastrtps_cppExport-noconfig.cmake
[9.524s] -- Installing: /home/hamza/wiper_ws/install/weedbot_interfaces/share/weedbot_interfaces/cmake/weedbot_interfaces__rosidl_typesupport_introspection_cExport.cmake
[9.525s] -- Installing: /home/hamza/wiper_ws/install/weedbot_interfaces/share/weedbot_interfaces/cmake/weedbot_interfaces__rosidl_typesupport_introspection_cExport-noconfig.cmake
[9.525s] -- Installing: /home/hamza/wiper_ws/install/weedbot_interfaces/share/weedbot_interfaces/cmake/weedbot_interfaces__rosidl_typesupport_cExport.cmake
[9.525s] -- Installing: /home/hamza/wiper_ws/install/weedbot_interfaces/share/weedbot_interfaces/cmake/weedbot_interfaces__rosidl_typesupport_cExport-noconfig.cmake
[9.525s] -- Installing: /home/hamza/wiper_ws/install/weedbot_interfaces/share/weedbot_interfaces/cmake/weedbot_interfaces__rosidl_typesupport_introspection_cppExport.cmake
[9.526s] -- Installing: /home/hamza/wiper_ws/install/weedbot_interfaces/share/weedbot_interfaces/cmake/weedbot_interfaces__rosidl_typesupport_introspection_cppExport-noconfig.cmake
[9.526s] -- Installing: /home/hamza/wiper_ws/install/weedbot_interfaces/share/weedbot_interfaces/cmake/weedbot_interfaces__rosidl_typesupport_cppExport.cmake
[9.526s] -- Installing: /home/hamza/wiper_ws/install/weedbot_interfaces/share/weedbot_interfaces/cmake/weedbot_interfaces__rosidl_typesupport_cppExport-noconfig.cmake
[9.526s] -- Installing: /home/hamza/wiper_ws/install/weedbot_interfaces/share/weedbot_interfaces/cmake/export_weedbot_interfaces__rosidl_generator_pyExport.cmake
[9.526s] -- Installing: /home/hamza/wiper_ws/install/weedbot_interfaces/share/weedbot_interfaces/cmake/export_weedbot_interfaces__rosidl_generator_pyExport-noconfig.cmake
[9.530s] Invoked command in '/home/hamza/wiper_ws/build/weedbot_interfaces' returned '0': CMAKE_PREFIX_PATH=${CMAKE_PREFIX_PATH}:/home/hamza/wiper_ws/install/weedbot_vision:/home/hamza/wiper_ws/install/weedbot_control:/opt/ros/jazzy /usr/bin/cmake --install /home/hamza/wiper_ws/build/weedbot_interfaces
