running develop
running egg_info
writing weedbot_vision.egg-info/PKG-INFO
writing dependency_links to weedbot_vision.egg-info/dependency_links.txt
writing entry points to weedbot_vision.egg-info/entry_points.txt
writing requirements to weedbot_vision.egg-info/requires.txt
writing top-level names to weedbot_vision.egg-info/top_level.txt
reading manifest file 'weedbot_vision.egg-info/SOURCES.txt'
writing manifest file 'weedbot_vision.egg-info/SOURCES.txt'
running build_ext
Creating /home/hamza/wiper_ws/install/weedbot_vision/lib/python3.12/site-packages/weedbot-vision.egg-link (link to .)
Installing camera_calibration script to /home/hamza/wiper_ws/install/weedbot_vision/lib/weedbot_vision
Installing camera_publisher script to /home/hamza/wiper_ws/install/weedbot_vision/lib/weedbot_vision
Installing detection_monitor script to /home/hamza/wiper_ws/install/weedbot_vision/lib/weedbot_vision
Installing vision_node script to /home/hamza/wiper_ws/install/weedbot_vision/lib/weedbot_vision

Installed /home/hamza/wiper_ws/build/weedbot_vision
running symlink_data
symbolically linking /home/hamza/wiper_ws/build/weedbot_vision/resource/weedbot_vision -> /home/hamza/wiper_ws/install/weedbot_vision/share/ament_index/resource_index/packages
symbolically linking /home/hamza/wiper_ws/build/weedbot_vision/package.xml -> /home/hamza/wiper_ws/install/weedbot_vision/share/weedbot_vision
symbolically linking /home/hamza/wiper_ws/build/weedbot_vision/launch/calibration.launch.py -> /home/hamza/wiper_ws/install/weedbot_vision/share/weedbot_vision/launch
symbolically linking /home/hamza/wiper_ws/build/weedbot_vision/launch/vision_launch.py -> /home/hamza/wiper_ws/install/weedbot_vision/share/weedbot_vision/launch
symbolically linking /home/hamza/wiper_ws/build/weedbot_vision/config/vision_params.yaml -> /home/hamza/wiper_ws/install/weedbot_vision/share/weedbot_vision/config
