[2.224s] Invoking command in '/home/hamza/wiper_ws/build/weedbot_vision': PYTHONPATH=/home/hamza/wiper_ws/build/weedbot_vision/prefix_override:/usr/lib/python3/dist-packages/colcon_core/task/python/colcon_distutils_commands:/home/hamza/wiper_ws/install/weedbot_vision/lib/python3.12/site-packages:/home/hamza/wiper_ws/install/weedbot_interfaces/lib/python3.12/site-packages:/home/hamza/wiper_ws/install/weedbot_vision/lib/python3.12/site-packages:/home/hamza/wiper_ws/install/weedbot_simulation/lib/python3.12/site-packages:/home/hamza/wiper_ws/install/weedbot_control/lib/python3.12/site-packages:/opt/ros/jazzy/lib/python3.12/site-packages VIRTUAL_ENV_PROMPT=(venv) /usr/bin/python3 -W ignore:setup.py install is deprecated -W ignore:easy_install command is deprecated setup.py develop --editable --build-directory /home/hamza/wiper_ws/build/weedbot_vision/build --no-deps symlink_data --force
[2.642s] running develop
[2.918s] running egg_info
[2.946s] writing weedbot_vision.egg-info/PKG-INFO
[2.947s] writing dependency_links to weedbot_vision.egg-info/dependency_links.txt
[2.948s] writing entry points to weedbot_vision.egg-info/entry_points.txt
[2.948s] writing requirements to weedbot_vision.egg-info/requires.txt
[2.948s] writing top-level names to weedbot_vision.egg-info/top_level.txt
[2.999s] reading manifest file 'weedbot_vision.egg-info/SOURCES.txt'
[3.000s] writing manifest file 'weedbot_vision.egg-info/SOURCES.txt'
[3.027s] running build_ext
[3.027s] Creating /home/hamza/wiper_ws/install/weedbot_vision/lib/python3.12/site-packages/weedbot-vision.egg-link (link to .)
[3.028s] Installing camera_calibration script to /home/hamza/wiper_ws/install/weedbot_vision/lib/weedbot_vision
[3.028s] Installing camera_publisher script to /home/hamza/wiper_ws/install/weedbot_vision/lib/weedbot_vision
[3.029s] Installing detection_monitor script to /home/hamza/wiper_ws/install/weedbot_vision/lib/weedbot_vision
[3.029s] Installing vision_node script to /home/hamza/wiper_ws/install/weedbot_vision/lib/weedbot_vision
[3.030s] 
[3.031s] Installed /home/hamza/wiper_ws/build/weedbot_vision
[3.031s] running symlink_data
[3.031s] symbolically linking /home/hamza/wiper_ws/build/weedbot_vision/resource/weedbot_vision -> /home/hamza/wiper_ws/install/weedbot_vision/share/ament_index/resource_index/packages
[3.032s] symbolically linking /home/hamza/wiper_ws/build/weedbot_vision/package.xml -> /home/hamza/wiper_ws/install/weedbot_vision/share/weedbot_vision
[3.033s] symbolically linking /home/hamza/wiper_ws/build/weedbot_vision/launch/calibration.launch.py -> /home/hamza/wiper_ws/install/weedbot_vision/share/weedbot_vision/launch
[3.034s] symbolically linking /home/hamza/wiper_ws/build/weedbot_vision/launch/vision_launch.py -> /home/hamza/wiper_ws/install/weedbot_vision/share/weedbot_vision/launch
[3.035s] symbolically linking /home/hamza/wiper_ws/build/weedbot_vision/config/vision_params.yaml -> /home/hamza/wiper_ws/install/weedbot_vision/share/weedbot_vision/config
[3.080s] Invoked command in '/home/hamza/wiper_ws/build/weedbot_vision' returned '0': PYTHONPATH=/home/hamza/wiper_ws/build/weedbot_vision/prefix_override:/usr/lib/python3/dist-packages/colcon_core/task/python/colcon_distutils_commands:/home/hamza/wiper_ws/install/weedbot_vision/lib/python3.12/site-packages:/home/hamza/wiper_ws/install/weedbot_interfaces/lib/python3.12/site-packages:/home/hamza/wiper_ws/install/weedbot_vision/lib/python3.12/site-packages:/home/hamza/wiper_ws/install/weedbot_simulation/lib/python3.12/site-packages:/home/hamza/wiper_ws/install/weedbot_control/lib/python3.12/site-packages:/opt/ros/jazzy/lib/python3.12/site-packages VIRTUAL_ENV_PROMPT=(venv) /usr/bin/python3 -W ignore:setup.py install is deprecated -W ignore:easy_install command is deprecated setup.py develop --editable --build-directory /home/hamza/wiper_ws/build/weedbot_vision/build --no-deps symlink_data --force
