[0.040s] Invoking command in '/home/fatima/W.I.P.E.R/build/weedbot_interfaces': CMAKE_PREFIX_PATH=${CMAKE_PREFIX_PATH}:/opt/ros/jazzy DEBUGINFOD_URLS=https://debuginfod.ubuntu.com /usr/bin/cmake --build /home/fatima/W.I.P.E.R/build/weedbot_interfaces -- -j8 -l8
[0.168s] [  2%] Built target weedbot_interfaces__rosidl_generator_type_description
[0.197s] [  2%] Built target ament_cmake_python_symlink_weedbot_interfaces
[0.223s] [  4%] Built target weedbot_interfaces__cpp
[0.234s] [ 22%] Built target weedbot_interfaces__rosidl_generator_c
[0.307s] [ 31%] Built target weedbot_interfaces__rosidl_typesupport_introspection_c
[0.308s] [ 40%] Built target weedbot_interfaces__rosidl_typesupport_cpp
[0.310s] [ 50%] Built target weedbot_interfaces__rosidl_typesupport_fastrtps_cpp
[0.316s] [ 59%] Built target weedbot_interfaces__rosidl_typesupport_c
[0.317s] [ 68%] Built target weedbot_interfaces__rosidl_typesupport_introspection_cpp
[0.327s] [ 77%] Built target weedbot_interfaces__rosidl_typesupport_fastrtps_c
[0.375s] [ 77%] Built target weedbot_interfaces
[0.429s] [ 79%] Built target weedbot_interfaces__py
[0.486s] [ 86%] Built target weedbot_interfaces__rosidl_generator_py
[0.552s] [ 90%] Built target weedbot_interfaces_s__rosidl_typesupport_c
[0.554s] [ 95%] Built target weedbot_interfaces_s__rosidl_typesupport_introspection_c
[0.559s] [100%] Built target weedbot_interfaces_s__rosidl_typesupport_fastrtps_c
[0.825s] running egg_info
[0.880s] writing weedbot_interfaces.egg-info/PKG-INFO
[0.880s] writing dependency_links to weedbot_interfaces.egg-info/dependency_links.txt
[0.881s] writing top-level names to weedbot_interfaces.egg-info/top_level.txt
[1.042s] reading manifest file 'weedbot_interfaces.egg-info/SOURCES.txt'
[1.043s] writing manifest file 'weedbot_interfaces.egg-info/SOURCES.txt'
[1.089s] [100%] Built target ament_cmake_python_build_weedbot_interfaces_egg
[1.113s] Invoked command in '/home/fatima/W.I.P.E.R/build/weedbot_interfaces' returned '0': CMAKE_PREFIX_PATH=${CMAKE_PREFIX_PATH}:/opt/ros/jazzy DEBUGINFOD_URLS=https://debuginfod.ubuntu.com /usr/bin/cmake --build /home/fatima/W.I.P.E.R/build/weedbot_interfaces -- -j8 -l8
[1.137s] Invoking command in '/home/fatima/W.I.P.E.R/build/weedbot_interfaces': CMAKE_PREFIX_PATH=${CMAKE_PREFIX_PATH}:/opt/ros/jazzy DEBUGINFOD_URLS=https://debuginfod.ubuntu.com /usr/bin/cmake --install /home/fatima/W.I.P.E.R/build/weedbot_interfaces
[1.152s] -- Install configuration: ""
[1.153s] -- Execute custom install script
[1.153s] -- Up-to-date symlink: /home/fatima/W.I.P.E.R/install/weedbot_interfaces/share/ament_index/resource_index/rosidl_interfaces/weedbot_interfaces
[1.154s] -- Up-to-date symlink: /home/fatima/W.I.P.E.R/install/weedbot_interfaces/share/weedbot_interfaces/msg/WeedDetection.json
[1.154s] -- Up-to-date symlink: /home/fatima/W.I.P.E.R/install/weedbot_interfaces/share/weedbot_interfaces/msg/WeedArray.json
[1.155s] -- Up-to-date symlink: /home/fatima/W.I.P.E.R/install/weedbot_interfaces/include/weedbot_interfaces/weedbot_interfaces/msg/detail/weed_array__functions.h
[1.156s] -- Up-to-date symlink: /home/fatima/W.I.P.E.R/install/weedbot_interfaces/include/weedbot_interfaces/weedbot_interfaces/msg/detail/weed_array__struct.h
[1.157s] -- Up-to-date symlink: /home/fatima/W.I.P.E.R/install/weedbot_interfaces/include/weedbot_interfaces/weedbot_interfaces/msg/detail/weed_array__type_support.h
[1.157s] -- Up-to-date symlink: /home/fatima/W.I.P.E.R/install/weedbot_interfaces/include/weedbot_interfaces/weedbot_interfaces/msg/detail/weed_detection__functions.h
[1.158s] -- Up-to-date symlink: /home/fatima/W.I.P.E.R/install/weedbot_interfaces/include/weedbot_interfaces/weedbot_interfaces/msg/detail/weed_detection__struct.h
[1.158s] -- Up-to-date symlink: /home/fatima/W.I.P.E.R/install/weedbot_interfaces/include/weedbot_interfaces/weedbot_interfaces/msg/detail/weed_detection__type_support.h
[1.159s] -- Up-to-date symlink: /home/fatima/W.I.P.E.R/install/weedbot_interfaces/include/weedbot_interfaces/weedbot_interfaces/msg/rosidl_generator_c__visibility_control.h
[1.159s] -- Up-to-date symlink: /home/fatima/W.I.P.E.R/install/weedbot_interfaces/include/weedbot_interfaces/weedbot_interfaces/msg/weed_array.h
[1.160s] -- Up-to-date symlink: /home/fatima/W.I.P.E.R/install/weedbot_interfaces/include/weedbot_interfaces/weedbot_interfaces/msg/weed_detection.h
[1.160s] -- Up-to-date symlink: /home/fatima/W.I.P.E.R/install/weedbot_interfaces/share/weedbot_interfaces/environment/library_path.sh
[1.160s] -- Up-to-date symlink: /home/fatima/W.I.P.E.R/install/weedbot_interfaces/share/weedbot_interfaces/environment/library_path.dsv
[1.161s] -- Up-to-date symlink: /home/fatima/W.I.P.E.R/install/weedbot_interfaces/include/weedbot_interfaces/weedbot_interfaces/msg/detail/weed_array__rosidl_typesupport_fastrtps_c.h
[1.161s] -- Up-to-date symlink: /home/fatima/W.I.P.E.R/install/weedbot_interfaces/include/weedbot_interfaces/weedbot_interfaces/msg/detail/weed_detection__rosidl_typesupport_fastrtps_c.h
[1.161s] -- Up-to-date symlink: /home/fatima/W.I.P.E.R/install/weedbot_interfaces/include/weedbot_interfaces/weedbot_interfaces/msg/rosidl_typesupport_fastrtps_c__visibility_control.h
[1.162s] -- Up-to-date symlink: /home/fatima/W.I.P.E.R/install/weedbot_interfaces/include/weedbot_interfaces/weedbot_interfaces/msg/detail/weed_array__builder.hpp
[1.163s] -- Up-to-date symlink: /home/fatima/W.I.P.E.R/install/weedbot_interfaces/include/weedbot_interfaces/weedbot_interfaces/msg/detail/weed_array__struct.hpp
[1.163s] -- Up-to-date symlink: /home/fatima/W.I.P.E.R/install/weedbot_interfaces/include/weedbot_interfaces/weedbot_interfaces/msg/detail/weed_array__traits.hpp
[1.163s] -- Up-to-date symlink: /home/fatima/W.I.P.E.R/install/weedbot_interfaces/include/weedbot_interfaces/weedbot_interfaces/msg/detail/weed_array__type_support.hpp
[1.164s] -- Up-to-date symlink: /home/fatima/W.I.P.E.R/install/weedbot_interfaces/include/weedbot_interfaces/weedbot_interfaces/msg/detail/weed_detection__builder.hpp
[1.164s] -- Up-to-date symlink: /home/fatima/W.I.P.E.R/install/weedbot_interfaces/include/weedbot_interfaces/weedbot_interfaces/msg/detail/weed_detection__struct.hpp
[1.165s] -- Up-to-date symlink: /home/fatima/W.I.P.E.R/install/weedbot_interfaces/include/weedbot_interfaces/weedbot_interfaces/msg/detail/weed_detection__traits.hpp
[1.166s] -- Up-to-date symlink: /home/fatima/W.I.P.E.R/install/weedbot_interfaces/include/weedbot_interfaces/weedbot_interfaces/msg/detail/weed_detection__type_support.hpp
[1.166s] -- Up-to-date symlink: /home/fatima/W.I.P.E.R/install/weedbot_interfaces/include/weedbot_interfaces/weedbot_interfaces/msg/rosidl_generator_cpp__visibility_control.hpp
[1.167s] -- Up-to-date symlink: /home/fatima/W.I.P.E.R/install/weedbot_interfaces/include/weedbot_interfaces/weedbot_interfaces/msg/weed_array.hpp
[1.167s] -- Up-to-date symlink: /home/fatima/W.I.P.E.R/install/weedbot_interfaces/include/weedbot_interfaces/weedbot_interfaces/msg/weed_detection.hpp
[1.169s] -- Up-to-date symlink: /home/fatima/W.I.P.E.R/install/weedbot_interfaces/include/weedbot_interfaces/weedbot_interfaces/msg/detail/weed_array__rosidl_typesupport_fastrtps_cpp.hpp
[1.170s] -- Up-to-date symlink: /home/fatima/W.I.P.E.R/install/weedbot_interfaces/include/weedbot_interfaces/weedbot_interfaces/msg/detail/weed_detection__rosidl_typesupport_fastrtps_cpp.hpp
[1.170s] -- Up-to-date symlink: /home/fatima/W.I.P.E.R/install/weedbot_interfaces/include/weedbot_interfaces/weedbot_interfaces/msg/rosidl_typesupport_fastrtps_cpp__visibility_control.h
[1.171s] -- Up-to-date symlink: /home/fatima/W.I.P.E.R/install/weedbot_interfaces/include/weedbot_interfaces/weedbot_interfaces/msg/detail/weed_array__rosidl_typesupport_introspection_c.h
[1.172s] -- Up-to-date symlink: /home/fatima/W.I.P.E.R/install/weedbot_interfaces/include/weedbot_interfaces/weedbot_interfaces/msg/detail/weed_detection__rosidl_typesupport_introspection_c.h
[1.172s] -- Up-to-date symlink: /home/fatima/W.I.P.E.R/install/weedbot_interfaces/include/weedbot_interfaces/weedbot_interfaces/msg/rosidl_typesupport_introspection_c__visibility_control.h
[1.174s] -- Up-to-date symlink: /home/fatima/W.I.P.E.R/install/weedbot_interfaces/include/weedbot_interfaces/weedbot_interfaces/msg/detail/weed_array__rosidl_typesupport_introspection_cpp.hpp
[1.174s] -- Up-to-date symlink: /home/fatima/W.I.P.E.R/install/weedbot_interfaces/include/weedbot_interfaces/weedbot_interfaces/msg/detail/weed_detection__rosidl_typesupport_introspection_cpp.hpp
[1.175s] -- Up-to-date symlink: /home/fatima/W.I.P.E.R/install/weedbot_interfaces/share/weedbot_interfaces/environment/pythonpath.sh
[1.175s] -- Up-to-date symlink: /home/fatima/W.I.P.E.R/install/weedbot_interfaces/share/weedbot_interfaces/environment/pythonpath.dsv
[1.176s] -- Up-to-date symlink: /home/fatima/W.I.P.E.R/install/weedbot_interfaces/lib/python3.12/site-packages/weedbot_interfaces-0.0.1-py3.12.egg-info/PKG-INFO
[1.176s] -- Up-to-date symlink: /home/fatima/W.I.P.E.R/install/weedbot_interfaces/lib/python3.12/site-packages/weedbot_interfaces-0.0.1-py3.12.egg-info/SOURCES.txt
[1.177s] -- Up-to-date symlink: /home/fatima/W.I.P.E.R/install/weedbot_interfaces/lib/python3.12/site-packages/weedbot_interfaces-0.0.1-py3.12.egg-info/dependency_links.txt
[1.177s] -- Up-to-date symlink: /home/fatima/W.I.P.E.R/install/weedbot_interfaces/lib/python3.12/site-packages/weedbot_interfaces-0.0.1-py3.12.egg-info/top_level.txt
[1.178s] -- Up-to-date symlink: /home/fatima/W.I.P.E.R/install/weedbot_interfaces/lib/python3.12/site-packages/weedbot_interfaces/__init__.py
[1.179s] -- Up-to-date symlink: /home/fatima/W.I.P.E.R/install/weedbot_interfaces/lib/python3.12/site-packages/weedbot_interfaces/_weedbot_interfaces_s.ep.rosidl_typesupport_c.c
[1.180s] -- Up-to-date symlink: /home/fatima/W.I.P.E.R/install/weedbot_interfaces/lib/python3.12/site-packages/weedbot_interfaces/_weedbot_interfaces_s.ep.rosidl_typesupport_fastrtps_c.c
[1.180s] -- Up-to-date symlink: /home/fatima/W.I.P.E.R/install/weedbot_interfaces/lib/python3.12/site-packages/weedbot_interfaces/_weedbot_interfaces_s.ep.rosidl_typesupport_introspection_c.c
[1.181s] -- Up-to-date symlink: /home/fatima/W.I.P.E.R/install/weedbot_interfaces/lib/python3.12/site-packages/weedbot_interfaces/msg/__init__.py
[1.181s] -- Up-to-date symlink: /home/fatima/W.I.P.E.R/install/weedbot_interfaces/lib/python3.12/site-packages/weedbot_interfaces/msg/_weed_array.py
[1.182s] -- Up-to-date symlink: /home/fatima/W.I.P.E.R/install/weedbot_interfaces/lib/python3.12/site-packages/weedbot_interfaces/msg/_weed_array_s.c
[1.182s] -- Up-to-date symlink: /home/fatima/W.I.P.E.R/install/weedbot_interfaces/lib/python3.12/site-packages/weedbot_interfaces/msg/_weed_detection.py
[1.182s] -- Up-to-date symlink: /home/fatima/W.I.P.E.R/install/weedbot_interfaces/lib/python3.12/site-packages/weedbot_interfaces/msg/_weed_detection_s.c
[1.182s] -- Up-to-date symlink: /home/fatima/W.I.P.E.R/install/weedbot_interfaces/lib/python3.12/site-packages/weedbot_interfaces/weedbot_interfaces_s__rosidl_typesupport_c.so
[1.183s] -- Up-to-date symlink: /home/fatima/W.I.P.E.R/install/weedbot_interfaces/lib/python3.12/site-packages/weedbot_interfaces/weedbot_interfaces_s__rosidl_typesupport_fastrtps_c.so
[1.183s] -- Up-to-date symlink: /home/fatima/W.I.P.E.R/install/weedbot_interfaces/lib/python3.12/site-packages/weedbot_interfaces/weedbot_interfaces_s__rosidl_typesupport_introspection_c.so
[1.183s] -- Up-to-date symlink: /home/fatima/W.I.P.E.R/install/weedbot_interfaces/lib/python3.12/site-packages/weedbot_interfaces/weedbot_interfaces_s__rosidl_typesupport_fastrtps_c.so
[1.184s] -- Up-to-date symlink: /home/fatima/W.I.P.E.R/install/weedbot_interfaces/lib/python3.12/site-packages/weedbot_interfaces/weedbot_interfaces_s__rosidl_typesupport_introspection_c.so
[1.184s] -- Up-to-date symlink: /home/fatima/W.I.P.E.R/install/weedbot_interfaces/lib/python3.12/site-packages/weedbot_interfaces/weedbot_interfaces_s__rosidl_typesupport_c.so
[1.185s] -- Up-to-date symlink: /home/fatima/W.I.P.E.R/install/weedbot_interfaces/share/weedbot_interfaces/msg/WeedDetection.idl
[1.185s] -- Up-to-date symlink: /home/fatima/W.I.P.E.R/install/weedbot_interfaces/share/weedbot_interfaces/msg/WeedArray.idl
[1.186s] -- Up-to-date symlink: /home/fatima/W.I.P.E.R/install/weedbot_interfaces/share/weedbot_interfaces/msg/WeedDetection.msg
[1.186s] -- Up-to-date symlink: /home/fatima/W.I.P.E.R/install/weedbot_interfaces/share/weedbot_interfaces/msg/WeedArray.msg
[1.186s] -- Up-to-date symlink: /home/fatima/W.I.P.E.R/install/weedbot_interfaces/share/ament_index/resource_index/package_run_dependencies/weedbot_interfaces
[1.187s] -- Up-to-date symlink: /home/fatima/W.I.P.E.R/install/weedbot_interfaces/share/ament_index/resource_index/parent_prefix_path/weedbot_interfaces
[1.187s] -- Up-to-date symlink: /home/fatima/W.I.P.E.R/install/weedbot_interfaces/share/weedbot_interfaces/environment/ament_prefix_path.sh
[1.188s] -- Up-to-date symlink: /home/fatima/W.I.P.E.R/install/weedbot_interfaces/share/weedbot_interfaces/environment/ament_prefix_path.dsv
[1.188s] -- Up-to-date symlink: /home/fatima/W.I.P.E.R/install/weedbot_interfaces/share/weedbot_interfaces/environment/path.sh
[1.189s] -- Up-to-date symlink: /home/fatima/W.I.P.E.R/install/weedbot_interfaces/share/weedbot_interfaces/environment/path.dsv
[1.189s] -- Up-to-date symlink: /home/fatima/W.I.P.E.R/install/weedbot_interfaces/share/weedbot_interfaces/local_setup.bash
[1.190s] -- Up-to-date symlink: /home/fatima/W.I.P.E.R/install/weedbot_interfaces/share/weedbot_interfaces/local_setup.sh
[1.191s] -- Up-to-date symlink: /home/fatima/W.I.P.E.R/install/weedbot_interfaces/share/weedbot_interfaces/local_setup.zsh
[1.191s] -- Up-to-date symlink: /home/fatima/W.I.P.E.R/install/weedbot_interfaces/share/weedbot_interfaces/local_setup.dsv
[1.191s] -- Symlinking: /home/fatima/W.I.P.E.R/install/weedbot_interfaces/share/weedbot_interfaces/package.dsv
[1.208s] -- Up-to-date symlink: /home/fatima/W.I.P.E.R/install/weedbot_interfaces/share/ament_index/resource_index/packages/weedbot_interfaces
[1.209s] -- Up-to-date symlink: /home/fatima/W.I.P.E.R/install/weedbot_interfaces/share/weedbot_interfaces/cmake/rosidl_cmake-extras.cmake
[1.209s] -- Up-to-date symlink: /home/fatima/W.I.P.E.R/install/weedbot_interfaces/share/weedbot_interfaces/cmake/ament_cmake_export_dependencies-extras.cmake
[1.210s] -- Up-to-date symlink: /home/fatima/W.I.P.E.R/install/weedbot_interfaces/share/weedbot_interfaces/cmake/ament_cmake_export_include_directories-extras.cmake
[1.210s] -- Up-to-date symlink: /home/fatima/W.I.P.E.R/install/weedbot_interfaces/share/weedbot_interfaces/cmake/ament_cmake_export_libraries-extras.cmake
[1.210s] -- Up-to-date symlink: /home/fatima/W.I.P.E.R/install/weedbot_interfaces/share/weedbot_interfaces/cmake/ament_cmake_export_targets-extras.cmake
[1.211s] -- Up-to-date symlink: /home/fatima/W.I.P.E.R/install/weedbot_interfaces/share/weedbot_interfaces/cmake/rosidl_cmake_export_typesupport_targets-extras.cmake
[1.212s] -- Up-to-date symlink: /home/fatima/W.I.P.E.R/install/weedbot_interfaces/share/weedbot_interfaces/cmake/rosidl_cmake_export_typesupport_libraries-extras.cmake
[1.212s] -- Up-to-date symlink: /home/fatima/W.I.P.E.R/install/weedbot_interfaces/share/weedbot_interfaces/cmake/weedbot_interfacesConfig.cmake
[1.213s] -- Up-to-date symlink: /home/fatima/W.I.P.E.R/install/weedbot_interfaces/share/weedbot_interfaces/cmake/weedbot_interfacesConfig-version.cmake
[1.213s] -- Up-to-date symlink: /home/fatima/W.I.P.E.R/install/weedbot_interfaces/share/weedbot_interfaces/package.xml
[1.214s] -- Up-to-date: /home/fatima/W.I.P.E.R/install/weedbot_interfaces/lib/libweedbot_interfaces__rosidl_generator_c.so
[1.215s] -- Up-to-date: /home/fatima/W.I.P.E.R/install/weedbot_interfaces/lib/libweedbot_interfaces__rosidl_typesupport_fastrtps_c.so
[1.215s] -- Up-to-date: /home/fatima/W.I.P.E.R/install/weedbot_interfaces/lib/libweedbot_interfaces__rosidl_typesupport_fastrtps_cpp.so
[1.216s] -- Up-to-date: /home/fatima/W.I.P.E.R/install/weedbot_interfaces/lib/libweedbot_interfaces__rosidl_typesupport_introspection_c.so
[1.217s] -- Up-to-date: /home/fatima/W.I.P.E.R/install/weedbot_interfaces/lib/libweedbot_interfaces__rosidl_typesupport_c.so
[1.217s] -- Up-to-date: /home/fatima/W.I.P.E.R/install/weedbot_interfaces/lib/libweedbot_interfaces__rosidl_typesupport_introspection_cpp.so
[1.218s] -- Up-to-date: /home/fatima/W.I.P.E.R/install/weedbot_interfaces/lib/libweedbot_interfaces__rosidl_typesupport_cpp.so
[1.286s] Listing '/home/fatima/W.I.P.E.R/install/weedbot_interfaces/lib/python3.12/site-packages/weedbot_interfaces'...
[1.286s] Listing '/home/fatima/W.I.P.E.R/install/weedbot_interfaces/lib/python3.12/site-packages/weedbot_interfaces/msg'...
[1.295s] -- Up-to-date: /home/fatima/W.I.P.E.R/install/weedbot_interfaces/lib/libweedbot_interfaces__rosidl_generator_py.so
[1.296s] -- Up-to-date: /home/fatima/W.I.P.E.R/install/weedbot_interfaces/share/weedbot_interfaces/cmake/export_weedbot_interfaces__rosidl_generator_cExport.cmake
[1.297s] -- Up-to-date: /home/fatima/W.I.P.E.R/install/weedbot_interfaces/share/weedbot_interfaces/cmake/export_weedbot_interfaces__rosidl_generator_cExport-noconfig.cmake
[1.297s] -- Up-to-date: /home/fatima/W.I.P.E.R/install/weedbot_interfaces/share/weedbot_interfaces/cmake/export_weedbot_interfaces__rosidl_typesupport_fastrtps_cExport.cmake
[1.298s] -- Up-to-date: /home/fatima/W.I.P.E.R/install/weedbot_interfaces/share/weedbot_interfaces/cmake/export_weedbot_interfaces__rosidl_typesupport_fastrtps_cExport-noconfig.cmake
[1.298s] -- Up-to-date: /home/fatima/W.I.P.E.R/install/weedbot_interfaces/share/weedbot_interfaces/cmake/export_weedbot_interfaces__rosidl_generator_cppExport.cmake
[1.299s] -- Up-to-date: /home/fatima/W.I.P.E.R/install/weedbot_interfaces/share/weedbot_interfaces/cmake/export_weedbot_interfaces__rosidl_typesupport_fastrtps_cppExport.cmake
[1.299s] -- Up-to-date: /home/fatima/W.I.P.E.R/install/weedbot_interfaces/share/weedbot_interfaces/cmake/export_weedbot_interfaces__rosidl_typesupport_fastrtps_cppExport-noconfig.cmake
[1.300s] -- Up-to-date: /home/fatima/W.I.P.E.R/install/weedbot_interfaces/share/weedbot_interfaces/cmake/weedbot_interfaces__rosidl_typesupport_introspection_cExport.cmake
[1.300s] -- Up-to-date: /home/fatima/W.I.P.E.R/install/weedbot_interfaces/share/weedbot_interfaces/cmake/weedbot_interfaces__rosidl_typesupport_introspection_cExport-noconfig.cmake
[1.301s] -- Up-to-date: /home/fatima/W.I.P.E.R/install/weedbot_interfaces/share/weedbot_interfaces/cmake/weedbot_interfaces__rosidl_typesupport_cExport.cmake
[1.301s] -- Up-to-date: /home/fatima/W.I.P.E.R/install/weedbot_interfaces/share/weedbot_interfaces/cmake/weedbot_interfaces__rosidl_typesupport_cExport-noconfig.cmake
[1.301s] -- Up-to-date: /home/fatima/W.I.P.E.R/install/weedbot_interfaces/share/weedbot_interfaces/cmake/weedbot_interfaces__rosidl_typesupport_introspection_cppExport.cmake
[1.301s] -- Up-to-date: /home/fatima/W.I.P.E.R/install/weedbot_interfaces/share/weedbot_interfaces/cmake/weedbot_interfaces__rosidl_typesupport_introspection_cppExport-noconfig.cmake
[1.301s] -- Up-to-date: /home/fatima/W.I.P.E.R/install/weedbot_interfaces/share/weedbot_interfaces/cmake/weedbot_interfaces__rosidl_typesupport_cppExport.cmake
[1.302s] -- Up-to-date: /home/fatima/W.I.P.E.R/install/weedbot_interfaces/share/weedbot_interfaces/cmake/weedbot_interfaces__rosidl_typesupport_cppExport-noconfig.cmake
[1.302s] -- Up-to-date: /home/fatima/W.I.P.E.R/install/weedbot_interfaces/share/weedbot_interfaces/cmake/export_weedbot_interfaces__rosidl_generator_pyExport.cmake
[1.304s] -- Up-to-date: /home/fatima/W.I.P.E.R/install/weedbot_interfaces/share/weedbot_interfaces/cmake/export_weedbot_interfaces__rosidl_generator_pyExport-noconfig.cmake
[1.306s] Invoked command in '/home/fatima/W.I.P.E.R/build/weedbot_interfaces' returned '0': CMAKE_PREFIX_PATH=${CMAKE_PREFIX_PATH}:/opt/ros/jazzy DEBUGINFOD_URLS=https://debuginfod.ubuntu.com /usr/bin/cmake --install /home/fatima/W.I.P.E.R/build/weedbot_interfaces
