[3.554s] Invoking command in '/home/fatima/W.I.P.E.R/build/weedbot_simulation': DEBUGINFOD_URLS=https://debuginfod.ubuntu.com PYTHONPATH=/home/fatima/W.I.P.E.R/build/weedbot_simulation/prefix_override:/usr/lib/python3/dist-packages/colcon_core/task/python/colcon_distutils_commands:/home/fatima/W.I.P.E.R/install/weedbot_simulation/lib/python3.12/site-packages:${PYTHONPATH} /usr/bin/python3 -W ignore:setup.py install is deprecated -W ignore:easy_install command is deprecated setup.py develop --editable --build-directory /home/fatima/W.I.P.E.R/build/weedbot_simulation/build --no-deps symlink_data
[4.413s] running develop
[4.932s] running egg_info
[4.932s] creating weedbot_simulation.egg-info
[4.993s] writing weedbot_simulation.egg-info/PKG-INFO
[4.994s] writing dependency_links to weedbot_simulation.egg-info/dependency_links.txt
[4.996s] writing entry points to weedbot_simulation.egg-info/entry_points.txt
[4.997s] writing requirements to weedbot_simulation.egg-info/requires.txt
[4.998s] writing top-level names to weedbot_simulation.egg-info/top_level.txt
[4.998s] writing manifest file 'weedbot_simulation.egg-info/SOURCES.txt'
[5.109s] reading manifest file 'weedbot_simulation.egg-info/SOURCES.txt'
[5.111s] writing manifest file 'weedbot_simulation.egg-info/SOURCES.txt'
[5.169s] running build_ext
[5.170s] Creating /home/fatima/W.I.P.E.R/install/weedbot_simulation/lib/python3.12/site-packages/weedbot-simulation.egg-link (link to .)
[5.171s] Installing laser_controller script to /home/fatima/W.I.P.E.R/install/weedbot_simulation/lib/weedbot_simulation
[5.173s] Installing tractor_controller script to /home/fatima/W.I.P.E.R/install/weedbot_simulation/lib/weedbot_simulation
[5.173s] Installing weed_spawner script to /home/fatima/W.I.P.E.R/install/weedbot_simulation/lib/weedbot_simulation
[5.174s] 
[5.174s] Installed /home/fatima/W.I.P.E.R/build/weedbot_simulation
[5.175s] running symlink_data
[5.175s] creating /home/fatima/W.I.P.E.R/install/weedbot_simulation/share/ament_index
[5.176s] creating /home/fatima/W.I.P.E.R/install/weedbot_simulation/share/ament_index/resource_index
[5.176s] creating /home/fatima/W.I.P.E.R/install/weedbot_simulation/share/ament_index/resource_index/packages
[5.177s] symbolically linking /home/fatima/W.I.P.E.R/build/weedbot_simulation/resource/weedbot_simulation -> /home/fatima/W.I.P.E.R/install/weedbot_simulation/share/ament_index/resource_index/packages
[5.177s] symbolically linking /home/fatima/W.I.P.E.R/build/weedbot_simulation/package.xml -> /home/fatima/W.I.P.E.R/install/weedbot_simulation/share/weedbot_simulation
[5.178s] creating /home/fatima/W.I.P.E.R/install/weedbot_simulation/share/weedbot_simulation/launch
[5.178s] symbolically linking /home/fatima/W.I.P.E.R/build/weedbot_simulation/launch/full_system_launch.py -> /home/fatima/W.I.P.E.R/install/weedbot_simulation/share/weedbot_simulation/launch
[5.179s] symbolically linking /home/fatima/W.I.P.E.R/build/weedbot_simulation/launch/simulation_launch.py -> /home/fatima/W.I.P.E.R/install/weedbot_simulation/share/weedbot_simulation/launch
[5.179s] creating /home/fatima/W.I.P.E.R/install/weedbot_simulation/share/weedbot_simulation/worlds
[5.180s] symbolically linking /home/fatima/W.I.P.E.R/build/weedbot_simulation/worlds/farm_field.world -> /home/fatima/W.I.P.E.R/install/weedbot_simulation/share/weedbot_simulation/worlds
[5.181s] creating /home/fatima/W.I.P.E.R/install/weedbot_simulation/share/weedbot_simulation/urdf
[5.181s] symbolically linking /home/fatima/W.I.P.E.R/build/weedbot_simulation/urdf/tractor.urdf.xacro -> /home/fatima/W.I.P.E.R/install/weedbot_simulation/share/weedbot_simulation/urdf
[5.181s] creating /home/fatima/W.I.P.E.R/install/weedbot_simulation/share/weedbot_simulation/models
[5.182s] creating /home/fatima/W.I.P.E.R/install/weedbot_simulation/share/weedbot_simulation/models/weed
[5.183s] symbolically linking /home/fatima/W.I.P.E.R/build/weedbot_simulation/models/weed/model.config -> /home/fatima/W.I.P.E.R/install/weedbot_simulation/share/weedbot_simulation/models/weed
[5.184s] symbolically linking /home/fatima/W.I.P.E.R/build/weedbot_simulation/models/weed/model.sdf -> /home/fatima/W.I.P.E.R/install/weedbot_simulation/share/weedbot_simulation/models/weed
[5.251s] Invoked command in '/home/fatima/W.I.P.E.R/build/weedbot_simulation' returned '0': DEBUGINFOD_URLS=https://debuginfod.ubuntu.com PYTHONPATH=/home/fatima/W.I.P.E.R/build/weedbot_simulation/prefix_override:/usr/lib/python3/dist-packages/colcon_core/task/python/colcon_distutils_commands:/home/fatima/W.I.P.E.R/install/weedbot_simulation/lib/python3.12/site-packages:${PYTHONPATH} /usr/bin/python3 -W ignore:setup.py install is deprecated -W ignore:easy_install command is deprecated setup.py develop --editable --build-directory /home/fatima/W.I.P.E.R/build/weedbot_simulation/build --no-deps symlink_data
