[5.381s] Invoking command in '/home/fatima/W.I.P.E.R/build/weedbot_control': AMENT_PREFIX_PATH=/home/fatima/W.I.P.E.R/install/weedbot_interfaces:${AMENT_PREFIX_PATH} CMAKE_PREFIX_PATH=/home/fatima/W.I.P.E.R/install/weedbot_interfaces:${CMAKE_PREFIX_PATH} DEBUGINFOD_URLS=https://debuginfod.ubuntu.com LD_LIBRARY_PATH=/home/fatima/W.I.P.E.R/install/weedbot_interfaces/lib:${LD_LIBRARY_PATH} PYTHONPATH=/home/fatima/W.I.P.E.R/build/weedbot_control/prefix_override:/usr/lib/python3/dist-packages/colcon_core/task/python/colcon_distutils_commands:/home/fatima/W.I.P.E.R/install/weedbot_control/lib/python3.12/site-packages:/home/fatima/W.I.P.E.R/install/weedbot_interfaces/lib/python3.12/site-packages:${PYTHONPATH} /usr/bin/python3 -W ignore:setup.py install is deprecated -W ignore:easy_install command is deprecated setup.py develop --editable --build-directory /home/fatima/W.I.P.E.R/build/weedbot_control/build --no-deps symlink_data
[6.647s] running develop
[7.409s] running egg_info
[7.410s] creating weedbot_control.egg-info
[7.516s] writing weedbot_control.egg-info/PKG-INFO
[7.517s] writing dependency_links to weedbot_control.egg-info/dependency_links.txt
[7.518s] writing entry points to weedbot_control.egg-info/entry_points.txt
[7.519s] writing requirements to weedbot_control.egg-info/requires.txt
[7.520s] writing top-level names to weedbot_control.egg-info/top_level.txt
[7.520s] writing manifest file 'weedbot_control.egg-info/SOURCES.txt'
[7.673s] reading manifest file 'weedbot_control.egg-info/SOURCES.txt'
[7.673s] writing manifest file 'weedbot_control.egg-info/SOURCES.txt'
[7.803s] running build_ext
[7.804s] Creating /home/fatima/W.I.P.E.R/install/weedbot_control/lib/python3.12/site-packages/weedbot-control.egg-link (link to .)
[7.814s] Installing control_node script to /home/fatima/W.I.P.E.R/install/weedbot_control/lib/weedbot_control
[7.817s] 
[7.817s] Installed /home/fatima/W.I.P.E.R/build/weedbot_control
[7.818s] running symlink_data
[7.819s] creating /home/fatima/W.I.P.E.R/install/weedbot_control/share/ament_index
[7.819s] creating /home/fatima/W.I.P.E.R/install/weedbot_control/share/ament_index/resource_index
[7.819s] creating /home/fatima/W.I.P.E.R/install/weedbot_control/share/ament_index/resource_index/packages
[7.821s] symbolically linking /home/fatima/W.I.P.E.R/build/weedbot_control/resource/weedbot_control -> /home/fatima/W.I.P.E.R/install/weedbot_control/share/ament_index/resource_index/packages
[7.829s] symbolically linking /home/fatima/W.I.P.E.R/build/weedbot_control/package.xml -> /home/fatima/W.I.P.E.R/install/weedbot_control/share/weedbot_control
[7.830s] creating /home/fatima/W.I.P.E.R/install/weedbot_control/share/weedbot_control/launch
[7.831s] symbolically linking /home/fatima/W.I.P.E.R/build/weedbot_control/launch/control_launch.py -> /home/fatima/W.I.P.E.R/install/weedbot_control/share/weedbot_control/launch
[7.832s] creating /home/fatima/W.I.P.E.R/install/weedbot_control/share/weedbot_control/config
[7.833s] symbolically linking /home/fatima/W.I.P.E.R/build/weedbot_control/config/control_params.yaml -> /home/fatima/W.I.P.E.R/install/weedbot_control/share/weedbot_control/config
[7.834s] creating /home/fatima/W.I.P.E.R/install/weedbot_control/share/weedbot_control/firmware
[7.835s] symbolically linking /home/fatima/W.I.P.E.R/build/weedbot_control/firmware/stm32_laser_controller_reference.c -> /home/fatima/W.I.P.E.R/install/weedbot_control/share/weedbot_control/firmware
[7.836s] symbolically linking /home/fatima/W.I.P.E.R/build/weedbot_control/README.md -> /home/fatima/W.I.P.E.R/install/weedbot_control/share/weedbot_control
[7.837s] symbolically linking /home/fatima/W.I.P.E.R/build/weedbot_control/protocol.md -> /home/fatima/W.I.P.E.R/install/weedbot_control/share/weedbot_control
[8.003s] Invoked command in '/home/fatima/W.I.P.E.R/build/weedbot_control' returned '0': AMENT_PREFIX_PATH=/home/fatima/W.I.P.E.R/install/weedbot_interfaces:${AMENT_PREFIX_PATH} CMAKE_PREFIX_PATH=/home/fatima/W.I.P.E.R/install/weedbot_interfaces:${CMAKE_PREFIX_PATH} DEBUGINFOD_URLS=https://debuginfod.ubuntu.com LD_LIBRARY_PATH=/home/fatima/W.I.P.E.R/install/weedbot_interfaces/lib:${LD_LIBRARY_PATH} PYTHONPATH=/home/fatima/W.I.P.E.R/build/weedbot_control/prefix_override:/usr/lib/python3/dist-packages/colcon_core/task/python/colcon_distutils_commands:/home/fatima/W.I.P.E.R/install/weedbot_control/lib/python3.12/site-packages:/home/fatima/W.I.P.E.R/install/weedbot_interfaces/lib/python3.12/site-packages:${PYTHONPATH} /usr/bin/python3 -W ignore:setup.py install is deprecated -W ignore:easy_install command is deprecated setup.py develop --editable --build-directory /home/fatima/W.I.P.E.R/build/weedbot_control/build --no-deps symlink_data
