[3.828s] Invoking command in '/home/hamza/wiper_ws/src/weedbot_vision': PYTHONPATH=/home/hamza/wiper_ws/build/weedbot_vision/prefix_override:/usr/lib/python3/dist-packages/colcon_core/task/python/colcon_distutils_commands:/home/hamza/wiper_ws/install/weedbot_vision/lib/python3.12/site-packages:/home/hamza/wiper_ws/install/weedbot_interfaces/lib/python3.12/site-packages:/home/hamza/wiper_ws/install/weedbot_vision/lib/python3.12/site-packages:/home/hamza/wiper_ws/build/weedbot_simulation:/home/hamza/wiper_ws/install/weedbot_simulation/lib/python3.12/site-packages:/home/hamza/wiper_ws/build/weedbot_control:/home/hamza/wiper_ws/install/weedbot_control/lib/python3.12/site-packages:/opt/ros/jazzy/lib/python3.12/site-packages /usr/bin/python3 -W ignore:setup.py install is deprecated -W ignore:easy_install command is deprecated setup.py egg_info --egg-base ../../build/weedbot_vision build --build-base /home/hamza/wiper_ws/build/weedbot_vision/build install --record /home/hamza/wiper_ws/build/weedbot_vision/install.log --single-version-externally-managed install_data
[4.579s] running egg_info
[4.636s] writing ../../build/weedbot_vision/weedbot_vision.egg-info/PKG-INFO
[4.637s] writing dependency_links to ../../build/weedbot_vision/weedbot_vision.egg-info/dependency_links.txt
[4.637s] writing entry points to ../../build/weedbot_vision/weedbot_vision.egg-info/entry_points.txt
[4.637s] writing requirements to ../../build/weedbot_vision/weedbot_vision.egg-info/requires.txt
[4.638s] writing top-level names to ../../build/weedbot_vision/weedbot_vision.egg-info/top_level.txt
[4.802s] reading manifest file '../../build/weedbot_vision/weedbot_vision.egg-info/SOURCES.txt'
[4.812s] writing manifest file '../../build/weedbot_vision/weedbot_vision.egg-info/SOURCES.txt'
[4.816s] running build
[4.816s] running build_py
[4.816s] running install
[4.837s] running install_lib
[4.908s] running install_data
[4.909s] copying config/vision_params.yaml -> /home/hamza/wiper_ws/install/weedbot_vision/share/weedbot_vision/config
[4.910s] running install_egg_info
[5.008s] removing '/home/hamza/wiper_ws/install/weedbot_vision/lib/python3.12/site-packages/weedbot_vision-0.0.1-py3.12.egg-info' (and everything under it)
[5.019s] Copying ../../build/weedbot_vision/weedbot_vision.egg-info to /home/hamza/wiper_ws/install/weedbot_vision/lib/python3.12/site-packages/weedbot_vision-0.0.1-py3.12.egg-info
[5.026s] running install_scripts
[5.555s] Installing camera_calibration script to /home/hamza/wiper_ws/install/weedbot_vision/lib/weedbot_vision
[5.556s] Installing camera_publisher script to /home/hamza/wiper_ws/install/weedbot_vision/lib/weedbot_vision
[5.556s] Installing detection_monitor script to /home/hamza/wiper_ws/install/weedbot_vision/lib/weedbot_vision
[5.557s] Installing vision_node script to /home/hamza/wiper_ws/install/weedbot_vision/lib/weedbot_vision
[5.558s] writing list of installed files to '/home/hamza/wiper_ws/build/weedbot_vision/install.log'
[5.699s] Invoked command in '/home/hamza/wiper_ws/src/weedbot_vision' returned '0': PYTHONPATH=/home/hamza/wiper_ws/build/weedbot_vision/prefix_override:/usr/lib/python3/dist-packages/colcon_core/task/python/colcon_distutils_commands:/home/hamza/wiper_ws/install/weedbot_vision/lib/python3.12/site-packages:/home/hamza/wiper_ws/install/weedbot_interfaces/lib/python3.12/site-packages:/home/hamza/wiper_ws/install/weedbot_vision/lib/python3.12/site-packages:/home/hamza/wiper_ws/build/weedbot_simulation:/home/hamza/wiper_ws/install/weedbot_simulation/lib/python3.12/site-packages:/home/hamza/wiper_ws/build/weedbot_control:/home/hamza/wiper_ws/install/weedbot_control/lib/python3.12/site-packages:/opt/ros/jazzy/lib/python3.12/site-packages /usr/bin/python3 -W ignore:setup.py install is deprecated -W ignore:easy_install command is deprecated setup.py egg_info --egg-base ../../build/weedbot_vision build --build-base /home/hamza/wiper_ws/build/weedbot_vision/build install --record /home/hamza/wiper_ws/build/weedbot_vision/install.log --single-version-externally-managed install_data
