[0.071s] Invoking command in '/home/fatima/W.I.P.E.R/build/weedbot_interfaces': CMAKE_PREFIX_PATH=${CMAKE_PREFIX_PATH}:/opt/ros/jazzy DEBUGINFOD_URLS=https://debuginfod.ubuntu.com /usr/bin/cmake /home/fatima/W.I.P.E.R/ROS/wiper_ws/src/weedbot_interfaces -DAMENT_CMAKE_SYMLINK_INSTALL=1 -DCMAKE_INSTALL_PREFIX=/home/fatima/W.I.P.E.R/install/weedbot_interfaces
[0.989s] -- The C compiler identification is GNU 13.3.0
[4.118s] -- The CXX compiler identification is GNU 13.3.0
[7.010s] -- Detecting C compiler ABI info
[8.121s] -- Detecting C compiler ABI info - done
[8.142s] -- Check for working C compiler: /usr/bin/cc - skipped
[8.143s] -- Detecting C compile features
[8.145s] -- Detecting C compile features - done
[8.633s] -- Detecting CXX compiler ABI info
[9.633s] -- Detecting CXX compiler ABI info - done
[9.666s] -- Check for working CXX compiler: /usr/bin/c++ - skipped
[9.667s] -- Detecting CXX compile features
[9.669s] -- Detecting CXX compile features - done
[9.694s] -- Found ament_cmake: 2.5.5 (/opt/ros/jazzy/share/ament_cmake/cmake)
[10.122s] -- Found Python3: /usr/bin/python3 (found version "3.12.3") found components: Interpreter 
[10.537s] -- Override CMake install command with custom implementation using symlinks instead of copying resources
[10.736s] -- Found std_msgs: 5.3.6 (/opt/ros/jazzy/share/std_msgs/cmake)
[11.710s] -- Found rosidl_generator_c: 4.6.7 (/opt/ros/jazzy/share/rosidl_generator_c/cmake)
[11.760s] -- Found rosidl_generator_cpp: 4.6.7 (/opt/ros/jazzy/share/rosidl_generator_cpp/cmake)
[11.854s] -- Using all available rosidl_typesupport_c: rosidl_typesupport_fastrtps_c;rosidl_typesupport_introspection_c
[11.943s] -- Using all available rosidl_typesupport_cpp: rosidl_typesupport_fastrtps_cpp;rosidl_typesupport_introspection_cpp
[12.088s] -- Found sensor_msgs: 5.3.6 (/opt/ros/jazzy/share/sensor_msgs/cmake)
[12.296s] -- Found rosidl_default_generators: 1.6.0 (/opt/ros/jazzy/share/rosidl_default_generators/cmake)
[12.337s] -- Found rosidl_adapter: 4.6.7 (/opt/ros/jazzy/share/rosidl_adapter/cmake)
[14.210s] -- Found ament_cmake_ros: 0.12.0 (/opt/ros/jazzy/share/ament_cmake_ros/cmake)
[16.685s] -- Using all available rosidl_typesupport_c: rosidl_typesupport_fastrtps_c;rosidl_typesupport_introspection_c
[17.407s] -- Using all available rosidl_typesupport_cpp: rosidl_typesupport_fastrtps_cpp;rosidl_typesupport_introspection_cpp
[17.414s] -- Found python_cmake_module: 0.11.1 (/opt/ros/jazzy/share/python_cmake_module/cmake)
[17.670s] -- Found PythonExtra: /usr/bin/python3  
[18.742s] -- Found Python3: /usr/bin/python3 (found version "3.12.3") found components: Interpreter Development NumPy Development.Module Development.Embed 
[18.969s] -- Configuring done (18.8s)
[19.109s] -- Generating done (0.1s)
[19.136s] -- Build files have been written to: /home/fatima/W.I.P.E.R/build/weedbot_interfaces
[19.159s] Invoked command in '/home/fatima/W.I.P.E.R/build/weedbot_interfaces' returned '0': CMAKE_PREFIX_PATH=${CMAKE_PREFIX_PATH}:/opt/ros/jazzy DEBUGINFOD_URLS=https://debuginfod.ubuntu.com /usr/bin/cmake /home/fatima/W.I.P.E.R/ROS/wiper_ws/src/weedbot_interfaces -DAMENT_CMAKE_SYMLINK_INSTALL=1 -DCMAKE_INSTALL_PREFIX=/home/fatima/W.I.P.E.R/install/weedbot_interfaces
[19.162s] Invoking command in '/home/fatima/W.I.P.E.R/build/weedbot_interfaces': CMAKE_PREFIX_PATH=${CMAKE_PREFIX_PATH}:/opt/ros/jazzy DEBUGINFOD_URLS=https://debuginfod.ubuntu.com /usr/bin/cmake --build /home/fatima/W.I.P.E.R/build/weedbot_interfaces -- -j8 -l8
[19.282s] [  2%] [34m[1mGenerating type hashes for ROS interfaces[0m
[19.307s] [  2%] Built target ament_cmake_python_symlink_weedbot_interfaces
[19.894s] running egg_info
[19.895s] creating weedbot_interfaces.egg-info
[19.967s] writing weedbot_interfaces.egg-info/PKG-INFO
[19.968s] writing dependency_links to weedbot_interfaces.egg-info/dependency_links.txt
[19.968s] writing top-level names to weedbot_interfaces.egg-info/top_level.txt
[19.969s] writing manifest file 'weedbot_interfaces.egg-info/SOURCES.txt'
[20.051s] [  2%] Built target weedbot_interfaces__rosidl_generator_type_description
[20.075s] [  4%] [34m[1mGenerating C code for ROS interfaces[0m
[20.096s] [  6%] [34m[1mGenerating C++ code for ROS interfaces[0m
[20.132s] reading manifest file 'weedbot_interfaces.egg-info/SOURCES.txt'
[20.133s] writing manifest file 'weedbot_interfaces.egg-info/SOURCES.txt'
[20.227s] [  6%] Built target ament_cmake_python_build_weedbot_interfaces_egg
[21.006s] [  6%] Built target weedbot_interfaces__cpp
[21.122s] [  9%] [32mBuilding C object CMakeFiles/weedbot_interfaces__rosidl_generator_c.dir/rosidl_generator_c/weedbot_interfaces/msg/detail/weed_detection__type_support.c.o[0m
[21.129s] [ 11%] [32mBuilding C object CMakeFiles/weedbot_interfaces__rosidl_generator_c.dir/rosidl_generator_c/weedbot_interfaces/msg/detail/weed_array__description.c.o[0m
[21.130s] [ 13%] [32mBuilding C object CMakeFiles/weedbot_interfaces__rosidl_generator_c.dir/rosidl_generator_c/weedbot_interfaces/msg/detail/weed_detection__functions.c.o[0m
[21.131s] [ 15%] [32mBuilding C object CMakeFiles/weedbot_interfaces__rosidl_generator_c.dir/rosidl_generator_c/weedbot_interfaces/msg/detail/weed_detection__description.c.o[0m
[21.139s] [ 18%] [32mBuilding C object CMakeFiles/weedbot_interfaces__rosidl_generator_c.dir/rosidl_generator_c/weedbot_interfaces/msg/detail/weed_array__type_support.c.o[0m
[21.159s] [ 20%] [32mBuilding C object CMakeFiles/weedbot_interfaces__rosidl_generator_c.dir/rosidl_generator_c/weedbot_interfaces/msg/detail/weed_array__functions.c.o[0m
[21.533s] [ 22%] [32m[1mLinking C shared library libweedbot_interfaces__rosidl_generator_c.so[0m
[22.093s] [ 22%] Built target weedbot_interfaces__rosidl_generator_c
[22.122s] [ 27%] [34m[1mGenerating C type support dispatch for ROS interfaces[0m
[22.122s] [ 27%] [34m[1mGenerating C++ type support dispatch for ROS interfaces[0m
[22.123s] [ 29%] [34m[1mGenerating C type support for eProsima Fast-RTPS[0m
[22.123s] [ 31%] [34m[1mGenerating C++ type support for eProsima Fast-RTPS[0m
[22.125s] [ 34%] [34m[1mGenerating C introspection for ROS interfaces[0m
[22.126s] [ 36%] [34m[1mGenerating C++ introspection for ROS interfaces[0m
[23.197s] [ 38%] [32mBuilding CXX object CMakeFiles/weedbot_interfaces__rosidl_typesupport_c.dir/rosidl_typesupport_c/weedbot_interfaces/msg/weed_array__type_support.cpp.o[0m
[23.198s] [ 40%] [32mBuilding CXX object CMakeFiles/weedbot_interfaces__rosidl_typesupport_c.dir/rosidl_typesupport_c/weedbot_interfaces/msg/weed_detection__type_support.cpp.o[0m
[23.270s] [ 43%] [32mBuilding CXX object CMakeFiles/weedbot_interfaces__rosidl_typesupport_cpp.dir/rosidl_typesupport_cpp/weedbot_interfaces/msg/weed_detection__type_support.cpp.o[0m
[23.273s] [ 45%] [32mBuilding CXX object CMakeFiles/weedbot_interfaces__rosidl_typesupport_cpp.dir/rosidl_typesupport_cpp/weedbot_interfaces/msg/weed_array__type_support.cpp.o[0m
[23.342s] [ 47%] [32mBuilding CXX object CMakeFiles/weedbot_interfaces__rosidl_typesupport_introspection_cpp.dir/rosidl_typesupport_introspection_cpp/weedbot_interfaces/msg/detail/weed_detection__type_support.cpp.o[0m
[23.390s] [ 50%] [32m[1mLinking CXX shared library libweedbot_interfaces__rosidl_typesupport_c.so[0m
[23.392s] [ 52%] [32mBuilding CXX object CMakeFiles/weedbot_interfaces__rosidl_typesupport_introspection_cpp.dir/rosidl_typesupport_introspection_cpp/weedbot_interfaces/msg/detail/weed_array__type_support.cpp.o[0m
[23.421s] [ 54%] [32mBuilding C object CMakeFiles/weedbot_interfaces__rosidl_typesupport_introspection_c.dir/rosidl_typesupport_introspection_c/weedbot_interfaces/msg/detail/weed_detection__type_support.c.o[0m
[23.533s] [ 56%] [32mBuilding CXX object CMakeFiles/weedbot_interfaces__rosidl_typesupport_fastrtps_cpp.dir/rosidl_typesupport_fastrtps_cpp/weedbot_interfaces/msg/detail/dds_fastrtps/weed_detection__type_support.cpp.o[0m
[23.553s] [ 59%] [32mBuilding CXX object CMakeFiles/weedbot_interfaces__rosidl_typesupport_fastrtps_c.dir/rosidl_typesupport_fastrtps_c/weedbot_interfaces/msg/detail/weed_detection__type_support_c.cpp.o[0m
[23.614s] [ 61%] [32mBuilding C object CMakeFiles/weedbot_interfaces__rosidl_typesupport_introspection_c.dir/rosidl_typesupport_introspection_c/weedbot_interfaces/msg/detail/weed_array__type_support.c.o[0m
[23.773s] [ 63%] [32m[1mLinking C shared library libweedbot_interfaces__rosidl_typesupport_introspection_c.so[0m
[24.027s] [ 63%] Built target weedbot_interfaces__rosidl_typesupport_c
[24.072s] [ 65%] [32mBuilding CXX object CMakeFiles/weedbot_interfaces__rosidl_typesupport_fastrtps_c.dir/rosidl_typesupport_fastrtps_c/weedbot_interfaces/msg/detail/weed_array__type_support_c.cpp.o[0m
[25.373s] [ 68%] [32mBuilding CXX object CMakeFiles/weedbot_interfaces__rosidl_typesupport_fastrtps_cpp.dir/rosidl_typesupport_fastrtps_cpp/weedbot_interfaces/msg/detail/dds_fastrtps/weed_array__type_support.cpp.o[0m
[25.374s] [ 70%] [32m[1mLinking CXX shared library libweedbot_interfaces__rosidl_typesupport_cpp.so[0m
[25.443s] [ 70%] Built target weedbot_interfaces__rosidl_typesupport_introspection_c
[26.389s] [ 70%] Built target weedbot_interfaces__rosidl_typesupport_cpp
[26.540s] [ 72%] [32m[1mLinking CXX shared library libweedbot_interfaces__rosidl_typesupport_introspection_cpp.so[0m
[27.126s] [ 75%] [32m[1mLinking CXX shared library libweedbot_interfaces__rosidl_typesupport_fastrtps_c.so[0m
[27.602s] [ 75%] Built target weedbot_interfaces__rosidl_typesupport_introspection_cpp
[27.691s] [ 75%] Built target weedbot_interfaces__rosidl_typesupport_fastrtps_c
[27.966s] [ 77%] [32m[1mLinking CXX shared library libweedbot_interfaces__rosidl_typesupport_fastrtps_cpp.so[0m
[28.564s] [ 77%] Built target weedbot_interfaces__rosidl_typesupport_fastrtps_cpp
[28.602s] [ 77%] Built target weedbot_interfaces
[28.645s] [ 79%] [34m[1mGenerating Python code for ROS interfaces[0m
[29.654s] [ 79%] Built target weedbot_interfaces__py
[29.699s] [ 84%] [32mBuilding C object CMakeFiles/weedbot_interfaces__rosidl_generator_py.dir/rosidl_generator_py/weedbot_interfaces/msg/_weed_detection_s.c.o[0m
[29.699s] [ 84%] [32mBuilding C object CMakeFiles/weedbot_interfaces__rosidl_generator_py.dir/rosidl_generator_py/weedbot_interfaces/msg/_weed_array_s.c.o[0m
[30.392s] [ 86%] [32m[1mLinking C shared library libweedbot_interfaces__rosidl_generator_py.so[0m
[30.902s] [ 86%] Built target weedbot_interfaces__rosidl_generator_py
[30.953s] [ 88%] [32mBuilding C object CMakeFiles/weedbot_interfaces_s__rosidl_typesupport_c.dir/rosidl_generator_py/weedbot_interfaces/_weedbot_interfaces_s.ep.rosidl_typesupport_c.c.o[0m
[30.955s] [ 90%] [32mBuilding C object CMakeFiles/weedbot_interfaces_s__rosidl_typesupport_introspection_c.dir/rosidl_generator_py/weedbot_interfaces/_weedbot_interfaces_s.ep.rosidl_typesupport_introspection_c.c.o[0m
[30.956s] [ 93%] [32mBuilding C object CMakeFiles/weedbot_interfaces_s__rosidl_typesupport_fastrtps_c.dir/rosidl_generator_py/weedbot_interfaces/_weedbot_interfaces_s.ep.rosidl_typesupport_fastrtps_c.c.o[0m
[31.392s] [ 95%] [32m[1mLinking C shared module rosidl_generator_py/weedbot_interfaces/weedbot_interfaces_s__rosidl_typesupport_c.so[0m
[31.434s] [ 97%] [32m[1mLinking C shared module rosidl_generator_py/weedbot_interfaces/weedbot_interfaces_s__rosidl_typesupport_introspection_c.so[0m
[31.442s] [100%] [32m[1mLinking C shared module rosidl_generator_py/weedbot_interfaces/weedbot_interfaces_s__rosidl_typesupport_fastrtps_c.so[0m
[31.782s] [100%] Built target weedbot_interfaces_s__rosidl_typesupport_fastrtps_c
[31.784s] [100%] Built target weedbot_interfaces_s__rosidl_typesupport_c
[31.788s] [100%] Built target weedbot_interfaces_s__rosidl_typesupport_introspection_c
[31.818s] Invoked command in '/home/fatima/W.I.P.E.R/build/weedbot_interfaces' returned '0': CMAKE_PREFIX_PATH=${CMAKE_PREFIX_PATH}:/opt/ros/jazzy DEBUGINFOD_URLS=https://debuginfod.ubuntu.com /usr/bin/cmake --build /home/fatima/W.I.P.E.R/build/weedbot_interfaces -- -j8 -l8
[31.842s] Invoking command in '/home/fatima/W.I.P.E.R/build/weedbot_interfaces': CMAKE_PREFIX_PATH=${CMAKE_PREFIX_PATH}:/opt/ros/jazzy DEBUGINFOD_URLS=https://debuginfod.ubuntu.com /usr/bin/cmake --install /home/fatima/W.I.P.E.R/build/weedbot_interfaces
[31.861s] -- Install configuration: ""
[31.862s] -- Execute custom install script
[31.867s] -- Symlinking: /home/fatima/W.I.P.E.R/install/weedbot_interfaces/share/ament_index/resource_index/rosidl_interfaces/weedbot_interfaces
[31.888s] -- Symlinking: /home/fatima/W.I.P.E.R/install/weedbot_interfaces/share/weedbot_interfaces/msg/WeedDetection.json
[31.908s] -- Symlinking: /home/fatima/W.I.P.E.R/install/weedbot_interfaces/share/weedbot_interfaces/msg/WeedArray.json
[31.934s] -- Symlinking: /home/fatima/W.I.P.E.R/install/weedbot_interfaces/include/weedbot_interfaces/weedbot_interfaces/msg/detail/weed_array__functions.h
[31.957s] -- Symlinking: /home/fatima/W.I.P.E.R/install/weedbot_interfaces/include/weedbot_interfaces/weedbot_interfaces/msg/detail/weed_array__struct.h
[31.983s] -- Symlinking: /home/fatima/W.I.P.E.R/install/weedbot_interfaces/include/weedbot_interfaces/weedbot_interfaces/msg/detail/weed_array__type_support.h
[32.008s] -- Symlinking: /home/fatima/W.I.P.E.R/install/weedbot_interfaces/include/weedbot_interfaces/weedbot_interfaces/msg/detail/weed_detection__functions.h
[32.036s] -- Symlinking: /home/fatima/W.I.P.E.R/install/weedbot_interfaces/include/weedbot_interfaces/weedbot_interfaces/msg/detail/weed_detection__struct.h
[32.062s] -- Symlinking: /home/fatima/W.I.P.E.R/install/weedbot_interfaces/include/weedbot_interfaces/weedbot_interfaces/msg/detail/weed_detection__type_support.h
[32.086s] -- Symlinking: /home/fatima/W.I.P.E.R/install/weedbot_interfaces/include/weedbot_interfaces/weedbot_interfaces/msg/rosidl_generator_c__visibility_control.h
[32.113s] -- Symlinking: /home/fatima/W.I.P.E.R/install/weedbot_interfaces/include/weedbot_interfaces/weedbot_interfaces/msg/weed_array.h
[32.137s] -- Symlinking: /home/fatima/W.I.P.E.R/install/weedbot_interfaces/include/weedbot_interfaces/weedbot_interfaces/msg/weed_detection.h
[32.165s] -- Symlinking: /home/fatima/W.I.P.E.R/install/weedbot_interfaces/share/weedbot_interfaces/environment/library_path.sh
[32.191s] -- Symlinking: /home/fatima/W.I.P.E.R/install/weedbot_interfaces/share/weedbot_interfaces/environment/library_path.dsv
[32.216s] -- Symlinking: /home/fatima/W.I.P.E.R/install/weedbot_interfaces/include/weedbot_interfaces/weedbot_interfaces/msg/detail/weed_array__rosidl_typesupport_fastrtps_c.h
[32.241s] -- Symlinking: /home/fatima/W.I.P.E.R/install/weedbot_interfaces/include/weedbot_interfaces/weedbot_interfaces/msg/detail/weed_detection__rosidl_typesupport_fastrtps_c.h
[32.263s] -- Symlinking: /home/fatima/W.I.P.E.R/install/weedbot_interfaces/include/weedbot_interfaces/weedbot_interfaces/msg/rosidl_typesupport_fastrtps_c__visibility_control.h
[32.282s] -- Symlinking: /home/fatima/W.I.P.E.R/install/weedbot_interfaces/include/weedbot_interfaces/weedbot_interfaces/msg/detail/weed_array__builder.hpp
[32.303s] -- Symlinking: /home/fatima/W.I.P.E.R/install/weedbot_interfaces/include/weedbot_interfaces/weedbot_interfaces/msg/detail/weed_array__struct.hpp
[32.324s] -- Symlinking: /home/fatima/W.I.P.E.R/install/weedbot_interfaces/include/weedbot_interfaces/weedbot_interfaces/msg/detail/weed_array__traits.hpp
[32.343s] -- Symlinking: /home/fatima/W.I.P.E.R/install/weedbot_interfaces/include/weedbot_interfaces/weedbot_interfaces/msg/detail/weed_array__type_support.hpp
[32.362s] -- Symlinking: /home/fatima/W.I.P.E.R/install/weedbot_interfaces/include/weedbot_interfaces/weedbot_interfaces/msg/detail/weed_detection__builder.hpp
[32.376s] -- Symlinking: /home/fatima/W.I.P.E.R/install/weedbot_interfaces/include/weedbot_interfaces/weedbot_interfaces/msg/detail/weed_detection__struct.hpp
[32.392s] -- Symlinking: /home/fatima/W.I.P.E.R/install/weedbot_interfaces/include/weedbot_interfaces/weedbot_interfaces/msg/detail/weed_detection__traits.hpp
[32.410s] -- Symlinking: /home/fatima/W.I.P.E.R/install/weedbot_interfaces/include/weedbot_interfaces/weedbot_interfaces/msg/detail/weed_detection__type_support.hpp
[32.426s] -- Symlinking: /home/fatima/W.I.P.E.R/install/weedbot_interfaces/include/weedbot_interfaces/weedbot_interfaces/msg/rosidl_generator_cpp__visibility_control.hpp
[32.443s] -- Symlinking: /home/fatima/W.I.P.E.R/install/weedbot_interfaces/include/weedbot_interfaces/weedbot_interfaces/msg/weed_array.hpp
[32.462s] -- Symlinking: /home/fatima/W.I.P.E.R/install/weedbot_interfaces/include/weedbot_interfaces/weedbot_interfaces/msg/weed_detection.hpp
[32.481s] -- Symlinking: /home/fatima/W.I.P.E.R/install/weedbot_interfaces/include/weedbot_interfaces/weedbot_interfaces/msg/detail/weed_array__rosidl_typesupport_fastrtps_cpp.hpp
[32.498s] -- Symlinking: /home/fatima/W.I.P.E.R/install/weedbot_interfaces/include/weedbot_interfaces/weedbot_interfaces/msg/detail/weed_detection__rosidl_typesupport_fastrtps_cpp.hpp
[32.515s] -- Symlinking: /home/fatima/W.I.P.E.R/install/weedbot_interfaces/include/weedbot_interfaces/weedbot_interfaces/msg/rosidl_typesupport_fastrtps_cpp__visibility_control.h
[32.538s] -- Symlinking: /home/fatima/W.I.P.E.R/install/weedbot_interfaces/include/weedbot_interfaces/weedbot_interfaces/msg/detail/weed_array__rosidl_typesupport_introspection_c.h
[32.558s] -- Symlinking: /home/fatima/W.I.P.E.R/install/weedbot_interfaces/include/weedbot_interfaces/weedbot_interfaces/msg/detail/weed_detection__rosidl_typesupport_introspection_c.h
[32.576s] -- Symlinking: /home/fatima/W.I.P.E.R/install/weedbot_interfaces/include/weedbot_interfaces/weedbot_interfaces/msg/rosidl_typesupport_introspection_c__visibility_control.h
[32.597s] -- Symlinking: /home/fatima/W.I.P.E.R/install/weedbot_interfaces/include/weedbot_interfaces/weedbot_interfaces/msg/detail/weed_array__rosidl_typesupport_introspection_cpp.hpp
[32.620s] -- Symlinking: /home/fatima/W.I.P.E.R/install/weedbot_interfaces/include/weedbot_interfaces/weedbot_interfaces/msg/detail/weed_detection__rosidl_typesupport_introspection_cpp.hpp
[32.645s] -- Symlinking: /home/fatima/W.I.P.E.R/install/weedbot_interfaces/share/weedbot_interfaces/environment/pythonpath.sh
[32.671s] -- Symlinking: /home/fatima/W.I.P.E.R/install/weedbot_interfaces/share/weedbot_interfaces/environment/pythonpath.dsv
[32.696s] -- Symlinking: /home/fatima/W.I.P.E.R/install/weedbot_interfaces/lib/python3.12/site-packages/weedbot_interfaces-0.0.1-py3.12.egg-info/PKG-INFO
[32.718s] -- Symlinking: /home/fatima/W.I.P.E.R/install/weedbot_interfaces/lib/python3.12/site-packages/weedbot_interfaces-0.0.1-py3.12.egg-info/SOURCES.txt
[32.738s] -- Symlinking: /home/fatima/W.I.P.E.R/install/weedbot_interfaces/lib/python3.12/site-packages/weedbot_interfaces-0.0.1-py3.12.egg-info/dependency_links.txt
[32.758s] -- Symlinking: /home/fatima/W.I.P.E.R/install/weedbot_interfaces/lib/python3.12/site-packages/weedbot_interfaces-0.0.1-py3.12.egg-info/top_level.txt
[32.777s] -- Symlinking: /home/fatima/W.I.P.E.R/install/weedbot_interfaces/lib/python3.12/site-packages/weedbot_interfaces/__init__.py
[32.796s] -- Symlinking: /home/fatima/W.I.P.E.R/install/weedbot_interfaces/lib/python3.12/site-packages/weedbot_interfaces/_weedbot_interfaces_s.ep.rosidl_typesupport_c.c
[32.814s] -- Symlinking: /home/fatima/W.I.P.E.R/install/weedbot_interfaces/lib/python3.12/site-packages/weedbot_interfaces/_weedbot_interfaces_s.ep.rosidl_typesupport_fastrtps_c.c
[32.835s] -- Symlinking: /home/fatima/W.I.P.E.R/install/weedbot_interfaces/lib/python3.12/site-packages/weedbot_interfaces/_weedbot_interfaces_s.ep.rosidl_typesupport_introspection_c.c
[32.855s] -- Symlinking: /home/fatima/W.I.P.E.R/install/weedbot_interfaces/lib/python3.12/site-packages/weedbot_interfaces/msg/__init__.py
[32.875s] -- Symlinking: /home/fatima/W.I.P.E.R/install/weedbot_interfaces/lib/python3.12/site-packages/weedbot_interfaces/msg/_weed_array.py
[32.895s] -- Symlinking: /home/fatima/W.I.P.E.R/install/weedbot_interfaces/lib/python3.12/site-packages/weedbot_interfaces/msg/_weed_array_s.c
[32.918s] -- Symlinking: /home/fatima/W.I.P.E.R/install/weedbot_interfaces/lib/python3.12/site-packages/weedbot_interfaces/msg/_weed_detection.py
[32.938s] -- Symlinking: /home/fatima/W.I.P.E.R/install/weedbot_interfaces/lib/python3.12/site-packages/weedbot_interfaces/msg/_weed_detection_s.c
[32.959s] -- Symlinking: /home/fatima/W.I.P.E.R/install/weedbot_interfaces/lib/python3.12/site-packages/weedbot_interfaces/weedbot_interfaces_s__rosidl_typesupport_c.so
[32.983s] -- Symlinking: /home/fatima/W.I.P.E.R/install/weedbot_interfaces/lib/python3.12/site-packages/weedbot_interfaces/weedbot_interfaces_s__rosidl_typesupport_fastrtps_c.so
[33.006s] -- Symlinking: /home/fatima/W.I.P.E.R/install/weedbot_interfaces/lib/python3.12/site-packages/weedbot_interfaces/weedbot_interfaces_s__rosidl_typesupport_introspection_c.so
[33.031s] -- Up-to-date symlink: /home/fatima/W.I.P.E.R/install/weedbot_interfaces/lib/python3.12/site-packages/weedbot_interfaces/weedbot_interfaces_s__rosidl_typesupport_fastrtps_c.so
[33.031s] -- Up-to-date symlink: /home/fatima/W.I.P.E.R/install/weedbot_interfaces/lib/python3.12/site-packages/weedbot_interfaces/weedbot_interfaces_s__rosidl_typesupport_introspection_c.so
[33.033s] -- Up-to-date symlink: /home/fatima/W.I.P.E.R/install/weedbot_interfaces/lib/python3.12/site-packages/weedbot_interfaces/weedbot_interfaces_s__rosidl_typesupport_c.so
[33.033s] -- Symlinking: /home/fatima/W.I.P.E.R/install/weedbot_interfaces/share/weedbot_interfaces/msg/WeedDetection.idl
[33.055s] -- Symlinking: /home/fatima/W.I.P.E.R/install/weedbot_interfaces/share/weedbot_interfaces/msg/WeedArray.idl
[33.078s] -- Symlinking: /home/fatima/W.I.P.E.R/install/weedbot_interfaces/share/weedbot_interfaces/msg/WeedDetection.msg
[33.100s] -- Symlinking: /home/fatima/W.I.P.E.R/install/weedbot_interfaces/share/weedbot_interfaces/msg/WeedArray.msg
[33.125s] -- Symlinking: /home/fatima/W.I.P.E.R/install/weedbot_interfaces/share/ament_index/resource_index/package_run_dependencies/weedbot_interfaces
[33.146s] -- Symlinking: /home/fatima/W.I.P.E.R/install/weedbot_interfaces/share/ament_index/resource_index/parent_prefix_path/weedbot_interfaces
[33.167s] -- Symlinking: /home/fatima/W.I.P.E.R/install/weedbot_interfaces/share/weedbot_interfaces/environment/ament_prefix_path.sh
[33.192s] -- Symlinking: /home/fatima/W.I.P.E.R/install/weedbot_interfaces/share/weedbot_interfaces/environment/ament_prefix_path.dsv
[33.211s] -- Symlinking: /home/fatima/W.I.P.E.R/install/weedbot_interfaces/share/weedbot_interfaces/environment/path.sh
[33.231s] -- Symlinking: /home/fatima/W.I.P.E.R/install/weedbot_interfaces/share/weedbot_interfaces/environment/path.dsv
[33.250s] -- Symlinking: /home/fatima/W.I.P.E.R/install/weedbot_interfaces/share/weedbot_interfaces/local_setup.bash
[33.269s] -- Symlinking: /home/fatima/W.I.P.E.R/install/weedbot_interfaces/share/weedbot_interfaces/local_setup.sh
[33.286s] -- Symlinking: /home/fatima/W.I.P.E.R/install/weedbot_interfaces/share/weedbot_interfaces/local_setup.zsh
[33.305s] -- Symlinking: /home/fatima/W.I.P.E.R/install/weedbot_interfaces/share/weedbot_interfaces/local_setup.dsv
[33.324s] -- Symlinking: /home/fatima/W.I.P.E.R/install/weedbot_interfaces/share/weedbot_interfaces/package.dsv
[33.341s] -- Symlinking: /home/fatima/W.I.P.E.R/install/weedbot_interfaces/share/ament_index/resource_index/packages/weedbot_interfaces
[33.360s] -- Symlinking: /home/fatima/W.I.P.E.R/install/weedbot_interfaces/share/weedbot_interfaces/cmake/rosidl_cmake-extras.cmake
[33.375s] -- Symlinking: /home/fatima/W.I.P.E.R/install/weedbot_interfaces/share/weedbot_interfaces/cmake/ament_cmake_export_dependencies-extras.cmake
[33.394s] -- Symlinking: /home/fatima/W.I.P.E.R/install/weedbot_interfaces/share/weedbot_interfaces/cmake/ament_cmake_export_include_directories-extras.cmake
[33.413s] -- Symlinking: /home/fatima/W.I.P.E.R/install/weedbot_interfaces/share/weedbot_interfaces/cmake/ament_cmake_export_libraries-extras.cmake
[33.431s] -- Symlinking: /home/fatima/W.I.P.E.R/install/weedbot_interfaces/share/weedbot_interfaces/cmake/ament_cmake_export_targets-extras.cmake
[33.451s] -- Symlinking: /home/fatima/W.I.P.E.R/install/weedbot_interfaces/share/weedbot_interfaces/cmake/rosidl_cmake_export_typesupport_targets-extras.cmake
[33.471s] -- Symlinking: /home/fatima/W.I.P.E.R/install/weedbot_interfaces/share/weedbot_interfaces/cmake/rosidl_cmake_export_typesupport_libraries-extras.cmake
[33.492s] -- Symlinking: /home/fatima/W.I.P.E.R/install/weedbot_interfaces/share/weedbot_interfaces/cmake/weedbot_interfacesConfig.cmake
[33.513s] -- Symlinking: /home/fatima/W.I.P.E.R/install/weedbot_interfaces/share/weedbot_interfaces/cmake/weedbot_interfacesConfig-version.cmake
[33.533s] -- Symlinking: /home/fatima/W.I.P.E.R/install/weedbot_interfaces/share/weedbot_interfaces/package.xml
[33.551s] -- Installing: /home/fatima/W.I.P.E.R/install/weedbot_interfaces/lib/libweedbot_interfaces__rosidl_generator_c.so
[33.552s] -- Set non-toolchain portion of runtime path of "/home/fatima/W.I.P.E.R/install/weedbot_interfaces/lib/libweedbot_interfaces__rosidl_generator_c.so" to ""
[33.553s] -- Installing: /home/fatima/W.I.P.E.R/install/weedbot_interfaces/lib/libweedbot_interfaces__rosidl_typesupport_fastrtps_c.so
[33.553s] -- Set non-toolchain portion of runtime path of "/home/fatima/W.I.P.E.R/install/weedbot_interfaces/lib/libweedbot_interfaces__rosidl_typesupport_fastrtps_c.so" to ""
[33.554s] -- Installing: /home/fatima/W.I.P.E.R/install/weedbot_interfaces/lib/libweedbot_interfaces__rosidl_typesupport_fastrtps_cpp.so
[33.555s] -- Set non-toolchain portion of runtime path of "/home/fatima/W.I.P.E.R/install/weedbot_interfaces/lib/libweedbot_interfaces__rosidl_typesupport_fastrtps_cpp.so" to ""
[33.555s] -- Installing: /home/fatima/W.I.P.E.R/install/weedbot_interfaces/lib/libweedbot_interfaces__rosidl_typesupport_introspection_c.so
[33.556s] -- Set non-toolchain portion of runtime path of "/home/fatima/W.I.P.E.R/install/weedbot_interfaces/lib/libweedbot_interfaces__rosidl_typesupport_introspection_c.so" to ""
[33.556s] -- Installing: /home/fatima/W.I.P.E.R/install/weedbot_interfaces/lib/libweedbot_interfaces__rosidl_typesupport_c.so
[33.557s] -- Set non-toolchain portion of runtime path of "/home/fatima/W.I.P.E.R/install/weedbot_interfaces/lib/libweedbot_interfaces__rosidl_typesupport_c.so" to ""
[33.557s] -- Installing: /home/fatima/W.I.P.E.R/install/weedbot_interfaces/lib/libweedbot_interfaces__rosidl_typesupport_introspection_cpp.so
[33.558s] -- Set non-toolchain portion of runtime path of "/home/fatima/W.I.P.E.R/install/weedbot_interfaces/lib/libweedbot_interfaces__rosidl_typesupport_introspection_cpp.so" to ""
[33.559s] -- Installing: /home/fatima/W.I.P.E.R/install/weedbot_interfaces/lib/libweedbot_interfaces__rosidl_typesupport_cpp.so
[33.559s] -- Set non-toolchain portion of runtime path of "/home/fatima/W.I.P.E.R/install/weedbot_interfaces/lib/libweedbot_interfaces__rosidl_typesupport_cpp.so" to ""
[33.653s] Listing '/home/fatima/W.I.P.E.R/install/weedbot_interfaces/lib/python3.12/site-packages/weedbot_interfaces'...
[33.653s] Compiling '/home/fatima/W.I.P.E.R/install/weedbot_interfaces/lib/python3.12/site-packages/weedbot_interfaces/__init__.py'...
[33.654s] Listing '/home/fatima/W.I.P.E.R/install/weedbot_interfaces/lib/python3.12/site-packages/weedbot_interfaces/msg'...
[33.654s] Compiling '/home/fatima/W.I.P.E.R/install/weedbot_interfaces/lib/python3.12/site-packages/weedbot_interfaces/msg/__init__.py'...
[33.654s] Compiling '/home/fatima/W.I.P.E.R/install/weedbot_interfaces/lib/python3.12/site-packages/weedbot_interfaces/msg/_weed_array.py'...
[33.654s] Compiling '/home/fatima/W.I.P.E.R/install/weedbot_interfaces/lib/python3.12/site-packages/weedbot_interfaces/msg/_weed_detection.py'...
[33.667s] -- Installing: /home/fatima/W.I.P.E.R/install/weedbot_interfaces/lib/libweedbot_interfaces__rosidl_generator_py.so
[33.668s] -- Set non-toolchain portion of runtime path of "/home/fatima/W.I.P.E.R/install/weedbot_interfaces/lib/libweedbot_interfaces__rosidl_generator_py.so" to ""
[33.668s] -- Installing: /home/fatima/W.I.P.E.R/install/weedbot_interfaces/share/weedbot_interfaces/cmake/export_weedbot_interfaces__rosidl_generator_cExport.cmake
[33.669s] -- Installing: /home/fatima/W.I.P.E.R/install/weedbot_interfaces/share/weedbot_interfaces/cmake/export_weedbot_interfaces__rosidl_generator_cExport-noconfig.cmake
[33.669s] -- Installing: /home/fatima/W.I.P.E.R/install/weedbot_interfaces/share/weedbot_interfaces/cmake/export_weedbot_interfaces__rosidl_typesupport_fastrtps_cExport.cmake
[33.670s] -- Installing: /home/fatima/W.I.P.E.R/install/weedbot_interfaces/share/weedbot_interfaces/cmake/export_weedbot_interfaces__rosidl_typesupport_fastrtps_cExport-noconfig.cmake
[33.670s] -- Installing: /home/fatima/W.I.P.E.R/install/weedbot_interfaces/share/weedbot_interfaces/cmake/export_weedbot_interfaces__rosidl_generator_cppExport.cmake
[33.671s] -- Installing: /home/fatima/W.I.P.E.R/install/weedbot_interfaces/share/weedbot_interfaces/cmake/export_weedbot_interfaces__rosidl_typesupport_fastrtps_cppExport.cmake
[33.671s] -- Installing: /home/fatima/W.I.P.E.R/install/weedbot_interfaces/share/weedbot_interfaces/cmake/export_weedbot_interfaces__rosidl_typesupport_fastrtps_cppExport-noconfig.cmake
[33.672s] -- Installing: /home/fatima/W.I.P.E.R/install/weedbot_interfaces/share/weedbot_interfaces/cmake/weedbot_interfaces__rosidl_typesupport_introspection_cExport.cmake
[33.672s] -- Installing: /home/fatima/W.I.P.E.R/install/weedbot_interfaces/share/weedbot_interfaces/cmake/weedbot_interfaces__rosidl_typesupport_introspection_cExport-noconfig.cmake
[33.673s] -- Installing: /home/fatima/W.I.P.E.R/install/weedbot_interfaces/share/weedbot_interfaces/cmake/weedbot_interfaces__rosidl_typesupport_cExport.cmake
[33.673s] -- Installing: /home/fatima/W.I.P.E.R/install/weedbot_interfaces/share/weedbot_interfaces/cmake/weedbot_interfaces__rosidl_typesupport_cExport-noconfig.cmake
[33.673s] -- Installing: /home/fatima/W.I.P.E.R/install/weedbot_interfaces/share/weedbot_interfaces/cmake/weedbot_interfaces__rosidl_typesupport_introspection_cppExport.cmake
[33.674s] -- Installing: /home/fatima/W.I.P.E.R/install/weedbot_interfaces/share/weedbot_interfaces/cmake/weedbot_interfaces__rosidl_typesupport_introspection_cppExport-noconfig.cmake
[33.674s] -- Installing: /home/fatima/W.I.P.E.R/install/weedbot_interfaces/share/weedbot_interfaces/cmake/weedbot_interfaces__rosidl_typesupport_cppExport.cmake
[33.674s] -- Installing: /home/fatima/W.I.P.E.R/install/weedbot_interfaces/share/weedbot_interfaces/cmake/weedbot_interfaces__rosidl_typesupport_cppExport-noconfig.cmake
[33.674s] -- Installing: /home/fatima/W.I.P.E.R/install/weedbot_interfaces/share/weedbot_interfaces/cmake/export_weedbot_interfaces__rosidl_generator_pyExport.cmake
[33.675s] -- Installing: /home/fatima/W.I.P.E.R/install/weedbot_interfaces/share/weedbot_interfaces/cmake/export_weedbot_interfaces__rosidl_generator_pyExport-noconfig.cmake
[33.680s] Invoked command in '/home/fatima/W.I.P.E.R/build/weedbot_interfaces' returned '0': CMAKE_PREFIX_PATH=${CMAKE_PREFIX_PATH}:/opt/ros/jazzy DEBUGINFOD_URLS=https://debuginfod.ubuntu.com /usr/bin/cmake --install /home/fatima/W.I.P.E.R/build/weedbot_interfaces
