[0.043s] Invoking command in '/home/hamza/wiper_ws/build/weedbot_interfaces': CMAKE_PREFIX_PATH=${CMAKE_PREFIX_PATH}:/home/hamza/wiper_ws/install/weedbot_simulation:/home/hamza/wiper_ws/install/weedbot_vision:/home/hamza/wiper_ws/install/weedbot_control:/opt/ros/jazzy /usr/bin/cmake /home/hamza/wiper_ws/src/weedbot_interfaces -DCMAKE_INSTALL_PREFIX=/home/hamza/wiper_ws/install/weedbot_interfaces
[0.403s] -- Found ament_cmake: 2.5.4 (/opt/ros/jazzy/share/ament_cmake/cmake)
[0.403s] -- Found Python3: /usr/bin/python3 (found version "3.12.3") found components: Interpreter 
[0.404s] -- Override CMake install command with custom implementation using symlinks instead of copying resources
[0.405s] -- Found std_msgs: 5.3.6 (/opt/ros/jazzy/share/std_msgs/cmake)
[0.668s] -- Found rosidl_generator_c: 4.6.6 (/opt/ros/jazzy/share/rosidl_generator_c/cmake)
[0.690s] -- Found rosidl_generator_cpp: 4.6.6 (/opt/ros/jazzy/share/rosidl_generator_cpp/cmake)
[0.724s] -- Using all available rosidl_typesupport_c: rosidl_typesupport_fastrtps_c;rosidl_typesupport_introspection_c
[0.761s] -- Using all available rosidl_typesupport_cpp: rosidl_typesupport_fastrtps_cpp;rosidl_typesupport_introspection_cpp
[0.827s] -- Found sensor_msgs: 5.3.6 (/opt/ros/jazzy/share/sensor_msgs/cmake)
[0.936s] -- Found rosidl_default_generators: 1.6.0 (/opt/ros/jazzy/share/rosidl_default_generators/cmake)
[0.962s] -- Found rosidl_adapter: 4.6.6 (/opt/ros/jazzy/share/rosidl_adapter/cmake)
[1.455s] -- Found ament_cmake_ros: 0.12.0 (/opt/ros/jazzy/share/ament_cmake_ros/cmake)
[2.100s] -- Using all available rosidl_typesupport_c: rosidl_typesupport_fastrtps_c;rosidl_typesupport_introspection_c
[2.361s] -- Using all available rosidl_typesupport_cpp: rosidl_typesupport_fastrtps_cpp;rosidl_typesupport_introspection_cpp
[2.365s] -- Found python_cmake_module: 0.11.1 (/opt/ros/jazzy/share/python_cmake_module/cmake)
[2.903s] -- Found Python3: /usr/bin/python3 (found version "3.12.3") found components: Interpreter Development NumPy Development.Module Development.Embed 
[3.025s] -- Configuring done (2.9s)
[3.157s] -- Generating done (0.1s)
[3.177s] -- Build files have been written to: /home/hamza/wiper_ws/build/weedbot_interfaces
[3.191s] Invoked command in '/home/hamza/wiper_ws/build/weedbot_interfaces' returned '0': CMAKE_PREFIX_PATH=${CMAKE_PREFIX_PATH}:/home/hamza/wiper_ws/install/weedbot_simulation:/home/hamza/wiper_ws/install/weedbot_vision:/home/hamza/wiper_ws/install/weedbot_control:/opt/ros/jazzy /usr/bin/cmake /home/hamza/wiper_ws/src/weedbot_interfaces -DCMAKE_INSTALL_PREFIX=/home/hamza/wiper_ws/install/weedbot_interfaces
[3.192s] Invoking command in '/home/hamza/wiper_ws/build/weedbot_interfaces': CMAKE_PREFIX_PATH=${CMAKE_PREFIX_PATH}:/home/hamza/wiper_ws/install/weedbot_simulation:/home/hamza/wiper_ws/install/weedbot_vision:/home/hamza/wiper_ws/install/weedbot_control:/opt/ros/jazzy /usr/bin/cmake --build /home/hamza/wiper_ws/build/weedbot_interfaces -- -j12 -l12
[3.286s] [  2%] Built target weedbot_interfaces__rosidl_generator_type_description
[3.302s] [  2%] Built target ament_cmake_python_symlink_weedbot_interfaces
[3.334s] [  4%] Built target weedbot_interfaces__cpp
[3.351s] [ 22%] Built target weedbot_interfaces__rosidl_generator_c
[3.408s] [ 31%] Built target weedbot_interfaces__rosidl_typesupport_c
[3.414s] [ 40%] Built target weedbot_interfaces__rosidl_typesupport_introspection_c
[3.416s] [ 52%] Built target weedbot_interfaces__rosidl_typesupport_fastrtps_cpp
[3.416s] [ 59%] Built target weedbot_interfaces__rosidl_typesupport_cpp
[3.420s] [ 68%] Built target weedbot_interfaces__rosidl_typesupport_introspection_cpp
[3.421s] [ 77%] Built target weedbot_interfaces__rosidl_typesupport_fastrtps_c
[3.463s] [ 77%] Built target weedbot_interfaces
[3.511s] [ 79%] Built target weedbot_interfaces__py
[3.573s] [ 86%] Built target weedbot_interfaces__rosidl_generator_py
[3.629s] [ 90%] Built target weedbot_interfaces_s__rosidl_typesupport_fastrtps_c
[3.631s] [ 95%] Built target weedbot_interfaces_s__rosidl_typesupport_introspection_c
[3.634s] [100%] Built target weedbot_interfaces_s__rosidl_typesupport_c
[3.708s] running egg_info
[3.744s] writing weedbot_interfaces.egg-info/PKG-INFO
[3.744s] writing dependency_links to weedbot_interfaces.egg-info/dependency_links.txt
[3.745s] writing top-level names to weedbot_interfaces.egg-info/top_level.txt
[3.833s] reading manifest file 'weedbot_interfaces.egg-info/SOURCES.txt'
[3.834s] writing manifest file 'weedbot_interfaces.egg-info/SOURCES.txt'
[3.868s] [100%] Built target ament_cmake_python_build_weedbot_interfaces_egg
[3.888s] Invoked command in '/home/hamza/wiper_ws/build/weedbot_interfaces' returned '0': CMAKE_PREFIX_PATH=${CMAKE_PREFIX_PATH}:/home/hamza/wiper_ws/install/weedbot_simulation:/home/hamza/wiper_ws/install/weedbot_vision:/home/hamza/wiper_ws/install/weedbot_control:/opt/ros/jazzy /usr/bin/cmake --build /home/hamza/wiper_ws/build/weedbot_interfaces -- -j12 -l12
[3.904s] Invoking command in '/home/hamza/wiper_ws/build/weedbot_interfaces': CMAKE_PREFIX_PATH=${CMAKE_PREFIX_PATH}:/home/hamza/wiper_ws/install/weedbot_simulation:/home/hamza/wiper_ws/install/weedbot_vision:/home/hamza/wiper_ws/install/weedbot_control:/opt/ros/jazzy /usr/bin/cmake --install /home/hamza/wiper_ws/build/weedbot_interfaces
[3.917s] -- Install configuration: ""
[3.919s] -- Execute custom install script
[3.919s] -- Up-to-date symlink: /home/hamza/wiper_ws/install/weedbot_interfaces/share/ament_index/resource_index/rosidl_interfaces/weedbot_interfaces
[3.920s] -- Up-to-date symlink: /home/hamza/wiper_ws/install/weedbot_interfaces/share/weedbot_interfaces/msg/WeedDetection.json
[3.920s] -- Up-to-date symlink: /home/hamza/wiper_ws/install/weedbot_interfaces/share/weedbot_interfaces/msg/WeedArray.json
[3.922s] -- Up-to-date symlink: /home/hamza/wiper_ws/install/weedbot_interfaces/include/weedbot_interfaces/weedbot_interfaces/msg/detail/weed_array__functions.h
[3.922s] -- Up-to-date symlink: /home/hamza/wiper_ws/install/weedbot_interfaces/include/weedbot_interfaces/weedbot_interfaces/msg/detail/weed_array__struct.h
[3.923s] -- Up-to-date symlink: /home/hamza/wiper_ws/install/weedbot_interfaces/include/weedbot_interfaces/weedbot_interfaces/msg/detail/weed_array__type_support.h
[3.923s] -- Up-to-date symlink: /home/hamza/wiper_ws/install/weedbot_interfaces/include/weedbot_interfaces/weedbot_interfaces/msg/detail/weed_detection__functions.h
[3.923s] -- Up-to-date symlink: /home/hamza/wiper_ws/install/weedbot_interfaces/include/weedbot_interfaces/weedbot_interfaces/msg/detail/weed_detection__struct.h
[3.924s] -- Up-to-date symlink: /home/hamza/wiper_ws/install/weedbot_interfaces/include/weedbot_interfaces/weedbot_interfaces/msg/detail/weed_detection__type_support.h
[3.924s] -- Up-to-date symlink: /home/hamza/wiper_ws/install/weedbot_interfaces/include/weedbot_interfaces/weedbot_interfaces/msg/rosidl_generator_c__visibility_control.h
[3.924s] -- Up-to-date symlink: /home/hamza/wiper_ws/install/weedbot_interfaces/include/weedbot_interfaces/weedbot_interfaces/msg/weed_array.h
[3.924s] -- Up-to-date symlink: /home/hamza/wiper_ws/install/weedbot_interfaces/include/weedbot_interfaces/weedbot_interfaces/msg/weed_detection.h
[3.925s] -- Up-to-date symlink: /home/hamza/wiper_ws/install/weedbot_interfaces/share/weedbot_interfaces/environment/library_path.sh
[3.925s] -- Up-to-date symlink: /home/hamza/wiper_ws/install/weedbot_interfaces/share/weedbot_interfaces/environment/library_path.dsv
[3.926s] -- Up-to-date symlink: /home/hamza/wiper_ws/install/weedbot_interfaces/include/weedbot_interfaces/weedbot_interfaces/msg/detail/weed_array__rosidl_typesupport_fastrtps_c.h
[3.927s] -- Up-to-date symlink: /home/hamza/wiper_ws/install/weedbot_interfaces/include/weedbot_interfaces/weedbot_interfaces/msg/detail/weed_detection__rosidl_typesupport_fastrtps_c.h
[3.927s] -- Up-to-date symlink: /home/hamza/wiper_ws/install/weedbot_interfaces/include/weedbot_interfaces/weedbot_interfaces/msg/rosidl_typesupport_fastrtps_c__visibility_control.h
[3.928s] -- Up-to-date symlink: /home/hamza/wiper_ws/install/weedbot_interfaces/include/weedbot_interfaces/weedbot_interfaces/msg/detail/weed_array__builder.hpp
[3.928s] -- Up-to-date symlink: /home/hamza/wiper_ws/install/weedbot_interfaces/include/weedbot_interfaces/weedbot_interfaces/msg/detail/weed_array__struct.hpp
[3.929s] -- Up-to-date symlink: /home/hamza/wiper_ws/install/weedbot_interfaces/include/weedbot_interfaces/weedbot_interfaces/msg/detail/weed_array__traits.hpp
[3.929s] -- Up-to-date symlink: /home/hamza/wiper_ws/install/weedbot_interfaces/include/weedbot_interfaces/weedbot_interfaces/msg/detail/weed_array__type_support.hpp
[3.930s] -- Up-to-date symlink: /home/hamza/wiper_ws/install/weedbot_interfaces/include/weedbot_interfaces/weedbot_interfaces/msg/detail/weed_detection__builder.hpp
[3.930s] -- Up-to-date symlink: /home/hamza/wiper_ws/install/weedbot_interfaces/include/weedbot_interfaces/weedbot_interfaces/msg/detail/weed_detection__struct.hpp
[3.931s] -- Up-to-date symlink: /home/hamza/wiper_ws/install/weedbot_interfaces/include/weedbot_interfaces/weedbot_interfaces/msg/detail/weed_detection__traits.hpp
[3.931s] -- Up-to-date symlink: /home/hamza/wiper_ws/install/weedbot_interfaces/include/weedbot_interfaces/weedbot_interfaces/msg/detail/weed_detection__type_support.hpp
[3.931s] -- Up-to-date symlink: /home/hamza/wiper_ws/install/weedbot_interfaces/include/weedbot_interfaces/weedbot_interfaces/msg/rosidl_generator_cpp__visibility_control.hpp
[3.931s] -- Up-to-date symlink: /home/hamza/wiper_ws/install/weedbot_interfaces/include/weedbot_interfaces/weedbot_interfaces/msg/weed_array.hpp
[3.932s] -- Up-to-date symlink: /home/hamza/wiper_ws/install/weedbot_interfaces/include/weedbot_interfaces/weedbot_interfaces/msg/weed_detection.hpp
[3.933s] -- Up-to-date symlink: /home/hamza/wiper_ws/install/weedbot_interfaces/include/weedbot_interfaces/weedbot_interfaces/msg/detail/weed_array__rosidl_typesupport_fastrtps_cpp.hpp
[3.933s] -- Up-to-date symlink: /home/hamza/wiper_ws/install/weedbot_interfaces/include/weedbot_interfaces/weedbot_interfaces/msg/detail/weed_detection__rosidl_typesupport_fastrtps_cpp.hpp
[3.933s] -- Up-to-date symlink: /home/hamza/wiper_ws/install/weedbot_interfaces/include/weedbot_interfaces/weedbot_interfaces/msg/rosidl_typesupport_fastrtps_cpp__visibility_control.h
[3.934s] -- Up-to-date symlink: /home/hamza/wiper_ws/install/weedbot_interfaces/include/weedbot_interfaces/weedbot_interfaces/msg/detail/weed_array__rosidl_typesupport_introspection_c.h
[3.934s] -- Up-to-date symlink: /home/hamza/wiper_ws/install/weedbot_interfaces/include/weedbot_interfaces/weedbot_interfaces/msg/detail/weed_detection__rosidl_typesupport_introspection_c.h
[3.934s] -- Up-to-date symlink: /home/hamza/wiper_ws/install/weedbot_interfaces/include/weedbot_interfaces/weedbot_interfaces/msg/rosidl_typesupport_introspection_c__visibility_control.h
[3.934s] -- Up-to-date symlink: /home/hamza/wiper_ws/install/weedbot_interfaces/include/weedbot_interfaces/weedbot_interfaces/msg/detail/weed_array__rosidl_typesupport_introspection_cpp.hpp
[3.935s] -- Up-to-date symlink: /home/hamza/wiper_ws/install/weedbot_interfaces/include/weedbot_interfaces/weedbot_interfaces/msg/detail/weed_detection__rosidl_typesupport_introspection_cpp.hpp
[3.935s] -- Up-to-date symlink: /home/hamza/wiper_ws/install/weedbot_interfaces/share/weedbot_interfaces/environment/pythonpath.sh
[3.935s] -- Up-to-date symlink: /home/hamza/wiper_ws/install/weedbot_interfaces/share/weedbot_interfaces/environment/pythonpath.dsv
[3.936s] -- Up-to-date symlink: /home/hamza/wiper_ws/install/weedbot_interfaces/lib/python3.12/site-packages/weedbot_interfaces-0.0.1-py3.12.egg-info/PKG-INFO
[3.936s] -- Up-to-date symlink: /home/hamza/wiper_ws/install/weedbot_interfaces/lib/python3.12/site-packages/weedbot_interfaces-0.0.1-py3.12.egg-info/SOURCES.txt
[3.937s] -- Up-to-date symlink: /home/hamza/wiper_ws/install/weedbot_interfaces/lib/python3.12/site-packages/weedbot_interfaces-0.0.1-py3.12.egg-info/dependency_links.txt
[3.937s] -- Up-to-date symlink: /home/hamza/wiper_ws/install/weedbot_interfaces/lib/python3.12/site-packages/weedbot_interfaces-0.0.1-py3.12.egg-info/top_level.txt
[3.938s] -- Up-to-date symlink: /home/hamza/wiper_ws/install/weedbot_interfaces/lib/python3.12/site-packages/weedbot_interfaces/__init__.py
[3.938s] -- Up-to-date symlink: /home/hamza/wiper_ws/install/weedbot_interfaces/lib/python3.12/site-packages/weedbot_interfaces/_weedbot_interfaces_s.ep.rosidl_typesupport_c.c
[3.938s] -- Up-to-date symlink: /home/hamza/wiper_ws/install/weedbot_interfaces/lib/python3.12/site-packages/weedbot_interfaces/_weedbot_interfaces_s.ep.rosidl_typesupport_fastrtps_c.c
[3.938s] -- Up-to-date symlink: /home/hamza/wiper_ws/install/weedbot_interfaces/lib/python3.12/site-packages/weedbot_interfaces/_weedbot_interfaces_s.ep.rosidl_typesupport_introspection_c.c
[3.939s] -- Up-to-date symlink: /home/hamza/wiper_ws/install/weedbot_interfaces/lib/python3.12/site-packages/weedbot_interfaces/msg/__init__.py
[3.939s] -- Up-to-date symlink: /home/hamza/wiper_ws/install/weedbot_interfaces/lib/python3.12/site-packages/weedbot_interfaces/msg/_weed_array.py
[3.939s] -- Up-to-date symlink: /home/hamza/wiper_ws/install/weedbot_interfaces/lib/python3.12/site-packages/weedbot_interfaces/msg/_weed_array_s.c
[3.940s] -- Up-to-date symlink: /home/hamza/wiper_ws/install/weedbot_interfaces/lib/python3.12/site-packages/weedbot_interfaces/msg/_weed_detection.py
[3.940s] -- Up-to-date symlink: /home/hamza/wiper_ws/install/weedbot_interfaces/lib/python3.12/site-packages/weedbot_interfaces/msg/_weed_detection_s.c
[3.940s] -- Up-to-date symlink: /home/hamza/wiper_ws/install/weedbot_interfaces/lib/python3.12/site-packages/weedbot_interfaces/weedbot_interfaces_s__rosidl_typesupport_c.so
[3.941s] -- Up-to-date symlink: /home/hamza/wiper_ws/install/weedbot_interfaces/lib/python3.12/site-packages/weedbot_interfaces/weedbot_interfaces_s__rosidl_typesupport_fastrtps_c.so
[3.941s] -- Up-to-date symlink: /home/hamza/wiper_ws/install/weedbot_interfaces/lib/python3.12/site-packages/weedbot_interfaces/weedbot_interfaces_s__rosidl_typesupport_introspection_c.so
[3.942s] -- Up-to-date symlink: /home/hamza/wiper_ws/install/weedbot_interfaces/lib/python3.12/site-packages/weedbot_interfaces/weedbot_interfaces_s__rosidl_typesupport_fastrtps_c.so
[3.942s] -- Up-to-date symlink: /home/hamza/wiper_ws/install/weedbot_interfaces/lib/python3.12/site-packages/weedbot_interfaces/weedbot_interfaces_s__rosidl_typesupport_introspection_c.so
[3.943s] -- Up-to-date symlink: /home/hamza/wiper_ws/install/weedbot_interfaces/lib/python3.12/site-packages/weedbot_interfaces/weedbot_interfaces_s__rosidl_typesupport_c.so
[3.943s] -- Up-to-date symlink: /home/hamza/wiper_ws/install/weedbot_interfaces/share/weedbot_interfaces/msg/WeedDetection.idl
[3.943s] -- Up-to-date symlink: /home/hamza/wiper_ws/install/weedbot_interfaces/share/weedbot_interfaces/msg/WeedArray.idl
[3.944s] -- Up-to-date symlink: /home/hamza/wiper_ws/install/weedbot_interfaces/share/weedbot_interfaces/msg/WeedDetection.msg
[3.944s] -- Up-to-date symlink: /home/hamza/wiper_ws/install/weedbot_interfaces/share/weedbot_interfaces/msg/WeedArray.msg
[3.945s] -- Up-to-date symlink: /home/hamza/wiper_ws/install/weedbot_interfaces/share/ament_index/resource_index/package_run_dependencies/weedbot_interfaces
[3.945s] -- Up-to-date symlink: /home/hamza/wiper_ws/install/weedbot_interfaces/share/ament_index/resource_index/parent_prefix_path/weedbot_interfaces
[3.945s] -- Up-to-date symlink: /home/hamza/wiper_ws/install/weedbot_interfaces/share/weedbot_interfaces/environment/ament_prefix_path.sh
[3.945s] -- Up-to-date symlink: /home/hamza/wiper_ws/install/weedbot_interfaces/share/weedbot_interfaces/environment/ament_prefix_path.dsv
[3.946s] -- Up-to-date symlink: /home/hamza/wiper_ws/install/weedbot_interfaces/share/weedbot_interfaces/environment/path.sh
[3.946s] -- Up-to-date symlink: /home/hamza/wiper_ws/install/weedbot_interfaces/share/weedbot_interfaces/environment/path.dsv
[3.946s] -- Up-to-date symlink: /home/hamza/wiper_ws/install/weedbot_interfaces/share/weedbot_interfaces/local_setup.bash
[3.947s] -- Up-to-date symlink: /home/hamza/wiper_ws/install/weedbot_interfaces/share/weedbot_interfaces/local_setup.sh
[3.947s] -- Up-to-date symlink: /home/hamza/wiper_ws/install/weedbot_interfaces/share/weedbot_interfaces/local_setup.zsh
[3.947s] -- Up-to-date symlink: /home/hamza/wiper_ws/install/weedbot_interfaces/share/weedbot_interfaces/local_setup.dsv
[3.947s] -- Symlinking: /home/hamza/wiper_ws/install/weedbot_interfaces/share/weedbot_interfaces/package.dsv
[3.963s] -- Up-to-date symlink: /home/hamza/wiper_ws/install/weedbot_interfaces/share/ament_index/resource_index/packages/weedbot_interfaces
[3.963s] -- Up-to-date symlink: /home/hamza/wiper_ws/install/weedbot_interfaces/share/weedbot_interfaces/cmake/rosidl_cmake-extras.cmake
[3.963s] -- Up-to-date symlink: /home/hamza/wiper_ws/install/weedbot_interfaces/share/weedbot_interfaces/cmake/ament_cmake_export_dependencies-extras.cmake
[3.964s] -- Up-to-date symlink: /home/hamza/wiper_ws/install/weedbot_interfaces/share/weedbot_interfaces/cmake/ament_cmake_export_include_directories-extras.cmake
[3.964s] -- Up-to-date symlink: /home/hamza/wiper_ws/install/weedbot_interfaces/share/weedbot_interfaces/cmake/ament_cmake_export_libraries-extras.cmake
[3.964s] -- Up-to-date symlink: /home/hamza/wiper_ws/install/weedbot_interfaces/share/weedbot_interfaces/cmake/ament_cmake_export_targets-extras.cmake
[3.965s] -- Up-to-date symlink: /home/hamza/wiper_ws/install/weedbot_interfaces/share/weedbot_interfaces/cmake/rosidl_cmake_export_typesupport_targets-extras.cmake
[3.965s] -- Up-to-date symlink: /home/hamza/wiper_ws/install/weedbot_interfaces/share/weedbot_interfaces/cmake/rosidl_cmake_export_typesupport_libraries-extras.cmake
[3.966s] -- Up-to-date symlink: /home/hamza/wiper_ws/install/weedbot_interfaces/share/weedbot_interfaces/cmake/weedbot_interfacesConfig.cmake
[3.966s] -- Up-to-date symlink: /home/hamza/wiper_ws/install/weedbot_interfaces/share/weedbot_interfaces/cmake/weedbot_interfacesConfig-version.cmake
[3.966s] -- Up-to-date symlink: /home/hamza/wiper_ws/install/weedbot_interfaces/share/weedbot_interfaces/package.xml
[3.968s] -- Up-to-date: /home/hamza/wiper_ws/install/weedbot_interfaces/lib/libweedbot_interfaces__rosidl_generator_c.so
[3.970s] -- Up-to-date: /home/hamza/wiper_ws/install/weedbot_interfaces/lib/libweedbot_interfaces__rosidl_typesupport_fastrtps_c.so
[3.972s] -- Up-to-date: /home/hamza/wiper_ws/install/weedbot_interfaces/lib/libweedbot_interfaces__rosidl_typesupport_fastrtps_cpp.so
[3.974s] -- Up-to-date: /home/hamza/wiper_ws/install/weedbot_interfaces/lib/libweedbot_interfaces__rosidl_typesupport_introspection_c.so
[3.976s] -- Up-to-date: /home/hamza/wiper_ws/install/weedbot_interfaces/lib/libweedbot_interfaces__rosidl_typesupport_c.so
[3.977s] -- Up-to-date: /home/hamza/wiper_ws/install/weedbot_interfaces/lib/libweedbot_interfaces__rosidl_typesupport_introspection_cpp.so
[3.979s] -- Up-to-date: /home/hamza/wiper_ws/install/weedbot_interfaces/lib/libweedbot_interfaces__rosidl_typesupport_cpp.so
[4.031s] Listing '/home/hamza/wiper_ws/install/weedbot_interfaces/lib/python3.12/site-packages/weedbot_interfaces'...
[4.032s] Compiling '/home/hamza/wiper_ws/install/weedbot_interfaces/lib/python3.12/site-packages/weedbot_interfaces/__init__.py'...
[4.032s] Listing '/home/hamza/wiper_ws/install/weedbot_interfaces/lib/python3.12/site-packages/weedbot_interfaces/msg'...
[4.041s] -- Up-to-date: /home/hamza/wiper_ws/install/weedbot_interfaces/lib/libweedbot_interfaces__rosidl_generator_py.so
[4.043s] -- Up-to-date: /home/hamza/wiper_ws/install/weedbot_interfaces/share/weedbot_interfaces/cmake/export_weedbot_interfaces__rosidl_generator_cExport.cmake
[4.043s] -- Up-to-date: /home/hamza/wiper_ws/install/weedbot_interfaces/share/weedbot_interfaces/cmake/export_weedbot_interfaces__rosidl_generator_cExport-noconfig.cmake
[4.044s] -- Up-to-date: /home/hamza/wiper_ws/install/weedbot_interfaces/share/weedbot_interfaces/cmake/export_weedbot_interfaces__rosidl_typesupport_fastrtps_cExport.cmake
[4.044s] -- Up-to-date: /home/hamza/wiper_ws/install/weedbot_interfaces/share/weedbot_interfaces/cmake/export_weedbot_interfaces__rosidl_typesupport_fastrtps_cExport-noconfig.cmake
[4.044s] -- Up-to-date: /home/hamza/wiper_ws/install/weedbot_interfaces/share/weedbot_interfaces/cmake/export_weedbot_interfaces__rosidl_generator_cppExport.cmake
[4.045s] -- Up-to-date: /home/hamza/wiper_ws/install/weedbot_interfaces/share/weedbot_interfaces/cmake/export_weedbot_interfaces__rosidl_typesupport_fastrtps_cppExport.cmake
[4.045s] -- Up-to-date: /home/hamza/wiper_ws/install/weedbot_interfaces/share/weedbot_interfaces/cmake/export_weedbot_interfaces__rosidl_typesupport_fastrtps_cppExport-noconfig.cmake
[4.046s] -- Up-to-date: /home/hamza/wiper_ws/install/weedbot_interfaces/share/weedbot_interfaces/cmake/weedbot_interfaces__rosidl_typesupport_introspection_cExport.cmake
[4.046s] -- Up-to-date: /home/hamza/wiper_ws/install/weedbot_interfaces/share/weedbot_interfaces/cmake/weedbot_interfaces__rosidl_typesupport_introspection_cExport-noconfig.cmake
[4.047s] -- Up-to-date: /home/hamza/wiper_ws/install/weedbot_interfaces/share/weedbot_interfaces/cmake/weedbot_interfaces__rosidl_typesupport_cExport.cmake
[4.047s] -- Up-to-date: /home/hamza/wiper_ws/install/weedbot_interfaces/share/weedbot_interfaces/cmake/weedbot_interfaces__rosidl_typesupport_cExport-noconfig.cmake
[4.047s] -- Up-to-date: /home/hamza/wiper_ws/install/weedbot_interfaces/share/weedbot_interfaces/cmake/weedbot_interfaces__rosidl_typesupport_introspection_cppExport.cmake
[4.047s] -- Up-to-date: /home/hamza/wiper_ws/install/weedbot_interfaces/share/weedbot_interfaces/cmake/weedbot_interfaces__rosidl_typesupport_introspection_cppExport-noconfig.cmake
[4.048s] -- Up-to-date: /home/hamza/wiper_ws/install/weedbot_interfaces/share/weedbot_interfaces/cmake/weedbot_interfaces__rosidl_typesupport_cppExport.cmake
[4.048s] -- Up-to-date: /home/hamza/wiper_ws/install/weedbot_interfaces/share/weedbot_interfaces/cmake/weedbot_interfaces__rosidl_typesupport_cppExport-noconfig.cmake
[4.049s] -- Up-to-date: /home/hamza/wiper_ws/install/weedbot_interfaces/share/weedbot_interfaces/cmake/export_weedbot_interfaces__rosidl_generator_pyExport.cmake
[4.049s] -- Up-to-date: /home/hamza/wiper_ws/install/weedbot_interfaces/share/weedbot_interfaces/cmake/export_weedbot_interfaces__rosidl_generator_pyExport-noconfig.cmake
[4.054s] Invoked command in '/home/hamza/wiper_ws/build/weedbot_interfaces' returned '0': CMAKE_PREFIX_PATH=${CMAKE_PREFIX_PATH}:/home/hamza/wiper_ws/install/weedbot_simulation:/home/hamza/wiper_ws/install/weedbot_vision:/home/hamza/wiper_ws/install/weedbot_control:/opt/ros/jazzy /usr/bin/cmake --install /home/hamza/wiper_ws/build/weedbot_interfaces
