[1.581s] Invoking command in '/home/sanya/fyp/W.I.P.E.R/ROS/wiper_ws/build/weedbot_vision': DEBUGINFOD_URLS=https://debuginfod.ubuntu.com PYTHONPATH=/home/sanya/fyp/W.I.P.E.R/ROS/wiper_ws/build/weedbot_vision/prefix_override:/usr/lib/python3/dist-packages/colcon_core/task/python/colcon_distutils_commands:/home/sanya/fyp/W.I.P.E.R/ROS/wiper_ws/install/weedbot_vision/lib/python3.12/site-packages:/home/sanya/fyp/W.I.P.E.R/ROS/wiper_ws/install/weedbot_interfaces/lib/python3.12/site-packages:/home/sanya/fyp/W.I.P.E.R/ROS/wiper_ws/build/weedbot_vision:/home/sanya/fyp/W.I.P.E.R/ROS/wiper_ws/install/weedbot_vision/lib/python3.12/site-packages:/home/sanya/fyp/W.I.P.E.R/ROS/wiper_ws/build/weedbot_simulation:/home/sanya/fyp/W.I.P.E.R/ROS/wiper_ws/install/weedbot_simulation/lib/python3.12/site-packages:/home/sanya/fyp/W.I.P.E.R/ROS/wiper_ws/build/weedbot_control:/home/sanya/fyp/W.I.P.E.R/ROS/wiper_ws/install/weedbot_control/lib/python3.12/site-packages:/opt/ros/jazzy/lib/python3.12/site-packages /usr/bin/python3 -W ignore:setup.py install is deprecated -W ignore:easy_install command is deprecated setup.py develop --uninstall --editable --build-directory /home/sanya/fyp/W.I.P.E.R/ROS/wiper_ws/build/weedbot_vision/build
[2.054s] running develop
[2.409s] Removing /home/sanya/fyp/W.I.P.E.R/ROS/wiper_ws/install/weedbot_vision/lib/python3.12/site-packages/weedbot-vision.egg-link (link to .)
[2.437s] Invoked command in '/home/sanya/fyp/W.I.P.E.R/ROS/wiper_ws/build/weedbot_vision' returned '0': DEBUGINFOD_URLS=https://debuginfod.ubuntu.com PYTHONPATH=/home/sanya/fyp/W.I.P.E.R/ROS/wiper_ws/build/weedbot_vision/prefix_override:/usr/lib/python3/dist-packages/colcon_core/task/python/colcon_distutils_commands:/home/sanya/fyp/W.I.P.E.R/ROS/wiper_ws/install/weedbot_vision/lib/python3.12/site-packages:/home/sanya/fyp/W.I.P.E.R/ROS/wiper_ws/install/weedbot_interfaces/lib/python3.12/site-packages:/home/sanya/fyp/W.I.P.E.R/ROS/wiper_ws/build/weedbot_vision:/home/sanya/fyp/W.I.P.E.R/ROS/wiper_ws/install/weedbot_vision/lib/python3.12/site-packages:/home/sanya/fyp/W.I.P.E.R/ROS/wiper_ws/build/weedbot_simulation:/home/sanya/fyp/W.I.P.E.R/ROS/wiper_ws/install/weedbot_simulation/lib/python3.12/site-packages:/home/sanya/fyp/W.I.P.E.R/ROS/wiper_ws/build/weedbot_control:/home/sanya/fyp/W.I.P.E.R/ROS/wiper_ws/install/weedbot_control/lib/python3.12/site-packages:/opt/ros/jazzy/lib/python3.12/site-packages /usr/bin/python3 -W ignore:setup.py install is deprecated -W ignore:easy_install command is deprecated setup.py develop --uninstall --editable --build-directory /home/sanya/fyp/W.I.P.E.R/ROS/wiper_ws/build/weedbot_vision/build
[2.439s] Invoking command in '/home/sanya/fyp/W.I.P.E.R/ROS/wiper_ws/src/weedbot_vision': DEBUGINFOD_URLS=https://debuginfod.ubuntu.com PYTHONPATH=/home/sanya/fyp/W.I.P.E.R/ROS/wiper_ws/build/weedbot_vision/prefix_override:/usr/lib/python3/dist-packages/colcon_core/task/python/colcon_distutils_commands:/home/sanya/fyp/W.I.P.E.R/ROS/wiper_ws/install/weedbot_vision/lib/python3.12/site-packages:/home/sanya/fyp/W.I.P.E.R/ROS/wiper_ws/install/weedbot_interfaces/lib/python3.12/site-packages:/home/sanya/fyp/W.I.P.E.R/ROS/wiper_ws/build/weedbot_vision:/home/sanya/fyp/W.I.P.E.R/ROS/wiper_ws/install/weedbot_vision/lib/python3.12/site-packages:/home/sanya/fyp/W.I.P.E.R/ROS/wiper_ws/build/weedbot_simulation:/home/sanya/fyp/W.I.P.E.R/ROS/wiper_ws/install/weedbot_simulation/lib/python3.12/site-packages:/home/sanya/fyp/W.I.P.E.R/ROS/wiper_ws/build/weedbot_control:/home/sanya/fyp/W.I.P.E.R/ROS/wiper_ws/install/weedbot_control/lib/python3.12/site-packages:/opt/ros/jazzy/lib/python3.12/site-packages /usr/bin/python3 -W ignore:setup.py install is deprecated -W ignore:easy_install command is deprecated setup.py egg_info --egg-base ../../build/weedbot_vision build --build-base /home/sanya/fyp/W.I.P.E.R/ROS/wiper_ws/build/weedbot_vision/build install --record /home/sanya/fyp/W.I.P.E.R/ROS/wiper_ws/build/weedbot_vision/install.log --single-version-externally-managed install_data --force
[2.810s] running egg_info
[2.836s] writing ../../build/weedbot_vision/weedbot_vision.egg-info/PKG-INFO
[2.836s] writing dependency_links to ../../build/weedbot_vision/weedbot_vision.egg-info/dependency_links.txt
[2.836s] writing entry points to ../../build/weedbot_vision/weedbot_vision.egg-info/entry_points.txt
[2.837s] writing requirements to ../../build/weedbot_vision/weedbot_vision.egg-info/requires.txt
[2.837s] writing top-level names to ../../build/weedbot_vision/weedbot_vision.egg-info/top_level.txt
[2.901s] reading manifest file '../../build/weedbot_vision/weedbot_vision.egg-info/SOURCES.txt'
[2.902s] writing manifest file '../../build/weedbot_vision/weedbot_vision.egg-info/SOURCES.txt'
[2.902s] running build
[2.902s] running build_py
[2.903s] creating /home/sanya/fyp/W.I.P.E.R/ROS/wiper_ws/build/weedbot_vision/build
[2.903s] creating /home/sanya/fyp/W.I.P.E.R/ROS/wiper_ws/build/weedbot_vision/build/lib
[2.903s] creating /home/sanya/fyp/W.I.P.E.R/ROS/wiper_ws/build/weedbot_vision/build/lib/weedbot_vision
[2.903s] copying weedbot_vision/camera_calibration.py -> /home/sanya/fyp/W.I.P.E.R/ROS/wiper_ws/build/weedbot_vision/build/lib/weedbot_vision
[2.903s] copying weedbot_vision/detection_monitor.py -> /home/sanya/fyp/W.I.P.E.R/ROS/wiper_ws/build/weedbot_vision/build/lib/weedbot_vision
[2.903s] copying weedbot_vision/camera_publisher.py -> /home/sanya/fyp/W.I.P.E.R/ROS/wiper_ws/build/weedbot_vision/build/lib/weedbot_vision
[2.903s] copying weedbot_vision/vision_node.py -> /home/sanya/fyp/W.I.P.E.R/ROS/wiper_ws/build/weedbot_vision/build/lib/weedbot_vision
[2.904s] copying weedbot_vision/__init__.py -> /home/sanya/fyp/W.I.P.E.R/ROS/wiper_ws/build/weedbot_vision/build/lib/weedbot_vision
[2.904s] running install
[2.912s] running install_lib
[2.939s] creating /home/sanya/fyp/W.I.P.E.R/ROS/wiper_ws/install/weedbot_vision/lib/python3.12/site-packages/weedbot_vision
[2.939s] copying /home/sanya/fyp/W.I.P.E.R/ROS/wiper_ws/build/weedbot_vision/build/lib/weedbot_vision/camera_calibration.py -> /home/sanya/fyp/W.I.P.E.R/ROS/wiper_ws/install/weedbot_vision/lib/python3.12/site-packages/weedbot_vision
[2.939s] copying /home/sanya/fyp/W.I.P.E.R/ROS/wiper_ws/build/weedbot_vision/build/lib/weedbot_vision/detection_monitor.py -> /home/sanya/fyp/W.I.P.E.R/ROS/wiper_ws/install/weedbot_vision/lib/python3.12/site-packages/weedbot_vision
[2.939s] copying /home/sanya/fyp/W.I.P.E.R/ROS/wiper_ws/build/weedbot_vision/build/lib/weedbot_vision/camera_publisher.py -> /home/sanya/fyp/W.I.P.E.R/ROS/wiper_ws/install/weedbot_vision/lib/python3.12/site-packages/weedbot_vision
[2.940s] copying /home/sanya/fyp/W.I.P.E.R/ROS/wiper_ws/build/weedbot_vision/build/lib/weedbot_vision/vision_node.py -> /home/sanya/fyp/W.I.P.E.R/ROS/wiper_ws/install/weedbot_vision/lib/python3.12/site-packages/weedbot_vision
[2.940s] copying /home/sanya/fyp/W.I.P.E.R/ROS/wiper_ws/build/weedbot_vision/build/lib/weedbot_vision/__init__.py -> /home/sanya/fyp/W.I.P.E.R/ROS/wiper_ws/install/weedbot_vision/lib/python3.12/site-packages/weedbot_vision
[2.941s] byte-compiling /home/sanya/fyp/W.I.P.E.R/ROS/wiper_ws/install/weedbot_vision/lib/python3.12/site-packages/weedbot_vision/camera_calibration.py to camera_calibration.cpython-312.pyc
[2.944s] byte-compiling /home/sanya/fyp/W.I.P.E.R/ROS/wiper_ws/install/weedbot_vision/lib/python3.12/site-packages/weedbot_vision/detection_monitor.py to detection_monitor.cpython-312.pyc
[2.945s] byte-compiling /home/sanya/fyp/W.I.P.E.R/ROS/wiper_ws/install/weedbot_vision/lib/python3.12/site-packages/weedbot_vision/camera_publisher.py to camera_publisher.cpython-312.pyc
[2.947s] byte-compiling /home/sanya/fyp/W.I.P.E.R/ROS/wiper_ws/install/weedbot_vision/lib/python3.12/site-packages/weedbot_vision/vision_node.py to vision_node.cpython-312.pyc
[2.950s] byte-compiling /home/sanya/fyp/W.I.P.E.R/ROS/wiper_ws/install/weedbot_vision/lib/python3.12/site-packages/weedbot_vision/__init__.py to __init__.cpython-312.pyc
[2.951s] running install_data
[2.951s] copying resource/weedbot_vision -> /home/sanya/fyp/W.I.P.E.R/ROS/wiper_ws/install/weedbot_vision/share/ament_index/resource_index/packages
[2.951s] copying package.xml -> /home/sanya/fyp/W.I.P.E.R/ROS/wiper_ws/install/weedbot_vision/share/weedbot_vision
[2.951s] copying launch/calibration.launch.py -> /home/sanya/fyp/W.I.P.E.R/ROS/wiper_ws/install/weedbot_vision/share/weedbot_vision/launch
[2.951s] copying launch/vision_launch.py -> /home/sanya/fyp/W.I.P.E.R/ROS/wiper_ws/install/weedbot_vision/share/weedbot_vision/launch
[2.952s] copying config/vision_params.yaml -> /home/sanya/fyp/W.I.P.E.R/ROS/wiper_ws/install/weedbot_vision/share/weedbot_vision/config
[2.952s] running install_egg_info
[2.988s] Copying ../../build/weedbot_vision/weedbot_vision.egg-info to /home/sanya/fyp/W.I.P.E.R/ROS/wiper_ws/install/weedbot_vision/lib/python3.12/site-packages/weedbot_vision-0.0.1-py3.12.egg-info
[2.990s] running install_scripts
[3.189s] Installing camera_calibration script to /home/sanya/fyp/W.I.P.E.R/ROS/wiper_ws/install/weedbot_vision/lib/weedbot_vision
[3.190s] Installing camera_publisher script to /home/sanya/fyp/W.I.P.E.R/ROS/wiper_ws/install/weedbot_vision/lib/weedbot_vision
[3.190s] Installing detection_monitor script to /home/sanya/fyp/W.I.P.E.R/ROS/wiper_ws/install/weedbot_vision/lib/weedbot_vision
[3.190s] Installing vision_node script to /home/sanya/fyp/W.I.P.E.R/ROS/wiper_ws/install/weedbot_vision/lib/weedbot_vision
[3.190s] writing list of installed files to '/home/sanya/fyp/W.I.P.E.R/ROS/wiper_ws/build/weedbot_vision/install.log'
[3.260s] Invoked command in '/home/sanya/fyp/W.I.P.E.R/ROS/wiper_ws/src/weedbot_vision' returned '0': DEBUGINFOD_URLS=https://debuginfod.ubuntu.com PYTHONPATH=/home/sanya/fyp/W.I.P.E.R/ROS/wiper_ws/build/weedbot_vision/prefix_override:/usr/lib/python3/dist-packages/colcon_core/task/python/colcon_distutils_commands:/home/sanya/fyp/W.I.P.E.R/ROS/wiper_ws/install/weedbot_vision/lib/python3.12/site-packages:/home/sanya/fyp/W.I.P.E.R/ROS/wiper_ws/install/weedbot_interfaces/lib/python3.12/site-packages:/home/sanya/fyp/W.I.P.E.R/ROS/wiper_ws/build/weedbot_vision:/home/sanya/fyp/W.I.P.E.R/ROS/wiper_ws/install/weedbot_vision/lib/python3.12/site-packages:/home/sanya/fyp/W.I.P.E.R/ROS/wiper_ws/build/weedbot_simulation:/home/sanya/fyp/W.I.P.E.R/ROS/wiper_ws/install/weedbot_simulation/lib/python3.12/site-packages:/home/sanya/fyp/W.I.P.E.R/ROS/wiper_ws/build/weedbot_control:/home/sanya/fyp/W.I.P.E.R/ROS/wiper_ws/install/weedbot_control/lib/python3.12/site-packages:/opt/ros/jazzy/lib/python3.12/site-packages /usr/bin/python3 -W ignore:setup.py install is deprecated -W ignore:easy_install command is deprecated setup.py egg_info --egg-base ../../build/weedbot_vision build --build-base /home/sanya/fyp/W.I.P.E.R/ROS/wiper_ws/build/weedbot_vision/build install --record /home/sanya/fyp/W.I.P.E.R/ROS/wiper_ws/build/weedbot_vision/install.log --single-version-externally-managed install_data --force
