running develop
running egg_info
creating weedbot_control.egg-info
writing weedbot_control.egg-info/PKG-INFO
writing dependency_links to weedbot_control.egg-info/dependency_links.txt
writing entry points to weedbot_control.egg-info/entry_points.txt
writing requirements to weedbot_control.egg-info/requires.txt
writing top-level names to weedbot_control.egg-info/top_level.txt
writing manifest file 'weedbot_control.egg-info/SOURCES.txt'
reading manifest file 'weedbot_control.egg-info/SOURCES.txt'
writing manifest file 'weedbot_control.egg-info/SOURCES.txt'
running build_ext
Creating /home/fatima/W.I.P.E.R/ROS/wiper_ws/src/install/weedbot_control/lib/python3.12/site-packages/weedbot-control.egg-link (link to .)
Installing control_node script to /home/fatima/W.I.P.E.R/ROS/wiper_ws/src/install/weedbot_control/lib/weedbot_control

Installed /home/fatima/W.I.P.E.R/ROS/wiper_ws/src/build/weedbot_control
running symlink_data
creating /home/fatima/W.I.P.E.R/ROS/wiper_ws/src/install/weedbot_control/share/ament_index
creating /home/fatima/W.I.P.E.R/ROS/wiper_ws/src/install/weedbot_control/share/ament_index/resource_index
creating /home/fatima/W.I.P.E.R/ROS/wiper_ws/src/install/weedbot_control/share/ament_index/resource_index/packages
symbolically linking /home/fatima/W.I.P.E.R/ROS/wiper_ws/src/build/weedbot_control/resource/weedbot_control -> /home/fatima/W.I.P.E.R/ROS/wiper_ws/src/install/weedbot_control/share/ament_index/resource_index/packages
symbolically linking /home/fatima/W.I.P.E.R/ROS/wiper_ws/src/build/weedbot_control/package.xml -> /home/fatima/W.I.P.E.R/ROS/wiper_ws/src/install/weedbot_control/share/weedbot_control
creating /home/fatima/W.I.P.E.R/ROS/wiper_ws/src/install/weedbot_control/share/weedbot_control/launch
symbolically linking /home/fatima/W.I.P.E.R/ROS/wiper_ws/src/build/weedbot_control/launch/control_launch.py -> /home/fatima/W.I.P.E.R/ROS/wiper_ws/src/install/weedbot_control/share/weedbot_control/launch
creating /home/fatima/W.I.P.E.R/ROS/wiper_ws/src/install/weedbot_control/share/weedbot_control/config
symbolically linking /home/fatima/W.I.P.E.R/ROS/wiper_ws/src/build/weedbot_control/config/control_params.yaml -> /home/fatima/W.I.P.E.R/ROS/wiper_ws/src/install/weedbot_control/share/weedbot_control/config
creating /home/fatima/W.I.P.E.R/ROS/wiper_ws/src/install/weedbot_control/share/weedbot_control/firmware
symbolically linking /home/fatima/W.I.P.E.R/ROS/wiper_ws/src/build/weedbot_control/firmware/stm32_laser_controller_reference.c -> /home/fatima/W.I.P.E.R/ROS/wiper_ws/src/install/weedbot_control/share/weedbot_control/firmware
symbolically linking /home/fatima/W.I.P.E.R/ROS/wiper_ws/src/build/weedbot_control/README.md -> /home/fatima/W.I.P.E.R/ROS/wiper_ws/src/install/weedbot_control/share/weedbot_control
symbolically linking /home/fatima/W.I.P.E.R/ROS/wiper_ws/src/build/weedbot_control/protocol.md -> /home/fatima/W.I.P.E.R/ROS/wiper_ws/src/install/weedbot_control/share/weedbot_control
