running develop
Removing /home/sanya/fyp/W.I.P.E.R/ROS/wiper_ws/install/weedbot_vision/lib/python3.12/site-packages/weedbot-vision.egg-link (link to .)
running egg_info
writing ../../build/weedbot_vision/weedbot_vision.egg-info/PKG-INFO
writing dependency_links to ../../build/weedbot_vision/weedbot_vision.egg-info/dependency_links.txt
writing entry points to ../../build/weedbot_vision/weedbot_vision.egg-info/entry_points.txt
writing requirements to ../../build/weedbot_vision/weedbot_vision.egg-info/requires.txt
writing top-level names to ../../build/weedbot_vision/weedbot_vision.egg-info/top_level.txt
reading manifest file '../../build/weedbot_vision/weedbot_vision.egg-info/SOURCES.txt'
writing manifest file '../../build/weedbot_vision/weedbot_vision.egg-info/SOURCES.txt'
running build
running build_py
creating /home/sanya/fyp/W.I.P.E.R/ROS/wiper_ws/build/weedbot_vision/build
creating /home/sanya/fyp/W.I.P.E.R/ROS/wiper_ws/build/weedbot_vision/build/lib
creating /home/sanya/fyp/W.I.P.E.R/ROS/wiper_ws/build/weedbot_vision/build/lib/weedbot_vision
copying weedbot_vision/camera_calibration.py -> /home/sanya/fyp/W.I.P.E.R/ROS/wiper_ws/build/weedbot_vision/build/lib/weedbot_vision
copying weedbot_vision/detection_monitor.py -> /home/sanya/fyp/W.I.P.E.R/ROS/wiper_ws/build/weedbot_vision/build/lib/weedbot_vision
copying weedbot_vision/camera_publisher.py -> /home/sanya/fyp/W.I.P.E.R/ROS/wiper_ws/build/weedbot_vision/build/lib/weedbot_vision
copying weedbot_vision/vision_node.py -> /home/sanya/fyp/W.I.P.E.R/ROS/wiper_ws/build/weedbot_vision/build/lib/weedbot_vision
copying weedbot_vision/__init__.py -> /home/sanya/fyp/W.I.P.E.R/ROS/wiper_ws/build/weedbot_vision/build/lib/weedbot_vision
running install
running install_lib
creating /home/sanya/fyp/W.I.P.E.R/ROS/wiper_ws/install/weedbot_vision/lib/python3.12/site-packages/weedbot_vision
copying /home/sanya/fyp/W.I.P.E.R/ROS/wiper_ws/build/weedbot_vision/build/lib/weedbot_vision/camera_calibration.py -> /home/sanya/fyp/W.I.P.E.R/ROS/wiper_ws/install/weedbot_vision/lib/python3.12/site-packages/weedbot_vision
copying /home/sanya/fyp/W.I.P.E.R/ROS/wiper_ws/build/weedbot_vision/build/lib/weedbot_vision/detection_monitor.py -> /home/sanya/fyp/W.I.P.E.R/ROS/wiper_ws/install/weedbot_vision/lib/python3.12/site-packages/weedbot_vision
copying /home/sanya/fyp/W.I.P.E.R/ROS/wiper_ws/build/weedbot_vision/build/lib/weedbot_vision/camera_publisher.py -> /home/sanya/fyp/W.I.P.E.R/ROS/wiper_ws/install/weedbot_vision/lib/python3.12/site-packages/weedbot_vision
copying /home/sanya/fyp/W.I.P.E.R/ROS/wiper_ws/build/weedbot_vision/build/lib/weedbot_vision/vision_node.py -> /home/sanya/fyp/W.I.P.E.R/ROS/wiper_ws/install/weedbot_vision/lib/python3.12/site-packages/weedbot_vision
copying /home/sanya/fyp/W.I.P.E.R/ROS/wiper_ws/build/weedbot_vision/build/lib/weedbot_vision/__init__.py -> /home/sanya/fyp/W.I.P.E.R/ROS/wiper_ws/install/weedbot_vision/lib/python3.12/site-packages/weedbot_vision
byte-compiling /home/sanya/fyp/W.I.P.E.R/ROS/wiper_ws/install/weedbot_vision/lib/python3.12/site-packages/weedbot_vision/camera_calibration.py to camera_calibration.cpython-312.pyc
  File "/home/sanya/fyp/W.I.P.E.R/ROS/wiper_ws/install/weedbot_vision/lib/python3.12/site-packages/weedbot_vision/camera_calibration.py", line 31
    I am particularly interested in applying machine learning to scientific workflows such as event classification, anomaly detection, and pattern discovery in large datasets—areas directly relevant to modern experimental physics. I have hands-on experience with experiment tracking, feature engineering pipelines, and model evaluation under real-time and near-real-time constraints, which aligns closely with trigger systems and online/offline analysis concepts.
                                                                                                                                                                              ^
SyntaxError: invalid character '—' (U+2014)

byte-compiling /home/sanya/fyp/W.I.P.E.R/ROS/wiper_ws/install/weedbot_vision/lib/python3.12/site-packages/weedbot_vision/detection_monitor.py to detection_monitor.cpython-312.pyc
byte-compiling /home/sanya/fyp/W.I.P.E.R/ROS/wiper_ws/install/weedbot_vision/lib/python3.12/site-packages/weedbot_vision/camera_publisher.py to camera_publisher.cpython-312.pyc
byte-compiling /home/sanya/fyp/W.I.P.E.R/ROS/wiper_ws/install/weedbot_vision/lib/python3.12/site-packages/weedbot_vision/vision_node.py to vision_node.cpython-312.pyc
byte-compiling /home/sanya/fyp/W.I.P.E.R/ROS/wiper_ws/install/weedbot_vision/lib/python3.12/site-packages/weedbot_vision/__init__.py to __init__.cpython-312.pyc
running install_data
copying resource/weedbot_vision -> /home/sanya/fyp/W.I.P.E.R/ROS/wiper_ws/install/weedbot_vision/share/ament_index/resource_index/packages
copying package.xml -> /home/sanya/fyp/W.I.P.E.R/ROS/wiper_ws/install/weedbot_vision/share/weedbot_vision
copying launch/calibration.launch.py -> /home/sanya/fyp/W.I.P.E.R/ROS/wiper_ws/install/weedbot_vision/share/weedbot_vision/launch
copying launch/vision_launch.py -> /home/sanya/fyp/W.I.P.E.R/ROS/wiper_ws/install/weedbot_vision/share/weedbot_vision/launch
copying config/vision_params.yaml -> /home/sanya/fyp/W.I.P.E.R/ROS/wiper_ws/install/weedbot_vision/share/weedbot_vision/config
running install_egg_info
Copying ../../build/weedbot_vision/weedbot_vision.egg-info to /home/sanya/fyp/W.I.P.E.R/ROS/wiper_ws/install/weedbot_vision/lib/python3.12/site-packages/weedbot_vision-0.0.1-py3.12.egg-info
running install_scripts
Installing camera_calibration script to /home/sanya/fyp/W.I.P.E.R/ROS/wiper_ws/install/weedbot_vision/lib/weedbot_vision
Installing camera_publisher script to /home/sanya/fyp/W.I.P.E.R/ROS/wiper_ws/install/weedbot_vision/lib/weedbot_vision
Installing detection_monitor script to /home/sanya/fyp/W.I.P.E.R/ROS/wiper_ws/install/weedbot_vision/lib/weedbot_vision
Installing vision_node script to /home/sanya/fyp/W.I.P.E.R/ROS/wiper_ws/install/weedbot_vision/lib/weedbot_vision
writing list of installed files to '/home/sanya/fyp/W.I.P.E.R/ROS/wiper_ws/build/weedbot_vision/install.log'
