[1.020s] DEBUG:colcon:Command line arguments: ['/usr/bin/colcon', 'build', '--packages-select', 'weedbot_vision', '--symlink-install']
[1.020s] DEBUG:colcon:Parsed command line arguments: Namespace(log_base=None, log_level=None, verb_name='build', build_base='build', install_base='install', merge_install=False, symlink_install=True, test_result_base=None, continue_on_error=False, executor='parallel', parallel_workers=12, event_handlers=None, ignore_user_meta=False, metas=['./colcon.meta'], base_paths=['.'], packages_ignore=None, packages_ignore_regex=None, paths=None, packages_up_to=None, packages_up_to_regex=None, packages_above=None, packages_above_and_dependencies=None, packages_above_depth=None, packages_select_by_dep=None, packages_skip_by_dep=None, packages_skip_up_to=None, packages_select_build_failed=False, packages_skip_build_finished=False, packages_select_test_failures=False, packages_skip_test_passed=False, packages_select=['weedbot_vision'], packages_skip=None, packages_select_regex=None, packages_skip_regex=None, packages_start=None, packages_end=None, allow_overriding=[], cmake_args=None, cmake_target=None, cmake_target_skip_unavailable=False, cmake_clean_cache=False, cmake_clean_first=False, cmake_force_configure=False, ament_cmake_args=None, catkin_cmake_args=None, catkin_skip_building_tests=False, verb_parser=<colcon_defaults.argument_parser.defaults.DefaultArgumentsDecorator object at 0x79f0a8690140>, verb_extension=<colcon_core.verb.build.BuildVerb object at 0x79f0a9138f80>, main=<bound method BuildVerb.main of <colcon_core.verb.build.BuildVerb object at 0x79f0a9138f80>>)
[1.110s] Level 1:colcon.colcon_core.package_discovery:discover_packages(colcon_meta) check parameters
[1.110s] Level 1:colcon.colcon_core.package_discovery:discover_packages(recursive) check parameters
[1.110s] Level 1:colcon.colcon_core.package_discovery:discover_packages(ignore) check parameters
[1.110s] Level 1:colcon.colcon_core.package_discovery:discover_packages(path) check parameters
[1.110s] Level 1:colcon.colcon_core.package_discovery:discover_packages(colcon_meta) discover
[1.110s] Level 1:colcon.colcon_core.package_discovery:discover_packages(recursive) discover
[1.110s] INFO:colcon.colcon_core.package_discovery:Crawling recursively for packages in '/home/hamza/wiper_ws'
[1.111s] Level 1:colcon.colcon_core.package_identification:_identify(.) by extensions ['ignore', 'ignore_ament_install']
[1.111s] Level 1:colcon.colcon_core.package_identification:_identify(.) by extension 'ignore'
[1.111s] Level 1:colcon.colcon_core.package_identification:_identify(.) by extension 'ignore_ament_install'
[1.111s] Level 1:colcon.colcon_core.package_identification:_identify(.) by extensions ['colcon_pkg']
[1.111s] Level 1:colcon.colcon_core.package_identification:_identify(.) by extension 'colcon_pkg'
[1.111s] Level 1:colcon.colcon_core.package_identification:_identify(.) by extensions ['colcon_meta']
[1.111s] Level 1:colcon.colcon_core.package_identification:_identify(.) by extension 'colcon_meta'
[1.111s] Level 1:colcon.colcon_core.package_identification:_identify(.) by extensions ['ros']
[1.111s] Level 1:colcon.colcon_core.package_identification:_identify(.) by extension 'ros'
[1.190s] Level 1:colcon.colcon_core.package_identification:_identify(.) by extensions ['cmake', 'python']
[1.190s] Level 1:colcon.colcon_core.package_identification:_identify(.) by extension 'cmake'
[1.190s] Level 1:colcon.colcon_core.package_identification:_identify(.) by extension 'python'
[1.190s] Level 1:colcon.colcon_core.package_identification:_identify(.) by extensions ['python_setup_py']
[1.190s] Level 1:colcon.colcon_core.package_identification:_identify(.) by extension 'python_setup_py'
[1.191s] Level 1:colcon.colcon_core.package_identification:_identify(build) by extensions ['ignore', 'ignore_ament_install']
[1.191s] Level 1:colcon.colcon_core.package_identification:_identify(build) by extension 'ignore'
[1.191s] Level 1:colcon.colcon_core.package_identification:_identify(build) ignored
[1.192s] Level 1:colcon.colcon_core.package_identification:_identify(install) by extensions ['ignore', 'ignore_ament_install']
[1.192s] Level 1:colcon.colcon_core.package_identification:_identify(install) by extension 'ignore'
[1.192s] Level 1:colcon.colcon_core.package_identification:_identify(install) ignored
[1.192s] Level 1:colcon.colcon_core.package_identification:_identify(log) by extensions ['ignore', 'ignore_ament_install']
[1.193s] Level 1:colcon.colcon_core.package_identification:_identify(log) by extension 'ignore'
[1.193s] Level 1:colcon.colcon_core.package_identification:_identify(log) ignored
[1.193s] Level 1:colcon.colcon_core.package_identification:_identify(src) by extensions ['ignore', 'ignore_ament_install']
[1.193s] Level 1:colcon.colcon_core.package_identification:_identify(src) by extension 'ignore'
[1.193s] Level 1:colcon.colcon_core.package_identification:_identify(src) by extension 'ignore_ament_install'
[1.194s] Level 1:colcon.colcon_core.package_identification:_identify(src) by extensions ['colcon_pkg']
[1.194s] Level 1:colcon.colcon_core.package_identification:_identify(src) by extension 'colcon_pkg'
[1.194s] Level 1:colcon.colcon_core.package_identification:_identify(src) by extensions ['colcon_meta']
[1.194s] Level 1:colcon.colcon_core.package_identification:_identify(src) by extension 'colcon_meta'
[1.194s] Level 1:colcon.colcon_core.package_identification:_identify(src) by extensions ['ros']
[1.194s] Level 1:colcon.colcon_core.package_identification:_identify(src) by extension 'ros'
[1.194s] Level 1:colcon.colcon_core.package_identification:_identify(src) by extensions ['cmake', 'python']
[1.194s] Level 1:colcon.colcon_core.package_identification:_identify(src) by extension 'cmake'
[1.195s] Level 1:colcon.colcon_core.package_identification:_identify(src) by extension 'python'
[1.195s] Level 1:colcon.colcon_core.package_identification:_identify(src) by extensions ['python_setup_py']
[1.195s] Level 1:colcon.colcon_core.package_identification:_identify(src) by extension 'python_setup_py'
[1.195s] Level 1:colcon.colcon_core.package_identification:_identify(src/weedbot_api) by extensions ['ignore', 'ignore_ament_install']
[1.195s] Level 1:colcon.colcon_core.package_identification:_identify(src/weedbot_api) by extension 'ignore'
[1.195s] Level 1:colcon.colcon_core.package_identification:_identify(src/weedbot_api) by extension 'ignore_ament_install'
[1.196s] Level 1:colcon.colcon_core.package_identification:_identify(src/weedbot_api) by extensions ['colcon_pkg']
[1.196s] Level 1:colcon.colcon_core.package_identification:_identify(src/weedbot_api) by extension 'colcon_pkg'
[1.196s] Level 1:colcon.colcon_core.package_identification:_identify(src/weedbot_api) by extensions ['colcon_meta']
[1.196s] Level 1:colcon.colcon_core.package_identification:_identify(src/weedbot_api) by extension 'colcon_meta'
[1.196s] Level 1:colcon.colcon_core.package_identification:_identify(src/weedbot_api) by extensions ['ros']
[1.196s] Level 1:colcon.colcon_core.package_identification:_identify(src/weedbot_api) by extension 'ros'
[1.196s] Level 1:colcon.colcon_core.package_identification:_identify(src/weedbot_api) by extensions ['cmake', 'python']
[1.197s] Level 1:colcon.colcon_core.package_identification:_identify(src/weedbot_api) by extension 'cmake'
[1.197s] Level 1:colcon.colcon_core.package_identification:_identify(src/weedbot_api) by extension 'python'
[1.197s] Level 1:colcon.colcon_core.package_identification:_identify(src/weedbot_api) by extensions ['python_setup_py']
[1.197s] Level 1:colcon.colcon_core.package_identification:_identify(src/weedbot_api) by extension 'python_setup_py'
[1.197s] Level 1:colcon.colcon_core.package_identification:_identify(src/weedbot_api/apienv) by extensions ['ignore', 'ignore_ament_install']
[1.197s] Level 1:colcon.colcon_core.package_identification:_identify(src/weedbot_api/apienv) by extension 'ignore'
[1.198s] Level 1:colcon.colcon_core.package_identification:_identify(src/weedbot_api/apienv) ignored
[1.198s] Level 1:colcon.colcon_core.package_identification:_identify(src/weedbot_control) by extensions ['ignore', 'ignore_ament_install']
[1.198s] Level 1:colcon.colcon_core.package_identification:_identify(src/weedbot_control) by extension 'ignore'
[1.198s] Level 1:colcon.colcon_core.package_identification:_identify(src/weedbot_control) by extension 'ignore_ament_install'
[1.199s] Level 1:colcon.colcon_core.package_identification:_identify(src/weedbot_control) by extensions ['colcon_pkg']
[1.199s] Level 1:colcon.colcon_core.package_identification:_identify(src/weedbot_control) by extension 'colcon_pkg'
[1.199s] Level 1:colcon.colcon_core.package_identification:_identify(src/weedbot_control) by extensions ['colcon_meta']
[1.199s] Level 1:colcon.colcon_core.package_identification:_identify(src/weedbot_control) by extension 'colcon_meta'
[1.199s] Level 1:colcon.colcon_core.package_identification:_identify(src/weedbot_control) by extensions ['ros']
[1.199s] Level 1:colcon.colcon_core.package_identification:_identify(src/weedbot_control) by extension 'ros'
[1.208s] DEBUG:colcon.colcon_core.package_identification:Package 'src/weedbot_control' with type 'ros.ament_python' and name 'weedbot_control'
[1.209s] Level 1:colcon.colcon_core.package_identification:_identify(src/weedbot_interfaces) by extensions ['ignore', 'ignore_ament_install']
[1.209s] Level 1:colcon.colcon_core.package_identification:_identify(src/weedbot_interfaces) by extension 'ignore'
[1.209s] Level 1:colcon.colcon_core.package_identification:_identify(src/weedbot_interfaces) by extension 'ignore_ament_install'
[1.210s] Level 1:colcon.colcon_core.package_identification:_identify(src/weedbot_interfaces) by extensions ['colcon_pkg']
[1.210s] Level 1:colcon.colcon_core.package_identification:_identify(src/weedbot_interfaces) by extension 'colcon_pkg'
[1.210s] Level 1:colcon.colcon_core.package_identification:_identify(src/weedbot_interfaces) by extensions ['colcon_meta']
[1.210s] Level 1:colcon.colcon_core.package_identification:_identify(src/weedbot_interfaces) by extension 'colcon_meta'
[1.210s] Level 1:colcon.colcon_core.package_identification:_identify(src/weedbot_interfaces) by extensions ['ros']
[1.210s] Level 1:colcon.colcon_core.package_identification:_identify(src/weedbot_interfaces) by extension 'ros'
[1.212s] DEBUG:colcon.colcon_core.package_identification:Package 'src/weedbot_interfaces' with type 'ros.ament_cmake' and name 'weedbot_interfaces'
[1.213s] Level 1:colcon.colcon_core.package_identification:_identify(src/weedbot_simulation) by extensions ['ignore', 'ignore_ament_install']
[1.213s] Level 1:colcon.colcon_core.package_identification:_identify(src/weedbot_simulation) by extension 'ignore'
[1.213s] Level 1:colcon.colcon_core.package_identification:_identify(src/weedbot_simulation) by extension 'ignore_ament_install'
[1.214s] Level 1:colcon.colcon_core.package_identification:_identify(src/weedbot_simulation) by extensions ['colcon_pkg']
[1.214s] Level 1:colcon.colcon_core.package_identification:_identify(src/weedbot_simulation) by extension 'colcon_pkg'
[1.214s] Level 1:colcon.colcon_core.package_identification:_identify(src/weedbot_simulation) by extensions ['colcon_meta']
[1.214s] Level 1:colcon.colcon_core.package_identification:_identify(src/weedbot_simulation) by extension 'colcon_meta'
[1.214s] Level 1:colcon.colcon_core.package_identification:_identify(src/weedbot_simulation) by extensions ['ros']
[1.214s] Level 1:colcon.colcon_core.package_identification:_identify(src/weedbot_simulation) by extension 'ros'
[1.217s] DEBUG:colcon.colcon_core.package_identification:Package 'src/weedbot_simulation' with type 'ros.ament_python' and name 'weedbot_simulation'
[1.218s] Level 1:colcon.colcon_core.package_identification:_identify(src/weedbot_vision) by extensions ['ignore', 'ignore_ament_install']
[1.218s] Level 1:colcon.colcon_core.package_identification:_identify(src/weedbot_vision) by extension 'ignore'
[1.218s] Level 1:colcon.colcon_core.package_identification:_identify(src/weedbot_vision) by extension 'ignore_ament_install'
[1.219s] Level 1:colcon.colcon_core.package_identification:_identify(src/weedbot_vision) by extensions ['colcon_pkg']
[1.219s] Level 1:colcon.colcon_core.package_identification:_identify(src/weedbot_vision) by extension 'colcon_pkg'
[1.219s] Level 1:colcon.colcon_core.package_identification:_identify(src/weedbot_vision) by extensions ['colcon_meta']
[1.219s] Level 1:colcon.colcon_core.package_identification:_identify(src/weedbot_vision) by extension 'colcon_meta'
[1.219s] Level 1:colcon.colcon_core.package_identification:_identify(src/weedbot_vision) by extensions ['ros']
[1.219s] Level 1:colcon.colcon_core.package_identification:_identify(src/weedbot_vision) by extension 'ros'
[1.222s] DEBUG:colcon.colcon_core.package_identification:Package 'src/weedbot_vision' with type 'ros.ament_python' and name 'weedbot_vision'
[1.222s] Level 1:colcon.colcon_core.package_discovery:discover_packages(recursive) using defaults
[1.222s] Level 1:colcon.colcon_core.package_discovery:discover_packages(ignore) discover
[1.222s] Level 1:colcon.colcon_core.package_discovery:discover_packages(ignore) using defaults
[1.222s] Level 1:colcon.colcon_core.package_discovery:discover_packages(path) discover
[1.222s] Level 1:colcon.colcon_core.package_discovery:discover_packages(path) using defaults
[1.294s] INFO:colcon.colcon_core.package_selection:Skipping not selected package 'weedbot_interfaces' in 'src/weedbot_interfaces'
[1.294s] INFO:colcon.colcon_core.package_selection:Skipping not selected package 'weedbot_simulation' in 'src/weedbot_simulation'
[1.294s] INFO:colcon.colcon_core.package_selection:Skipping not selected package 'weedbot_control' in 'src/weedbot_control'
[1.295s] Level 1:colcon.colcon_core.package_discovery:discover_packages(prefix_path) check parameters
[1.295s] Level 1:colcon.colcon_core.package_discovery:discover_packages(prefix_path) discover
[1.302s] DEBUG:colcon.colcon_installed_package_information.package_discovery:Found 4 installed packages in /home/hamza/wiper_ws/install
[1.305s] DEBUG:colcon.colcon_installed_package_information.package_discovery:Found 317 installed packages in /opt/ros/jazzy
[1.306s] Level 1:colcon.colcon_core.package_discovery:discover_packages(prefix_path) using defaults
[1.370s] Level 5:colcon.colcon_core.verb:set package 'weedbot_vision' build argument 'cmake_args' from command line to 'None'
[1.370s] Level 5:colcon.colcon_core.verb:set package 'weedbot_vision' build argument 'cmake_target' from command line to 'None'
[1.370s] Level 5:colcon.colcon_core.verb:set package 'weedbot_vision' build argument 'cmake_target_skip_unavailable' from command line to 'False'
[1.370s] Level 5:colcon.colcon_core.verb:set package 'weedbot_vision' build argument 'cmake_clean_cache' from command line to 'False'
[1.370s] Level 5:colcon.colcon_core.verb:set package 'weedbot_vision' build argument 'cmake_clean_first' from command line to 'False'
[1.370s] Level 5:colcon.colcon_core.verb:set package 'weedbot_vision' build argument 'cmake_force_configure' from command line to 'False'
[1.370s] Level 5:colcon.colcon_core.verb:set package 'weedbot_vision' build argument 'ament_cmake_args' from command line to 'None'
[1.370s] Level 5:colcon.colcon_core.verb:set package 'weedbot_vision' build argument 'catkin_cmake_args' from command line to 'None'
[1.370s] Level 5:colcon.colcon_core.verb:set package 'weedbot_vision' build argument 'catkin_skip_building_tests' from command line to 'False'
[1.370s] DEBUG:colcon.colcon_core.verb:Building package 'weedbot_vision' with the following arguments: {'ament_cmake_args': None, 'build_base': '/home/hamza/wiper_ws/build/weedbot_vision', 'catkin_cmake_args': None, 'catkin_skip_building_tests': False, 'cmake_args': None, 'cmake_clean_cache': False, 'cmake_clean_first': False, 'cmake_force_configure': False, 'cmake_target': None, 'cmake_target_skip_unavailable': False, 'install_base': '/home/hamza/wiper_ws/install/weedbot_vision', 'merge_install': False, 'path': '/home/hamza/wiper_ws/src/weedbot_vision', 'symlink_install': True, 'test_result_base': None}
[1.370s] INFO:colcon.colcon_core.executor:Executing jobs using 'parallel' executor
[1.372s] DEBUG:colcon.colcon_parallel_executor.executor.parallel:run_until_complete
[1.373s] INFO:colcon.colcon_ros.task.ament_python.build:Building ROS package in '/home/hamza/wiper_ws/src/weedbot_vision' with build type 'ament_python'
[1.373s] Level 1:colcon.colcon_core.shell:create_environment_hook('weedbot_vision', 'ament_prefix_path')
[1.385s] INFO:colcon.colcon_core.plugin_system:Skipping extension 'colcon_core.shell.bat': Not used on non-Windows systems
[1.386s] INFO:colcon.colcon_core.shell:Creating environment hook '/home/hamza/wiper_ws/install/weedbot_vision/share/weedbot_vision/hook/ament_prefix_path.ps1'
[1.389s] INFO:colcon.colcon_core.shell:Creating environment descriptor '/home/hamza/wiper_ws/install/weedbot_vision/share/weedbot_vision/hook/ament_prefix_path.dsv'
[1.390s] INFO:colcon.colcon_core.shell:Creating environment hook '/home/hamza/wiper_ws/install/weedbot_vision/share/weedbot_vision/hook/ament_prefix_path.sh'
[1.393s] INFO:colcon.colcon_core.shell:Skip shell extension 'powershell' for command environment: Not usable outside of PowerShell
[1.393s] DEBUG:colcon.colcon_core.shell:Skip shell extension 'dsv' for command environment
[1.852s] INFO:colcon.colcon_core.task.python.build:Building Python package in '/home/hamza/wiper_ws/src/weedbot_vision'
[1.852s] INFO:colcon.colcon_core.shell:Skip shell extension 'powershell' for command environment: Not usable outside of PowerShell
[1.852s] DEBUG:colcon.colcon_core.shell:Skip shell extension 'dsv' for command environment
[3.610s] DEBUG:colcon.colcon_core.event_handler.log_command:Invoking command in '/home/hamza/wiper_ws/build/weedbot_vision': PYTHONPATH=/home/hamza/wiper_ws/build/weedbot_vision/prefix_override:/usr/lib/python3/dist-packages/colcon_core/task/python/colcon_distutils_commands:/home/hamza/wiper_ws/install/weedbot_vision/lib/python3.12/site-packages:/home/hamza/wiper_ws/install/weedbot_interfaces/lib/python3.12/site-packages:/home/hamza/wiper_ws/build/weedbot_vision:/home/hamza/wiper_ws/install/weedbot_vision/lib/python3.12/site-packages:/home/hamza/wiper_ws/build/weedbot_simulation:/home/hamza/wiper_ws/install/weedbot_simulation/lib/python3.12/site-packages:/home/hamza/wiper_ws/build/weedbot_control:/home/hamza/wiper_ws/install/weedbot_control/lib/python3.12/site-packages:/opt/ros/jazzy/lib/python3.12/site-packages /usr/bin/python3 -W ignore:setup.py install is deprecated -W ignore:easy_install command is deprecated setup.py develop --editable --build-directory /home/hamza/wiper_ws/build/weedbot_vision/build --no-deps symlink_data
[4.553s] Level 1:colcon.colcon_core.shell:create_environment_hook('weedbot_vision', 'pythonpath_develop')
[4.553s] DEBUG:colcon.colcon_core.event_handler.log_command:Invoked command in '/home/hamza/wiper_ws/build/weedbot_vision' returned '0': PYTHONPATH=/home/hamza/wiper_ws/build/weedbot_vision/prefix_override:/usr/lib/python3/dist-packages/colcon_core/task/python/colcon_distutils_commands:/home/hamza/wiper_ws/install/weedbot_vision/lib/python3.12/site-packages:/home/hamza/wiper_ws/install/weedbot_interfaces/lib/python3.12/site-packages:/home/hamza/wiper_ws/build/weedbot_vision:/home/hamza/wiper_ws/install/weedbot_vision/lib/python3.12/site-packages:/home/hamza/wiper_ws/build/weedbot_simulation:/home/hamza/wiper_ws/install/weedbot_simulation/lib/python3.12/site-packages:/home/hamza/wiper_ws/build/weedbot_control:/home/hamza/wiper_ws/install/weedbot_control/lib/python3.12/site-packages:/opt/ros/jazzy/lib/python3.12/site-packages /usr/bin/python3 -W ignore:setup.py install is deprecated -W ignore:easy_install command is deprecated setup.py develop --editable --build-directory /home/hamza/wiper_ws/build/weedbot_vision/build --no-deps symlink_data
[4.553s] INFO:colcon.colcon_core.shell:Creating environment hook '/home/hamza/wiper_ws/build/weedbot_vision/share/weedbot_vision/hook/pythonpath_develop.ps1'
[4.554s] INFO:colcon.colcon_core.shell:Creating environment descriptor '/home/hamza/wiper_ws/build/weedbot_vision/share/weedbot_vision/hook/pythonpath_develop.dsv'
[4.555s] INFO:colcon.colcon_core.shell:Creating environment hook '/home/hamza/wiper_ws/build/weedbot_vision/share/weedbot_vision/hook/pythonpath_develop.sh'
[4.569s] Level 1:colcon.colcon_core.environment:checking '/home/hamza/wiper_ws/install/weedbot_vision' for CMake module files
[4.570s] Level 1:colcon.colcon_core.environment:checking '/home/hamza/wiper_ws/install/weedbot_vision' for CMake config files
[4.571s] Level 1:colcon.colcon_core.environment:checking '/home/hamza/wiper_ws/install/weedbot_vision/lib'
[4.571s] Level 1:colcon.colcon_core.environment:checking '/home/hamza/wiper_ws/install/weedbot_vision/bin'
[4.571s] Level 1:colcon.colcon_core.environment:checking '/home/hamza/wiper_ws/install/weedbot_vision/lib/pkgconfig/weedbot_vision.pc'
[4.572s] Level 1:colcon.colcon_core.environment:checking '/home/hamza/wiper_ws/install/weedbot_vision/lib/python3.12/site-packages'
[4.572s] Level 1:colcon.colcon_core.shell:create_environment_hook('weedbot_vision', 'pythonpath')
[4.572s] INFO:colcon.colcon_core.shell:Creating environment hook '/home/hamza/wiper_ws/install/weedbot_vision/share/weedbot_vision/hook/pythonpath.ps1'
[4.573s] INFO:colcon.colcon_core.shell:Creating environment descriptor '/home/hamza/wiper_ws/install/weedbot_vision/share/weedbot_vision/hook/pythonpath.dsv'
[4.573s] INFO:colcon.colcon_core.shell:Creating environment hook '/home/hamza/wiper_ws/install/weedbot_vision/share/weedbot_vision/hook/pythonpath.sh'
[4.574s] Level 1:colcon.colcon_core.environment:checking '/home/hamza/wiper_ws/install/weedbot_vision/bin'
[4.574s] Level 1:colcon.colcon_core.environment:create_environment_scripts_only(weedbot_vision)
[4.574s] INFO:colcon.colcon_core.shell:Creating package script '/home/hamza/wiper_ws/install/weedbot_vision/share/weedbot_vision/package.ps1'
[4.576s] INFO:colcon.colcon_core.shell:Creating package descriptor '/home/hamza/wiper_ws/install/weedbot_vision/share/weedbot_vision/package.dsv'
[4.577s] INFO:colcon.colcon_core.shell:Creating package script '/home/hamza/wiper_ws/install/weedbot_vision/share/weedbot_vision/package.sh'
[4.578s] INFO:colcon.colcon_core.shell:Creating package script '/home/hamza/wiper_ws/install/weedbot_vision/share/weedbot_vision/package.bash'
[4.580s] INFO:colcon.colcon_core.shell:Creating package script '/home/hamza/wiper_ws/install/weedbot_vision/share/weedbot_vision/package.zsh'
[4.582s] Level 1:colcon.colcon_core.environment:create_file_with_runtime_dependencies(/home/hamza/wiper_ws/install/weedbot_vision/share/colcon-core/packages/weedbot_vision)
[4.583s] DEBUG:colcon.colcon_parallel_executor.executor.parallel:closing loop
[4.583s] DEBUG:colcon.colcon_parallel_executor.executor.parallel:loop closed
[4.583s] DEBUG:colcon.colcon_parallel_executor.executor.parallel:run_until_complete finished with '0'
[4.583s] DEBUG:colcon.colcon_core.event_reactor:joining thread
[4.632s] INFO:colcon.colcon_core.plugin_system:Skipping extension 'colcon_notification.desktop_notification.notify_send': Could not find 'notify-send'
[4.632s] INFO:colcon.colcon_core.plugin_system:Skipping extension 'colcon_notification.desktop_notification.terminal_notifier': Not used on non-Darwin systems
[4.632s] INFO:colcon.colcon_core.plugin_system:Skipping extension 'colcon_notification.desktop_notification.win32': Not used on non-Windows systems
[4.633s] INFO:colcon.colcon_notification.desktop_notification:Sending desktop notification using 'notify2'
[4.690s] DEBUG:colcon.colcon_notification.desktop_notification.notify2:Failed to initialize notify2: org.freedesktop.DBus.Error.ServiceUnknown: The name org.freedesktop.Notifications was not provided by any .service files
[4.691s] DEBUG:colcon.colcon_core.event_reactor:joined thread
[4.692s] INFO:colcon.colcon_core.shell:Creating prefix script '/home/hamza/wiper_ws/install/local_setup.ps1'
[4.695s] INFO:colcon.colcon_core.shell:Creating prefix util module '/home/hamza/wiper_ws/install/_local_setup_util_ps1.py'
[4.698s] INFO:colcon.colcon_core.shell:Creating prefix chain script '/home/hamza/wiper_ws/install/setup.ps1'
[4.701s] INFO:colcon.colcon_core.shell:Creating prefix script '/home/hamza/wiper_ws/install/local_setup.sh'
[4.703s] INFO:colcon.colcon_core.shell:Creating prefix util module '/home/hamza/wiper_ws/install/_local_setup_util_sh.py'
[4.704s] INFO:colcon.colcon_core.shell:Creating prefix chain script '/home/hamza/wiper_ws/install/setup.sh'
[4.707s] INFO:colcon.colcon_core.shell:Creating prefix script '/home/hamza/wiper_ws/install/local_setup.bash'
[4.708s] INFO:colcon.colcon_core.shell:Creating prefix chain script '/home/hamza/wiper_ws/install/setup.bash'
[4.711s] INFO:colcon.colcon_core.shell:Creating prefix script '/home/hamza/wiper_ws/install/local_setup.zsh'
[4.712s] INFO:colcon.colcon_core.shell:Creating prefix chain script '/home/hamza/wiper_ws/install/setup.zsh'
