[0.195s] DEBUG:colcon:Command line arguments: ['/usr/bin/colcon', 'build', '--packages-select', 'weedbot_simulation']
[0.195s] DEBUG:colcon:Parsed command line arguments: Namespace(log_base=None, log_level=None, verb_name='build', build_base='build', install_base='install', merge_install=False, symlink_install=False, test_result_base=None, continue_on_error=False, executor='parallel', parallel_workers=12, event_handlers=None, ignore_user_meta=False, metas=['./colcon.meta'], base_paths=['.'], packages_ignore=None, packages_ignore_regex=None, paths=None, packages_up_to=None, packages_up_to_regex=None, packages_above=None, packages_above_and_dependencies=None, packages_above_depth=None, packages_select_by_dep=None, packages_skip_by_dep=None, packages_skip_up_to=None, packages_select_build_failed=False, packages_skip_build_finished=False, packages_select_test_failures=False, packages_skip_test_passed=False, packages_select=['weedbot_simulation'], packages_skip=None, packages_select_regex=None, packages_skip_regex=None, packages_start=None, packages_end=None, allow_overriding=[], cmake_args=None, cmake_target=None, cmake_target_skip_unavailable=False, cmake_clean_cache=False, cmake_clean_first=False, cmake_force_configure=False, ament_cmake_args=None, catkin_cmake_args=None, catkin_skip_building_tests=False, verb_parser=<colcon_defaults.argument_parser.defaults.DefaultArgumentsDecorator object at 0x7ad606d5bd70>, verb_extension=<colcon_core.verb.build.BuildVerb object at 0x7ad606eac710>, main=<bound method BuildVerb.main of <colcon_core.verb.build.BuildVerb object at 0x7ad606eac710>>)
[0.240s] Level 1:colcon.colcon_core.package_discovery:discover_packages(colcon_meta) check parameters
[0.241s] Level 1:colcon.colcon_core.package_discovery:discover_packages(recursive) check parameters
[0.241s] Level 1:colcon.colcon_core.package_discovery:discover_packages(ignore) check parameters
[0.241s] Level 1:colcon.colcon_core.package_discovery:discover_packages(path) check parameters
[0.241s] Level 1:colcon.colcon_core.package_discovery:discover_packages(colcon_meta) discover
[0.241s] Level 1:colcon.colcon_core.package_discovery:discover_packages(recursive) discover
[0.241s] INFO:colcon.colcon_core.package_discovery:Crawling recursively for packages in '/home/hamza/wiper_ws'
[0.241s] Level 1:colcon.colcon_core.package_identification:_identify(.) by extensions ['ignore', 'ignore_ament_install']
[0.241s] Level 1:colcon.colcon_core.package_identification:_identify(.) by extension 'ignore'
[0.241s] Level 1:colcon.colcon_core.package_identification:_identify(.) by extension 'ignore_ament_install'
[0.242s] Level 1:colcon.colcon_core.package_identification:_identify(.) by extensions ['colcon_pkg']
[0.242s] Level 1:colcon.colcon_core.package_identification:_identify(.) by extension 'colcon_pkg'
[0.242s] Level 1:colcon.colcon_core.package_identification:_identify(.) by extensions ['colcon_meta']
[0.242s] Level 1:colcon.colcon_core.package_identification:_identify(.) by extension 'colcon_meta'
[0.242s] Level 1:colcon.colcon_core.package_identification:_identify(.) by extensions ['ros']
[0.242s] Level 1:colcon.colcon_core.package_identification:_identify(.) by extension 'ros'
[0.269s] Level 1:colcon.colcon_core.package_identification:_identify(.) by extensions ['cmake', 'python']
[0.269s] Level 1:colcon.colcon_core.package_identification:_identify(.) by extension 'cmake'
[0.269s] Level 1:colcon.colcon_core.package_identification:_identify(.) by extension 'python'
[0.269s] Level 1:colcon.colcon_core.package_identification:_identify(.) by extensions ['python_setup_py']
[0.269s] Level 1:colcon.colcon_core.package_identification:_identify(.) by extension 'python_setup_py'
[0.269s] Level 1:colcon.colcon_core.package_identification:_identify(build) by extensions ['ignore', 'ignore_ament_install']
[0.270s] Level 1:colcon.colcon_core.package_identification:_identify(build) by extension 'ignore'
[0.270s] Level 1:colcon.colcon_core.package_identification:_identify(build) ignored
[0.270s] Level 1:colcon.colcon_core.package_identification:_identify(install) by extensions ['ignore', 'ignore_ament_install']
[0.270s] Level 1:colcon.colcon_core.package_identification:_identify(install) by extension 'ignore'
[0.270s] Level 1:colcon.colcon_core.package_identification:_identify(install) ignored
[0.270s] Level 1:colcon.colcon_core.package_identification:_identify(log) by extensions ['ignore', 'ignore_ament_install']
[0.270s] Level 1:colcon.colcon_core.package_identification:_identify(log) by extension 'ignore'
[0.270s] Level 1:colcon.colcon_core.package_identification:_identify(log) ignored
[0.270s] Level 1:colcon.colcon_core.package_identification:_identify(src) by extensions ['ignore', 'ignore_ament_install']
[0.271s] Level 1:colcon.colcon_core.package_identification:_identify(src) by extension 'ignore'
[0.271s] Level 1:colcon.colcon_core.package_identification:_identify(src) by extension 'ignore_ament_install'
[0.271s] Level 1:colcon.colcon_core.package_identification:_identify(src) by extensions ['colcon_pkg']
[0.271s] Level 1:colcon.colcon_core.package_identification:_identify(src) by extension 'colcon_pkg'
[0.271s] Level 1:colcon.colcon_core.package_identification:_identify(src) by extensions ['colcon_meta']
[0.271s] Level 1:colcon.colcon_core.package_identification:_identify(src) by extension 'colcon_meta'
[0.271s] Level 1:colcon.colcon_core.package_identification:_identify(src) by extensions ['ros']
[0.271s] Level 1:colcon.colcon_core.package_identification:_identify(src) by extension 'ros'
[0.271s] Level 1:colcon.colcon_core.package_identification:_identify(src) by extensions ['cmake', 'python']
[0.271s] Level 1:colcon.colcon_core.package_identification:_identify(src) by extension 'cmake'
[0.271s] Level 1:colcon.colcon_core.package_identification:_identify(src) by extension 'python'
[0.271s] Level 1:colcon.colcon_core.package_identification:_identify(src) by extensions ['python_setup_py']
[0.272s] Level 1:colcon.colcon_core.package_identification:_identify(src) by extension 'python_setup_py'
[0.272s] Level 1:colcon.colcon_core.package_identification:_identify(src/weedbot_control) by extensions ['ignore', 'ignore_ament_install']
[0.272s] Level 1:colcon.colcon_core.package_identification:_identify(src/weedbot_control) by extension 'ignore'
[0.272s] Level 1:colcon.colcon_core.package_identification:_identify(src/weedbot_control) by extension 'ignore_ament_install'
[0.272s] Level 1:colcon.colcon_core.package_identification:_identify(src/weedbot_control) by extensions ['colcon_pkg']
[0.272s] Level 1:colcon.colcon_core.package_identification:_identify(src/weedbot_control) by extension 'colcon_pkg'
[0.272s] Level 1:colcon.colcon_core.package_identification:_identify(src/weedbot_control) by extensions ['colcon_meta']
[0.273s] Level 1:colcon.colcon_core.package_identification:_identify(src/weedbot_control) by extension 'colcon_meta'
[0.273s] Level 1:colcon.colcon_core.package_identification:_identify(src/weedbot_control) by extensions ['ros']
[0.273s] Level 1:colcon.colcon_core.package_identification:_identify(src/weedbot_control) by extension 'ros'
[0.276s] DEBUG:colcon.colcon_core.package_identification:Package 'src/weedbot_control' with type 'ros.ament_python' and name 'weedbot_control'
[0.276s] Level 1:colcon.colcon_core.package_identification:_identify(src/weedbot_interfaces) by extensions ['ignore', 'ignore_ament_install']
[0.276s] Level 1:colcon.colcon_core.package_identification:_identify(src/weedbot_interfaces) by extension 'ignore'
[0.277s] Level 1:colcon.colcon_core.package_identification:_identify(src/weedbot_interfaces) by extension 'ignore_ament_install'
[0.277s] Level 1:colcon.colcon_core.package_identification:_identify(src/weedbot_interfaces) by extensions ['colcon_pkg']
[0.277s] Level 1:colcon.colcon_core.package_identification:_identify(src/weedbot_interfaces) by extension 'colcon_pkg'
[0.277s] Level 1:colcon.colcon_core.package_identification:_identify(src/weedbot_interfaces) by extensions ['colcon_meta']
[0.277s] Level 1:colcon.colcon_core.package_identification:_identify(src/weedbot_interfaces) by extension 'colcon_meta'
[0.277s] Level 1:colcon.colcon_core.package_identification:_identify(src/weedbot_interfaces) by extensions ['ros']
[0.277s] Level 1:colcon.colcon_core.package_identification:_identify(src/weedbot_interfaces) by extension 'ros'
[0.278s] DEBUG:colcon.colcon_core.package_identification:Package 'src/weedbot_interfaces' with type 'ros.ament_cmake' and name 'weedbot_interfaces'
[0.279s] Level 1:colcon.colcon_core.package_identification:_identify(src/weedbot_simulation) by extensions ['ignore', 'ignore_ament_install']
[0.279s] Level 1:colcon.colcon_core.package_identification:_identify(src/weedbot_simulation) by extension 'ignore'
[0.279s] Level 1:colcon.colcon_core.package_identification:_identify(src/weedbot_simulation) by extension 'ignore_ament_install'
[0.279s] Level 1:colcon.colcon_core.package_identification:_identify(src/weedbot_simulation) by extensions ['colcon_pkg']
[0.279s] Level 1:colcon.colcon_core.package_identification:_identify(src/weedbot_simulation) by extension 'colcon_pkg'
[0.279s] Level 1:colcon.colcon_core.package_identification:_identify(src/weedbot_simulation) by extensions ['colcon_meta']
[0.279s] Level 1:colcon.colcon_core.package_identification:_identify(src/weedbot_simulation) by extension 'colcon_meta'
[0.279s] Level 1:colcon.colcon_core.package_identification:_identify(src/weedbot_simulation) by extensions ['ros']
[0.279s] Level 1:colcon.colcon_core.package_identification:_identify(src/weedbot_simulation) by extension 'ros'
[0.281s] DEBUG:colcon.colcon_core.package_identification:Package 'src/weedbot_simulation' with type 'ros.ament_python' and name 'weedbot_simulation'
[0.281s] Level 1:colcon.colcon_core.package_identification:_identify(src/weedbot_vision) by extensions ['ignore', 'ignore_ament_install']
[0.282s] Level 1:colcon.colcon_core.package_identification:_identify(src/weedbot_vision) by extension 'ignore'
[0.282s] Level 1:colcon.colcon_core.package_identification:_identify(src/weedbot_vision) by extension 'ignore_ament_install'
[0.282s] Level 1:colcon.colcon_core.package_identification:_identify(src/weedbot_vision) by extensions ['colcon_pkg']
[0.282s] Level 1:colcon.colcon_core.package_identification:_identify(src/weedbot_vision) by extension 'colcon_pkg'
[0.282s] Level 1:colcon.colcon_core.package_identification:_identify(src/weedbot_vision) by extensions ['colcon_meta']
[0.282s] Level 1:colcon.colcon_core.package_identification:_identify(src/weedbot_vision) by extension 'colcon_meta'
[0.283s] Level 1:colcon.colcon_core.package_identification:_identify(src/weedbot_vision) by extensions ['ros']
[0.283s] Level 1:colcon.colcon_core.package_identification:_identify(src/weedbot_vision) by extension 'ros'
[0.284s] DEBUG:colcon.colcon_core.package_identification:Package 'src/weedbot_vision' with type 'ros.ament_python' and name 'weedbot_vision'
[0.284s] Level 1:colcon.colcon_core.package_discovery:discover_packages(recursive) using defaults
[0.284s] Level 1:colcon.colcon_core.package_discovery:discover_packages(ignore) discover
[0.284s] Level 1:colcon.colcon_core.package_discovery:discover_packages(ignore) using defaults
[0.284s] Level 1:colcon.colcon_core.package_discovery:discover_packages(path) discover
[0.285s] Level 1:colcon.colcon_core.package_discovery:discover_packages(path) using defaults
[0.307s] INFO:colcon.colcon_core.package_selection:Skipping not selected package 'weedbot_control' in 'src/weedbot_control'
[0.307s] INFO:colcon.colcon_core.package_selection:Skipping not selected package 'weedbot_interfaces' in 'src/weedbot_interfaces'
[0.307s] INFO:colcon.colcon_core.package_selection:Skipping not selected package 'weedbot_vision' in 'src/weedbot_vision'
[0.308s] Level 1:colcon.colcon_core.package_discovery:discover_packages(prefix_path) check parameters
[0.308s] Level 1:colcon.colcon_core.package_discovery:discover_packages(prefix_path) discover
[0.310s] DEBUG:colcon.colcon_installed_package_information.package_discovery:Found 4 installed packages in /home/hamza/wiper_ws/install
[0.311s] DEBUG:colcon.colcon_installed_package_information.package_discovery:Found 315 installed packages in /opt/ros/jazzy
[0.312s] Level 1:colcon.colcon_core.package_discovery:discover_packages(prefix_path) using defaults
[0.365s] Level 5:colcon.colcon_core.verb:set package 'weedbot_simulation' build argument 'cmake_args' from command line to 'None'
[0.365s] Level 5:colcon.colcon_core.verb:set package 'weedbot_simulation' build argument 'cmake_target' from command line to 'None'
[0.366s] Level 5:colcon.colcon_core.verb:set package 'weedbot_simulation' build argument 'cmake_target_skip_unavailable' from command line to 'False'
[0.366s] Level 5:colcon.colcon_core.verb:set package 'weedbot_simulation' build argument 'cmake_clean_cache' from command line to 'False'
[0.366s] Level 5:colcon.colcon_core.verb:set package 'weedbot_simulation' build argument 'cmake_clean_first' from command line to 'False'
[0.366s] Level 5:colcon.colcon_core.verb:set package 'weedbot_simulation' build argument 'cmake_force_configure' from command line to 'False'
[0.366s] Level 5:colcon.colcon_core.verb:set package 'weedbot_simulation' build argument 'ament_cmake_args' from command line to 'None'
[0.366s] Level 5:colcon.colcon_core.verb:set package 'weedbot_simulation' build argument 'catkin_cmake_args' from command line to 'None'
[0.366s] Level 5:colcon.colcon_core.verb:set package 'weedbot_simulation' build argument 'catkin_skip_building_tests' from command line to 'False'
[0.366s] DEBUG:colcon.colcon_core.verb:Building package 'weedbot_simulation' with the following arguments: {'ament_cmake_args': None, 'build_base': '/home/hamza/wiper_ws/build/weedbot_simulation', 'catkin_cmake_args': None, 'catkin_skip_building_tests': False, 'cmake_args': None, 'cmake_clean_cache': False, 'cmake_clean_first': False, 'cmake_force_configure': False, 'cmake_target': None, 'cmake_target_skip_unavailable': False, 'install_base': '/home/hamza/wiper_ws/install/weedbot_simulation', 'merge_install': False, 'path': '/home/hamza/wiper_ws/src/weedbot_simulation', 'symlink_install': False, 'test_result_base': None}
[0.366s] INFO:colcon.colcon_core.executor:Executing jobs using 'parallel' executor
[0.367s] DEBUG:colcon.colcon_parallel_executor.executor.parallel:run_until_complete
[0.367s] INFO:colcon.colcon_ros.task.ament_python.build:Building ROS package in '/home/hamza/wiper_ws/src/weedbot_simulation' with build type 'ament_python'
[0.368s] Level 1:colcon.colcon_core.shell:create_environment_hook('weedbot_simulation', 'ament_prefix_path')
[0.371s] INFO:colcon.colcon_core.plugin_system:Skipping extension 'colcon_core.shell.bat': Not used on non-Windows systems
[0.371s] INFO:colcon.colcon_core.shell:Creating environment hook '/home/hamza/wiper_ws/install/weedbot_simulation/share/weedbot_simulation/hook/ament_prefix_path.ps1'
[0.372s] INFO:colcon.colcon_core.shell:Creating environment descriptor '/home/hamza/wiper_ws/install/weedbot_simulation/share/weedbot_simulation/hook/ament_prefix_path.dsv'
[0.373s] INFO:colcon.colcon_core.shell:Creating environment hook '/home/hamza/wiper_ws/install/weedbot_simulation/share/weedbot_simulation/hook/ament_prefix_path.sh'
[0.374s] INFO:colcon.colcon_core.shell:Skip shell extension 'powershell' for command environment: Not usable outside of PowerShell
[0.374s] DEBUG:colcon.colcon_core.shell:Skip shell extension 'dsv' for command environment
[0.668s] INFO:colcon.colcon_core.task.python.build:Building Python package in '/home/hamza/wiper_ws/src/weedbot_simulation'
[0.668s] INFO:colcon.colcon_core.shell:Skip shell extension 'powershell' for command environment: Not usable outside of PowerShell
[0.668s] DEBUG:colcon.colcon_core.shell:Skip shell extension 'dsv' for command environment
[1.538s] DEBUG:colcon.colcon_core.event_handler.log_command:Invoking command in '/home/hamza/wiper_ws/src/weedbot_simulation': PYTHONPATH=/home/hamza/wiper_ws/build/weedbot_simulation/prefix_override:/usr/lib/python3/dist-packages/colcon_core/task/python/colcon_distutils_commands:/home/hamza/wiper_ws/install/weedbot_simulation/lib/python3.12/site-packages:${PYTHONPATH} /usr/bin/python3 -W ignore:setup.py install is deprecated -W ignore:easy_install command is deprecated setup.py egg_info --egg-base ../../build/weedbot_simulation build --build-base /home/hamza/wiper_ws/build/weedbot_simulation/build install --record /home/hamza/wiper_ws/build/weedbot_simulation/install.log --single-version-externally-managed install_data
[2.245s] DEBUG:colcon.colcon_core.event_handler.log_command:Invoked command in '/home/hamza/wiper_ws/src/weedbot_simulation' returned '0': PYTHONPATH=/home/hamza/wiper_ws/build/weedbot_simulation/prefix_override:/usr/lib/python3/dist-packages/colcon_core/task/python/colcon_distutils_commands:/home/hamza/wiper_ws/install/weedbot_simulation/lib/python3.12/site-packages:${PYTHONPATH} /usr/bin/python3 -W ignore:setup.py install is deprecated -W ignore:easy_install command is deprecated setup.py egg_info --egg-base ../../build/weedbot_simulation build --build-base /home/hamza/wiper_ws/build/weedbot_simulation/build install --record /home/hamza/wiper_ws/build/weedbot_simulation/install.log --single-version-externally-managed install_data
[2.248s] Level 1:colcon.colcon_core.environment:checking '/home/hamza/wiper_ws/install/weedbot_simulation' for CMake module files
[2.249s] Level 1:colcon.colcon_core.environment:checking '/home/hamza/wiper_ws/install/weedbot_simulation' for CMake config files
[2.250s] Level 1:colcon.colcon_core.environment:checking '/home/hamza/wiper_ws/install/weedbot_simulation/lib'
[2.250s] Level 1:colcon.colcon_core.environment:checking '/home/hamza/wiper_ws/install/weedbot_simulation/bin'
[2.251s] Level 1:colcon.colcon_core.environment:checking '/home/hamza/wiper_ws/install/weedbot_simulation/lib/pkgconfig/weedbot_simulation.pc'
[2.251s] Level 1:colcon.colcon_core.environment:checking '/home/hamza/wiper_ws/install/weedbot_simulation/lib/python3.12/site-packages'
[2.251s] Level 1:colcon.colcon_core.shell:create_environment_hook('weedbot_simulation', 'pythonpath')
[2.251s] INFO:colcon.colcon_core.shell:Creating environment hook '/home/hamza/wiper_ws/install/weedbot_simulation/share/weedbot_simulation/hook/pythonpath.ps1'
[2.252s] INFO:colcon.colcon_core.shell:Creating environment descriptor '/home/hamza/wiper_ws/install/weedbot_simulation/share/weedbot_simulation/hook/pythonpath.dsv'
[2.253s] INFO:colcon.colcon_core.shell:Creating environment hook '/home/hamza/wiper_ws/install/weedbot_simulation/share/weedbot_simulation/hook/pythonpath.sh'
[2.254s] Level 1:colcon.colcon_core.environment:checking '/home/hamza/wiper_ws/install/weedbot_simulation/bin'
[2.254s] Level 1:colcon.colcon_core.environment:create_environment_scripts_only(weedbot_simulation)
[2.254s] INFO:colcon.colcon_core.shell:Creating package script '/home/hamza/wiper_ws/install/weedbot_simulation/share/weedbot_simulation/package.ps1'
[2.255s] INFO:colcon.colcon_core.shell:Creating package descriptor '/home/hamza/wiper_ws/install/weedbot_simulation/share/weedbot_simulation/package.dsv'
[2.256s] INFO:colcon.colcon_core.shell:Creating package script '/home/hamza/wiper_ws/install/weedbot_simulation/share/weedbot_simulation/package.sh'
[2.257s] INFO:colcon.colcon_core.shell:Creating package script '/home/hamza/wiper_ws/install/weedbot_simulation/share/weedbot_simulation/package.bash'
[2.258s] INFO:colcon.colcon_core.shell:Creating package script '/home/hamza/wiper_ws/install/weedbot_simulation/share/weedbot_simulation/package.zsh'
[2.259s] Level 1:colcon.colcon_core.environment:create_file_with_runtime_dependencies(/home/hamza/wiper_ws/install/weedbot_simulation/share/colcon-core/packages/weedbot_simulation)
[2.259s] DEBUG:colcon.colcon_parallel_executor.executor.parallel:closing loop
[2.261s] DEBUG:colcon.colcon_parallel_executor.executor.parallel:loop closed
[2.261s] DEBUG:colcon.colcon_parallel_executor.executor.parallel:run_until_complete finished with '0'
[2.261s] DEBUG:colcon.colcon_core.event_reactor:joining thread
[2.312s] INFO:colcon.colcon_core.plugin_system:Skipping extension 'colcon_notification.desktop_notification.notify_send': Could not find 'notify-send'
[2.313s] INFO:colcon.colcon_core.plugin_system:Skipping extension 'colcon_notification.desktop_notification.terminal_notifier': Not used on non-Darwin systems
[2.313s] INFO:colcon.colcon_core.plugin_system:Skipping extension 'colcon_notification.desktop_notification.win32': Not used on non-Windows systems
[2.313s] INFO:colcon.colcon_notification.desktop_notification:Sending desktop notification using 'notify2'
[2.315s] DEBUG:colcon.colcon_notification.desktop_notification.notify2:Failed to initialize notify2: org.freedesktop.DBus.Error.ServiceUnknown: The name org.freedesktop.Notifications was not provided by any .service files
[2.315s] DEBUG:colcon.colcon_core.event_reactor:joined thread
[2.316s] INFO:colcon.colcon_core.shell:Creating prefix script '/home/hamza/wiper_ws/install/local_setup.ps1'
[2.317s] INFO:colcon.colcon_core.shell:Creating prefix util module '/home/hamza/wiper_ws/install/_local_setup_util_ps1.py'
[2.318s] INFO:colcon.colcon_core.shell:Creating prefix chain script '/home/hamza/wiper_ws/install/setup.ps1'
[2.319s] INFO:colcon.colcon_core.shell:Creating prefix script '/home/hamza/wiper_ws/install/local_setup.sh'
[2.320s] INFO:colcon.colcon_core.shell:Creating prefix util module '/home/hamza/wiper_ws/install/_local_setup_util_sh.py'
[2.321s] INFO:colcon.colcon_core.shell:Creating prefix chain script '/home/hamza/wiper_ws/install/setup.sh'
[2.323s] INFO:colcon.colcon_core.shell:Creating prefix script '/home/hamza/wiper_ws/install/local_setup.bash'
[2.324s] INFO:colcon.colcon_core.shell:Creating prefix chain script '/home/hamza/wiper_ws/install/setup.bash'
[2.325s] INFO:colcon.colcon_core.shell:Creating prefix script '/home/hamza/wiper_ws/install/local_setup.zsh'
[2.326s] INFO:colcon.colcon_core.shell:Creating prefix chain script '/home/hamza/wiper_ws/install/setup.zsh'
