[2.164s] Invoking command in '/home/hamza/wiper_ws/build/weedbot_simulation': PYTHONPATH=/home/hamza/wiper_ws/build/weedbot_simulation/prefix_override:/usr/lib/python3/dist-packages/colcon_core/task/python/colcon_distutils_commands:/home/hamza/wiper_ws/install/weedbot_simulation/lib/python3.12/site-packages:${PYTHONPATH} /usr/bin/python3 -W ignore:setup.py install is deprecated -W ignore:easy_install command is deprecated setup.py develop --editable --build-directory /home/hamza/wiper_ws/build/weedbot_simulation/build --no-deps symlink_data --force
[2.738s] running develop
[3.053s] running egg_info
[3.080s] writing weedbot_simulation.egg-info/PKG-INFO
[3.081s] writing dependency_links to weedbot_simulation.egg-info/dependency_links.txt
[3.082s] writing entry points to weedbot_simulation.egg-info/entry_points.txt
[3.082s] writing requirements to weedbot_simulation.egg-info/requires.txt
[3.082s] writing top-level names to weedbot_simulation.egg-info/top_level.txt
[3.153s] reading manifest file 'weedbot_simulation.egg-info/SOURCES.txt'
[3.155s] writing manifest file 'weedbot_simulation.egg-info/SOURCES.txt'
[3.193s] running build_ext
[3.193s] Creating /home/hamza/wiper_ws/install/weedbot_simulation/lib/python3.12/site-packages/weedbot-simulation.egg-link (link to .)
[3.194s] Installing laser_controller script to /home/hamza/wiper_ws/install/weedbot_simulation/lib/weedbot_simulation
[3.195s] Installing tractor_controller script to /home/hamza/wiper_ws/install/weedbot_simulation/lib/weedbot_simulation
[3.196s] Installing weed_spawner script to /home/hamza/wiper_ws/install/weedbot_simulation/lib/weedbot_simulation
[3.197s] 
[3.197s] Installed /home/hamza/wiper_ws/build/weedbot_simulation
[3.198s] running symlink_data
[3.198s] symbolically linking /home/hamza/wiper_ws/build/weedbot_simulation/resource/weedbot_simulation -> /home/hamza/wiper_ws/install/weedbot_simulation/share/ament_index/resource_index/packages
[3.199s] symbolically linking /home/hamza/wiper_ws/build/weedbot_simulation/package.xml -> /home/hamza/wiper_ws/install/weedbot_simulation/share/weedbot_simulation
[3.199s] symbolically linking /home/hamza/wiper_ws/build/weedbot_simulation/launch/simulation_launch.py -> /home/hamza/wiper_ws/install/weedbot_simulation/share/weedbot_simulation/launch
[3.201s] symbolically linking /home/hamza/wiper_ws/build/weedbot_simulation/launch/full_system_launch.py -> /home/hamza/wiper_ws/install/weedbot_simulation/share/weedbot_simulation/launch
[3.203s] symbolically linking /home/hamza/wiper_ws/build/weedbot_simulation/worlds/farm_field.world -> /home/hamza/wiper_ws/install/weedbot_simulation/share/weedbot_simulation/worlds
[3.204s] symbolically linking /home/hamza/wiper_ws/build/weedbot_simulation/urdf/tractor.urdf.xacro -> /home/hamza/wiper_ws/install/weedbot_simulation/share/weedbot_simulation/urdf
[3.205s] symbolically linking /home/hamza/wiper_ws/build/weedbot_simulation/models/weed/model.config -> /home/hamza/wiper_ws/install/weedbot_simulation/share/weedbot_simulation/models/weed
[3.206s] symbolically linking /home/hamza/wiper_ws/build/weedbot_simulation/models/weed/model.sdf -> /home/hamza/wiper_ws/install/weedbot_simulation/share/weedbot_simulation/models/weed
[3.271s] Invoked command in '/home/hamza/wiper_ws/build/weedbot_simulation' returned '0': PYTHONPATH=/home/hamza/wiper_ws/build/weedbot_simulation/prefix_override:/usr/lib/python3/dist-packages/colcon_core/task/python/colcon_distutils_commands:/home/hamza/wiper_ws/install/weedbot_simulation/lib/python3.12/site-packages:${PYTHONPATH} /usr/bin/python3 -W ignore:setup.py install is deprecated -W ignore:easy_install command is deprecated setup.py develop --editable --build-directory /home/hamza/wiper_ws/build/weedbot_simulation/build --no-deps symlink_data --force
